[adminscan8] 19261 targets, 30 threads
progress: 300/19261 hits=640
progress: 600/19261 hits=868
progress: 900/19261 hits=1230
progress: 1200/19261 hits=1553
progress: 1500/19261 hits=1939
progress: 1800/19261 hits=2220
progress: 2100/19261 hits=2588
progress: 2400/19261 hits=2989
progress: 2700/19261 hits=3302
progress: 3000/19261 hits=3722
progress: 3300/19261 hits=4096
progress: 3600/19261 hits=4424
progress: 3900/19261 hits=4686
progress: 4200/19261 hits=4983
progress: 4500/19261 hits=5334
progress: 4800/19261 hits=5788
progress: 5100/19261 hits=6200
progress: 5400/19261 hits=6601
progress: 5700/19261 hits=6904
progress: 6000/19261 hits=7152
progress: 6300/19261 hits=7406
progress: 6600/19261 hits=7813
progress: 6900/19261 hits=8028
progress: 7200/19261 hits=8313
progress: 7500/19261 hits=8727
progress: 7800/19261 hits=9082
progress: 8100/19261 hits=9497
progress: 8400/19261 hits=9885
progress: 8700/19261 hits=10384
progress: 9000/19261 hits=10769
progress: 9300/19261 hits=11125
progress: 9600/19261 hits=11575
progress: 9900/19261 hits=12131
progress: 10200/19261 hits=12377
progress: 10500/19261 hits=12780
progress: 10800/19261 hits=13237
progress: 11100/19261 hits=13681
progress: 11400/19261 hits=13886
progress: 11700/19261 hits=14267
progress: 12000/19261 hits=14668
progress: 12300/19261 hits=15075
progress: 12600/19261 hits=15401
progress: 12900/19261 hits=15760
progress: 13200/19261 hits=16171
progress: 13500/19261 hits=16663
progress: 13800/19261 hits=16959
progress: 14100/19261 hits=17357
progress: 14400/19261 hits=17547
progress: 14700/19261 hits=17798
progress: 15000/19261 hits=18107
progress: 15300/19261 hits=18407
progress: 15600/19261 hits=18795
progress: 15900/19261 hits=19243
progress: 16200/19261 hits=19600
progress: 16500/19261 hits=20024
progress: 16800/19261 hits=20446
progress: 17100/19261 hits=20866
progress: 17400/19261 hits=21553
progress: 17700/19261 hits=22094
progress: 18000/19261 hits=22654
progress: 18300/19261 hits=23004
progress: 18600/19261 hits=23430
progress: 18900/19261 hits=23897
progress: 19200/19261 hits=24277
[adminscan8 done] 8375 real hits (24362 raw)
HIT: 000win345.com	/admin/	114
HIT: 000win345.com	/manage/	114
HIT: 000win345.com	/admin/login.asp	114
HIT: 000win345.com	/admin/index.asp	114
HIT: 000win345.com	/houtai/	114
HIT: 000win345.com	/admin/login	114
HIT: 000win345.com	/dede/	114
HIT: 0do.net	/admin.php	1208
HIT: 177-210-157-110.user3g.veloxzone.com	/admin/	114
HIT: 177-210-157-110.user3g.veloxzone.com	/manage/	114
HIT: 177-210-157-110.user3g.veloxzone.com	/admin/login.asp	114
HIT: 177-210-157-110.user3g.veloxzone.com	/admin/index.asp	114
HIT: 177-210-157-110.user3g.veloxzone.com	/houtai/	114
HIT: 177-210-157-110.user3g.veloxzone.com	/admin/login	114
HIT: 177-210-157-110.user3g.veloxzone.com	/dede/	114
HIT: 177-211-78-41.user3g.veloxzone.com	/admin/	114
HIT: 177-211-78-41.user3g.veloxzone.com	/manage/	114
HIT: 177-211-78-41.user3g.veloxzone.com	/admin/login.asp	114
HIT: 177-211-78-41.user3g.veloxzone.com	/admin/index.asp	114
HIT: 177-211-78-41.user3g.veloxzone.com	/houtai/	114
HIT: 177-211-78-41.user3g.veloxzone.com	/admin/login	114
HIT: 177-211-78-41.user3g.veloxzone.com	/dede/	114
HIT: 180zhanshenhejiwang.99999g.com	/admin/	114
HIT: 180zhanshenhejiwang.99999g.com	/manage/	114
HIT: 180zhanshenhejiwang.99999g.com	/admin/login.asp	114
HIT: 180zhanshenhejiwang.99999g.com	/admin/index.asp	114
HIT: 180zhanshenhejiwang.99999g.com	/houtai/	114
HIT: 180zhanshenhejiwang.99999g.com	/admin/login	114
HIT: 180zhanshenhejiwang.99999g.com	/dede/	114
HIT: 186-244-6-206.user.veloxzone.com	/admin/	114
