[adminscan8] 5627 targets, 30 threads
progress: 300/5627 hits=364
progress: 600/5627 hits=687
progress: 900/5627 hits=1203
progress: 1200/5627 hits=1513
progress: 1500/5627 hits=1812
progress: 1800/5627 hits=2045
progress: 2100/5627 hits=2362
progress: 2400/5627 hits=2701
progress: 2700/5627 hits=3209
progress: 3000/5627 hits=3558
progress: 3300/5627 hits=4007
progress: 3600/5627 hits=4426
progress: 3900/5627 hits=4906
progress: 4200/5627 hits=5159
progress: 4500/5627 hits=5549
progress: 4800/5627 hits=6178
progress: 5100/5627 hits=6747
progress: 5400/5627 hits=7169
[adminscan8 done] 2618 real hits (7493 raw)
HIT: 186-244-6-206.user.veloxzone.com	/admin/	114
HIT: 186-244-6-206.user.veloxzone.com	/manage/	114
HIT: 186-244-6-206.user.veloxzone.com	/admin/login.asp	114
HIT: 186-244-6-206.user.veloxzone.com	/admin/index.asp	114
HIT: 186-244-6-206.user.veloxzone.com	/houtai/	114
HIT: 186-244-6-206.user.veloxzone.com	/admin/login	114
HIT: 186-244-6-206.user.veloxzone.com	/dede/	114
HIT: 177-211-78-41.user3g.veloxzone.com	/admin/	114
HIT: 177-211-78-41.user3g.veloxzone.com	/manage/	114
HIT: 177-211-78-41.user3g.veloxzone.com	/admin/login.asp	114
HIT: 177-211-78-41.user3g.veloxzone.com	/admin/index.asp	114
HIT: 177-211-78-41.user3g.veloxzone.com	/houtai/	114
HIT: 177-211-78-41.user3g.veloxzone.com	/admin/login	114
HIT: 177-211-78-41.user3g.veloxzone.com	/dede/	114
HIT: 180zhanshenhejiwang.99999g.com	/admin/	114
HIT: 180zhanshenhejiwang.99999g.com	/manage/	114
HIT: 180zhanshenhejiwang.99999g.com	/admin/login.asp	114
HIT: 180zhanshenhejiwang.99999g.com	/admin/index.asp	114
HIT: 180zhanshenhejiwang.99999g.com	/houtai/	114
HIT: 180zhanshenhejiwang.99999g.com	/admin/login	114
HIT: 180zhanshenhejiwang.99999g.com	/dede/	114
HIT: 191-214-157-88.user3g.veloxzone.com	/admin/	114
HIT: 191-214-157-88.user3g.veloxzone.com	/manage/	114
HIT: 191-214-157-88.user3g.veloxzone.com	/admin/login.asp	114
HIT: 191-214-157-88.user3g.veloxzone.com	/admin/index.asp	114
HIT: 191-214-157-88.user3g.veloxzone.com	/houtai/	114
HIT: 191-214-157-88.user3g.veloxzone.com	/admin/login	114
HIT: 191-214-157-88.user3g.veloxzone.com	/dede/	114
HIT: 177-210-157-110.user3g.veloxzone.com	/admin/	114
HIT: 177-210-157-110.user3g.veloxzone.com	/manage/	114
[adminscan8] 8455 targets, 30 threads
progress: 300/8455 hits=272
progress: 600/8455 hits=565
progress: 900/8455 hits=870
progress: 1200/8455 hits=1291
progress: 1500/8455 hits=1776
progress: 1800/8455 hits=2101
progress: 2100/8455 hits=2508
progress: 2400/8455 hits=2856
progress: 2700/8455 hits=3039
progress: 3000/8455 hits=3446
progress: 3300/8455 hits=3757
progress: 3600/8455 hits=4281
progress: 3900/8455 hits=4777
progress: 4200/8455 hits=5241
progress: 4500/8455 hits=5730
progress: 4800/8455 hits=6095
progress: 5100/8455 hits=6538
progress: 5400/8455 hits=7032
progress: 5700/8455 hits=7548
progress: 6000/8455 hits=7924
progress: 6300/8455 hits=8196
progress: 6600/8455 hits=8517
progress: 6900/8455 hits=8941
progress: 7200/8455 hits=9468
[adminscan8] 8477 targets, 30 threads
progress: 300/8477 hits=272
progress: 600/8477 hits=567
progress: 900/8477 hits=877
progress: 1200/8477 hits=1301
progress: 1500/8477 hits=1786
progress: 1800/8477 hits=2105
progress: 2100/8477 hits=2491
progress: 2400/8477 hits=2840
progress: 2700/8477 hits=3032
progress: 3000/8477 hits=3423
progress: 3300/8477 hits=3732
progress: 3600/8477 hits=4232
progress: 3900/8477 hits=4717
progress: 4200/8477 hits=5133
progress: 4500/8477 hits=5590
progress: 4800/8477 hits=5982
progress: 5100/8477 hits=6434
progress: 5400/8477 hits=6915
progress: 5700/8477 hits=7408
progress: 6000/8477 hits=7761
progress: 6300/8477 hits=8042
progress: 6600/8477 hits=8386
progress: 6900/8477 hits=8825
progress: 7200/8477 hits=9307
progress: 7500/8477 hits=9926
progress: 7800/8477 hits=10626
[adminscan8] 11552 targets, 30 threads
progress: 300/11552 hits=308
progress: 600/11552 hits=576
progress: 900/11552 hits=901
progress: 1200/11552 hits=1197
progress: 1500/11552 hits=1611
progress: 1800/11552 hits=1960
progress: 2100/11552 hits=2350
progress: 2400/11552 hits=2694
progress: 2700/11552 hits=3032
progress: 3000/11552 hits=3393
progress: 3300/11552 hits=3711
progress: 3600/11552 hits=3987
progress: 3900/11552 hits=4319
progress: 4200/11552 hits=4560
progress: 4500/11552 hits=4888
progress: 4800/11552 hits=5290
progress: 5100/11552 hits=5776
progress: 5400/11552 hits=6146
progress: 5700/11552 hits=6504
progress: 6000/11552 hits=6901
progress: 6300/11552 hits=7283
progress: 6600/11552 hits=7667
progress: 6900/11552 hits=7898
progress: 7200/11552 hits=8329
progress: 7500/11552 hits=8818
progress: 7800/11552 hits=9232
[adminscan8] 13103 targets, 30 threads
progress: 300/13103 hits=365
progress: 600/13103 hits=617
progress: 900/13103 hits=1108
progress: 1200/13103 hits=1529
progress: 1500/13103 hits=1923
progress: 1800/13103 hits=2417
progress: 2100/13103 hits=2954
progress: 2400/13103 hits=3541
progress: 2700/13103 hits=3925
progress: 3000/13103 hits=4396
progress: 3300/13103 hits=4839
progress: 3600/13103 hits=5248
progress: 3900/13103 hits=5646
progress: 4200/13103 hits=6190
progress: 4500/13103 hits=6609
progress: 4800/13103 hits=6936
progress: 5100/13103 hits=7385
progress: 5400/13103 hits=7820
progress: 5700/13103 hits=8433
progress: 6000/13103 hits=9019
progress: 6300/13103 hits=9356
progress: 6600/13103 hits=9856
progress: 6900/13103 hits=10264
progress: 7200/13103 hits=10779
progress: 7500/13103 hits=11231
progress: 7800/13103 hits=11585
progress: 8100/13103 hits=12152
progress: 8400/13103 hits=12632
progress: 8700/13103 hits=13173
progress: 9000/13103 hits=13689
progress: 9300/13103 hits=14058
progress: 9600/13103 hits=14554
progress: 9900/13103 hits=15003
progress: 10200/13103 hits=15384
progress: 10500/13103 hits=15826
progress: 10800/13103 hits=16425
progress: 11100/13103 hits=16974
progress: 11400/13103 hits=17576
progress: 11700/13103 hits=18226
progress: 12000/13103 hits=18934
progress: 12300/13103 hits=19626
progress: 12600/13103 hits=20017
progress: 12900/13103 hits=20388
[adminscan8 done] 5112 real hits (20681 raw)
HIT: 027mice.com	/admin/	1249
HIT: 027mice.com	/houtai/	1249
HIT: 027mice.com	/dede/	1249
HIT: 177-211-78-41.user3g.veloxzone.com	/admin/	114
HIT: 177-211-78-41.user3g.veloxzone.com	/manage/	114
HIT: 177-211-78-41.user3g.veloxzone.com	/admin/login.asp	114
HIT: 177-211-78-41.user3g.veloxzone.com	/admin/index.asp	114
HIT: 177-211-78-41.user3g.veloxzone.com	/houtai/	114
HIT: 177-211-78-41.user3g.veloxzone.com	/admin/login	114
HIT: 177-211-78-41.user3g.veloxzone.com	/dede/	114
HIT: 177-210-157-110.user3g.veloxzone.com	/admin/	114
HIT: 177-210-157-110.user3g.veloxzone.com	/manage/	114
HIT: 177-210-157-110.user3g.veloxzone.com	/admin/login.asp	114
HIT: 177-210-157-110.user3g.veloxzone.com	/admin/index.asp	114
HIT: 177-210-157-110.user3g.veloxzone.com	/houtai/	114
HIT: 177-210-157-110.user3g.veloxzone.com	/admin/login	114
HIT: 177-210-157-110.user3g.veloxzone.com	/dede/	114
HIT: 180zhanshenhejiwang.99999g.com	/admin/	114
HIT: 180zhanshenhejiwang.99999g.com	/manage/	114
HIT: 180zhanshenhejiwang.99999g.com	/admin/login.asp	114
HIT: 180zhanshenhejiwang.99999g.com	/admin/index.asp	114
HIT: 180zhanshenhejiwang.99999g.com	/houtai/	114
HIT: 180zhanshenhejiwang.99999g.com	/admin/login	114
HIT: 180zhanshenhejiwang.99999g.com	/dede/	114
HIT: 186-244-6-206.user.veloxzone.com	/admin/	114
HIT: 186-244-6-206.user.veloxzone.com	/manage/	114
HIT: 186-244-6-206.user.veloxzone.com	/admin/login.asp	114
HIT: 186-244-6-206.user.veloxzone.com	/admin/index.asp	114
HIT: 186-244-6-206.user.veloxzone.com	/houtai/	114
HIT: 186-244-6-206.user.veloxzone.com	/admin/login	114
[adminscan8] 15207 targets, 30 threads
progress: 300/15207 hits=335
progress: 600/15207 hits=531
progress: 900/15207 hits=1011
progress: 1200/15207 hits=1443
progress: 1500/15207 hits=1867
progress: 1800/15207 hits=2382
progress: 2100/15207 hits=2770
progress: 2400/15207 hits=3287
progress: 2700/15207 hits=3852
progress: 3000/15207 hits=4346
progress: 3300/15207 hits=4651
progress: 3600/15207 hits=5120
progress: 3900/15207 hits=5584
progress: 4200/15207 hits=6043
progress: 4500/15207 hits=6420
progress: 4800/15207 hits=6802
progress: 5100/15207 hits=7189
progress: 5400/15207 hits=7579
progress: 5700/15207 hits=7942
progress: 6000/15207 hits=8384
progress: 6300/15207 hits=8809
progress: 6600/15207 hits=9307
progress: 6900/15207 hits=9982
progress: 7200/15207 hits=10410
progress: 7500/15207 hits=10865
progress: 7800/15207 hits=11259
progress: 8100/15207 hits=11677
progress: 8400/15207 hits=12133
progress: 8700/15207 hits=12626
progress: 9000/15207 hits=13026
progress: 9300/15207 hits=13509
progress: 9600/15207 hits=13907
progress: 9900/15207 hits=14374
progress: 10200/15207 hits=14927
progress: 10500/15207 hits=15377
progress: 10800/15207 hits=15847
progress: 11100/15207 hits=16312
progress: 11400/15207 hits=16738
progress: 11700/15207 hits=17057
progress: 12000/15207 hits=17521
progress: 12300/15207 hits=18010
progress: 12600/15207 hits=18627
progress: 12900/15207 hits=19179
progress: 13200/15207 hits=19717
progress: 13500/15207 hits=20315
progress: 13800/15207 hits=20975
progress: 14100/15207 hits=21664
progress: 14400/15207 hits=22180
progress: 14700/15207 hits=22613
progress: 15000/15207 hits=22974
[adminscan8 done] 5721 real hits (23277 raw)
HIT: 000win345.com	/admin/	114
HIT: 000win345.com	/manage/	114
HIT: 000win345.com	/admin/login.asp	114
HIT: 000win345.com	/admin/index.asp	114
HIT: 000win345.com	/houtai/	114
HIT: 000win345.com	/admin/login	114
HIT: 000win345.com	/dede/	114
HIT: 177-210-157-110.user3g.veloxzone.com	/admin/	114
HIT: 177-210-157-110.user3g.veloxzone.com	/manage/	114
HIT: 177-210-157-110.user3g.veloxzone.com	/admin/login.asp	114
HIT: 177-210-157-110.user3g.veloxzone.com	/admin/index.asp	114
HIT: 177-210-157-110.user3g.veloxzone.com	/houtai/	114
HIT: 177-210-157-110.user3g.veloxzone.com	/admin/login	114
HIT: 177-210-157-110.user3g.veloxzone.com	/dede/	114
HIT: 177-211-78-41.user3g.veloxzone.com	/admin/	114
HIT: 177-211-78-41.user3g.veloxzone.com	/manage/	114
HIT: 177-211-78-41.user3g.veloxzone.com	/admin/login.asp	114
HIT: 177-211-78-41.user3g.veloxzone.com	/admin/index.asp	114
HIT: 177-211-78-41.user3g.veloxzone.com	/houtai/	114
HIT: 177-211-78-41.user3g.veloxzone.com	/admin/login	114
HIT: 177-211-78-41.user3g.veloxzone.com	/dede/	114
HIT: 0do.net	/admin.php	1208
HIT: 180zhanshenhejiwang.99999g.com	/admin/	114
HIT: 180zhanshenhejiwang.99999g.com	/manage/	114
HIT: 180zhanshenhejiwang.99999g.com	/admin/login.asp	114
HIT: 180zhanshenhejiwang.99999g.com	/admin/index.asp	114
HIT: 180zhanshenhejiwang.99999g.com	/houtai/	114
HIT: 180zhanshenhejiwang.99999g.com	/admin/login	114
HIT: 180zhanshenhejiwang.99999g.com	/dede/	114
HIT: 191-214-157-88.user3g.veloxzone.com	/admin/	114
[adminscan8] 43208 targets, 30 threads
progress: 300/43208 hits=350
progress: 600/43208 hits=614
