Total .com domains: 1022
[23/1022] aiimall.com: 2010 (16y)
[50/1022] progress...
[54/1022] ayyhrl.com: 2008 (18y)
[65/1022] bbcxbj.com: 2011 (15y)
[71/1022] bdsmhunters.com: 2009 (17y)
[72/1022] bdsmtube.com: 2006 (20y) !!
[88/1022] bjrcti.com: 2009 (17y)
[89/1022] bjry168.com: 2011 (15y)
[93/1022] bjzrj.com: 2011 (15y)
[100/1022] progress...
[101/1022] bq998.com: 2005 (21y) !!
[103/1022] btxhy.com: 2009 (17y)
[109/1022] byyyt.com: 2011 (15y)
[130/1022] china-bavalve.com: 2008 (18y)
[131/1022] chinanaisi.com: 2002 (24y) !!
[135/1022] chtjch.com: 2004 (22y) !!
[150/1022] progress...
[152/1022] cos-pak.com: 2007 (19y)
[154/1022] cqdzff.com: 2004 (22y) !!
[163/1022] crelead.com: 2010 (16y)
[171/1022] czjhjx.com: 2007 (19y)
[184/1022] dgwanyi.com: 2006 (20y) !!
[185/1022] dgwxl.com: 2004 (22y) !!
[192/1022] djmsjy.com: 2010 (16y)
[200/1022] progress...
[219/1022] ehaike.com: 2004 (22y) !!
[233/1022] fczxxx61081.com: 2011 (15y)
[250/1022] progress...
[253/1022] fldyl.com: 2010 (16y)
[266/1022] free-live-sex-webcams.com: 2003 (23y) !!
[287/1022] gdrongda.com: 2004 (22y) !!
[293/1022] ghsbd.com: 2010 (16y)
[298/1022] gmjkj.com: 2011 (15y)
[300/1022] progress...
[319/1022] gx-jx.com: 2009 (17y)
[326/1022] gzhnh.com: 2011 (15y)
[328/1022] gzpsw.com: 2007 (19y)
[336/1022] h0591.com: 2006 (20y) !!
[350/1022] progress...
[363/1022] helpson.com: 2001 (25y) !!
[376/1022] hkkanglilai.com: 2011 (15y)
[383/1022] hngcw.com: 2007 (19y)
[384/1022] hnhuawang.com: 2009 (17y)
[394/1022] hongguanjixie.com: 2011 (15y)
[399/1022] htygs.com: 2011 (15y)
[400/1022] progress...
[403/1022] huifee.com: 2011 (15y)
[420/1022] hztmxd.com: 2009 (17y)
[442/1022] jigsy.com: 2005 (21y) !!
[446/1022] jiongla.com: 2009 (17y)
[450/1022] progress...
[498/1022] keniit.com: 2004 (22y) !!
[499/1022] kenopen.com: 2006 (20y) !!
[500/1022] progress...
[504/1022] kingthe.com: 2005 (21y) !!
[515/1022] klrjj.com: 2011 (15y)
[528/1022] laiwuwl.com: 2011 (15y)
[534/1022] ldsjsj.com: 2011 (15y)
[550/1022] progress...
[566/1022] mcmtek.com: 2008 (18y)
[569/1022] mfdns.com: 2006 (20y) !!
[592/1022] mvidc.com: 2006 (20y) !!
[598/1022] nakong.com: 2005 (21y) !!
[599/1022] narutom.com: 2007 (19y)
[600/1022] progress...
[618/1022] ntjshj.com: 2007 (19y)
[642/1022] psjnet.com: 2011 (15y)
[650/1022] progress...
[656/1022] qdmaige.com: 2009 (17y)
[683/1022] rebloga.com: 2011 (15y)
[700/1022] progress...
[705/1022] scdly.com: 2003 (23y) !!
[717/1022] sdtfyy.com: 2004 (22y) !!
[725/1022] shanguoying.com: 2001 (25y) !!
[731/1022] shicone.com: 2002 (24y) !!
[734/1022] shmybz.com: 2008 (18y)
[737/1022] shrzwz.com: 2010 (16y)
[739/1022] shteol.com: 2000 (26y) !!
[742/1022] shwqsj.com: 2005 (21y) !!
[750/1022] progress...
[753/1022] skxclean.com: 2009 (17y)
[783/1022] szgljn.com: 2010 (16y)
[791/1022] szsssydxh.com: 2008 (18y)
[793/1022] szyamei.com: 2003 (23y) !!
[797/1022] taodocs.com: 2010 (16y)
[799/1022] tbivr.com: 2005 (21y) !!
[800/1022] progress...
[825/1022] ucbug.com: 2009 (17y)
[830/1022] unlhjq.com: 2011 (15y)
[850/1022] progress...
[885/1022] xazmck.com: 2010 (16y)
[900/1022] xixinju.com: 2009 (17y)
[900/1022] progress...
[905/1022] xmjmly.com: 2009 (17y)
[908/1022] xmxfh.com: 2006 (20y) !!
[922/1022] xxx-ratedvideos.com: 1999 (27y) !!
[924/1022] xywly.com: 2009 (17y)
[933/1022] yhhuixin.com: 2009 (17y)
[950/1022] progress...
[960/1022] yqxxs.com: 2011 (15y)
[990/1022] zjatt.com: 2009 (17y)
[995/1022] zjshuangkai.com: 2006 (20y) !!
[1000/1022] progress...
[1014/1022] zxdyw.com: 2008 (18y)

=== 20+ year old domains: 30 ===
  xxx-ratedvideos.com: 1999 (27y)
  shteol.com: 2000 (26y)
  helpson.com: 2001 (25y)
  shanguoying.com: 2001 (25y)
  chinanaisi.com: 2002 (24y)
  shicone.com: 2002 (24y)
  free-live-sex-webcams.com: 2003 (23y)
  scdly.com: 2003 (23y)
  szyamei.com: 2003 (23y)
  chtjch.com: 2004 (22y)
  cqdzff.com: 2004 (22y)
  dgwxl.com: 2004 (22y)
  ehaike.com: 2004 (22y)
  gdrongda.com: 2004 (22y)
  keniit.com: 2004 (22y)
  sdtfyy.com: 2004 (22y)
  bq998.com: 2005 (21y)
  jigsy.com: 2005 (21y)
  kingthe.com: 2005 (21y)
  nakong.com: 2005 (21y)
  shwqsj.com: 2005 (21y)
  tbivr.com: 2005 (21y)
  bdsmtube.com: 2006 (20y)
  dgwanyi.com: 2006 (20y)
  h0591.com: 2006 (20y)
  kenopen.com: 2006 (20y)
  mfdns.com: 2006 (20y)
  mvidc.com: 2006 (20y)
  xmxfh.com: 2006 (20y)
  zjshuangkai.com: 2006 (20y)
