=== www.aqsgpack.com ===
  cap not image admin
  cap not image admin123
  cap not image 123456
  cap not image admin888
  cap not image 12345678
  cap not image password
  cap not image admin@123
  cap not image admin1234
  cap not image 123456a
  cap not image a123456
  cap not image 666666
  cap not image 888888
  cap not image 000000
  cap not image qwer1234
  cap not image abc123
  cap not image admin666
  cap not image 123123
  cap not image 111111
  www.aqsgpack.com: no hit
=== www.czdisar.com ===
  cap not image admin
  cap not image admin123
  cap not image 123456
  cap not image admin888
  cap not image 12345678
  cap not image password
  cap not image admin@123
  cap not image admin1234
  cap not image 123456a
  cap not image a123456
  cap not image 666666
  cap not image 888888
  cap not image 000000
  cap not image qwer1234
  cap not image abc123
  cap not image admin666
  cap not image 123123
  cap not image 111111
  www.czdisar.com: no hit
=== www.east-tool.com ===
  cap not image admin
  cap not image admin123
  cap not image 123456
  cap not image admin888
  cap not image 12345678
  cap not image password
  cap not image admin@123
  cap not image admin1234
  cap not image 123456a
  cap not image a123456
  cap not image 666666
  cap not image 888888
  cap not image 000000
  cap not image qwer1234
  cap not image abc123
  cap not image admin666
  cap not image 123123
  cap not image 111111
  www.east-tool.com: no hit
=== www.hdhhg.com ===
  cap not image admin
  cap not image admin123
  cap not image 123456
  cap not image admin888
  cap not image 12345678
  cap not image password
  cap not image admin@123
  cap not image admin1234
  cap not image 123456a
  cap not image a123456
  cap not image 666666
  cap not image 888888
  cap not image 000000
  cap not image qwer1234
  cap not image abc123
  cap not image admin666
  cap not image 123123
  cap not image 111111
  www.hdhhg.com: no hit
=== www.jfjmjx.cn ===
  cap not image admin
  cap not image admin123
  cap not image 123456
  cap not image admin888
  cap not image 12345678
  cap not image password
  cap not image admin@123
  cap not image admin1234
  cap not image 123456a
  cap not image a123456
  cap not image 666666
  cap not image 888888
  cap not image 000000
  cap not image qwer1234
  cap not image abc123
  cap not image admin666
  cap not image 123123
  cap not image 111111
  www.jfjmjx.cn: no hit
=== www.marazziguide.com ===
  cap not image admin
  cap not image admin123
  cap not image 123456
  cap not image admin888
  cap not image 12345678
  cap not image password
  cap not image admin@123
  cap not image admin1234
  cap not image 123456a
  cap not image a123456
  cap not image 666666
  cap not image 888888
  cap not image 000000
  cap not image qwer1234
  cap not image abc123
  cap not image admin666
  cap not image 123123
  cap not image 111111
  www.marazziguide.com: no hit
=== www.ntyq.cn ===
  cap not image admin
  cap not image admin123
  cap not image 123456
  cap not image admin888
  cap not image 12345678
  cap not image password
  cap not image admin@123
  cap not image admin1234
  cap not image 123456a
  cap not image a123456
  cap not image 666666
  cap not image 888888
  cap not image 000000
  cap not image qwer1234
  cap not image abc123
  cap not image admin666
  cap not image 123123
  cap not image 111111
  www.ntyq.cn: no hit
=== www.qbydby.com ===
  cap not image admin
  cap not image admin123
  cap not image 123456
  cap not image admin888
  cap not image 12345678
  cap not image password
  cap not image admin@123
  cap not image admin1234
  cap not image 123456a
  cap not image a123456
  cap not image 666666
  cap not image 888888
  cap not image 000000
  cap not image qwer1234
  cap not image abc123
  cap not image admin666
  cap not image 123123
  cap not image 111111
  www.qbydby.com: no hit
=== www.qjsgf.com ===
  cap not image admin
  cap not image admin123
  cap not image 123456
  cap not image admin888
  cap not image 12345678
  cap not image password
  cap not image admin@123
  cap not image admin1234
  cap not image 123456a
  cap not image a123456
  cap not image 666666
  cap not image 888888
  cap not image 000000
  cap not image qwer1234
  cap not image abc123
  cap not image admin666
  cap not image 123123
  cap not image 111111
  www.qjsgf.com: no hit
=== www.xfscl.com ===
  cap not image admin
  cap not image admin123
  cap not image 123456
  cap not image admin888
  cap not image 12345678
  cap not image password
  cap not image admin@123
  cap not image admin1234
  cap not image 123456a
  cap not image a123456
  cap not image 666666
  cap not image 888888
  cap not image 000000
  cap not image qwer1234
  cap not image abc123
  cap not image admin666
  cap not image 123123
  cap not image 111111
  www.xfscl.com: no hit
=== www.xingyich.com.cn ===
  cap not image admin
  cap not image admin123
  cap not image 123456
  cap not image admin888
  cap not image 12345678
  cap not image password
  cap not image admin@123
  cap not image admin1234
  cap not image 123456a
  cap not image a123456
  cap not image 666666
  cap not image 888888
  cap not image 000000
  cap not image qwer1234
  cap not image abc123
  cap not image admin666
  cap not image 123123
  cap not image 111111
  www.xingyich.com.cn: no hit
=== www.xngl.com ===
  cap not image admin
  cap not image admin123
  cap not image 123456
  cap not image admin888
  cap not image 12345678
  cap not image password
  cap not image admin@123
  cap not image admin1234
  cap not image 123456a
  cap not image a123456
  cap not image 666666
  cap not image 888888
  cap not image 000000
  cap not image qwer1234
  cap not image abc123
  cap not image admin666
  cap not image 123123
  cap not image 111111
  www.xngl.com: no hit
=== www.yczhende.com ===
  cap not image admin
  cap not image admin123
  cap not image 123456
  cap not image admin888
  cap not image 12345678
  cap not image password
  cap not image admin@123
  cap not image admin1234
  cap not image 123456a
  cap not image a123456
  cap not image 666666
  cap not image 888888
  cap not image 000000
  cap not image qwer1234
  cap not image abc123
  cap not image admin666
  cap not image 123123
  cap not image 111111
  www.yczhende.com: no hit
=== www.zj-syfj.com ===
  cap not image admin
  cap not image admin123
  cap not image 123456
  cap not image admin888
  cap not image 12345678
  cap not image password
  cap not image admin@123
  cap not image admin1234
  cap not image 123456a
  cap not image a123456
  cap not image 666666
  cap not image 888888
  cap not image 000000
  cap not image qwer1234
  cap not image abc123
  cap not image admin666
  cap not image 123123
  cap not image 111111
  www.zj-syfj.com: no hit
=== xwrubber.cn ===
  cap not image admin
  cap not image admin123
  cap not image 123456
  cap not image admin888
  cap not image 12345678
  cap not image password
  cap not image admin@123
  cap not image admin1234
  cap not image 123456a
  cap not image a123456
  cap not image 666666
  cap not image 888888
  cap not image 000000
  cap not image qwer1234
  cap not image abc123
  cap not image admin666
  cap not image 123123
  cap not image 111111
  xwrubber.cn: no hit
=== xidipipe.com ===
  cap not image admin
  cap not image admin123
  cap not image 123456
  cap not image admin888
  cap not image 12345678
  cap not image password
  cap not image admin@123
  cap not image admin1234
  cap not image 123456a
  cap not image a123456
  cap not image 666666
  cap not image 888888
  cap not image 000000
  cap not image qwer1234
  cap not image abc123
  cap not image admin666
  cap not image 123123
  cap not image 111111
  xidipipe.com: no hit
=== webtex.cn ===
  cap not image admin
  cap not image admin123
  cap not image 123456
  cap not image admin888
  cap not image 12345678
  cap not image password
  cap not image admin@123
  cap not image admin1234
  cap not image 123456a
  cap not image a123456
  cap not image 666666
  cap not image 888888
  cap not image 000000
  cap not image qwer1234
  cap not image abc123
  cap not image admin666
  cap not image 123123
  cap not image 111111
  webtex.cn: no hit
=== szsadwj.com ===
  cap not image admin
  cap not image admin123
  cap not image 123456
  cap not image admin888
  cap not image 12345678
  cap not image password
  cap not image admin@123
  cap not image admin1234
  cap not image 123456a
  cap not image a123456
  cap not image 666666
  cap not image 888888
  cap not image 000000
  cap not image qwer1234
  cap not image abc123
  cap not image admin666
  cap not image 123123
  cap not image 111111
  szsadwj.com: no hit
=== wdzcz.com ===
  cap not image admin
  cap not image admin123
  cap not image 123456
  cap not image admin888
  cap not image 12345678
  cap not image password
  cap not image admin@123
  cap not image admin1234
  cap not image 123456a
  cap not image a123456
  cap not image 666666
  cap not image 888888
  cap not image 000000
  cap not image qwer1234
  cap not image abc123
  cap not image admin666
  cap not image 123123
  cap not image 111111
  wdzcz.com: no hit
=== lsks.org.cn ===
  cap not image admin
  cap not image admin123
  cap not image 123456
  cap not image admin888
  cap not image 12345678
  cap not image password
  cap not image admin@123
  cap not image admin1234
  cap not image 123456a
  cap not image a123456
  cap not image 666666
  cap not image 888888
  cap not image 000000
  cap not image qwer1234
  cap not image abc123
  cap not image admin666
  cap not image 123123
  cap not image 111111
  lsks.org.cn: no hit
=== lspipesolutions.com ===
  cap not image admin
  cap not image admin123
  cap not image 123456
  cap not image admin888
  cap not image 12345678
  cap not image password
  cap not image admin@123
  cap not image admin1234
  cap not image 123456a
  cap not image a123456
  cap not image 666666
  cap not image 888888
  cap not image 000000
  cap not image qwer1234
  cap not image abc123
  cap not image admin666
  cap not image 123123
  cap not image 111111
  lspipesolutions.com: no hit
=== skf-afl.com ===
  cap not image admin
  cap not image admin123
  cap not image 123456
  cap not image admin888
  cap not image 12345678
  cap not image password
  cap not image admin@123
  cap not image admin1234
  cap not image 123456a
  cap not image a123456
  cap not image 666666
  cap not image 888888
  cap not image 000000
  cap not image qwer1234
  cap not image abc123
  cap not image admin666
  cap not image 123123
  cap not image 111111
  skf-afl.com: no hit
=== smt66.com ===
  cap not image admin
  cap not image admin123
  cap not image 123456
  cap not image admin888
  cap not image 12345678
  cap not image password
  cap not image admin@123
  cap not image admin1234
  cap not image 123456a
  cap not image a123456
  cap not image 666666
  cap not image 888888
  cap not image 000000
  cap not image qwer1234
  cap not image abc123
  cap not image admin666
  cap not image 123123
  cap not image 111111
  smt66.com: no hit
=== huxhardware.com ===
  cap not image admin
  cap not image admin123
  cap not image 123456
  cap not image admin888
  cap not image 12345678
  cap not image password
  cap not image admin@123
  cap not image admin1234
  cap not image 123456a
  cap not image a123456
  cap not image 666666
  cap not image 888888
  cap not image 000000
  cap not image qwer1234
  cap not image abc123
  cap not image admin666
  cap not image 123123
  cap not image 111111
  huxhardware.com: no hit
=== aierpaike.com ===
  cap not image admin
  cap not image admin123
  cap not image 123456
  cap not image admin888
  cap not image 12345678
  cap not image password
  cap not image admin@123
  cap not image admin1234
  cap not image 123456a
  cap not image a123456
  cap not image 666666
  cap not image 888888
  cap not image 000000
  cap not image qwer1234
  cap not image abc123
  cap not image admin666
  cap not image 123123
  cap not image 111111
  aierpaike.com: no hit
=== ecoair.cn ===
  cap not image admin
  cap not image admin123
  cap not image 123456
  cap not image admin888
  cap not image 12345678
  cap not image password
  cap not image admin@123
  cap not image admin1234
  cap not image 123456a
  cap not image a123456
  cap not image 666666
  cap not image 888888
  cap not image 000000
  cap not image qwer1234
  cap not image abc123
  cap not image admin666
  cap not image 123123
  cap not image 111111
  ecoair.cn: no hit
=== hbhmjc.com ===
  cap fail admin
  cap fail admin
  cap not image admin
  cap fail admin123
  cap fail admin123
  cap fail admin123
  cap fail admin123
  cap fail admin123
  cap fail admin123
  cap fail 123456
  cap fail 123456
  cap fail 123456
  cap fail 123456
  cap not image 123456
  cap fail admin888
  cap fail admin888
  cap fail admin888
  cap fail admin888
  cap fail admin888
  cap fail admin888
  cap fail 12345678
  cap fail 12345678
  cap fail 12345678
  cap fail 12345678
  cap fail 12345678
  cap not image 12345678
  cap fail password
  cap fail password
  cap fail password
  cap fail password
  cap not image password
  cap fail admin@123
  cap fail admin@123
  cap fail admin@123
  cap not image admin@123
  cap fail admin1234
  cap fail admin1234
  cap fail admin1234
  cap fail admin1234
  cap fail admin1234
  cap fail admin1234
  cap fail 123456a
  cap fail 123456a
  cap fail 123456a
  cap fail 123456a
  cap fail 123456a
  cap fail 123456a
  cap fail a123456
  cap fail a123456
  cap fail a123456
  cap fail a123456
  cap not image a123456
  cap fail 666666
  cap fail 666666
  cap fail 666666
  cap not image 666666
  cap fail 888888
  cap fail 888888
  cap fail 888888
  cap fail 888888
  cap fail 888888
  cap not image 888888
  cap not image 000000
  cap fail qwer1234
  cap fail qwer1234
  cap fail qwer1234
  cap fail qwer1234
  CHECK qwer1234: C:\phpStudy\MySQL\bin\mysqld.exe, Version: 5.5.53 (MySQL Com
  cap fail qwer1234
  cap fail abc123
  cap fail abc123
  cap fail abc123
  cap not image abc123
  cap fail admin666
  cap fail admin666
  cap fail admin666
  cap fail admin666
  cap not image admin666
  cap fail 123123
  cap fail 123123
  cap fail 123123
  cap fail 123123
  cap fail 123123
  cap not image 123123
  cap fail 111111
  cap fail 111111
  cap not image 111111
  hbhmjc.com: no hit
=== sh-pump.com ===
  cap not image admin
  cap not image admin123
  cap not image 123456
  cap not image admin888
  cap not image 12345678
  cap not image password
  cap not image admin@123
  cap not image admin1234
  cap not image 123456a
  cap not image a123456
  cap not image 666666
  cap not image 888888
  cap not image 000000
  cap not image qwer1234
  cap not image abc123
  cap not image admin666
  cap not image 123123
  cap not image 111111
  sh-pump.com: no hit
=== puwall.cn ===
  cap fail admin
  cap fail admin
  cap fail admin
  cap fail admin
  cap fail admin
  cap fail admin
  CHECK admin123: C:\phpStudy\MySQL\bin\mysqld.exe, Version: 5.5.53 (MySQL Com
  cap fail admin123
  cap fail admin123
  cap fail admin123
  cap fail admin123
  cap fail admin123
  cap fail 123456
  cap fail 123456
  cap fail 123456
  cap fail 123456
  cap fail 123456
  cap fail 123456
  cap fail admin888
  cap fail admin888
  cap fail admin888
  cap fail admin888
  cap fail admin888
  cap fail admin888
  cap fail 12345678
  cap fail 12345678
  cap fail 12345678
  cap fail 12345678
  cap fail 12345678
  cap fail 12345678
  cap fail password
  cap fail password
  cap fail password
  cap fail password
  cap fail password
  cap fail password
  cap fail admin@123
  cap fail admin@123
  cap fail admin@123
  cap fail admin@123
  cap fail admin@123
  cap fail admin@123
  cap fail admin1234
  cap fail admin1234
  cap fail admin1234
  cap fail admin1234
  cap fail admin1234
  cap fail admin1234
  cap fail 123456a
  cap fail 123456a
  cap fail 123456a
  cap fail 123456a
  cap fail 123456a
  cap fail 123456a
  cap fail a123456
  cap fail a123456
  cap fail a123456
  cap fail a123456
  cap fail a123456
  cap fail a123456
  cap fail 666666
  cap fail 666666
  cap fail 666666
  cap fail 666666
  cap fail 666666
  cap fail 666666
  cap fail 888888
  cap fail 888888
  cap fail 888888
  cap fail 888888
  cap fail 888888
  cap fail 888888
  cap fail 000000
  cap fail 000000
  cap fail 000000
  cap fail 000000
  cap fail 000000
  cap fail 000000
  cap fail qwer1234
  cap fail qwer1234
  cap fail qwer1234
  cap fail qwer1234
  cap fail qwer1234
  cap fail qwer1234
  cap fail abc123
  cap fail abc123
  cap fail abc123
  cap fail abc123
  cap fail abc123
  cap fail abc123
  cap fail admin666
  cap fail admin666
  cap fail admin666
  cap fail admin666
  cap fail admin666
  cap fail admin666
  cap fail 123123
  cap fail 123123
  cap fail 123123
  cap fail 123123
  cap fail 123123
  cap fail 123123
  cap fail 111111
  cap fail 111111
  cap fail 111111
  cap fail 111111
  cap fail 111111
  cap fail 111111
  puwall.cn: no hit
=== gdcq119.com ===
  cap not image admin
  cap not image admin123
  cap not image 123456
  cap not image admin888
  cap not image 12345678
  cap not image password
  cap not image admin@123
  cap not image admin1234
  cap not image 123456a
  cap not image a123456
  cap not image 666666
  cap not image 888888
  cap not image 000000
  cap not image qwer1234
  cap not image abc123
  cap not image admin666
  cap not image 123123
  cap not image 111111
  gdcq119.com: no hit
=== DONE: 0 hits ===
