attack1000: 1000 targets
  done 0do.net /admin.php
  done 5911911.com /admin/login.php
  done 11ban.top /admin/login.php
  done 11ban.top /admin/
  done 5911911.com /admin/
  done ahbaoan.net /admin/
  done ahbill.com /admin/
  done cn.spg666.com /login.php
  done bowlwithseoul.com /admin/
  done ahhzlq.com /admin/
  done ahxiyy.com /admin/
  done 5911911.com /admin.php
  done ahzybf.com /admin/
  done cordeiroesaraiva.com /admin/
  done ahyxfh.com /admin/
  done ahzfgg.com /admin/
  done ahtlt.com.cn /admin/
  done fangfaxian.net /admin/login.php
  done drebrownenterprises.com /admin/login.php
  done aneeshkuniyil.com /admin/
  done ahygfz.com /admin/
  done agence-uni.com /admin/
  done bowlwithseoul.com /wp-login.php
  done fangfaxian.net /admin/
  done dimaikj.com /admin.php
  done ahlinyang.com /admin/
  done chnwidestone.com /admin/
  done bowlwithseoul.com /login.php
  done ahyyhb.net /admin/
  done ahhubang.com /admin/
  done hjdq.cn /login.php
  done ahqsjc.com /admin/
  done hndsyjx.com /admin/login.php
  done aneeshkuniyil.com /wp-login.php
  done hnstbkj.com /admin/login.php
  done fullcore.com.cn /admin.php
  done environmentalhelp.net /admin/
  done czswyxh.com /admin/
  done chunyicanyin.com /admin/
  done flowsberry.com /admin/
  done csroots.cn /admin/
  done hndsyjx.com /admin/
  done douaihuanbao.com /admin/
  done huaguansy.com /admin/login.php
  done htck.net /admin/login.php
  done gas-psa.com /manage/
  done inroad.com.cn /login.php
  done hnstbkj.com /admin/
  done fullcore.com.cn /login.php
  done hfxsyw.com /admin/
  done hnsgdjx.com /admin/login.php
  done agence-uni.com /wp-login.php
  done hndsyjx.com /admin.php
  done aneeshkuniyil.com /login.php
  done hffuding.com /admin/
  done jhnew.com /admin/login.php
  done hnstbkj.com /admin.php
  done huaguansy.com /admin/
  done htck.net /admin/
  done jhnew.com /admin/
  done jmg.sh.cn /admin.php
  done hfcmn.com /admin/
  done csroots.cn /wp-login.php
  done kuberhotel.com /admin/
  done jmg.sh.cn /login.php
  done flowsberry.com /wp-login.php
  done hnsgdjx.com /admin/
  done link-strong.com /login.php
  done huaguansy.com /admin.php
  done mail.7x.com.cn /admin.php
  done lamoo.cn /admin/
  done agence-uni.com /login.php
  done htck.net /admin.php
  done environmentalhelp.net /wp-login.php
  done mdying.com /admin/login.php
  done muaanhshutterstock.com /login.php
  done ke.docin.com /login.php
  done kuberhotel.com /wp-login.php
  done mdying.com /admin/
  done hnsgdjx.com /admin.php
  done mail.7x.com.cn /wp-login.php
  done ksfxj.com /admin/
  done flowsberry.com /login.php
  done kuberhotel.com /login.php
  done mail.7x.com.cn /login.php
  done purple-mountain.com /login.php
  done environmentalhelp.net /login.php
  done huaxujc.com /admin/
  done lingnanhotel.net /admin/
  done jzsycy.com /admin/
  done qhyuke.com /admin/
  done serviskontrol.com /admin/
  done sdtxqz.com /admin/login.php
  done kaiyandianli.com /admin/
  done serviskontrol.com /dede/login.php
  done lxsensor.com /admin/
  done lenz-auto.com /admin/
  done sdtxqz.com /admin/
  done tjytsrq.com /admin/login.php
  done treatment4all.org /admin/
  done mghdat.com /admin/
  done thdy755.com /admin/login.php
  done szbelitt.com /login.php
  done north-sun.com /manage/
  done mail.legalurge.com /admin/
  done sdtxqz.com /admin.php
  done tjytsrq.com /admin/
  done masytjx.com /admin/
  done m.hfhuiyang.com /admin/
  done mymseed.com /admin/
  done serviskontrol.com /wp-login.php
  done mistcannons.com /admin/
  done thdy755.com /admin/
  done tjytsrq.com /admin.php
  done pestpro1.com /login.php
  done uniconbg.com /admin/
  done szwd3d.com /admin/
  done serviskontrol.com /manage/
  done thdy755.com /admin.php
!!! GEN szxinjiyou.com admin/123123
  done serviskontrol.com /login.php
  done southernnutrition.org /admin/
  done www.ahxiyy.com /admin/
  done www.hnlbdq.com /admin/login.php
  done www.asliceofstyle.com /admin/
  done mistcannons.com /wp-login.php
  done mail.legalurge.com /wp-login.php
  done www.csroots.cn /admin/
  done www.hnsgdjx.com /admin/login.php
  done tiankangi.net /admin/
  done www.goodeveningcity.com /admin/
  done www.hnlbdq.com /admin/
  done wh-bx.com /admin/
  done whchengzhuo.com /admin/
  done www.hnsgdjx.com /admin/
  done www.ahshengcheng.com /admin/
  done www.hnstbkj.com /admin/login.php
  done www.asliceofstyle.com /wp-login.php
  done southernnutrition.org /wp-login.php
  done www.hnlbdq.com /admin.php
  done wuhushangjie.com /admin/
  done www.hnsgdjx.com /admin.php
  done www.garagedoorsrepaircanyoncountry.com /admin/
  done www.hnstbkj.com /admin/
  done www.kdsclfm.com /admin/login.php
  done www.csroots.cn /wp-login.php
  done unitygames.org /admin/
!!! GEN www.lamoo.cn admin/admin123456
  done www.htck.net /admin/login.php
  done wuhurf.com /admin/
  done tuzlaatlasotomotiv.com /admin/login.php
  done www.flowsberry.com /admin/
  done www.bwqrlzy.com /admin/
  done www.hnstbkj.com /admin.php
  done www.goodeveningcity.com /wp-login.php
  done www.purple-mountain.com /login.php
  done www.kdsclfm.com /admin/
  done southernnutrition.org /login.php
  done www.ahjsny.cn /admin/
  done www.thdy755.com /admin/login.php
  done www.htck.net /admin/
  done www.xxyjtex.com /admin/login.php
  done www.xxsrx.com /admin/login.php
  done www.kdsclfm.com /admin.php
  done www.garagedoorsrepaircanyoncountry.com /wp-login.php
  done www.goodeveningcity.com /login.php
  done www.xxhx.net /admin/login.php
  done www.xxyjtex.com /admin/
  done www.htck.net /admin.php
  done www.thdy755.com /admin/
  done www.mistcannons.com /admin/
  done www.xxsrx.com /admin/
  done www.freetnbooks.com /admin/
  done www.xxyjtex.com /admin.php
  done www.sdkj.net /admin/
  done www.flowsberry.com /wp-login.php
  done www.xxhx.net /admin/
  done www.xxsrx.com /admin.php
  done www.wintersurfing.net /admin/
  done www.thdy755.com /admin.php
  done www.xianlifood.com /admin/login.php
  done www.jointherivercoalition.org /admin/
  done www.dsselectrical.com /admin/
  done xianlifood.com /admin/login.php
  done www.xxhx.net /admin.php
  done tuzlaatlasotomotiv.com /admin/
  done www.whsafety.cn /admin/
  done www.flowsberry.com /login.php
  done www.yuhuaqizhong.com /admin/login.php
  done xxhengrun.com /admin/login.php
  done xxjiasen.com /admin/login.php
  done www.xianlifood.com /admin/
  done www.mistcannons.com /wp-login.php
  done xxyjtex.com /admin/login.php
  done www.jointherivercoalition.org /wp-login.php
  done xxjiasen.com /admin/
  done ylqz.cn /admin/
  done xianlifood.com /admin/
  done xinxiangkexin.com /admin/login.php
  done unitygames.org /wp-login.php
  done xxyjtex.com /admin/
  done xxhengrun.com /admin/
  done www.wintersurfing.net /wp-login.php
  done www.yuhuaqizhong.com /admin/
  done www.dsselectrical.com /wp-login.php
  done yuhaoelectronics.com /admin/login.php
  done xxyjtex.com /admin.php
  done xxjiasen.com /admin.php
  done www.unitygames.org /admin/
  done www.jointherivercoalition.org /login.php
  done xianlifood.com /admin.php
  done www.freetnbooks.com /wp-login.php
  done www.wintersurfing.net /login.php
  done xxhengrun.com /admin.php
  done www.xianlifood.com /admin.php
  done www.dsselectrical.com /login.php
  done zsbg888.com /admin/
!!! GEN cepn.cn admin/admin123
  done www.yuhuaqizhong.com /admin.php
progress: 200/1000
  done tuzlaatlasotomotiv.com /admin.php
  done www.tuzlaatlasotomotiv.com /admin/login.php
  done yuhaoelectronics.com /admin/
  done xinxiangkexin.com /admin/
  done unitygames.org /login.php
!!! GEN 699pic.com admin/admin123
  done catugbio.com /admin/
  done www.tipdowns.com /admin/
  done yuhaoelectronics.com /admin.php
  done tecdat.cn /admin/
  done www.freetnbooks.com /login.php
  done yuhuaqizhong.com /admin/login.php
!!! GEN lsks.org.cn admin/admin123
  done xinxiangkexin.com /admin.php
!!! GEN iitang.com admin/123456
  done xianxiapifu.com /admin/
  done tecdat.cn /wp-login.php
  done jy.huvtc.edu.cn /admin/
  done yuhuaqizhong.com /admin/
  done tuzlaatlasotomotiv.com /dede/login.php
  done china-casting.com /admin/
  done trackingmore.com /login.php
  done tuishubang.com /admin/
  done yuhuaqizhong.com /admin.php
  done onlinetrack.net /admin/
  done swcreo.com /admin/
  done jy.huvtc.edu.cn /manage/
  done www.tipdowns.com /wp-login.php
  done www.unitygames.org /wp-login.php
  done www.tuzlaatlasotomotiv.com /admin/
!!! GEN wallpic.cn admin/admin123
  done swcreo.com /wp-login.php
  done onlinetrack.net /wp-login.php
  done china-casting.com /wp-login.php
  done tirapid.com /admin/login.php
  done songjiangsh.com /admin/
  done beidoou.com /admin/
  done tuishubang.com /wp-login.php
  done smsbao.com /wp-login.php
  done onlinetrack.net /login.php
  done www.unitygames.org /login.php
  done assetintelwp.com /admin/login.php
  done trackingdirectory.com /admin/login.php
  done china-casting.com /login.php
  done assetintelwp.com /admin/
  done ahsjkx.net /admin/
  done alessioolimpio.com /admin/
  done tuzlaatlasotomotiv.com /wp-login.php
  done app.ameliteprograms.com /wp-login.php
  done assetintelwp.com /admin.php
  done assetintelwp.com /dede/login.php
  done balairungpress.com /admin/
  done agileretail.com /admin/login.php
  done www.tuzlaatlasotomotiv.com /admin.php
  done bfgresearch.com /admin/
  done www.tipdowns.com /login.php
  done agileretail.com /admin/
  done assetintelwp.com /wp-login.php
  done tirapid.com /admin.php
  done alessioolimpio.com /wp-login.php
  done assetintelwp.com /manage/
  done buildingarabia.com /admin/
  done biddingx.com /wp-login.php
  done assetintelwp.com /login.php
  done balairungpress.com /wp-login.php
  done ahzyhh.com /admin/
  done bfgresearch.com /wp-login.php
  done songjiangsh.com /wp-login.php
  done alessioolimpio.com /login.php
  done bfgresearch.com /login.php
  done buildingarabia.com /wp-login.php
  done angloiraqi.org /admin/
  done beidoou.com /wp-login.php
  done casino-non-aams.com /admin/
  done trackingdirectory.com /admin/
  done tuzlaatlasotomotiv.com /manage/
  done brands.mchotels.net /wp-login.php
  done buildingarabia.com /login.php
  done tirapid.com /dede/login.php
  done www.tuzlaatlasotomotiv.com /dede/login.php
  done 182he.com /admin/login.php
  done 218t.com /admin/login.php
  done baikehotel.com /admin/
  done 182he.com /admin/
  done 218t.com /admin/
  done songjiangsh.com /login.php
  done trackingdirectory.com /admin.php
  done casino-non-aams.com /wp-login.php
  done angloiraqi.org /wp-login.php
  done tuzlaatlasotomotiv.com /login.php
progress: 400/1000
  done tirapid.com /wp-login.php
  done trackingdirectory.com /dede/login.php
!!! GEN 540.com.cn admin/admin123
  done www.tuzlaatlasotomotiv.com /wp-login.php
  done angloiraqi.org /login.php
  done baikehotel.com /wp-login.php
  done tirapid.com /manage/
  done 616109.com /admin/login.php
  done 616109.com /admin/
  done www.tuzlaatlasotomotiv.com /manage/
  done tirapid.com /login.php
  done 632.cn /admin.php
  done trackingdirectory.com /wp-login.php
  done 814145.com /admin/login.php
  done www.tuzlaatlasotomotiv.com /login.php
progress: 600/1000
  done 814145.com /admin/
  done 888byd.com /login.php
  done a5589a.com /admin/login.php
  done a5589a.com /admin/
  done aab.567la.com /admin/login.php
  done admin-dashboard.pagsmile.com /admin/login.php
  done aceleros.com /admin/login.php
  done admin-dashboard.pagsmile.com /admin/
  done aab.567la.com /login.php
  done admin-dashboard.pagsmile.com /admin.php
  done trackingdirectory.com /manage/
  done admin-dashboard.pagsmile.com /dede/login.php
!!! WP admin-dashboard.pagsmile.com admin/admin123
  done aaron.nickmcleanrealestate.com /admin/
  done aceleros.com /admin.php
  done affordablesharedhost.com /login.php
  done agisante.com /admin/
  done aaron.nickmcleanrealestate.com /manage/
  done adrianeherman.com /admin/
  done trackingdirectory.com /login.php
  done agisante.com /wp-login.php
  done aimlogisticsllc.com /admin.php
  done adrianeherman.com /manage/
  done agisante.com /login.php
  done ajustedireto.com /admin/login.php
  done ajustedireto.com /admin/
!!! GEN anshig.com admin/admin123
  done alliowens.info /admin/
  done ajustedireto.com /admin.php
  done alv-aztms-lp-dv3.jdadelivers.com /admin/login.php
  done ajustedireto.com /dede/login.php
  done alliowens.info /wp-login.php
!!! GEN armord-alloy.com admin/admin123
progress: 800/1000
  done alv-aztms-lp-dv3.jdadelivers.com /admin/
  done arthurclub.com /admin/login.php
!!! GEN athdf.com admin/admin123
  done alv-aztms-lp-dv3.jdadelivers.com /admin.php
  done ajustedireto.com /wp-login.php
  done ajustedireto.com /manage/
  done arthurclub.com /admin/
!!! GEN auncel.com.cn admin/admin123
  done ajustedireto.com /login.php
  done arthurclub.com /admin.php
  done alv-aztms-lp-dv3.jdadelivers.com /dede/login.php
  done arocn.com /admin/
  done arthurclub.com /dede/login.php
  done auth.forchildren.com /admin/login.php
  done ba29-toll-wms-con-pra3.jdadelivers.com /admin/login.php
  done arthurclub.com /wp-login.php
  done auth.forchildren.com /admin/
  done ba29-toll-wms-con-pra3.jdadelivers.com /admin/
  done bagira.04563.com /admin/login.php
  done alv-aztms-lp-dv3.jdadelivers.com /wp-login.php
  done arthurclub.com /manage/
  done ba29-toll-wms-con-pra3.jdadelivers.com /admin.php
  done bagira.04563.com /admin/
  done arthurclub.com /login.php
  done ba29-toll-wms-con-pra3.jdadelivers.com /dede/login.php
  done alv-aztms-lp-dv3.jdadelivers.com /manage/
  done bagira.04563.com /admin.php
  done bazaradvisor.com /admin/login.php
  done bcscool21.04563.com /admin.php
  done bagira.04563.com /dede/login.php
  done ba29-toll-wms-con-pra3.jdadelivers.com /wp-login.php
!!! GEN bensonic-china.cn admin/admin123
  done ba29-toll-wms-con-pra3.jdadelivers.com /manage/
  done alv-aztms-lp-dv3.jdadelivers.com /login.php
  done ba29-toll-wms-con-pra3.jdadelivers.com /login.php
!!! GEN besttc.net admin/admin123
  done azerfreedom.com /wp-login.php
  done bagira.04563.com /wp-login.php
  done autodiscover.freshstartmovingcrew.com /admin/login.php
  done bagira.04563.com /manage/
  done between.04563.com /admin/
  done bagira.04563.com /login.php
  done bazaradvisor.com /admin/
  done bdskycl.com /admin/
  done bahaarholidays.com /admin/
  done audiogals.net /login.php
  done bdskycl.com /wp-login.php
  done autodiscover.freshstartmovingcrew.com /admin/
  done bellehairextensions.com /admin/
  done autodiscover.freshstartmovingcrew.com /admin.php
  done bahaarholidays.com /wp-login.php
  done bahaarholidays.com /login.php
  done autodiscover.freshstartmovingcrew.com /dede/login.php
  done bellehairextensions.com /wp-login.php
  done bellehairextensions.com /login.php
  done autodiscover.freshstartmovingcrew.com /wp-login.php
  done autodiscover.freshstartmovingcrew.com /manage/
  done autodiscover.freshstartmovingcrew.com /login.php
progress: 1000/1000
[attack1000 done]
