entries: 1461
V: ahyxfh.com	/admin/	LOGIN	20254
V: 0do.net	/admin.php	LOGIN	1134
V: 1489204796.rsc.cdn77.org	/manage/	LOGIN	11242
V: airmaniax.com	/admin/	LOGIN	6752
V: biotectura.com	/admin/	LOGIN	7155
V: bragmedallion.com	/admin/	LOGIN	11448
V: 3rstars.com	/admin/	LOGIN	5475
V: arsatc.org	/admin/	LOGIN	11109
V: adskeeper.com	/admin/	LOGIN	5821
V: ceohyeah.com	/admin/	LOGIN	4979
V: cascadewaterfeatures.com	/admin/	LOGIN	10620
V: cucinanicolina.com	/admin/	LOGIN	12323
V: cpcontacts.hiproficiency.com	/admin/	LOGIN	7161
V: baikehotel.com	/admin/	LOGIN	9205
V: clintonelectronics.com	/admin/	LOGIN	12322
V: dimaikj.com	/admin.php	LOGIN	5533
V: csroots.cn	/admin/	LOGIN	10138
V: balmynatural.com	/admin/	LOGIN	18341
V: eusahalalmart.com	/admin/login	SOURCE-LEAK	4581
V: eflmagazine.com	/admin/	LOGIN	30000
V: delseibo.com	/admin/	LOGIN	5014
V: dhyindustry.com	/admin/login	LOGIN	3007
V: gajihub.com	/admin/login	LOGIN	30000
V: eaglediaries.com	/admin/	LOGIN	6391
V: fatjimmysresort.com	/admin/	LOGIN	6814
V: ekoreajournal.net	/admin/	LOGIN	10297
V: fscll.net	/admin/	LOGIN	10048
V: huaxiaolu.com	/admin/	LOGIN	20147
V: bankofdudley.com	/admin/	LOGIN	30000
V: inyalearning.com	/admin.php	LOGIN	29963
V: helpmecompost.com	/admin/	LOGIN	6363
V: coolfacelife.com	/admin/	LOGIN	29996
V: hfcmn.com	/admin/	LOGIN	20125
V: gamepazzo.org	/admin/	LOGIN	4673
V: improvtx.com	/admin/	LOGIN	5447
V: ivadog.com	/admin/	LOGIN	7073
V: goggingolf.com	/admin/	LOGIN	6385
V: jrhqd.com	/admin.php	LOGIN	3558
V: jeremyjamesfl.com	/admin/	LOGIN	5091
V: linkarabiapk.com	/admin/	LOGIN	6460
V: kos.nova-dine.com	/admin/	LOGIN	6201
V: jrgjmh.com	/admin/	LOGIN	6604
V: maichevietnam.com	/admin/	LOGIN	8940
V: kinsta.clintonelectronics.com	/admin/	LOGIN	12322
V: jhusmusic.com	/admin/	LOGIN	6679
V: mail.obionvotes.com	/login.php	LOGIN	30000
V: fieldedge.com	/admin/	LOGIN	8842
V: hullandco-texas.com	/login.php	LOGIN	7785
V: naukrigov.com	/login.php	LOGIN	6719
V: lettresdumonde.com	/login.php	LOGIN	14403
V: mrcool4ac.com	/admin/	LOGIN	7124
V: mistcannons.com	/admin/	LOGIN	6443
V: murraymotive.com	/admin/	LOGIN	6507
V: obionvotes.com	/login.php	LOGIN	30000
V: perointernational.com	/login.php	LOGIN	5612
V: northjo.com	/login.php	LOGIN	9708
V: nydis.org	/admin/	LOGIN	8137
V: mysafety.cn	/login.php	LOGIN	19837
V: pharmatraders.com	/login.php	LOGIN	6576
V: p4adnow.org	/login.php	LOGIN	7101
V: precisionswitchgear.com	/login.php	LOGIN	6906
V: okademi.com	/admin/	LOGIN	23433
V: prestigeonsite.com	/admin/	LOGIN	6426
V: pestpro1.com	/login.php	LOGIN	11401
V: safetyware.com	/admin/	LOGIN	9023
V: resultbaba.com	/admin/	LOGIN	9838
V: savage-kitchen.com	/admin/	LOGIN	12884
V: sinergiatotal.com	/login.php	LOGIN	10097
V: raiamark.com	/login.php	LOGIN	15370
V: repentaustralia.org	/admin/	LOGIN	11655
V: thailandtip.info	/login.php	LOGIN	9339
V: tchqsl.com	/admin/	LOGIN	20125
V: shdunmei.com	/login.php	LOGIN	19841
V: petvmd.com	/admin/	LOGIN	6496
V: thisbelongsinamuseum.com	/admin/	LOGIN	3807
V: thinklikeamonkbook.com	/admin/	LOGIN	5825
V: theaurum.com	/admin/	LOGIN	10297
V: thetwincookingproject.net	/admin/	LOGIN	9133
V: shawneecycle.com	/admin/	LOGIN	30000
V: thirstboston.com	/admin/	LOGIN	10297
V: tengda-industrial.com	/admin.php	LOGIN	2877
V: webserver.safetyware.com	/admin/	LOGIN	5751
V: vn888a.com	/admin/	LOGIN	10791
V: www.adskeeper.com	/admin/	LOGIN	5821
V: www.arsatc.org	/admin/	LOGIN	11109
V: www.asliceofstyle.com	/admin/	LOGIN	6895
V: wunav.com	/admin/	LOGIN	9554
V: tuzlaatlasotomotiv.com	/admin/	LOGIN	10294
V: www.fatjimmysresort.com	/admin/	LOGIN	6814
V: www.csroots.cn	/admin/	LOGIN	10138
V: www.clintonelectronics.com	/admin/	LOGIN	12322
V: www.improvtx.com	/admin/	LOGIN	5447
V: www.goodeveningcity.com	/login.php	LOGIN	6299
V: www.ekoreajournal.net	/admin/	LOGIN	10297
V: www.mechanicsburgrestaurant.com	/admin/	LOGIN	8086
V: www.kiliboundadventures.com	/login.php	LOGIN	7760
V: www.linkarabiapk.com	/admin/	LOGIN	6460
V: www.happytheshop.com	/admin/	LOGIN	9393
V: www.mistcannons.com	/admin/	LOGIN	6443
V: www.goggingolf.com	/admin/	LOGIN	6385
V: www.obionvotes.com	/login.php	LOGIN	30000
V: www.murraymotive.com	/admin/	LOGIN	6507
V: www.scirange.com	/login.php	LOGIN	4432
V: www.jhusmusic.com	/admin/	LOGIN	6679
V: www.theantiquedjourney.com	/admin/	LOGIN	7490
V: www.thecontentbug.com	/admin/	LOGIN	7021
V: www.repentaustralia.org	/admin/	LOGIN	11655
V: www.thinklikeamonkbook.com	/admin/	LOGIN	5825
V: www.thetwincookingproject.net	/admin/	LOGIN	9133
V: www.tourmalineenterprises.com	/admin/	LOGIN	9901
V: www.theaurum.com	/admin/	LOGIN	10297
V: 1946890235.rsc.cdn77.org	/manage/	LOGIN	12001
V: www.youririshadventure.com	/admin/	LOGIN	22214
V: www.thirstboston.com	/admin/	LOGIN	10297
V: www.theanfieldtalk.com	/admin/	LOGIN	6769
V: 227.swissnex.org	/admin/	LOGIN	4856
V: 236.swissnex.org	/admin/	LOGIN	4856
V: 237.swissnex.org	/admin/index.php	LOGIN	4856
V: 236.swissnex.org	/admin/index.php	LOGIN	4856
V: 227.swissnex.org	/admin/index.php	LOGIN	4856
V: 237.swissnex.org	/admin/	LOGIN	4856
V: yhpop.com	/admin/	LOGIN	29586
V: amandatattersall.com	/admin/	LOGIN	30000
V: bajigroup.com	/admin/	LOGIN	9723
V: amandatattersall.com	/admin/index.php	LOGIN	30000
V: bajigroup.com	/admin/index.php	LOGIN	9723
V: www.tuzlaatlasotomotiv.com	/admin/	LOGIN	10294
V: beyerfunctionalwellness.com	/admin/index.php	LOGIN	5982
V: beyerfunctionalwellness.com	/admin/	LOGIN	5982
V: angloiraqi.org	/admin/index.php	LOGIN	8585
V: boonook.com	/login.php	LOGIN	10468
V: acrosschem.com	/admin/index.php	LOGIN	8516
V: angloiraqi.org	/admin/	LOGIN	8585
V: boonook.com	/admin/	LOGIN	10560
V: crispeducation.com	/admin/index.php	LOGIN	9031
V: crispeducation.com	/admin/	LOGIN	9031
V: acrosschem.com	/admin/	LOGIN	8524
V: cimaworld.com	/admin/	LOGIN	2977
V: edoutslaymemorial.org	/admin/	LOGIN	8048
V: civico201.com	/admin/	LOGIN	9723
V: edoutslaymemorial.org	/admin/index.php	LOGIN	8048
V: cimaworld.com	/admin/index.php	LOGIN	2977
V: entradasharrypotterlondres.com	/admin/	LOGIN	11151
V: entradasharrypotterlondres.com	/admin/index.php	LOGIN	11151
V: face3media.com	/admin/	LOGIN	7460
V: face3media.com	/admin/index.php	LOGIN	7460
V: gamingtipsonline.com	/admin/	LOGIN	5864
V: gamingtipsonline.com	/admin/index.php	LOGIN	5864
V: huertasconsulting.com	/admin/	LOGIN	29919
V: investor.starsmicro.com	/admin/	LOGIN	8449
V: huertasconsulting.com	/admin/index.php	LOGIN	29919
V: garagedoors-houstonheights.com	/admin/	LOGIN	7408
V: garagedoors-houstonheights.com	/admin/index.php	LOGIN	7408
V: gayproposalinparis.com	/admin/	LOGIN	8483
V: kenicable.com	/admin/login	LOGIN	4000
V: kenicable.com	/admin/login.php	LOGIN	4000
V: iddaily.net	/admin/	LOGIN	10193
V: mail.cagdasspormerkezi.com	/admin/	LOGIN	29919
V: gayproposalinparis.com	/admin/index.php	LOGIN	8483
V: iddaily.net	/admin/index.php	LOGIN	10193
V: madebymunchkin.com	/admin/index.asp	LOGIN	4347
V: mail.cagdasspormerkezi.com	/admin/index.php	LOGIN	29919
V: maestrosdecorazon.com	/admin/index.php	LOGIN	11471
V: maestrosdecorazon.com	/admin/	LOGIN	11471
V: ngcp.org	/login.php	LOGIN	6863
V: nightowlinteractive.com	/admin/	LOGIN	2843
V: nightowlinteractive.com	/admin/index.php	LOGIN	2843
V: noiascape.com	/login.php	LOGIN	9066
V: ngcp.org	/admin/	LOGIN	6863
V: noiascape.com	/admin/	LOGIN	9160
V: piraterelief.com	/login.php	LOGIN	6671
V: piraterelief.com	/admin/	LOGIN	6671
V: popcenturysite.com	/admin/	LOGIN	6260
V: prodexim.com	/admin/	LOGIN	7291
V: popcenturysite.com	/admin/index.php	LOGIN	6260
V: prodexim.com	/admin/index.php	LOGIN	7291
V: rediscussed.com	/admin/index.php	LOGIN	8614
V: rediscussed.com	/admin/	LOGIN	8614
V: rvsolarthatworks.com	/admin/	LOGIN	30000
V: rvsolarthatworks.com	/admin/index.php	LOGIN	30000
V: southendeye.com	/admin/	LOGIN	6674
V: southendeye.com	/admin/index.php	LOGIN	6674
V: sandboxnv.com	/admin/	LOGIN	7167
V: sweets-today.com	/admin/index.php	LOGIN	9416
V: sandboxnv.com	/login.php	LOGIN	7163
V: sweets-today.com	/admin/	LOGIN	9416
V: theposingportal.com	/admin/	LOGIN	10847
V: twotonesstore.com	/login.php	LOGIN	6649
V: tippimaan.com	/admin/	LOGIN	8100
V: tippimaan.com	/admin/index.php	LOGIN	8100
V: victoryhealthandfitness.org	/login.php	LOGIN	30000
V: twotonesstore.com	/admin/	LOGIN	6649
V: victoryhealthandfitness.org	/admin/	LOGIN	30000
V: www.civico201.com	/admin/index.php	LOGIN	9723
V: www.civico201.com	/admin/	LOGIN	9723
V: www.cimaworld.com	/admin/	LOGIN	2977
V: www.bellehairextensions.com	/login.php	LOGIN	30000
V: www.cimaworld.com	/admin/index.php	LOGIN	2977
V: www.popcenturysite.com	/admin/index.php	LOGIN	6260
V: www.hotelkinsley.com	/login.php	LOGIN	30000
V: www.bellehairextensions.com	/admin/	LOGIN	30000
V: www.popcenturysite.com	/admin/	LOGIN	6260
V: www.ufoag.cn	/admin/login	LOGIN	2000
V: www.ufoag.cn	/admin/login.php	LOGIN	2000
V: www.sweets-today.com	/admin/index.php	LOGIN	9416
V: www.hotelkinsley.com	/admin/index.php	LOGIN	30000
V: www.sweets-today.com	/admin/	LOGIN	9416
V: www.ronpearsonproductions.com	/admin/	LOGIN	13650
V: www.ronpearsonproductions.com	/admin/index.php	LOGIN	13650
V: ylqz.cn	/admin/index.php	LOGIN	6623
V: ylqz.cn	/admin/	LOGIN	6623
V: 1554091807.rsc.cdn77.org	/login.php	LOGIN	9715
V: 110burger.com	/login.php	LOGIN	9547
V: 1554091807.rsc.cdn77.org	/admin/	LOGIN	9811
V: 13cosas.com	/login.php	LOGIN	10007
V: 110burger.com	/admin/	LOGIN	9547
V: 1554091807.rsc.cdn77.org	/admin/index.php	LOGIN	9811
V: 110burger.com	/admin/index.php	LOGIN	9547
V: 13cosas.com	/admin/	LOGIN	10099
V: 13cosas.com	/admin/index.php	LOGIN	10099
V: 6390.cn.com	/login.php	LOGIN	10052
V: aasthacancerinstitute.com	/login.php	LOGIN	6220
V: 6390.cn.com	/admin/	LOGIN	10141
V: 6390.cn.com	/admin/index.php	LOGIN	10141
V: aasthacancerinstitute.com	/admin/	LOGIN	6220
V: aasthacancerinstitute.com	/admin/index.php	LOGIN	6220
V: 515motorsport.com	/login.php	LOGIN	6162
V: 515motorsport.com	/admin/	LOGIN	6162
V: 515motorsport.com	/admin/index.php	LOGIN	6162
V: actionrolloffs.com	/login.php	LOGIN	7647
V: actionrolloffs.com	/admin/	LOGIN	7647
V: actionrolloffs.com	/admin/index.php	LOGIN	7647
V: akermantrading.com	/login.php	LOGIN	6659
V: akermantrading.com	/admin/	LOGIN	6659
V: akermantrading.com	/admin/index.php	LOGIN	6659
V: agence-uni.com	/login.php	LOGIN	20684
V: agence-uni.com	/admin/	LOGIN	20779
V: andalasweb.com	/admin/index.php	LOGIN	5191
V: andalasweb.com	/admin/	LOGIN	5191
V: andalasweb.com	/login.php	LOGIN	5191
V: agence-uni.com	/admin/index.php	LOGIN	20779
V: allprocountertops.com	/login.php	LOGIN	6289
V: allprocountertops.com	/admin/	LOGIN	6289
V: allprocountertops.com	/admin/index.php	LOGIN	6289
V: alexandrewsgeorge.com	/login.php	LOGIN	6397
V: andredomingos.com	/login.php	LOGIN	6512
V: alexeinz.info	/login.php	LOGIN	30000
V: alexandrewsgeorge.com	/admin/index.php	LOGIN	6397
V: andredomingos.com	/admin/	LOGIN	6610
V: alexeinz.info	/admin/	LOGIN	30000
V: alexandrewsgeorge.com	/admin/	LOGIN	6397
V: ancientpedia.com	/admin/index.php	LOGIN	6032
V: ancientpedia.com	/admin/	LOGIN	6032
V: andredomingos.com	/admin/index.php	LOGIN	6610
V: alexeinz.info	/admin/index.php	LOGIN	30000
V: apiject.com	/admin/	LOGIN	6563
V: apiject.com	/admin/index.php	LOGIN	6563
V: apiject.com	/login.php	LOGIN	6563
V: ayansports.com	/login.php	LOGIN	6834
V: baohiemlibertyvn.com	/login.php	LOGIN	10624
V: baohiemlibertyvn.com	/admin/	LOGIN	10704
V: baohiemlibertyvn.com	/admin/index.php	LOGIN	10704
V: ayansports.com	/admin/	LOGIN	6834
V: ayansports.com	/admin/index.php	LOGIN	6834
V: bellehairextensions.com	/login.php	LOGIN	30000
V: atmanoglu.com	/login.php	LOGIN	9300
V: bellehairextensions.com	/admin/	LOGIN	30000
V: bellehairextensions.com	/admin/index.php	LOGIN	30000
V: atmanoglu.com	/admin/	LOGIN	9394
V: billeniumllc.com	/login.php	LOGIN	9275
V: aluminyummenfez.com	/login.php	LOGIN	9329
V: billeniumllc.com	/admin/	LOGIN	9275
V: billeniumllc.com	/admin/index.php	LOGIN	9275
V: aluminyummenfez.com	/admin/index.php	LOGIN	9428
V: aluminyummenfez.com	/admin/	LOGIN	9428
V: atmanoglu.com	/admin/index.php	LOGIN	9394
V: blog.fincra.com	/login.php	LOGIN	30000
V: blog.fincra.com	/admin/	LOGIN	30000
V: blog.fincra.com	/admin/index.php	LOGIN	30000
V: bowlwithseoul.com	/admin/	LOGIN	6889
V: bowlwithseoul.com	/login.php	LOGIN	7079
V: blvdautoworks.com	/admin/index.php	LOGIN	6669
V: bowlwithseoul.com	/admin/index.php	LOGIN	6889
V: blvdautoworks.com	/login.php	LOGIN	6669
V: blvdautoworks.com	/admin/	LOGIN	6669
V: bodymassage.com	/login.php	LOGIN	6964
V: cariboucollections.com	/login.php	LOGIN	6681
V: cariboucollections.com	/admin/	LOGIN	6681
V: cariboucollections.com	/admin/index.php	LOGIN	6681
V: bsp.com	/login.php	LOGIN	6107
V: bsp.com	/admin/index.php	LOGIN	6107
V: bsp.com	/admin/	LOGIN	6107
V: capaenerji.com	/login.php	LOGIN	9700
V: capaenerji.com	/admin/	LOGIN	9799
V: capaenerji.com	/admin/index.php	LOGIN	9799
V: bitlishaberler.com	/login.php	LOGIN	10648
V: casadei.biz	/login.php	LOGIN	12013
V: casadei.biz	/admin/	LOGIN	12107
V: bodymassage.com	/admin/	LOGIN	6964
V: casadei.biz	/admin/index.php	LOGIN	12107
V: cecinvestor.com	/login.php	LOGIN	29998
V: cecinvestor.com	/admin/	LOGIN	29998
V: cecinvestor.com	/admin/index.php	LOGIN	29998
V: championbuildinglifting.com	/login.php	LOGIN	6487
V: canbranda.com	/admin/index.php	LOGIN	8805
V: canbranda.com	/login.php	LOGIN	8707
V: canbranda.com	/admin/	LOGIN	8805
V: championbuildinglifting.com	/admin/index.php	LOGIN	6487
V: chinaglass.club	/admin/	LOGIN	3198
V: championbuildinglifting.com	/admin/	LOGIN	6487
V: catholicfraternity.net	/login.php	LOGIN	6997
V: catholicfraternity.net	/admin/	LOGIN	6997
V: catholicfraternity.net	/admin/index.php	LOGIN	6997
V: clearscript.org	/login.php	LOGIN	30000
V: clearscript.org	/admin/	LOGIN	30000
V: clearscript.org	/admin/index.php	LOGIN	30000
V: cooglife.com	/login.php	LOGIN	6242
V: cooglife.com	/admin/	LOGIN	6242
V: cooglife.com	/admin/index.php	LOGIN	6242
V: complejolosveleros.com	/login.php	LOGIN	10049
V: cowenrecruitment.com	/login.php	LOGIN	10357
V: cowenrecruitment.com	/admin/	LOGIN	10357
V: cowenrecruitment.com	/admin/index.php	LOGIN	10357
V: coralive.org	/login.php	LOGIN	8182
V: coralive.org	/admin/	LOGIN	8279
V: coralive.org	/admin/index.php	LOGIN	8279
V: crystalwizardry.com	/login.php	LOGIN	6019
V: crystalwizardry.com	/admin/	LOGIN	6019
V: crystalwizardry.com	/admin/index.php	LOGIN	6019
V: cuponocean.com	/login.php	LOGIN	8201
V: complejolosveleros.com	/admin/	LOGIN	10152
V: cuentascoopsanjose.com	/login.php	LOGIN	8676
V: complejolosveleros.com	/admin/index.php	LOGIN	10152
V: cookieassistant.com	/admin/	LOGIN	5754
V: cuponocean.com	/admin/index.php	LOGIN	8201
V: cuponocean.com	/admin/	LOGIN	8201
V: cuentascoopsanjose.com	/admin/	LOGIN	8779
V: cuentascoopsanjose.com	/admin/index.php	LOGIN	8779
V: cypruseconomicsociety.org	/login.php	LOGIN	30000
V: cypruseconomicsociety.org	/admin/	LOGIN	30000
V: cypruseconomicsociety.org	/admin/index.php	LOGIN	30000
V: cookieassistant.com	/login.php	LOGIN	5754
V: cookieassistant.com	/admin/index.php	LOGIN	5754
V: delmarvairr.com	/login.php	LOGIN	7376
V: dev-random.net	/login.php	LOGIN	5013
V: delmarvairr.com	/admin/	LOGIN	7376
V: dev-random.net	/admin/	LOGIN	5013
V: dev-random.net	/admin/index.php	LOGIN	5013
V: delmarvairr.com	/admin/index.php	LOGIN	7376
V: digitaalatelier.com	/login.php	LOGIN	5379
V: digitaalatelier.com	/admin/	LOGIN	5479
V: digitaalatelier.com	/admin/index.php	LOGIN	5479
V: dongyuesheji.com	/login.php	LOGIN	9658
V: dongyuesheji.com	/admin/	LOGIN	9758
V: dongyuesheji.com	/admin/index.php	LOGIN	9758
V: dubansgaragedoorscorp.com	/login.php	LOGIN	9515
V: cuulongct.com	/login.php	LOGIN	12829
V: dubansgaragedoorscorp.com	/admin/	LOGIN	9621
V: dwwsiliguri.com	/login.php	LOGIN	5367
V: dubaibusinesszone.com	/login.php	LOGIN	7219
V: dwwsiliguri.com	/admin/	LOGIN	5367
V: dubansgaragedoorscorp.com	/admin/index.php	LOGIN	9621
V: cuulongct.com	/admin/index.php	LOGIN	12927
V: cuulongct.com	/admin/	LOGIN	12927
V: dwwsiliguri.com	/admin/index.php	LOGIN	5367
V: ecosun.org	/login.php	LOGIN	6305
V: ecopyrolysis.com	/login.php	LOGIN	9821
V: ecopyrolysis.com	/admin/	LOGIN	9918
V: ecosun.org	/admin/	LOGIN	6305
V: ecosun.org	/admin/index.php	LOGIN	6305
V: dubaibusinesszone.com	/admin/index.php	LOGIN	7321
V: ecopyrolysis.com	/admin/index.php	LOGIN	9918
V: dubaibusinesszone.com	/admin/	LOGIN	7321
V: ecuadorinformate.com	/login.php	LOGIN	10402
V: environmentalhelp.net	/login.php	LOGIN	6658
V: environmentalhelp.net	/admin/	LOGIN	6658
V: ecuadorinformate.com	/admin/	LOGIN	10503
V: emirhandongel.com	/login.php	LOGIN	10030
V: environmentalhelp.net	/admin/index.php	LOGIN	6658
V: emirhandongel.com	/admin/index.php	LOGIN	10132
V: esquireabroad.com	/login.php	LOGIN	5945
V: ecuadorinformate.com	/admin/index.php	LOGIN	10503
V: eddyfoods.com	/login.php	LOGIN	8515
V: emirhandongel.com	/admin/	LOGIN	10132
V: eddyfoods.com	/admin/index.php	LOGIN	8515
V: esquireabroad.com	/admin/	LOGIN	5945
V: esquireabroad.com	/admin/index.php	LOGIN	5945
V: eddyfoods.com	/admin/	LOGIN	8515
V: endermite.cn	/login.php	LOGIN	11877
V: endermite.cn	/admin/	LOGIN	11975
V: flowsberry.com	/login.php	LOGIN	9499
V: familyyachtsbrokers.com	/login.php	LOGIN	12537
V: flowsberry.com	/admin/	LOGIN	9594
V: flowsberry.com	/admin/index.php	LOGIN	9594
V: familyyachtsbrokers.com	/admin/	LOGIN	12641
V: getfreegiftcards.info	/login.php	LOGIN	6143
V: getfreegiftcards.info	/admin/	LOGIN	6143
V: getfreegiftcards.info	/admin/index.php	LOGIN	6143
V: ghaniyyah-marine.com	/login.php	LOGIN	30000
V: endermite.cn	/admin/index.php	LOGIN	12088
V: ghaniyyah-marine.com	/admin/	LOGIN	30000
V: familyyachtsbrokers.com	/admin/index.php	LOGIN	12641
V: ghaniyyah-marine.com	/admin/index.php	LOGIN	30000
V: gnarlytree.com	/login.php	LOGIN	12460
V: ftp.newwestsymphony.org	/admin/index.php	LOGIN	30000
V: greenlightservices.com	/login.php	LOGIN	6348
V: gnarlytree.com	/admin/	LOGIN	12596
V: gnarlytree.com	/admin/index.php	LOGIN	12596
V: greenlightservices.com	/admin/	LOGIN	6348
V: happinesstimes.com	/admin/	LOGIN	6999
V: happinesstimes.com	/login.php	LOGIN	6999
V: greenlightservices.com	/admin/index.php	LOGIN	6348
V: happinesstimes.com	/admin/index.php	LOGIN	6999
V: hanifcorp.com	/login.php	LOGIN	5262
V: harekrishnavillage.org	/login.php	LOGIN	6630
V: hashgraph.com	/login.php	LOGIN	5881
V: hanifcorp.com	/admin/	LOGIN	5262
V: hashgraph.com	/admin/index.php	LOGIN	5881
V: hashgraph.com	/admin/	LOGIN	5881
V: hanifcorp.com	/admin/index.php	LOGIN	5262
V: harekrishnavillage.org	/admin/	LOGIN	6630
V: hanseatic-maritime.com	/login.php	LOGIN	30000
V: harekrishnavillage.org	/admin/index.php	LOGIN	6630
V: hanseatic-maritime.com	/admin/	LOGIN	30000
V: healthjivaka.com	/login.php	LOGIN	6662
V: hanseatic-maritime.com	/admin/index.php	LOGIN	30000
V: hiproficiency.com	/login.php	LOGIN	7153
V: icemaidencakes.com	/admin/	LOGIN	6879
V: icemaidencakes.com	/admin/index.php	LOGIN	6879
V: icemaidencakes.com	/login.php	LOGIN	6879
V: healthjivaka.com	/admin/	LOGIN	6662
V: healthjivaka.com	/admin/index.php	LOGIN	6662
V: hiproficiency.com	/admin/	LOGIN	7163
V: hiproficiency.com	/admin/index.php	LOGIN	7161
V: jaimaasantoshi.com	/login.php	LOGIN	5983
V: incatrailexpeditions.com	/login.php	LOGIN	7459
V: incatrailexpeditions.com	/admin/	LOGIN	7564
V: incatrailexpeditions.com	/admin/index.php	LOGIN	7564
V: jetaport.com	/login.php	LOGIN	6226
V: jetaport.com	/admin/	LOGIN	6226
V: jetaport.com	/admin/index.php	LOGIN	6226
V: julienberthier.org	/login.php	LOGIN	6066
V: jhnew.com	/admin/	LOGIN	1952
V: julienberthier.org	/admin/	LOGIN	6066
V: julienberthier.org	/admin/index.php	LOGIN	6066
V: jhnew.com	/admin/index.php	LOGIN	1961
V: keterlife.com	/admin/index.php	LOGIN	6358
V: keterlife.com	/admin/	LOGIN	6358
V: keterlife.com	/login.php	LOGIN	6358
V: jhnew.com	/admin/login.php	LOGIN	1945
V: isca.uk.com	/login.php	LOGIN	6264
V: jbytec.com	/login.php	LOGIN	9730
V: katiekassel.com	/login.php	LOGIN	6812
V: isca.uk.com	/admin/index.php	LOGIN	6264
V: jbytec.com	/admin/	LOGIN	9821
V: isca.uk.com	/admin/	LOGIN	6264
V: katiekassel.com	/admin/	LOGIN	6812
V: jbytec.com	/admin/index.php	LOGIN	9821
V: katiekassel.com	/admin/index.php	LOGIN	6812
V: keysnap.com	/login.php	LOGIN	6240
V: keysnap.com	/admin/index.php	LOGIN	6240
V: kitchenware44.com	/login.php	LOGIN	10104
V: keysnap.com	/admin/	LOGIN	6240
V: kbbusinessmarketing.com	/login.php	LOGIN	6788
V: kitchenware44.com	/admin/index.php	LOGIN	10181
V: keapsyourcarinmotion.com	/login.php	LOGIN	6597
V: kitchenware44.com	/admin/	LOGIN	10181
V: kbbusinessmarketing.com	/admin/	LOGIN	6788
V: kreenplus.com	/login.php	LOGIN	9881
V: kreenplus.com	/admin/	LOGIN	9975
V: kreenplus.com	/admin/index.php	LOGIN	9975
V: keapsyourcarinmotion.com	/admin/	LOGIN	6597
V: kbbusinessmarketing.com	/admin/index.php	LOGIN	6788
V: keapsyourcarinmotion.com	/admin/index.php	LOGIN	6597
V: kuberhotel.com	/login.php	LOGIN	5971
V: leruleruimprimibles.com	/login.php	LOGIN	21429
V: korfunet.com	/login.php	LOGIN	11777
V: kuberhotel.com	/admin/	LOGIN	5971
V: kuberhotel.com	/admin/index.php	LOGIN	5971
V: leruleruimprimibles.com	/admin/	LOGIN	21533
V: linknbit.com	/login.php	LOGIN	6338
V: linknbit.com	/admin/	LOGIN	6338
V: korfunet.com	/admin/	LOGIN	11870
V: linknbit.com	/admin/index.php	LOGIN	6338
V: limaeadvogados.com	/login.php	LOGIN	10527
V: leruleruimprimibles.com	/admin/index.php	LOGIN	21533
V: korfunet.com	/admin/index.php	LOGIN	11870
V: limaeadvogados.com	/admin/	LOGIN	10626
V: limaeadvogados.com	/admin/index.php	LOGIN	10626
V: mail.mehsoms.net	/login.php	LOGIN	9727
V: marketing.sparefoot.com	/admin/index.php	LOGIN	5967
V: marketing.sparefoot.com	/login.php	LOGIN	5967
V: ls3studios.com	/login.php	LOGIN	6710
V: marketing.sparefoot.com	/admin/	LOGIN	5967
V: mail.mehsoms.net	/admin/	LOGIN	9584
V: mail.mehsoms.net	/admin/index.php	LOGIN	9584
V: masterstudy.stylemixthemes.com	/login.php	LOGIN	29998
V: masterstudy.stylemixthemes.com	/admin/index.php	LOGIN	29998
V: masterstudy.stylemixthemes.com	/admin/	LOGIN	29998
V: mehsoms.net	/login.php	LOGIN	9727
V: ls3studios.com	/admin/	LOGIN	6710
V: mehsoms.net	/admin/index.php	LOGIN	9583
V: mehsoms.net	/admin/	LOGIN	9584
V: model2valencia.com	/login.php	LOGIN	11982
V: ls3studios.com	/admin/index.php	LOGIN	6710
V: midwestinsure.com	/login.php	LOGIN	6363
V: miniklas.com	/login.php	LOGIN	9926
V: model2valencia.com	/admin/	LOGIN	12081
V: midwestinsure.com	/admin/	LOGIN	6363
V: model2valencia.com	/admin/index.php	LOGIN	12081
V: midwestinsure.com	/admin/index.php	LOGIN	6363
V: mobilyacht.com	/login.php	LOGIN	9590
V: mobilyacht.com	/admin/	LOGIN	9685
V: multiconstructionco.com	/login.php	LOGIN	6446
V: mobilyacht.com	/admin/index.php	LOGIN	9685
V: multiconstructionco.com	/admin/	LOGIN	6446
V: multiconstructionco.com	/admin/index.php	LOGIN	6446
V: nacecare.com	/login.php	LOGIN	6597
V: nacecare.com	/admin/index.php	LOGIN	6597
V: nacecare.com	/admin/	LOGIN	6597
V: mujeresontop.com	/login.php	LOGIN	7566
V: myshaksales.com	/login.php	LOGIN	11351
V: myshaksales.com	/admin/	LOGIN	11425
V: myweightlosssurgerynow.com	/login.php	LOGIN	6362
V: myweightlosssurgerynow.com	/admin/	LOGIN	6362
V: mujeresontop.com	/admin/	LOGIN	7663
V: myshaksales.com	/admin/index.php	LOGIN	11426
V: nonprofitlibrary.com	/login.php	LOGIN	30000
V: nonprofitlibrary.com	/admin/	LOGIN	30000
V: occhialevintage.com	/login.php	LOGIN	10134
V: occhialevintage.com	/admin/	LOGIN	10234
V: nonprofitlibrary.com	/admin/index.php	LOGIN	30000
V: mujeresontop.com	/admin/index.php	LOGIN	7663
V: occhialevintage.com	/admin/index.php	LOGIN	10234
V: myweightlosssurgerynow.com	/admin/index.php	LOGIN	6362
V: optixec.com	/login.php	LOGIN	6095
V: optixec.com	/admin/	LOGIN	6095
V: optixec.com	/admin/index.php	LOGIN	6095
V: onpointballetschool.com	/login.php	LOGIN	6992
V: parkhurstdining.com	/login.php	LOGIN	8078
V: onpointballetschool.com	/admin/	LOGIN	6992
V: parkhurstdining.com	/admin/index.php	LOGIN	8125
V: parkhurstdining.com	/admin/	LOGIN	8125
V: onpointballetschool.com	/admin/index.php	LOGIN	6992
V: nutechprecisionmetals.com	/login.php	LOGIN	8704
V: partners.fincra.com	/login.php	LOGIN	30000
V: partners.fincra.com	/admin/index.php	LOGIN	30000
V: partners.fincra.com	/admin/	LOGIN	30000
V: patiocomfortelements.com	/admin/	LOGIN	7047
V: patiocomfortelements.com	/admin/index.php	LOGIN	7047
V: patiocomfortelements.com	/login.php	LOGIN	7047
V: okaliptusapart.com	/login.php	LOGIN	8254
V: okaliptusapart.com	/admin/	LOGIN	8353
V: patronyacht.com	/login.php	LOGIN	5256
V: nutechprecisionmetals.com	/admin/	LOGIN	8801
V: nutechprecisionmetals.com	/admin/index.php	LOGIN	8801
V: payen.com	/login.php	LOGIN	30000
V: pearl.stylemixthemes.com	/admin/	LOGIN	29998
V: pearl.stylemixthemes.com	/login.php	LOGIN	29998
V: pearl.stylemixthemes.com	/admin/index.php	LOGIN	29998
V: patronyacht.com	/admin/	LOGIN	5256
V: payen.com	/admin/	LOGIN	30000
V: patronyacht.com	/admin/index.php	LOGIN	5256
V: positivevibe.xyz	/admin/	LOGIN	5303
V: positivevibe.xyz	/login.php	LOGIN	5303
V: payen.com	/admin/index.php	LOGIN	30000
V: positivevibe.xyz	/admin/index.php	LOGIN	5303
V: pomonacityfc.com	/login.php	LOGIN	7391
V: pflame.com	/login.php	LOGIN	12534
V: okaliptusapart.com	/admin/index.php	LOGIN	8353
V: pomonacityfc.com	/admin/index.php	LOGIN	7488
V: pomonacityfc.com	/admin/	LOGIN	7488
V: pflame.com	/admin/	LOGIN	12538
V: pflame.com	/admin/index.php	LOGIN	12538
V: pscsport.com	/login.php	LOGIN	8908
V: pscsport.com	/admin/	LOGIN	9001
V: primerestorations.com	/login.php	LOGIN	5563
V: raffiapalm.com	/login.php	LOGIN	29998
V: raffiapalm.com	/admin/	LOGIN	29998
V: raffiapalm.com	/admin/index.php	LOGIN	29998
V: pscsport.com	/admin/index.php	LOGIN	9001
V: primerestorations.com	/admin/index.php	LOGIN	5563
V: primerestorations.com	/admin/	LOGIN	5563
V: raystarck.com	/login.php	LOGIN	6328
V: regenciaparaguay.com	/login.php	LOGIN	9033
V: regenciaparaguay.com	/admin/	LOGIN	9134
V: retiringtomyrtlebeach.com	/login.php	LOGIN	30000
V: regenciaparaguay.com	/admin/index.php	LOGIN	9134
V: retiringtomyrtlebeach.com	/admin/	LOGIN	30000
V: rotarypublicschool.org	/admin/index.php	LOGIN	5831
V: rotarypublicschool.org	/admin/	LOGIN	5831
V: raystarck.com	/admin/index.php	LOGIN	6328
V: rotarypublicschool.org	/login.php	LOGIN	5831
V: retiringtomyrtlebeach.com	/admin/index.php	LOGIN	30000
V: raystarck.com	/admin/	LOGIN	6328
V: restauracionesnauticas.com	/login.php	LOGIN	12537
V: samarthagroup.com	/login.php	LOGIN	5761
V: rivergreensoftware.com	/login.php	LOGIN	7165
V: samarthagroup.com	/admin/	LOGIN	5761
V: sbdiamonds.com	/login.php	LOGIN	5997
V: samarthagroup.com	/admin/index.php	LOGIN	5761
V: restauracionesnauticas.com	/admin/	LOGIN	12641
V: rivergreensoftware.com	/admin/index.php	LOGIN	7165
V: rivergreensoftware.com	/admin/	LOGIN	7165
V: sbdiamonds.com	/admin/	LOGIN	5997
V: restauracionesnauticas.com	/admin/index.php	LOGIN	12641
V: sharjahcomputers.com	/login.php	LOGIN	6472
V: sbdiamonds.com	/admin/index.php	LOGIN	5997
V: sharjahcomputers.com	/admin/	LOGIN	6472
V: sharjahcomputers.com	/admin/index.php	LOGIN	6472
V: savingdays.com	/login.php	LOGIN	11786
V: savingdays.com	/admin/	LOGIN	11786
V: siemprecolombia.com	/admin/	LOGIN	10530
V: smlpinc.com	/admin/index.php	LOGIN	5694
V: smlpinc.com	/login.php	LOGIN	5694
V: siemprecolombia.com	/admin/index.php	LOGIN	10530
V: smlpinc.com	/admin/	LOGIN	5694
V: solitairefitness.com	/admin/index.php	LOGIN	6526
V: savingdays.com	/admin/index.php	LOGIN	11786
V: siemprecolombia.com	/login.php	LOGIN	10430
V: solitairefitness.com	/login.php	LOGIN	6526
V: solitairefitness.com	/admin/	LOGIN	6526
V: socratesycia.com	/login.php	LOGIN	5968
V: southjerseyev.com	/login.php	LOGIN	7401
V: southjerseyev.com	/admin/	LOGIN	7401
V: southjerseyev.com	/admin/index.php	LOGIN	7401
V: socratesycia.com	/admin/index.php	LOGIN	6065
V: socratesycia.com	/admin/	LOGIN	6065
V: sparksac.com	/login.php	LOGIN	5579
V: storageguide.sparefoot.com	/login.php	LOGIN	6733
V: storageguide.sparefoot.com	/admin/index.php	LOGIN	6733
V: storageguide.sparefoot.com	/admin/	LOGIN	6733
V: stylebysarah.com	/login.php	LOGIN	5901
V: sparksac.com	/admin/	LOGIN	5579
V: static.siamsawadee.com	/login.php	LOGIN	30000
V: stylebysarah.com	/admin/	LOGIN	5901
V: stylebysarah.com	/admin/index.php	LOGIN	5901
V: sparksac.com	/admin/index.php	LOGIN	5579
V: static.siamsawadee.com	/admin/	LOGIN	30000
V: static.siamsawadee.com	/admin/index.php	LOGIN	30000
V: styleyourcraft.com	/login.php	LOGIN	6522
V: superspacer.com	/login.php	LOGIN	7614
V: swansonvineyards.com	/login.php	LOGIN	6873
V: swansonvineyards.com	/admin/index.php	LOGIN	7111
V: styleyourcraft.com	/admin/	LOGIN	6522
V: superspacer.com	/admin/	LOGIN	7614
V: swansonvineyards.com	/admin/	LOGIN	7111
V: thehardponys.com	/login.php	LOGIN	5489
V: thehardponys.com	/admin/index.php	LOGIN	5489
V: superspacer.com	/admin/index.php	LOGIN	7614
V: thehardponys.com	/admin/	LOGIN	5489
V: thesmalltools.com	/admin/	LOGIN	6526
V: thesmalltools.com	/login.php	LOGIN	6526
V: thesmalltools.com	/admin/index.php	LOGIN	6526
V: tips2win.uk.com	/login.php	LOGIN	10494
V: tips2win.uk.com	/admin/index.php	LOGIN	10599
V: tips2win.uk.com	/admin/	LOGIN	10599
V: thenailbabe.com	/login.php	LOGIN	6028
V: teknomira.com	/login.php	LOGIN	9027
V: tonglinjunye.com	/login.php	LOGIN	9059
V: tonglinjunye.com	/admin/index.php	LOGIN	9160
V: tonglinjunye.com	/admin/	LOGIN	9158
V: thenailbabe.com	/admin/index.php	LOGIN	6028
V: thenailbabe.com	/admin/	LOGIN	6028
V: teknomira.com	/admin/index.php	LOGIN	8878
V: teknomira.com	/admin/	LOGIN	8878
V: toponetech.cn	/login.php	LOGIN	6953
V: umeex.com	/admin/	LOGIN	10684
V: umeex.com	/login.php	LOGIN	10594
V: toponetech.cn	/admin/	LOGIN	7049
V: umeex.com	/admin/index.php	LOGIN	10684
V: toponetech.cn	/admin/index.php	LOGIN	7049
V: unitygames.org	/login.php	LOGIN	5695
V: top1tv.net	/login.php	LOGIN	12212
V: top1tv.net	/admin/index.php	LOGIN	11827
V: unitygames.org	/admin/	LOGIN	5695
V: va-leaders.com	/login.php	LOGIN	7022
V: unitygames.org	/admin/index.php	LOGIN	5695
V: va-leaders.com	/admin/	LOGIN	6876
V: top1tv.net	/admin/	LOGIN	11827
V: va-leaders.com	/admin/index.php	LOGIN	6876
V: wanglaw.tw	/admin/index.php	LOGIN	10549
V: wanglaw.tw	/login.php	LOGIN	10458
V: wanglaw.tw	/admin/	LOGIN	10549
V: watersavingnozzle.com	/login.php	LOGIN	7269
V: waypointports.com	/login.php	LOGIN	9088
V: watersavingnozzle.com	/admin/	LOGIN	7269
V: webtevar.com	/admin/	LOGIN	8710
V: webtevar.com	/login.php	LOGIN	8617
V: watersavingnozzle.com	/admin/index.php	LOGIN	7269
V: webtevar.com	/admin/index.php	LOGIN	8710
V: waypointports.com	/admin/	LOGIN	9088
V: westcoasteast.com	/login.php	LOGIN	5731
V: verdesaires.com	/login.php	LOGIN	9985
V: waypointports.com	/admin/index.php	LOGIN	9088
V: westcoasteast.com	/admin/index.php	LOGIN	5731
V: websitedreams.com	/login.php	LOGIN	7526
V: verdesaires.com	/admin/	LOGIN	10081
V: westcoasteast.com	/admin/	LOGIN	5731
V: watan.com	/login.php	LOGIN	10955
V: watan.com	/admin/	LOGIN	11049
V: watan.com	/admin/index.php	LOGIN	11049
V: websitedreams.com	/admin/	LOGIN	7624
V: verdesaires.com	/admin/index.php	LOGIN	10081
V: websitedreams.com	/admin/index.php	LOGIN	7624
V: wileydigitalarchives.com	/login.php	LOGIN	6500
V: wileydigitalarchives.com	/admin/index.php	LOGIN	6500
V: wileydigitalarchives.com	/admin/	LOGIN	6500
V: www.anchorpointfoundation.com	/login.php	LOGIN	7896
V: www.anchorpointfoundation.com	/admin/	LOGIN	8137
V: wozlawgroup.com	/login.php	LOGIN	6017
V: www.androidmobiles.org	/admin/index.php	LOGIN	4753
V: www.anchorpointfoundation.com	/admin/index.php	LOGIN	8135
V: www.androidmobiles.org	/login.php	LOGIN	4753
V: www.androidmobiles.org	/admin/	LOGIN	4753
V: wozlawgroup.com	/admin/	LOGIN	6017
V: www.515motorsport.com	/login.php	LOGIN	6162
V: wozlawgroup.com	/admin/index.php	LOGIN	6017
V: www.apple-cores.com	/login.php	LOGIN	5731
V: www.apple-cores.com	/admin/index.php	LOGIN	5731
V: www.apple-cores.com	/admin/	LOGIN	5731
V: www.baohay.net	/login.php	LOGIN	10354
V: www.baohay.net	/admin/	LOGIN	10454
V: www.515motorsport.com	/admin/	LOGIN	6162
V: www.baohay.net	/admin/index.php	LOGIN	10454
V: www.515motorsport.com	/admin/index.php	LOGIN	6162
V: www.baohiemlibertyvn.com	/login.php	LOGIN	10624
V: www.baohiemlibertyvn.com	/admin/	LOGIN	10704
V: www.baohiemlibertyvn.com	/admin/index.php	LOGIN	10704
V: www.angloiraqi.org	/login.php	LOGIN	8585
V: www.angloiraqi.org	/admin/	LOGIN	8585
V: www.blvdautoworks.com	/login.php	LOGIN	6669
V: www.blvdautoworks.com	/admin/index.php	LOGIN	6669
V: www.angloiraqi.org	/admin/index.php	LOGIN	8585
V: www.blvdautoworks.com	/admin/	LOGIN	6669
V: www.bsp.com	/login.php	LOGIN	6107
V: www.avrupamedya.com	/login.php	LOGIN	9883
V: www.capaenerji.com	/login.php	LOGIN	9700
V: www.avrupamedya.com	/admin/	LOGIN	9979
V: www.bsp.com	/admin/	LOGIN	6107
V: www.bsp.com	/admin/index.php	LOGIN	6107
V: www.capaenerji.com	/admin/	LOGIN	9799
V: www.capaenerji.com	/admin/index.php	LOGIN	9799
V: www.avrupamedya.com	/admin/index.php	LOGIN	9979
V: www.coralive.org	/login.php	LOGIN	8182
V: www.coralive.org	/admin/	LOGIN	8279
V: www.catholicfraternity.net	/login.php	LOGIN	6997
V: www.coralive.org	/admin/index.php	LOGIN	8279
V: www.casarebeca.com	/login.php	LOGIN	30000
V: www.casarebeca.com	/admin/	LOGIN	30000
V: www.catholicfraternity.net	/admin/	LOGIN	6997
V: www.catholicfraternity.net	/admin/index.php	LOGIN	6997
V: www.casarebeca.com	/admin/index.php	LOGIN	30000
V: www.crystalwizardry.com	/login.php	LOGIN	6019
V: www.concordcommunitiesalliance.org	/login.php	LOGIN	9419
V: www.crystalwizardry.com	/admin/	LOGIN	6019
V: www.crystalwizardry.com	/admin/index.php	LOGIN	6019
V: www.concordcommunitiesalliance.org	/admin/index.php	LOGIN	9419
V: www.concordcommunitiesalliance.org	/admin/	LOGIN	9419
V: www.cuulongct.com	/login.php	LOGIN	12825
V: www.edrichwang.com	/login.php	LOGIN	5896
V: www.edrichwang.com	/admin/	LOGIN	5991
V: www.edrichwang.com	/admin/index.php	LOGIN	5991
V: www.cypruseconomicsociety.org	/login.php	LOGIN	30000
V: www.cuulongct.com	/admin/	LOGIN	12927
V: www.cuulongct.com	/admin/index.php	LOGIN	12927
V: www.cypruseconomicsociety.org	/admin/	LOGIN	30000
V: www.enc-online.org	/login.php	LOGIN	5640
V: www.cookieassistant.com	/login.php	LOGIN	5754
V: www.cypruseconomicsociety.org	/admin/index.php	LOGIN	30000
V: www.enc-online.org	/admin/index.php	LOGIN	5640
V: www.cookieassistant.com	/admin/	LOGIN	5754
V: www.enc-online.org	/admin/	LOGIN	5640
V: www.feherlawfirm.com	/login.php	LOGIN	6768
V: www.cookieassistant.com	/admin/index.php	LOGIN	5754
V: www.feherlawfirm.com	/admin/index.php	LOGIN	6768
V: www.feherlawfirm.com	/admin/	LOGIN	6768
V: www.flowsberry.com	/login.php	LOGIN	9499
V: www.gtocad.com	/login.php	LOGIN	9810
V: www.flowsberry.com	/admin/index.php	LOGIN	9594
V: www.gtocad.com	/admin/	LOGIN	9905
V: www.happinesstimes.com	/login.php	LOGIN	6999
V: www.happinesstimes.com	/admin/index.php	LOGIN	6999
V: www.h3co.com	/login.php	LOGIN	10924
V: www.happinesstimes.com	/admin/	LOGIN	6999
V: www.hashgraph.com	/login.php	LOGIN	5881
V: www.flowsberry.com	/admin/	LOGIN	9594
V: www.hashgraph.com	/admin/	LOGIN	5881
V: www.hashgraph.com	/admin/index.php	LOGIN	5881
V: www.gtocad.com	/admin/index.php	LOGIN	9905
V: www.h3co.com	/admin/index.php	LOGIN	10924
V: www.h3co.com	/admin/	LOGIN	10920
V: www.greenlightservices.com	/login.php	LOGIN	6348
V: www.jetaport.com	/login.php	LOGIN	6226
V: www.greenlightservices.com	/admin/	LOGIN	6348
V: www.greenlightservices.com	/admin/index.php	LOGIN	6348
V: www.jetaport.com	/admin/	LOGIN	6226
V: www.interiorsourceusa.com	/login.php	LOGIN	6507
V: www.jetaport.com	/admin/index.php	LOGIN	6226
V: www.interiorsourceusa.com	/admin/	LOGIN	6486
V: www.interiorsourceusa.com	/admin/index.php	LOGIN	6486
V: www.ismailbardhoshi.com	/login.php	LOGIN	5859
V: www.ismailbardhoshi.com	/admin/index.php	LOGIN	5859
V: www.ismailbardhoshi.com	/admin/	LOGIN	5859
V: www.kreenplus.com	/login.php	LOGIN	9881
V: www.kreenplus.com	/admin/index.php	LOGIN	9975
V: www.kreenplus.com	/admin/	LOGIN	9975
V: www.midwestinsure.com	/login.php	LOGIN	6363
V: www.midwestinsure.com	/admin/	LOGIN	6363
V: www.makerojavagreenagain.org	/login.php	LOGIN	6886
V: www.midwestinsure.com	/admin/index.php	LOGIN	6363
V: www.makerojavagreenagain.org	/admin/index.php	LOGIN	6886
V: www.makerojavagreenagain.org	/admin/	LOGIN	6886
V: www.ohvoice.org	/login.php	LOGIN	7853
V: www.ohvoice.org	/admin/index.php	LOGIN	7853
V: www.ohvoice.org	/admin/	LOGIN	7853
V: www.pflame.com	/admin/index.php	LOGIN	12538
V: www.pflame.com	/login.php	LOGIN	12538
V: www.pflame.com	/admin/	LOGIN	12538
V: www.shell-photo.com	/login.php	LOGIN	6780
V: www.shell-photo.com	/admin/index.php	LOGIN	6780
V: www.schoolsfootball.org	/login.php	LOGIN	10729
V: www.shell-photo.com	/admin/	LOGIN	6780
V: www.schoolsfootball.org	/admin/index.php	LOGIN	10829
V: www.solitairefitness.com	/login.php	LOGIN	6526
V: www.solitairefitness.com	/admin/	LOGIN	6526
V: www.solitairefitness.com	/admin/index.php	LOGIN	6526
V: www.schoolsfootball.org	/admin/	LOGIN	10829
V: www.swansonvineyards.com	/login.php	LOGIN	6873
V: www.siamsawadee.com	/login.php	LOGIN	30000
V: www.superspacer.com	/login.php	LOGIN	7614
V: www.swansonvineyards.com	/admin/	LOGIN	7111
V: www.superspacer.com	/admin/	LOGIN	7614
V: www.swansonvineyards.com	/admin/index.php	LOGIN	7111
V: www.siamsawadee.com	/admin/	LOGIN	30000
V: www.superspacer.com	/admin/index.php	LOGIN	7614
V: www.studio77home.com	/login.php	LOGIN	5877
V: www.studio77home.com	/admin/	LOGIN	5877
V: www.studio77home.com	/admin/index.php	LOGIN	5877
V: www.thehardponys.com	/admin/	LOGIN	5489
V: www.thehardponys.com	/login.php	LOGIN	5489
V: www.thehardponys.com	/admin/index.php	LOGIN	5489
V: www.tips2win.uk.com	/login.php	LOGIN	10494
V: www.tips2win.uk.com	/admin/	LOGIN	10599
V: www.tips2win.uk.com	/admin/index.php	LOGIN	10599
V: www.thomascgruber.com	/login.php	LOGIN	30000
V: www.thomascgruber.com	/admin/	LOGIN	30000
V: www.thomascgruber.com	/admin/index.php	LOGIN	30000
V: www.unitygames.org	/login.php	LOGIN	5695
V: www.unitygames.org	/admin/	LOGIN	5695
V: www.unitygames.org	/admin/index.php	LOGIN	5695
V: www.va-leaders.com	/admin/	LOGIN	6876
V: www.va-leaders.com	/login.php	LOGIN	7022
V: www.va-leaders.com	/admin/index.php	LOGIN	6876
V: www.wintersurfing.net	/login.php	LOGIN	6249
V: www.wileydigitalarchives.com	/login.php	LOGIN	6500
V: www.wintersurfing.net	/admin/index.php	LOGIN	6249
V: www.wileydigitalarchives.com	/admin/index.php	LOGIN	6500
V: www.wileydigitalarchives.com	/admin/	LOGIN	6500
V: www.wintersurfing.net	/admin/	LOGIN	6249
V: yesenergymanagement.com	/login.php	LOGIN	8628
V: yesenergymanagement.com	/admin/	LOGIN	9046
V: yesenergymanagement.com	/admin/index.php	LOGIN	9046
V: www.unitedrefrigerants.com	/login.php	LOGIN	6758
V: www.whorelords.com	/login.php	LOGIN	5825
V: youcan-academy.com	/admin/	LOGIN	11695
V: youcan-academy.com	/login.php	LOGIN	11596
V: www.whorelords.com	/admin/	LOGIN	5825
V: www.unitedrefrigerants.com	/admin/index.php	LOGIN	6758
V: www.whorelords.com	/admin/index.php	LOGIN	5825
V: youcan-academy.com	/admin/index.php	LOGIN	11695
V: www.unitedrefrigerants.com	/admin/	LOGIN	6758
V: yourlittlepaw.com	/login.php	LOGIN	10610
V: hmfalah.com	/login.php	LOGIN	6998
V: hmfalah.com	/admin/	LOGIN	6998
V: yourlittlepaw.com	/admin/	LOGIN	10708
V: hmfalah.com	/admin/index.php	LOGIN	6998
V: yourlittlepaw.com	/admin/index.php	LOGIN	10708
V: encuentraempleord.com	/login.php	LOGIN	9190
V: selfservice.scp-ks.org	/manage/	LOGIN	29998
V: selfservice.scp-ks.org	/admin/	LOGIN	29998
V: selfservice.scp-ks.org	/houtai/	LOGIN	29998
V: emser.com	/admin/	LOGIN	30000
V: www.g-gmakine.com	/admin/login.php	LOGIN	6219
V: emser.com	/admin/index.php	LOGIN	30000
V: www.g-gmakine.com	/admin/index.php	LOGIN	6219
V: www.g-gmakine.com	/admin/	LOGIN	6210
V: emser.com	/admin/login.php	LOGIN	30000
V: onthemarksolutions.com	/admin/login.php	LOGIN	30000
V: onthemarksolutions.com	/admin/index.php	LOGIN	30000
V: onthemarksolutions.com	/admin/	LOGIN	30000
V: 360led.net	/admin.php	LOGIN	6624
V: 360led.net	/admin/	LOGIN	6624
V: presseprivee.com	/admin/login.asp	LOGIN	26445
V: presseprivee.com	/manage/	LOGIN	26445
V: presseprivee.com	/admin/	LOGIN	26445
[done] 1315 results
