passwords: 1275
  0/1275 admin/0000 unknown:<script language=javascript>alert('楠岃瘉鐮侀
  5/1275 admin/000000123 unknown:<script language=javascript>alert('楠岃瘉鐮侀
  10/1275 admin/0000002022 unknown:<script language=javascript>alert('甯愬彿瀵嗙
  15/1275 admin/000000520 unknown:<script language=javascript>alert('楠岃瘉鐮侀
  20/1275 admin/0000008888 unknown:<script language=javascript>alert('楠岃瘉鐮侀
  25/1275 admin/0007 unknown:<script language=javascript>alert('楠岃瘉鐮侀
  30/1275 admin/010203 unknown:<script language=javascript>alert('楠岃瘉鐮侀
  35/1275 admin/020202 unknown:<script language=javascript>alert('甯愬彿瀵嗙
  40/1275 admin/0660 unknown:<script language=javascript>alert('楠岃瘉鐮侀
  45/1275 admin/0987 unknown:<script language=javascript>alert('楠岃瘉鐮侀
  50/1275 admin/1001 unknown:<script language=javascript>alert('甯愬彿瀵嗙
  55/1275 admin/1005 unknown:<script language=javascript>alert('楠岃瘉鐮侀
  60/1275 admin/101010 unknown:<script language=javascript>alert('楠岃瘉鐮侀
  65/1275 admin/1014 unknown:<script language=javascript>alert('楠岃瘉鐮侀
  70/1275 admin/1019 unknown:<script language=javascript>alert('楠岃瘉鐮侀
  75/1275 admin/1023 unknown:<script language=javascript>alert('楠岃瘉鐮侀
  80/1275 admin/1028 unknown:<script language=javascript>alert('甯愬彿瀵嗙
  85/1275 admin/1066 unknown:<script language=javascript>alert('楠岃瘉鐮侀
  90/1275 admin/1104 unknown:<script language=javascript>alert('楠岃瘉鐮侀
  95/1275 admin/111111000 unknown:<script language=javascript>alert('甯愬彿瀵嗙
  100/1275 admin/1111111234 unknown:<script language=javascript>alert('甯愬彿瀵嗙
  105/1275 admin/1111112023 unknown:<script language=javascript>alert('楠岃瘉鐮侀
  110/1275 admin/111111666 unknown:<script language=javascript>alert('楠岃瘉鐮侀
  115/1275 admin/11112222 unknown:<script language=javascript>alert('楠岃瘉鐮侀
  120/1275 admin/1115 unknown:<script language=javascript>alert('楠岃瘉鐮侀
  125/1275 admin/112211 unknown:<script language=javascript>alert('甯愬彿瀵嗙
  130/1275 admin/11235813 unknown:<script language=javascript>alert('楠岃瘉鐮侀
  135/1275 admin/1128 unknown:<script language=javascript>alert('甯愬彿瀵嗙
  140/1275 admin/1200 unknown:<script language=javascript>alert('楠岃瘉鐮侀
  145/1275 admin/120676 unknown:<script language=javascript>alert('楠岃瘉鐮侀
  150/1275 admin/1211 unknown:<script language=javascript>alert('楠岃瘉鐮侀
  155/1275 admin/121314 unknown:<script language=javascript>alert('楠岃瘉鐮侀
  160/1275 admin/1218 unknown:<script language=javascript>alert('楠岃瘉鐮侀
  165/1275 admin/1223 unknown:<script language=javascript>alert('楠岃瘉鐮侀
  170/1275 admin/1228 unknown:<script language=javascript>alert('楠岃瘉鐮侀
  175/1275 admin/123123 unknown:<script language=javascript>alert('楠岃瘉鐮侀
  180/1275 admin/1231231234 unknown:<script language=javascript>alert('楠岃瘉鐮侀
  185/1275 admin/1231232023 unknown:<script language=javascript>alert('甯愬彿瀵嗙
  190/1275 admin/123123666 unknown:<script language=javascript>alert('楠岃瘉鐮侀
  195/1275 admin/1233 unknown:<script language=javascript>alert('楠岃瘉鐮侀
  200/1275 admin/12344321 unknown:<script language=javascript>alert('楠岃瘉鐮侀
  205/1275 admin/123456123 unknown:<script language=javascript>alert('楠岃瘉鐮侀
  210/1275 admin/1234562022 unknown:<script language=javascript>alert('楠岃瘉鐮侀
  215/1275 admin/123456520 unknown:<script language=javascript>alert('楠岃瘉鐮侀
  220/1275 admin/123456789 unknown:<script language=javascript>alert('楠岃瘉鐮侀
  225/1275 admin/123456999 unknown:<script language=javascript>alert('楠岃瘉鐮侀
  230/1275 admin/123789 unknown:<script language=javascript>alert('楠岃瘉鐮侀
  235/1275 admin/1269 unknown:<script language=javascript>alert('楠岃瘉鐮侀
  240/1275 admin/1314520000 unknown:<script language=javascript>alert('甯愬彿瀵嗙
  245/1275 admin/1314520666 unknown:<script language=javascript>alert('楠岃瘉鐮侀
  250/1275 admin/1357 unknown:<script language=javascript>alert('甯愬彿瀵嗙
  255/1275 admin/1411 unknown:<script language=javascript>alert('楠岃瘉鐮侀
  260/1275 admin/142857 unknown:<script language=javascript>alert('楠岃瘉鐮侀
  265/1275 admin/147258 unknown:<script language=javascript>alert('楠岃瘉鐮侀
  270/1275 admin/14789632 unknown:<script language=javascript>alert('甯愬彿瀵嗙
  275/1275 admin/159357 unknown:<script language=javascript>alert('楠岃瘉鐮侀
  280/1275 admin/1624 unknown:<script language=javascript>alert('甯愬彿瀵嗙
  285/1275 admin/168168123 unknown:<script language=javascript>alert('甯愬彿瀵嗙
  290/1275 admin/1681682022 unknown:<script language=javascript>alert('楠岃瘉鐮侀
  295/1275 admin/168168520 unknown:<script language=javascript>alert('甯愬彿瀵嗙
  300/1275 admin/168168999 unknown:<script language=javascript>alert('楠岃瘉鐮侀
  305/1275 admin/17171717 unknown:<script language=javascript>alert('楠岃瘉鐮侀
  310/1275 admin/18436572 unknown:<script language=javascript>alert('楠岃瘉鐮侀
  315/1275 admin/1919 unknown:<script language=javascript>alert('甯愬彿瀵嗙
  320/1275 admin/1944 unknown:<script language=javascript>alert('楠岃瘉鐮侀
  325/1275 admin/1949 unknown:<script language=javascript>alert('楠岃瘉鐮侀
  330/1275 admin/1954 unknown:<script language=javascript>alert('楠岃瘉鐮侀
  335/1275 admin/1959 unknown:<script language=javascript>alert('甯愬彿瀵嗙
  340/1275 admin/1964 unknown:<script language=javascript>alert('甯愬彿瀵嗙
  345/1275 admin/1969 unknown:<script language=javascript>alert('楠岃瘉鐮侀
  350/1275 admin/1972 unknown:<script language=javascript>alert('甯愬彿瀵嗙
  355/1275 admin/1976 unknown:<script language=javascript>alert('楠岃瘉鐮侀
  360/1275 admin/1980 unknown:<script language=javascript>alert('甯愬彿瀵嗙
  365/1275 admin/19841984 unknown:<script language=javascript>alert('楠岃瘉鐮侀
  370/1275 admin/1989 unknown:<script language=javascript>alert('楠岃瘉鐮侀
  375/1275 admin/1994 unknown:<script language=javascript>alert('甯愬彿瀵嗙
  380/1275 admin/1999 unknown:<script language=javascript>alert('楠岃瘉鐮侀
  385/1275 admin/2001 unknown:<script language=javascript>alert('甯愬彿瀵嗙
  390/1275 admin/2005 unknown:<script language=javascript>alert('甯愬彿瀵嗙
  395/1275 admin/2055 unknown:<script language=javascript>alert('楠岃瘉鐮侀
  400/1275 admin/21212121 unknown:<script language=javascript>alert('甯愬彿瀵嗙
  405/1275 admin/2222222 unknown:<script language=javascript>alert('甯愬彿瀵嗙
  410/1275 admin/223344 unknown:<script language=javascript>alert('楠岃瘉鐮侀
  415/1275 admin/232323 unknown:<script language=javascript>alert('楠岃瘉鐮侀
  420/1275 admin/2424 unknown:<script language=javascript>alert('楠岃瘉鐮侀
  425/1275 admin/246810 unknown:<script language=javascript>alert('楠岃瘉鐮侀
  430/1275 admin/2525 unknown:<script language=javascript>alert('楠岃瘉鐮侀
  435/1275 admin/2626 unknown:<script language=javascript>alert('甯愬彿瀵嗙
  440/1275 admin/2828 unknown:<script language=javascript>alert('楠岃瘉鐮侀
  445/1275 admin/3006 unknown:<script language=javascript>alert('楠岃瘉鐮侀
  450/1275 admin/313131 unknown:<script language=javascript>alert('楠岃瘉鐮侀
  455/1275 admin/321654 unknown:<script language=javascript>alert('甯愬彿瀵嗙
  460/1275 admin/3333 unknown:<script language=javascript>alert('甯愬彿瀵嗙
  465/1275 admin/333666 unknown:<script language=javascript>alert('楠岃瘉鐮侀
  470/1275 admin/353535 unknown:<script language=javascript>alert('楠岃瘉鐮侀
  475/1275 admin/3728 unknown:<script language=javascript>alert('甯愬彿瀵嗙
  480/1275 admin/393939 unknown:<script language=javascript>alert('楠岃瘉鐮侀
  485/1275 admin/414141 unknown:<script language=javascript>alert('楠岃瘉鐮侀
  490/1275 admin/4226 unknown:<script language=javascript>alert('甯愬彿瀵嗙
  495/1275 admin/4321 unknown:<script language=javascript>alert('甯愬彿瀵嗙
  500/1275 admin/44444 unknown:<script language=javascript>alert('楠岃瘉鐮侀
  505/1275 admin/4545 unknown:<script language=javascript>alert('甯愬彿瀵嗙
  510/1275 admin/456654 unknown:<script language=javascript>alert('楠岃瘉鐮侀
  515/1275 admin/4747 unknown:<script language=javascript>alert('楠岃瘉鐮侀
  520/1275 admin/5000 unknown:<script language=javascript>alert('甯愬彿瀵嗙
  525/1275 admin/515051 unknown:<script language=javascript>alert('楠岃瘉鐮侀
  530/1275 admin/5201314000 unknown:<script language=javascript>alert('楠岃瘉鐮侀
  535/1275 admin/5201314666 unknown:<script language=javascript>alert('楠岃瘉鐮侀
  540/1275 admin/520520111 unknown:<script language=javascript>alert('甯愬彿瀵嗙
  545/1275 admin/5205202021 unknown:<script language=javascript>alert('楠岃瘉鐮侀
  550/1275 admin/5205202026 unknown:<script language=javascript>alert('楠岃瘉鐮侀
  555/1275 admin/5205208888 unknown:<script language=javascript>alert('甯愬彿瀵嗙
  560/1275 admin/5291 unknown:<script language=javascript>alert('甯愬彿瀵嗙
  565/1275 admin/5424 unknown:<script language=javascript>alert('楠岃瘉鐮侀
  570/1275 admin/545454 unknown:<script language=javascript>alert('楠岃瘉鐮侀
  575/1275 admin/5555555 unknown:<script language=javascript>alert('楠岃瘉鐮侀
  580/1275 admin/5678 unknown:<script language=javascript>alert('楠岃瘉鐮侀
  585/1275 admin/5858 unknown:<script language=javascript>alert('楠岃瘉鐮侀
  590/1275 admin/626262 unknown:<script language=javascript>alert('楠岃瘉鐮侀
  595/1275 admin/654321 unknown:<script language=javascript>alert('甯愬彿瀵嗙
  600/1275 admin/666666 unknown:<script language=javascript>alert('楠岃瘉鐮侀
  605/1275 admin/666666168 unknown:<script language=javascript>alert('甯愬彿瀵嗙
  610/1275 admin/6666662024 unknown:<script language=javascript>alert('楠岃瘉鐮侀
  615/1275 admin/66666666 unknown:<script language=javascript>alert('楠岃瘉鐮侀
  620/1275 admin/666666999 unknown:<script language=javascript>alert('楠岃瘉鐮侀
  625/1275 admin/666888123 unknown:<script language=javascript>alert('楠岃瘉鐮侀
  630/1275 admin/6668882022 unknown:<script language=javascript>alert('楠岃瘉鐮侀
  635/1275 admin/666888520 unknown:<script language=javascript>alert('楠岃瘉鐮侀
  640/1275 admin/666888999 unknown:<script language=javascript>alert('甯愬彿瀵嗙
  645/1275 admin/686868 unknown:<script language=javascript>alert('楠岃瘉鐮侀
  650/1275 admin/7007 unknown:<script language=javascript>alert('楠岃瘉鐮侀
  655/1275 admin/7474 unknown:<script language=javascript>alert('楠岃瘉鐮侀
  660/1275 admin/7654321 unknown:<script language=javascript>alert('楠岃瘉鐮侀
  665/1275 admin/77777 unknown:<script language=javascript>alert('楠岃瘉鐮侀
  670/1275 admin/778899 unknown:<script language=javascript>alert('楠岃瘉鐮侀
  675/1275 admin/7894 unknown:<script language=javascript>alert('甯愬彿瀵嗙
  680/1275 admin/789987 unknown:<script language=javascript>alert('甯愬彿瀵嗙
  685/1275 admin/8543852 unknown:<script language=javascript>alert('楠岃瘉鐮侀
  690/1275 admin/888666 unknown:<script language=javascript>alert('楠岃瘉鐮侀
  695/1275 admin/888666168 unknown:<script language=javascript>alert('楠岃瘉鐮侀
  700/1275 admin/8886662024 unknown:<script language=javascript>alert('甯愬彿瀵嗙
  705/1275 admin/8886666666 unknown:<script language=javascript>alert('甯愬彿瀵嗙
  710/1275 admin/88888 unknown:<script language=javascript>alert('楠岃瘉鐮侀
  715/1275 admin/8888881234 unknown:<script language=javascript>alert('甯愬彿瀵嗙
  720/1275 admin/8888882023 unknown:<script language=javascript>alert('楠岃瘉鐮侀
  725/1275 admin/888888666 unknown:<script language=javascript>alert('甯愬彿瀵嗙
  730/1275 admin/8888888888 unknown:<script language=javascript>alert('甯愬彿瀵嗙
  735/1275 admin/902100 unknown:<script language=javascript>alert('楠岃瘉鐮侀
  740/1275 admin/969696 unknown:<script language=javascript>alert('楠岃瘉鐮侀
  745/1275 admin/98765432 unknown:<script language=javascript>alert('甯愬彿瀵嗙
  750/1275 admin/9999 unknown:<script language=javascript>alert('楠岃瘉鐮侀
  755/1275 admin/Admin123 unknown:<script language=javascript>alert('甯愬彿瀵嗙
  760/1275 admin/Admin1231234 unknown:<script language=javascript>alert('楠岃瘉鐮侀
  765/1275 admin/Admin1232022 unknown:<script language=javascript>alert('楠岃瘉鐮侀
  770/1275 admin/Admin123520 unknown:<script language=javascript>alert('楠岃瘉鐮侀
  775/1275 admin/Admin123999 unknown:<script language=javascript>alert('楠岃瘉鐮侀
  780/1275 admin/Admin@2024111 unknown:<script language=javascript>alert('楠岃瘉鐮侀
  785/1275 admin/Admin@20242020 unknown:<script language=javascript>alert('楠岃瘉鐮侀
  790/1275 admin/Admin@20242025 unknown:<script language=javascript>alert('楠岃瘉鐮侀
  795/1275 admin/Admin@2024888 unknown:<script language=javascript>alert('楠岃瘉鐮侀
  800/1275 admin/admin!@# unknown:<script language=javascript>alert('甯愬彿瀵嗙
  805/1275 admin/admin!@#1234 unknown:<script language=javascript>alert('楠岃瘉鐮侀
  810/1275 admin/admin!@#2022 unknown:<script language=javascript>alert('楠岃瘉鐮侀
  815/1275 admin/admin!@#520 unknown:<script language=javascript>alert('楠岃瘉鐮侀
  820/1275 admin/admin!@#999 unknown:<script language=javascript>alert('甯愬彿瀵嗙
  825/1275 admin/admin000111 unknown:<script language=javascript>alert('甯愬彿瀵嗙
  830/1275 admin/admin0002020 unknown:<script language=javascript>alert('楠岃瘉鐮侀
  835/1275 admin/admin0002025 unknown:<script language=javascript>alert('楠岃瘉鐮侀
  840/1275 admin/admin000888 unknown:<script language=javascript>alert('楠岃瘉鐮侀
  845/1275 admin/admin111 unknown:<script language=javascript>alert('楠岃瘉鐮侀
  850/1275 admin/admin123123 unknown:<script language=javascript>alert('楠岃瘉鐮侀
  855/1275 admin/admin1232021 unknown:<script language=javascript>alert('楠岃瘉鐮侀
  860/1275 admin/admin1232026 unknown:<script language=javascript>alert('甯愬彿瀵嗙
  865/1275 admin/admin123456111 unknown:<script language=javascript>alert('甯愬彿瀵嗙
  870/1275 admin/admin1234562020 unknown:<script language=javascript>alert('甯愬彿瀵嗙
  875/1275 admin/admin1234562025 unknown:<script language=javascript>alert('楠岃瘉鐮侀
  880/1275 admin/admin123456888 unknown:<script language=javascript>alert('楠岃瘉鐮侀
  885/1275 admin/admin123666 unknown:<script language=javascript>alert('楠岃瘉鐮侀
  890/1275 admin/admin123@123 unknown:<script language=javascript>alert('甯愬彿瀵嗙
  895/1275 admin/admin2020111 unknown:<script language=javascript>alert('楠岃瘉鐮侀
  900/1275 admin/admin20202020 unknown:<script language=javascript>alert('甯愬彿瀵嗙
  905/1275 admin/admin20202025 unknown:<script language=javascript>alert('楠岃瘉鐮侀
  910/1275 admin/admin2020888 unknown:<script language=javascript>alert('甯愬彿瀵嗙
  915/1275 admin/admin2021!@# unknown:<script language=javascript>alert('甯愬彿瀵嗙
  920/1275 admin/admin2021123456 unknown:<script language=javascript>alert('楠岃瘉鐮侀
  925/1275 admin/admin20212023 unknown:<script language=javascript>alert('楠岃瘉鐮侀
  930/1275 admin/admin2021666 unknown:<script language=javascript>alert('楠岃瘉鐮侀
  935/1275 admin/admin2021@123 unknown:<script language=javascript>alert('楠岃瘉鐮侀
  940/1275 admin/admin2022123 unknown:<script language=javascript>alert('甯愬彿瀵嗙
  945/1275 admin/admin20222021 unknown:<script language=javascript>alert('楠岃瘉鐮侀
  950/1275 admin/admin20222026 unknown:<script language=javascript>alert('楠岃瘉鐮侀
  955/1275 admin/admin20228888 unknown:<script language=javascript>alert('楠岃瘉鐮侀
  960/1275 admin/admin2023000 unknown:<script language=javascript>alert('甯愬彿瀵嗙
  965/1275 admin/admin2023168 unknown:<script language=javascript>alert('楠岃瘉鐮侀
  970/1275 admin/admin20232024 unknown:<script language=javascript>alert('楠岃瘉鐮侀
  975/1275 admin/admin20236666 unknown:<script language=javascript>alert('楠岃瘉鐮侀
  980/1275 admin/admin2024 unknown:<script language=javascript>alert('楠岃瘉鐮侀
  985/1275 admin/admin2024!123 unknown:<script language=javascript>alert('楠岃瘉鐮侀
  990/1275 admin/admin2024!2021 unknown:<script language=javascript>alert('楠岃瘉鐮侀
  995/1275 admin/admin2024!2026 unknown:<script language=javascript>alert('甯愬彿瀵嗙
  1000/1275 admin/admin2024!8888 unknown:<script language=javascript>alert('甯愬彿瀵嗙
  1005/1275 admin/admin2024111 unknown:<script language=javascript>alert('楠岃瘉鐮侀
  1010/1275 admin/admin20242020 unknown:<script language=javascript>alert('甯愬彿瀵嗙
  1015/1275 admin/admin20242025 unknown:<script language=javascript>alert('楠岃瘉鐮侀
  1020/1275 admin/admin2024888 unknown:<script language=javascript>alert('楠岃瘉鐮侀
  1025/1275 admin/admin2025!@# unknown:<script language=javascript>alert('甯愬彿瀵嗙
  1030/1275 admin/admin2025123456 unknown:<script language=javascript>alert('甯愬彿瀵嗙
  1035/1275 admin/admin20252023 unknown:<script language=javascript>alert('楠岃瘉鐮侀
  1040/1275 admin/admin2025666 unknown:<script language=javascript>alert('甯愬彿瀵嗙
  1045/1275 admin/admin2025@123 unknown:<script language=javascript>alert('甯愬彿瀵嗙
  1050/1275 admin/admin2026123 unknown:<script language=javascript>alert('甯愬彿瀵嗙
  1055/1275 admin/admin20262021 unknown:<script language=javascript>alert('楠岃瘉鐮侀
  1060/1275 admin/admin20262026 unknown:<script language=javascript>alert('楠岃瘉鐮侀
  1065/1275 admin/admin20268888 unknown:<script language=javascript>alert('楠岃瘉鐮侀
  1070/1275 admin/admin520000 unknown:<script language=javascript>alert('楠岃瘉鐮侀
  1075/1275 admin/admin520168 unknown:<script language=javascript>alert('楠岃瘉鐮侀
  1080/1275 admin/admin5202024 unknown:<script language=javascript>alert('楠岃瘉鐮侀
  1085/1275 admin/admin5206666 unknown:<script language=javascript>alert('甯愬彿瀵嗙
  1090/1275 admin/admin666 unknown:<script language=javascript>alert('楠岃瘉鐮侀
  1095/1275 admin/admin6661234 unknown:<script language=javascript>alert('楠岃瘉鐮侀
  1100/1275 admin/admin6662022 unknown:<script language=javascript>alert('甯愬彿瀵嗙
  1105/1275 admin/admin666520 unknown:<script language=javascript>alert('甯愬彿瀵嗙
  1110/1275 admin/admin6668888 unknown:<script language=javascript>alert('甯愬彿瀵嗙
  1115/1275 admin/admin888000 unknown:<script language=javascript>alert('楠岃瘉鐮侀
  1120/1275 admin/admin888168 unknown:<script language=javascript>alert('楠岃瘉鐮侀
  1125/1275 admin/admin8882024 unknown:<script language=javascript>alert('甯愬彿瀵嗙
  1130/1275 admin/admin8886666 unknown:<script language=javascript>alert('楠岃瘉鐮侀
  1135/1275 admin/admin888@123 unknown:<script language=javascript>alert('楠岃瘉鐮侀
  1140/1275 admin/admin@123111 unknown:<script language=javascript>alert('楠岃瘉鐮侀
  1145/1275 admin/admin@1232020 unknown:<script language=javascript>alert('楠岃瘉鐮侀
  1150/1275 admin/admin@1232025 unknown:<script language=javascript>alert('楠岃瘉鐮侀
  1155/1275 admin/admin@123888 unknown:<script language=javascript>alert('楠岃瘉鐮侀
  1160/1275 admin/administrator!@# unknown:<script language=javascript>alert('甯愬彿瀵嗙
  1165/1275 admin/administrator123456 unknown:<script language=javascript>alert('楠岃瘉鐮侀
  1170/1275 admin/administrator2023 unknown:<script language=javascript>alert('楠岃瘉鐮侀
  1175/1275 admin/administrator666 unknown:<script language=javascript>alert('楠岃瘉鐮侀
  1180/1275 admin/administrator@123 unknown:<script language=javascript>alert('楠岃瘉鐮侀
  1185/1275 admin/agent123 unknown:<script language=javascript>alert('甯愬彿瀵嗙
  1190/1275 admin/agent1231234 unknown:<script language=javascript>alert('甯愬彿瀵嗙
  1195/1275 admin/agent1232022 unknown:<script language=javascript>alert('甯愬彿瀵嗙
  1200/1275 admin/agent1234 unknown:<script language=javascript>alert('楠岃瘉鐮侀
  1205/1275 admin/agent123888 unknown:<script language=javascript>alert('楠岃瘉鐮侀
  1210/1275 admin/agent2020 unknown:<script language=javascript>alert('楠岃瘉鐮侀
  1215/1275 admin/agent2025 unknown:<script language=javascript>alert('楠岃瘉鐮侀
  1220/1275 admin/agent888 unknown:<script language=javascript>alert('楠岃瘉鐮侀
  1225/1275 admin/agent8881234 unknown:<script language=javascript>alert('甯愬彿瀵嗙
  1230/1275 admin/agent8882022 unknown:<script language=javascript>alert('甯愬彿瀵嗙
  1235/1275 admin/agent888520 unknown:<script language=javascript>alert('楠岃瘉鐮侀
  1240/1275 admin/agent8888888 unknown:<script language=javascript>alert('甯愬彿瀵嗙
  1245/1275 admin/beta unknown:<script language=javascript>alert('楠岃瘉鐮侀
  1250/1275 admin/bettina unknown:<script language=javascript>alert('甯愬彿瀵嗙
  1255/1275 admin/kf123456000 unknown:<script language=javascript>alert('楠岃瘉鐮侀
  1260/1275 admin/kf123456168 unknown:<script language=javascript>alert('楠岃瘉鐮侀
  1265/1275 admin/kf1234562024 unknown:<script language=javascript>alert('甯愬彿瀵嗙
  1270/1275 admin/kf1234566666 unknown:<script language=javascript>alert('楠岃瘉鐮侀
[done] no hit
