targets: 70
. 63ba.com
. accad.net
. airtonchina.net
. ag.egorun.net
. ag.liga168.com
. altimetry.com
. assets.altimetry.com
. 1betvegas.com
. all-bookmaker-pk.com
. askrvmechanic.com
. alohawinners.com
. anhuabrasives.cn
. acluofnc.org
. amandatattersall.com
. bengusu.com
. alesforals.org
. alessioolimpio.com
. bethelsheldon.org
. alexeinz.info
. bg-florida.com
. betapollo.net
. betbullpen.com
. brightworkspace.com
. bycpa.com
. blissbets.com
. bethockeytown.com
. btsk.cn
. careers.petco.com
. branchbets.com
. canada.shopkidde.com
. booyasportsline.com
. autismassessmentswales.org
. chinafpzj.com
. cardiothinklab.com
. chocobuy.com
. chinasanjin.com
. cecinvestor.com
. bellehairextensions.com
. ci.rolandberger.com
. cnctshirts.com
. blog.fincra.com
. coleyporterbell.com
. cleanroomsuppliesltd.com
. d2pass.com
. cpanel.gzm.com
. bbqbarbecuegrill.com
. cldry.com
. campus-academy.lseg.com
. dainmomscare.com
. cnlgwz.com
. clintonelectronics.com
. ebullicion.com
. eflmagazine.com
. eniuhak.com
. chinatinboxes.cn
. filterthenews.com
. cypruseconomicsociety.org
. fashionintaipei.com
. communi-tt.tracking-progress.org
. campus-lsegacademy.lseg.com
. everygame247.com
. emiratisation.org
. freerundown.com
. dobestlight.com
. employeehealthplan.clevelandclinic.org
. discovergates.org
. ftp.newwestsymphony.org
. fillmorecountyfair.com
. fuchitex.com
. dadbodpov.com
=== DONE: 0 hits ===
