Progress: 500/100000
Progress: 1000/100000
Progress: 1500/100000
Progress: 2000/100000
Progress: 2500/100000
Progress: 3000/100000
Progress: 3500/100000
Progress: 4000/100000
Progress: 4500/100000
Progress: 5000/100000
Progress: 5500/100000
Progress: 6000/100000
Progress: 6500/100000
Progress: 7000/100000
Progress: 7500/100000
Progress: 8000/100000
Progress: 8500/100000
Progress: 9000/100000
Progress: 9500/100000
Progress: 10000/100000
Progress: 10500/100000
*** FOUND: &hearts; ***
Progress: 11000/100000
Progress: 11500/100000
Progress: 12000/100000
Progress: 12500/100000
Progress: 13000/100000
Progress: 13500/100000
Progress: 14000/100000
Progress: 14500/100000
Progress: 15000/100000
Progress: 15500/100000
Progress: 16000/100000
Progress: 16500/100000
Progress: 17000/100000
Progress: 17500/100000
Progress: 18000/100000
Progress: 18500/100000
Progress: 19000/100000
Progress: 19500/100000
Progress: 20000/100000
Progress: 20500/100000
Progress: 21000/100000
Progress: 21500/100000
Progress: 22000/100000
Progress: 22500/100000
Progress: 23000/100000
Progress: 23500/100000
Progress: 24000/100000
*** FOUND: me&you ***
Progress: 24500/100000
Progress: 25000/100000
*** FOUND: !@#$%^&*() ***
Progress: 25500/100000
Progress: 26000/100000
Progress: 26500/100000
Progress: 27000/100000
Progress: 27500/100000
Progress: 28000/100000
Progress: 28500/100000
*** FOUND: mom&dad ***
Progress: 29000/100000
Progress: 29500/100000
Progress: 30000/100000
Progress: 30500/100000
Progress: 31000/100000
Progress: 31500/100000
Progress: 32000/100000
Progress: 32500/100000
Progress: 33000/100000
Progress: 33500/100000
*** FOUND: you&me ***
Progress: 34000/100000
Progress: 34500/100000
Progress: 35000/100000
*** FOUND: memyself&i ***
Progress: 35500/100000
Progress: 36000/100000
Progress: 36500/100000
Progress: 37000/100000
Progress: 37500/100000
Progress: 38000/100000
*** FOUND: love&hate ***
Progress: 38500/100000
Progress: 39000/100000
Progress: 39500/100000
*** FOUND: !@#$%^&* ***
Progress: 40000/100000
Progress: 40500/100000
Progress: 41000/100000
Progress: 41500/100000
Progress: 42000/100000
Progress: 42500/100000
Progress: 43000/100000
Progress: 43500/100000
Progress: 44000/100000
Progress: 44500/100000
*** FOUND: mum&dad ***
Progress: 45000/100000
Progress: 45500/100000
Progress: 46000/100000
Progress: 46500/100000
*** FOUND: ++++++ ***
Progress: 47000/100000
Progress: 47500/100000
Progress: 48000/100000
Progress: 48500/100000
Progress: 49000/100000
Progress: 49500/100000
Progress: 50000/100000
Progress: 50500/100000
*** FOUND: peace&love ***
Progress: 51000/100000
Progress: 51500/100000
Progress: 52000/100000
Progress: 52500/100000
Progress: 53000/100000
Progress: 53500/100000
Progress: 54000/100000
Progress: 54500/100000
*** FOUND: !@#$%^&*( ***
Progress: 55000/100000
Progress: 55500/100000
Progress: 56000/100000
*** FOUND: rock&roll ***
Progress: 56500/100000
Progress: 57000/100000
Progress: 57500/100000
Progress: 58000/100000
Progress: 58500/100000
Progress: 59000/100000
Progress: 59500/100000
Progress: 60000/100000
Progress: 60500/100000
Progress: 61000/100000
Progress: 61500/100000
Progress: 62000/100000
Progress: 62500/100000
Progress: 63000/100000
Progress: 63500/100000
Progress: 64000/100000
Progress: 64500/100000
Progress: 65000/100000
Progress: 65500/100000
Progress: 66000/100000
Progress: 66500/100000
Progress: 67000/100000
Progress: 67500/100000
Progress: 68000/100000
Progress: 68500/100000
Progress: 69000/100000
Progress: 69500/100000
Progress: 70000/100000
Progress: 70500/100000
Progress: 71000/100000
Progress: 71500/100000
Progress: 72000/100000
*** FOUND: !@#$%^& ***
Progress: 72500/100000
Progress: 73000/100000
Progress: 73500/100000
Progress: 74000/100000
Progress: 74500/100000
Progress: 75000/100000
*** FOUND: nubecita ***
Progress: 75500/100000
Progress: 76000/100000
Progress: 76500/100000
Progress: 77000/100000
Progress: 77500/100000
*** FOUND: !"Â£$%^&*() ***
Progress: 78000/100000
Progress: 78500/100000
Progress: 79000/100000
Progress: 79500/100000
Progress: 80000/100000
Progress: 80500/100000
Progress: 81000/100000
Progress: 81500/100000
Progress: 82000/100000
Progress: 82500/100000
Progress: 83000/100000
Progress: 83500/100000
Progress: 84000/100000
Progress: 84500/100000
Progress: 85000/100000
Progress: 85500/100000
Progress: 86000/100000
*** FOUND: anamay ***
Progress: 86500/100000
Progress: 87000/100000
Progress: 87500/100000
Progress: 88000/100000
Progress: 88500/100000
Progress: 89000/100000
Progress: 89500/100000
Progress: 90000/100000
Progress: 90500/100000
Progress: 91000/100000
*** FOUND: &hearts ***
Progress: 91500/100000
Progress: 92000/100000
Progress: 92500/100000
Progress: 93000/100000
Progress: 93500/100000
Progress: 94000/100000
Progress: 94500/100000
Progress: 95000/100000
Progress: 95500/100000
Progress: 96000/100000
Progress: 96500/100000
Progress: 97000/100000
Progress: 97500/100000
Progress: 98000/100000
Progress: 98500/100000
Progress: 99000/100000
Progress: 99500/100000
Progress: 100000/100000
Done, no match
