targets: 2571, 15 threads
progress: 300/2571 hits=462
progress: 600/2571 hits=965
progress: 900/2571 hits=1643
progress: 1200/2571 hits=2275
progress: 1500/2571 hits=2880
progress: 1800/2571 hits=3516
progress: 2100/2571 hits=4087
progress: 2400/2571 hits=4751
[done] 637 domains, 1619 hit-paths -> cms_backends.tsv
BACKEND: 0do.net /admin.php(1208)
BACKEND: 1489204796.rsc.cdn77.org /manage/(11246)
BACKEND: 3rstars.com /admin/(5475)
BACKEND: 616109.com /dede/(26642)
BACKEND: 814145.com /dede/(26130)
BACKEND: 2grafik.com /admin/index.php(5911)
BACKEND: adskeeper.com /admin/(5821)
BACKEND: ahyxfh.com /admin/(20923)
BACKEND: airmaniax.com /admin/(6759)
BACKEND: americanartdecor.com /admin/login(2385)
BACKEND: ansar-group.com /login.php(8867)
BACKEND: arsatc.org /admin/(11193)
BACKEND: bankofdudley.com /admin/(39878)
BACKEND: baikehotel.com /admin/(9283)
BACKEND: balmynatural.com /admin/(18360)
BACKEND: bftutoring.com /admin/(7900)
BACKEND: biotectura.com /admin/(7159)
BACKEND: birminghamsitematerials.com /admin/(7852)
BACKEND: bragmedallion.com /admin/(11448)
BACKEND: buonmenu.com /admin/(7038)
BACKEND: cascadewaterfeatures.com /admin/(10724)
BACKEND: ceohyeah.com /admin/(4979)
BACKEND: chinatnk.com /admin.php(993)
BACKEND: cleanroomsuppliesltd.com /admin/(74761)
BACKEND: clintonelectronics.com /admin/(12322)
BACKEND: coolfacelife.com /admin/(35343)
BACKEND: cpcontacts.hiproficiency.com /admin/(7163)
BACKEND: cucinanicolina.com /admin/(12327)
BACKEND: csroots.cn /admin/(10318)
BACKEND: dealabc.com /admin.php(3165)
BACKEND: demo.healthpath.com /admin/(46616)
BACKEND: delseibo.com /admin/(5014)
BACKEND: dezpad.com /admin/login.php(12336)
BACKEND: dimaikj.com /admin.php(5765)
BACKEND: dhyindustry.com /admin/login(3029)
BACKEND: discovergates.org /admin/(23895)
BACKEND: eaglediaries.com /admin/(6391)
BACKEND: eflmagazine.com /admin/(47738)
BACKEND: emiratisation.org /admin/(4860)
BACKEND: ekoreajournal.net /admin/(10363)
