--- ROUND Wed Aug  5 07:50:01 UTC 2026 ---
--- ROUND Wed Aug  5 08:00:01 UTC 2026 ---
[collect done] total=1358 added=28
[collect done] total=1330 added=0
--- ROUND Wed Aug  5 08:50:01 UTC 2026 ---
--- ROUND Wed Aug  5 09:00:01 UTC 2026 ---
[collect done] total=5947 added=53
[collect done] total=5894 added=0
--- ROUND Wed Aug  5 09:50:01 UTC 2026 ---
[collect] added=10 total=5904 kw=intitle:减速机有限公司
[collect] added=30 total=5924 kw=intitle:机床有限公司
--- ROUND Wed Aug  5 10:00:01 UTC 2026 ---
[collect done] total=5943 added=49
[collect done] total=5894 added=0
--- ROUND Wed Aug  5 10:50:02 UTC 2026 ---
--- ROUND Wed Aug  5 11:00:02 UTC 2026 ---
--- ROUND END Wed Aug  5 11:03:52 UTC 2026 ---
[collect done] total=9662 added=55
[collect done] total=9607 added=0
--- ROUND END Wed Aug  5 11:23:11 UTC 2026 ---
--- ROUND Wed Aug  5 11:50:01 UTC 2026 ---
--- ROUND Wed Aug  5 12:00:01 UTC 2026 ---
[collect done] total=13831 added=62
[collect done] total=13769 added=0
--- ROUND END Wed Aug  5 12:22:32 UTC 2026 ---
--- ROUND END Wed Aug  5 12:32:50 UTC 2026 ---
--- ROUND Wed Aug  5 12:50:01 UTC 2026 ---
[collect] added=10 total=15574 kw=intitle:换热器有限公司
--- ROUND Wed Aug  5 13:00:01 UTC 2026 ---
--- ROUND END Wed Aug  5 13:04:17 UTC 2026 ---
[collect done] total=15618 added=54
[collect done] total=15564 added=0
--- ROUND END Wed Aug  5 13:32:28 UTC 2026 ---
--- ROUND END Wed Aug  5 13:46:08 UTC 2026 ---
--- ROUND Wed Aug  5 13:50:01 UTC 2026 ---
--- ROUND END Wed Aug  5 13:56:36 UTC 2026 ---
--- ROUND Wed Aug  5 14:00:01 UTC 2026 ---
[collect done] total=18013 added=48
[collect done] total=17965 added=0
--- ROUND END Wed Aug  5 14:47:51 UTC 2026 ---
--- ROUND Wed Aug  5 14:50:01 UTC 2026 ---
--- ROUND END Wed Aug  5 14:59:07 UTC 2026 ---
--- ROUND Wed Aug  5 15:00:01 UTC 2026 ---
[collect done] total=19073 added=144
[collect done] total=18965 added=36
--- ROUND END Wed Aug  5 15:46:01 UTC 2026 ---
--- ROUND Wed Aug  5 15:50:01 UTC 2026 ---
--- ROUND END Wed Aug  5 15:54:49 UTC 2026 ---
--- ROUND Wed Aug  5 16:00:01 UTC 2026 ---
[collect] added=10 total=19131 kw=intitle:环保设备有限公司
[collect done] total=19149 added=28
[collect done] total=19132 added=11
--- ROUND END Wed Aug  5 16:49:07 UTC 2026 ---
--- ROUND Wed Aug  5 16:50:01 UTC 2026 ---
--- ROUND END Wed Aug  5 16:58:46 UTC 2026 ---
--- ROUND Wed Aug  5 17:00:01 UTC 2026 ---
[collect done] total=19229 added=0
[collect done] total=19229 added=0
--- ROUND END Wed Aug  5 17:48:27 UTC 2026 ---
--- ROUND Wed Aug  5 17:50:01 UTC 2026 ---
--- ROUND END Wed Aug  5 17:57:38 UTC 2026 ---
--- ROUND Wed Aug  5 18:00:01 UTC 2026 ---
[collect] added=10 total=19472 kw=intitle:输送带有限公司
[collect] added=20 total=19482 kw=intitle:减速电机有限公司
[collect done] total=19489 added=27
[collect done] total=19478 added=16
--- ROUND END Wed Aug  5 18:47:07 UTC 2026 ---
--- ROUND Wed Aug  5 18:50:01 UTC 2026 ---
--- ROUND END Wed Aug  5 18:56:30 UTC 2026 ---
--- ROUND Wed Aug  5 19:00:01 UTC 2026 ---
[collect done] total=19837 added=23
[collect done] total=19828 added=14
--- ROUND END Wed Aug  5 19:47:00 UTC 2026 ---
--- ROUND Wed Aug  5 19:50:01 UTC 2026 ---
--- ROUND END Wed Aug  5 19:55:00 UTC 2026 ---
--- ROUND Wed Aug  5 20:00:01 UTC 2026 ---
[collect] added=10 total=20294 kw=intitle:紧固件有限公司
[collect] added=20 total=20304 kw=intitle:液压设备有限公司
[collect done] total=20295 added=11
[collect done] total=20311 added=27
--- ROUND END Wed Aug  5 20:45:51 UTC 2026 ---
--- ROUND Wed Aug  5 20:50:01 UTC 2026 ---
--- ROUND END Wed Aug  5 20:56:54 UTC 2026 ---
--- ROUND Wed Aug  5 21:00:01 UTC 2026 ---
[collect done] total=20654 added=0
[collect done] total=20654 added=0
--- ROUND END Wed Aug  5 21:46:31 UTC 2026 ---
--- ROUND Wed Aug  5 21:50:01 UTC 2026 ---
--- ROUND END Wed Aug  5 21:56:43 UTC 2026 ---
--- ROUND Wed Aug  5 22:00:01 UTC 2026 ---
[collect done] total=21076 added=0
[collect done] total=21076 added=0
--- ROUND END Wed Aug  5 22:46:59 UTC 2026 ---
--- ROUND Wed Aug  5 22:50:01 UTC 2026 ---
--- ROUND END Wed Aug  5 22:55:55 UTC 2026 ---
--- ROUND Wed Aug  5 23:00:01 UTC 2026 ---
[collect done] total=21450 added=0
[collect done] total=21450 added=0
--- ROUND END Wed Aug  5 23:46:43 UTC 2026 ---
--- ROUND Wed Aug  5 23:50:01 UTC 2026 ---
--- ROUND END Wed Aug  5 23:56:51 UTC 2026 ---
--- ROUND Thu Aug  6 00:00:01 UTC 2026 ---
[collect done] total=21945 added=0
[collect done] total=21945 added=0
--- ROUND END Thu Aug  6 00:45:11 UTC 2026 ---
--- ROUND Thu Aug  6 00:50:01 UTC 2026 ---
--- ROUND END Thu Aug  6 00:52:55 UTC 2026 ---
--- ROUND Thu Aug  6 01:00:01 UTC 2026 ---
[collect done] total=22459 added=0
[collect done] total=22459 added=0
--- ROUND END Thu Aug  6 01:46:42 UTC 2026 ---
--- ROUND Thu Aug  6 01:50:01 UTC 2026 ---
--- ROUND END Thu Aug  6 01:56:54 UTC 2026 ---
--- ROUND Thu Aug  6 02:00:01 UTC 2026 ---
[collect done] total=22821 added=24
[collect done] total=22822 added=25
--- ROUND END Thu Aug  6 02:47:56 UTC 2026 ---
--- ROUND Thu Aug  6 02:50:01 UTC 2026 ---
--- ROUND END Thu Aug  6 02:57:07 UTC 2026 ---
--- ROUND Thu Aug  6 03:00:01 UTC 2026 ---
[collect] added=10 total=23277 kw=intitle:管件有限公司
[collect done] total=23301 added=34
[collect done] total=23294 added=27
--- ROUND END Thu Aug  6 03:47:54 UTC 2026 ---
--- ROUND Thu Aug  6 03:50:01 UTC 2026 ---
--- ROUND END Thu Aug  6 03:58:01 UTC 2026 ---
--- ROUND Thu Aug  6 04:00:01 UTC 2026 ---
[collect done] total=23882 added=23
[collect done] total=23890 added=31
--- ROUND END Thu Aug  6 04:47:54 UTC 2026 ---
--- ROUND Thu Aug  6 04:50:01 UTC 2026 ---
--- ROUND END Thu Aug  6 04:56:04 UTC 2026 ---
--- ROUND Thu Aug  6 05:00:01 UTC 2026 ---
[collect] added=20 total=24554 kw=intitle:蜗轮蜗杆有限公司
[collect] added=30 total=24564 kw=intitle:丝杠有限公司
[collect] added=30 total=24564 kw=intitle:导轨有限公司
[collect] added=30 total=24564 kw=intitle:轴承座有限公司
[collect] added=30 total=24564 kw=intitle:柱塞泵有限公司
[collect] added=30 total=24564 kw=intitle:齿轮泵有限公司
[collect] added=30 total=24564 kw=intitle:螺杆泵有限公司
[collect] added=30 total=24564 kw=intitle:隔膜泵有限公司
[collect] added=30 total=24564 kw=intitle:磁力泵有限公司
[collect] added=30 total=24564 kw=intitle:自吸泵有限公司
[collect] added=30 total=24564 kw=intitle:潜水泵有限公司
[collect] added=30 total=24564 kw=intitle:污水泵有限公司
[collect] added=30 total=24564 kw=intitle:消防泵有限公司
[collect done] total=24564 added=30
[collect done] total=24562 added=28
--- ROUND END Thu Aug  6 05:45:00 UTC 2026 ---
--- ROUND Thu Aug  6 05:50:01 UTC 2026 ---
--- ROUND END Thu Aug  6 05:56:50 UTC 2026 ---
--- ROUND Thu Aug  6 06:00:01 UTC 2026 ---
[collect done] total=25049 added=26
[collect done] total=25052 added=29
--- ROUND END Thu Aug  6 06:48:30 UTC 2026 ---
--- ROUND Thu Aug  6 06:50:01 UTC 2026 ---
--- ROUND END Thu Aug  6 06:58:47 UTC 2026 ---
--- ROUND Thu Aug  6 07:00:01 UTC 2026 ---
[collect done] total=25933 added=9
[collect done] total=25947 added=23
--- ROUND END Thu Aug  6 07:48:34 UTC 2026 ---
--- ROUND Thu Aug  6 07:50:01 UTC 2026 ---
--- ROUND END Thu Aug  6 07:56:04 UTC 2026 ---
--- ROUND Thu Aug  6 08:00:01 UTC 2026 ---
[collect done] total=25947 added=0
[collect done] total=25978 added=31
--- ROUND Thu Aug  6 08:50:01 UTC 2026 ---
--- ROUND END Thu Aug  6 08:51:43 UTC 2026 ---
--- ROUND Thu Aug  6 09:00:01 UTC 2026 ---
--- ROUND END Thu Aug  6 09:02:29 UTC 2026 ---
[collect done] total=25978 added=0
[collect] added=50 total=26028 kw=intitle:颜料有限公司
[collect] added=50 total=26028 kw=intitle:润滑油有限公司
[collect] added=50 total=26028 kw=intitle:切削液有限公司
[collect] added=50 total=26028 kw=intitle:焊条有限公司
[collect] added=50 total=26028 kw=intitle:砂轮有限公司
[collect] added=50 total=26028 kw=intitle:金刚石工具 有限公司
[collect] added=50 total=26028 kw=intitle:量具有限公司
[collect] added=50 total=26028 kw=intitle:气动元件有限公司
[collect] added=50 total=26028 kw=intitle:气缸有限公司
[collect] added=50 total=26028 kw=intitle:电磁阀有限公司
[collect] added=50 total=26028 kw=intitle:油缸有限公司
[collect] added=50 total=26028 kw=intitle:密封件有限公司
[collect] added=50 total=26028 kw=intitle:油封有限公司
[collect] added=50 total=26028 kw=intitle:机械密封有限公司
[collect] added=50 total=26028 kw=intitle:联轴器有限公司
[collect] added=50 total=26028 kw=intitle:链条有限公司
[collect] added=50 total=26028 kw=intitle:齿轮箱有限公司
[collect] added=50 total=26028 kw=intitle:减速器有限公司
[collect] added=50 total=26028 kw=intitle:蜗轮蜗杆有限公司
[collect] added=50 total=26028 kw=intitle:丝杠有限公司
[collect] added=50 total=26028 kw=intitle:导轨有限公司
[collect] added=50 total=26028 kw=intitle:轴承座有限公司
[collect] added=50 total=26028 kw=intitle:柱塞泵有限公司
[collect] added=50 total=26028 kw=intitle:齿轮泵有限公司
[collect] added=50 total=26028 kw=intitle:螺杆泵有限公司
[collect] added=50 total=26028 kw=intitle:隔膜泵有限公司
[collect] added=50 total=26028 kw=intitle:磁力泵有限公司
[collect] added=50 total=26028 kw=intitle:自吸泵有限公司
[collect] added=50 total=26028 kw=intitle:潜水泵有限公司
[collect] added=50 total=26028 kw=intitle:污水泵有限公司
[collect] added=50 total=26028 kw=intitle:消防泵有限公司
[collect done] total=26028 added=50
--- ROUND Thu Aug  6 09:50:02 UTC 2026 ---
--- ROUND END Thu Aug  6 09:52:35 UTC 2026 ---
--- ROUND Thu Aug  6 10:00:01 UTC 2026 ---
--- ROUND END Thu Aug  6 10:02:43 UTC 2026 ---
[collect done] total=26028 added=0
[collect] added=10 total=26038 kw=intitle:输送带有限公司
[collect done] total=26059 added=31
--- ROUND END Thu Aug  6 10:49:57 UTC 2026 ---
--- ROUND Thu Aug  6 10:50:01 UTC 2026 ---
--- ROUND Thu Aug  6 11:00:01 UTC 2026 ---
--- ROUND END Thu Aug  6 11:00:06 UTC 2026 ---
[collect] added=10 total=26069 kw=intitle:净水设备有限公司
[collect done] total=26121 added=62
[collect done] total=26115 added=56
--- ROUND Thu Aug  6 11:50:01 UTC 2026 ---
--- ROUND END Thu Aug  6 11:52:01 UTC 2026 ---
--- ROUND Thu Aug  6 12:00:01 UTC 2026 ---
--- ROUND END Thu Aug  6 12:02:06 UTC 2026 ---
[collect done] total=26115 added=0
[collect done] total=26169 added=54
--- ROUND Thu Aug  6 12:50:01 UTC 2026 ---
--- ROUND END Thu Aug  6 12:54:11 UTC 2026 ---
--- ROUND Thu Aug  6 13:00:01 UTC 2026 ---
--- ROUND END Thu Aug  6 13:04:48 UTC 2026 ---
[collect done] total=26169 added=0
[collect done] total=26224 added=55
--- ROUND Thu Aug  6 13:50:01 UTC 2026 ---
--- ROUND END Thu Aug  6 13:53:42 UTC 2026 ---
--- ROUND Thu Aug  6 14:00:01 UTC 2026 ---
--- ROUND END Thu Aug  6 14:04:39 UTC 2026 ---
[collect done] total=27095 added=0
[collect done] total=27111 added=16
--- ROUND Thu Aug  6 14:50:01 UTC 2026 ---
--- ROUND END Thu Aug  6 14:53:15 UTC 2026 ---
--- ROUND Thu Aug  6 15:00:01 UTC 2026 ---
--- ROUND END Thu Aug  6 15:01:38 UTC 2026 ---
[collect done] total=27193 added=82
[collect] added=50 total=27161 kw=intitle:潜水泵有限公司
[collect] added=50 total=27161 kw=intitle:污水泵有限公司
[collect] added=50 total=27161 kw=intitle:消防泵有限公司
[collect done] total=27161 added=50
--- ROUND Thu Aug  6 15:50:01 UTC 2026 ---
--- ROUND END Thu Aug  6 15:53:23 UTC 2026 ---
--- ROUND Thu Aug  6 16:00:01 UTC 2026 ---
--- ROUND END Thu Aug  6 16:04:06 UTC 2026 ---
[collect done] total=27161 added=0
[collect done] total=27161 added=0
--- ROUND Thu Aug  6 16:50:01 UTC 2026 ---
--- ROUND END Thu Aug  6 16:54:51 UTC 2026 ---
--- ROUND Thu Aug  6 17:00:01 UTC 2026 ---
--- ROUND END Thu Aug  6 17:05:01 UTC 2026 ---
[collect done] total=27161 added=0
[collect done] total=27161 added=0
--- ROUND Thu Aug  6 17:50:01 UTC 2026 ---
--- ROUND END Thu Aug  6 17:52:37 UTC 2026 ---
--- ROUND Thu Aug  6 18:00:01 UTC 2026 ---
--- ROUND END Thu Aug  6 18:01:26 UTC 2026 ---
[collect done] total=27628 added=0
[collect done] total=27628 added=0
--- ROUND END Thu Aug  6 18:49:44 UTC 2026 ---
--- ROUND Thu Aug  6 18:50:01 UTC 2026 ---
--- ROUND Thu Aug  6 19:00:01 UTC 2026 ---
--- ROUND END Thu Aug  6 19:00:24 UTC 2026 ---
[collect done] total=27997 added=0
[collect done] total=27997 added=0
--- ROUND END Thu Aug  6 19:49:25 UTC 2026 ---
--- ROUND Thu Aug  6 19:50:01 UTC 2026 ---
--- ROUND Thu Aug  6 20:00:01 UTC 2026 ---
--- ROUND END Thu Aug  6 20:00:07 UTC 2026 ---
[collect done] total=27997 added=0
[collect done] total=27997 added=0
--- ROUND Thu Aug  6 20:50:01 UTC 2026 ---
--- ROUND END Thu Aug  6 20:50:17 UTC 2026 ---
--- ROUND Thu Aug  6 21:00:01 UTC 2026 ---
--- ROUND END Thu Aug  6 21:01:37 UTC 2026 ---
[collect done] total=27997 added=0
[collect done] total=27997 added=0
--- ROUND Thu Aug  6 21:50:01 UTC 2026 ---
--- ROUND END Thu Aug  6 21:52:39 UTC 2026 ---
--- ROUND Thu Aug  6 22:00:01 UTC 2026 ---
--- ROUND END Thu Aug  6 22:03:28 UTC 2026 ---
[collect done] total=28982 added=0
[collect done] total=28982 added=0
--- ROUND Thu Aug  6 22:50:01 UTC 2026 ---
--- ROUND END Thu Aug  6 22:52:05 UTC 2026 ---
--- ROUND Thu Aug  6 23:00:01 UTC 2026 ---
--- ROUND END Thu Aug  6 23:02:52 UTC 2026 ---
[collect done] total=29677 added=0
[collect done] total=29677 added=0
--- ROUND Thu Aug  6 23:50:01 UTC 2026 ---
--- ROUND END Thu Aug  6 23:52:29 UTC 2026 ---
--- ROUND Fri Aug  7 00:00:01 UTC 2026 ---
--- ROUND END Fri Aug  7 00:02:47 UTC 2026 ---
[collect done] total=30274 added=0
[collect done] total=30274 added=0
--- ROUND Fri Aug  7 00:50:01 UTC 2026 ---
--- ROUND END Fri Aug  7 00:53:48 UTC 2026 ---
--- ROUND Fri Aug  7 01:00:01 UTC 2026 ---
--- ROUND END Fri Aug  7 01:02:14 UTC 2026 ---
[collect done] total=30753 added=0
[collect done] total=30753 added=0
--- ROUND Fri Aug  7 01:50:01 UTC 2026 ---
--- ROUND END Fri Aug  7 01:52:22 UTC 2026 ---
--- ROUND Fri Aug  7 02:00:01 UTC 2026 ---
--- ROUND END Fri Aug  7 02:03:06 UTC 2026 ---
[collect done] total=31311 added=13
[collect done] total=31298 added=0
--- ROUND Fri Aug  7 02:50:01 UTC 2026 ---
--- ROUND END Fri Aug  7 02:53:35 UTC 2026 ---
--- ROUND Fri Aug  7 03:00:01 UTC 2026 ---
--- ROUND END Fri Aug  7 03:03:45 UTC 2026 ---
[collect done] total=31751 added=9
[collect done] total=31742 added=0
--- ROUND Fri Aug  7 03:50:01 UTC 2026 ---
--- ROUND END Fri Aug  7 03:53:04 UTC 2026 ---
--- ROUND Fri Aug  7 04:00:02 UTC 2026 ---
--- ROUND END Fri Aug  7 04:04:01 UTC 2026 ---
[collect done] total=32234 added=27
[collect done] total=32207 added=0
--- ROUND Fri Aug  7 04:50:01 UTC 2026 ---
--- ROUND END Fri Aug  7 04:54:20 UTC 2026 ---
--- ROUND Fri Aug  7 05:00:01 UTC 2026 ---
--- ROUND END Fri Aug  7 05:04:41 UTC 2026 ---
[collect done] total=32619 added=29
[collect done] total=32590 added=0
--- ROUND END Fri Aug  7 05:49:22 UTC 2026 ---
--- ROUND Fri Aug  7 05:50:01 UTC 2026 ---
--- ROUND END Fri Aug  7 05:59:58 UTC 2026 ---
--- ROUND Fri Aug  7 06:00:01 UTC 2026 ---
[collect done] total=33292 added=23
[collect done] total=33269 added=0
--- ROUND Fri Aug  7 06:50:01 UTC 2026 ---
--- ROUND END Fri Aug  7 06:52:41 UTC 2026 ---
--- ROUND Fri Aug  7 07:00:01 UTC 2026 ---
--- ROUND END Fri Aug  7 07:03:17 UTC 2026 ---
[collect done] total=33860 added=11
[collect done] total=33849 added=0
--- ROUND Fri Aug  7 07:50:01 UTC 2026 ---
--- ROUND END Fri Aug  7 07:52:20 UTC 2026 ---
--- ROUND Fri Aug  7 08:00:02 UTC 2026 ---
--- ROUND END Fri Aug  7 08:02:17 UTC 2026 ---
[collect done] total=34573 added=19
[collect done] total=34554 added=0
--- ROUND Fri Aug  7 08:50:01 UTC 2026 ---
--- ROUND END Fri Aug  7 08:52:30 UTC 2026 ---
--- ROUND Fri Aug  7 09:00:01 UTC 2026 ---
--- ROUND END Fri Aug  7 09:03:39 UTC 2026 ---
[collect done] total=35227 added=0
[collect done] total=35238 added=11
--- ROUND Fri Aug  7 09:50:01 UTC 2026 ---
--- ROUND END Fri Aug  7 09:51:55 UTC 2026 ---
--- ROUND Fri Aug  7 10:00:01 UTC 2026 ---
--- ROUND END Fri Aug  7 10:01:58 UTC 2026 ---
[collect done] total=35675 added=3
[collect done] total=35679 added=7
--- ROUND Fri Aug  7 10:50:01 UTC 2026 ---
--- ROUND END Fri Aug  7 10:50:16 UTC 2026 ---
--- ROUND Fri Aug  7 11:00:01 UTC 2026 ---
--- ROUND END Fri Aug  7 11:02:30 UTC 2026 ---
[collect done] total=36368 added=1
[collect done] total=36367 added=0
--- ROUND Fri Aug  7 11:50:01 UTC 2026 ---
--- ROUND END Fri Aug  7 11:51:22 UTC 2026 ---
--- ROUND Fri Aug  7 12:00:01 UTC 2026 ---
--- ROUND END Fri Aug  7 12:02:52 UTC 2026 ---
[collect done] total=37116 added=1
[collect done] total=37124 added=9
--- ROUND Fri Aug  7 12:50:01 UTC 2026 ---
--- ROUND END Fri Aug  7 12:51:41 UTC 2026 ---
--- ROUND Fri Aug  7 13:00:01 UTC 2026 ---
--- ROUND END Fri Aug  7 13:02:47 UTC 2026 ---
[collect] added=10 total=37825 kw=intitle:气动元件有限公司
[collect] added=10 total=37825 kw=intitle:气缸有限公司
[collect] added=10 total=37825 kw=intitle:电磁阀有限公司
[collect] added=10 total=37825 kw=intitle:油缸有限公司
[collect] added=10 total=37825 kw=intitle:密封件有限公司
[collect] added=10 total=37825 kw=intitle:油封有限公司
[collect] added=10 total=37825 kw=intitle:机械密封有限公司
[collect] added=10 total=37825 kw=intitle:联轴器有限公司
[collect] added=10 total=37825 kw=intitle:链条有限公司
[collect] added=10 total=37825 kw=intitle:齿轮箱有限公司
[collect] added=10 total=37825 kw=intitle:减速器有限公司
[collect] added=10 total=37825 kw=intitle:蜗轮蜗杆有限公司
[collect] added=10 total=37825 kw=intitle:丝杠有限公司
[collect] added=10 total=37825 kw=intitle:导轨有限公司
[collect] added=10 total=37825 kw=intitle:轴承座有限公司
[collect] added=10 total=37825 kw=intitle:柱塞泵有限公司
[collect] added=10 total=37825 kw=intitle:齿轮泵有限公司
[collect] added=10 total=37825 kw=intitle:螺杆泵有限公司
[collect] added=10 total=37825 kw=intitle:隔膜泵有限公司
[collect] added=10 total=37825 kw=intitle:磁力泵有限公司
[collect] added=10 total=37825 kw=intitle:自吸泵有限公司
[collect] added=10 total=37825 kw=intitle:潜水泵有限公司
[collect] added=10 total=37825 kw=intitle:污水泵有限公司
[collect] added=10 total=37825 kw=intitle:消防泵有限公司
[collect done] total=37825 added=10
[collect done] total=37831 added=16
--- ROUND Fri Aug  7 13:50:01 UTC 2026 ---
--- ROUND END Fri Aug  7 13:52:17 UTC 2026 ---
--- ROUND Fri Aug  7 14:00:01 UTC 2026 ---
--- ROUND END Fri Aug  7 14:03:24 UTC 2026 ---
[collect done] total=38335 added=1
[collect done] total=38337 added=3
--- ROUND Fri Aug  7 14:50:01 UTC 2026 ---
--- ROUND END Fri Aug  7 14:51:40 UTC 2026 ---
--- ROUND Fri Aug  7 15:00:01 UTC 2026 ---
--- ROUND END Fri Aug  7 15:00:18 UTC 2026 ---
[collect] added=10 total=38755 kw=intitle:泵业有限公司
[collect] added=10 total=38755 kw=intitle:管件有限公司
[collect] added=10 total=38755 kw=intitle:法兰有限公司
[collect done] total=38853 added=108
[collect done] total=38756 added=11
--- ROUND Fri Aug  7 15:50:01 UTC 2026 ---
--- ROUND END Fri Aug  7 15:53:49 UTC 2026 ---
--- ROUND Fri Aug  7 16:00:01 UTC 2026 ---
--- ROUND END Fri Aug  7 16:04:28 UTC 2026 ---
[collect done] total=39565 added=0
[collect done] total=39565 added=0
--- ROUND Fri Aug  7 16:50:01 UTC 2026 ---
--- ROUND END Fri Aug  7 16:54:13 UTC 2026 ---
--- ROUND Fri Aug  7 17:00:01 UTC 2026 ---
--- ROUND END Fri Aug  7 17:04:36 UTC 2026 ---
[collect done] total=40169 added=0
[collect done] total=40169 added=0
--- ROUND Fri Aug  7 17:50:01 UTC 2026 ---
--- ROUND END Fri Aug  7 17:53:38 UTC 2026 ---
--- ROUND Fri Aug  7 18:00:01 UTC 2026 ---
--- ROUND END Fri Aug  7 18:04:14 UTC 2026 ---
[collect done] total=40693 added=0
[collect done] total=40693 added=0
--- ROUND Fri Aug  7 18:50:01 UTC 2026 ---
--- ROUND END Fri Aug  7 18:52:37 UTC 2026 ---
--- ROUND Fri Aug  7 19:00:01 UTC 2026 ---
--- ROUND END Fri Aug  7 19:03:14 UTC 2026 ---
[collect done] total=41184 added=0
[collect done] total=41184 added=0
--- ROUND END Fri Aug  7 19:49:32 UTC 2026 ---
--- ROUND Fri Aug  7 19:50:01 UTC 2026 ---
--- ROUND Fri Aug  7 20:00:01 UTC 2026 ---
--- ROUND END Fri Aug  7 20:00:23 UTC 2026 ---
[collect done] total=41666 added=0
[collect done] total=41666 added=0
--- ROUND END Fri Aug  7 20:49:59 UTC 2026 ---
--- ROUND Fri Aug  7 20:50:01 UTC 2026 ---
--- ROUND Fri Aug  7 21:00:01 UTC 2026 ---
--- ROUND END Fri Aug  7 21:01:44 UTC 2026 ---
[collect done] total=41666 added=0
[collect done] total=41666 added=0
--- ROUND Fri Aug  7 21:50:01 UTC 2026 ---
--- ROUND END Fri Aug  7 21:54:33 UTC 2026 ---
--- ROUND Fri Aug  7 22:00:01 UTC 2026 ---
--- ROUND END Fri Aug  7 22:04:20 UTC 2026 ---
[collect done] total=41666 added=0
[collect done] total=41666 added=0
--- ROUND Fri Aug  7 22:50:01 UTC 2026 ---
--- ROUND END Fri Aug  7 22:54:55 UTC 2026 ---
--- ROUND Fri Aug  7 23:00:01 UTC 2026 ---
[collect done] total=41666 added=0
--- ROUND END Fri Aug  7 23:06:07 UTC 2026 ---
[collect done] total=41666 added=0
--- ROUND Fri Aug  7 23:50:01 UTC 2026 ---
--- ROUND END Fri Aug  7 23:55:51 UTC 2026 ---
--- ROUND Sat Aug  8 00:00:01 UTC 2026 ---
--- ROUND END Sat Aug  8 00:06:07 UTC 2026 ---
[collect done] total=42544 added=0
[collect done] total=42544 added=0
--- ROUND Sat Aug  8 00:50:01 UTC 2026 ---
--- ROUND END Sat Aug  8 00:50:04 UTC 2026 ---
--- ROUND END Sat Aug  8 00:58:57 UTC 2026 ---
--- ROUND Sat Aug  8 01:00:01 UTC 2026 ---
[collect done] total=42858 added=0
[collect done] total=42858 added=0
--- ROUND Sat Aug  8 01:50:01 UTC 2026 ---
--- ROUND END Sat Aug  8 01:51:16 UTC 2026 ---
--- ROUND Sat Aug  8 02:00:01 UTC 2026 ---
--- ROUND END Sat Aug  8 02:02:19 UTC 2026 ---
[collect] added=10 total=43325 kw=intitle:搅拌机有限公司
[collect] added=10 total=43325 kw=intitle:除尘器有限公司
[collect] added=10 total=43325 kw=intitle:净水设备有限公司
[collect done] total=43338 added=23
[collect done] total=43326 added=11
--- ROUND Sat Aug  8 02:50:01 UTC 2026 ---
--- ROUND END Sat Aug  8 02:52:12 UTC 2026 ---
--- ROUND Sat Aug  8 03:00:01 UTC 2026 ---
--- ROUND END Sat Aug  8 03:02:36 UTC 2026 ---
[collect done] total=43869 added=0
[collect done] total=43877 added=8
--- ROUND Sat Aug  8 03:50:01 UTC 2026 ---
--- ROUND END Sat Aug  8 03:52:52 UTC 2026 ---
--- ROUND Sat Aug  8 04:00:01 UTC 2026 ---
--- ROUND END Sat Aug  8 04:02:27 UTC 2026 ---
[collect done] total=44355 added=0
[collect] added=10 total=44365 kw=intitle:化工设备有限公司
[collect] added=20 total=44375 kw=intitle:换热器有限公司
[collect] added=20 total=44375 kw=intitle:锅炉有限公司
[collect] added=20 total=44375 kw=intitle:压力容器有限公司
[collect] added=20 total=44375 kw=intitle:仪器仪表有限公司
[collect] added=20 total=44375 kw=intitle:调节阀有限公司
[collect done] total=44377 added=22
--- ROUND Sat Aug  8 04:50:01 UTC 2026 ---
--- ROUND END Sat Aug  8 04:52:38 UTC 2026 ---
--- ROUND Sat Aug  8 05:00:01 UTC 2026 ---
--- ROUND END Sat Aug  8 05:02:07 UTC 2026 ---
[collect done] total=44849 added=18
[collect done] total=44847 added=16
--- ROUND Sat Aug  8 05:50:01 UTC 2026 ---
--- ROUND END Sat Aug  8 05:51:27 UTC 2026 ---
--- ROUND Sat Aug  8 06:00:01 UTC 2026 ---
--- ROUND END Sat Aug  8 06:03:17 UTC 2026 ---
[collect done] total=44899 added=0
[collect done] total=44910 added=11
--- ROUND Sat Aug  8 06:50:01 UTC 2026 ---
--- ROUND END Sat Aug  8 06:52:42 UTC 2026 ---
--- ROUND Sat Aug  8 07:00:01 UTC 2026 ---
--- ROUND END Sat Aug  8 07:02:59 UTC 2026 ---
[collect done] total=44910 added=0
[collect done] total=44945 added=35
--- ROUND Sat Aug  8 07:50:01 UTC 2026 ---
--- ROUND END Sat Aug  8 07:56:11 UTC 2026 ---
--- ROUND Sat Aug  8 08:00:01 UTC 2026 ---
[collect done] total=44945 added=0
--- ROUND END Sat Aug  8 08:07:37 UTC 2026 ---
[collect done] total=44988 added=43
--- ROUND Sat Aug  8 08:50:01 UTC 2026 ---
--- ROUND END Sat Aug  8 08:56:58 UTC 2026 ---
--- ROUND Sat Aug  8 09:00:01 UTC 2026 ---
--- ROUND END Sat Aug  8 09:07:14 UTC 2026 ---
[collect done] total=45080 added=0
[collect done] total=45089 added=9
--- ROUND Sat Aug  8 09:50:01 UTC 2026 ---
--- ROUND END Sat Aug  8 09:54:35 UTC 2026 ---
--- ROUND Sat Aug  8 10:00:01 UTC 2026 ---
--- ROUND END Sat Aug  8 10:02:08 UTC 2026 ---
[collect done] total=45176 added=0
[collect done] total=45190 added=14
--- ROUND Sat Aug  8 10:50:01 UTC 2026 ---
--- ROUND END Sat Aug  8 10:56:29 UTC 2026 ---
--- ROUND Sat Aug  8 11:00:01 UTC 2026 ---
--- ROUND END Sat Aug  8 11:05:08 UTC 2026 ---
[collect done] total=45452 added=0
[collect done] total=45456 added=4
--- ROUND Sat Aug  8 11:50:01 UTC 2026 ---
--- ROUND END Sat Aug  8 11:55:04 UTC 2026 ---
--- ROUND Sat Aug  8 12:00:01 UTC 2026 ---
--- ROUND END Sat Aug  8 12:04:05 UTC 2026 ---
[collect done] total=45690 added=0
[collect] added=10 total=45700 kw=intitle:污水泵有限公司
[collect done] total=45709 added=19
--- ROUND Sat Aug  8 12:50:01 UTC 2026 ---
--- ROUND END Sat Aug  8 12:54:35 UTC 2026 ---
--- ROUND Sat Aug  8 13:00:01 UTC 2026 ---
--- ROUND END Sat Aug  8 13:04:09 UTC 2026 ---
[collect done] total=45719 added=9
[collect done] total=45710 added=0
--- ROUND Sat Aug  8 13:50:01 UTC 2026 ---
--- ROUND END Sat Aug  8 13:54:23 UTC 2026 ---
--- ROUND Sat Aug  8 14:00:01 UTC 2026 ---
--- ROUND END Sat Aug  8 14:04:06 UTC 2026 ---
[collect done] total=45784 added=8
[collect done] total=45776 added=0
--- ROUND Sat Aug  8 14:50:01 UTC 2026 ---
--- ROUND END Sat Aug  8 14:55:15 UTC 2026 ---
--- ROUND Sat Aug  8 15:00:01 UTC 2026 ---
--- ROUND END Sat Aug  8 15:05:30 UTC 2026 ---
[collect done] total=45880 added=101
[collect done] total=45781 added=2
--- ROUND Sat Aug  8 15:50:01 UTC 2026 ---
--- ROUND END Sat Aug  8 15:53:22 UTC 2026 ---
--- ROUND Sat Aug  8 16:00:01 UTC 2026 ---
--- ROUND END Sat Aug  8 16:04:59 UTC 2026 ---
[collect done] total=45790 added=7
[collect done] total=45783 added=0
--- ROUND Sat Aug  8 16:50:01 UTC 2026 ---
--- ROUND END Sat Aug  8 16:51:31 UTC 2026 ---
--- ROUND Sat Aug  8 17:00:01 UTC 2026 ---
[collect done] total=45783 added=0
[collect done] total=45783 added=0
--- ROUND END Sat Aug  8 17:48:19 UTC 2026 ---
--- ROUND Sat Aug  8 17:50:01 UTC 2026 ---
--- ROUND Sat Aug  8 18:00:01 UTC 2026 ---
[collect done] total=45786 added=0
[collect done] total=45786 added=0
--- ROUND END Sat Aug  8 18:38:21 UTC 2026 ---
--- ROUND END Sat Aug  8 18:47:51 UTC 2026 ---
--- ROUND Sat Aug  8 18:50:01 UTC 2026 ---
--- ROUND Sat Aug  8 19:00:01 UTC 2026 ---
[collect done] total=45793 added=0
[collect done] total=45793 added=0
--- ROUND END Sat Aug  8 19:38:00 UTC 2026 ---
--- ROUND END Sat Aug  8 19:44:14 UTC 2026 ---
--- ROUND Sat Aug  8 19:50:01 UTC 2026 ---
--- ROUND Sat Aug  8 20:00:01 UTC 2026 ---
[collect done] total=45795 added=0
[collect done] total=45795 added=0
--- ROUND END Sat Aug  8 20:37:31 UTC 2026 ---
--- ROUND END Sat Aug  8 20:46:34 UTC 2026 ---
--- ROUND Sat Aug  8 20:50:01 UTC 2026 ---
--- ROUND Sat Aug  8 21:00:01 UTC 2026 ---
[collect done] total=45795 added=0
[collect done] total=45795 added=0
--- ROUND END Sat Aug  8 21:36:22 UTC 2026 ---
--- ROUND END Sat Aug  8 21:46:27 UTC 2026 ---
--- ROUND Sat Aug  8 21:50:01 UTC 2026 ---
--- ROUND Sat Aug  8 22:00:01 UTC 2026 ---
[collect done] total=45795 added=0
[collect done] total=45795 added=0
--- ROUND END Sat Aug  8 22:36:44 UTC 2026 ---
--- ROUND END Sat Aug  8 22:46:32 UTC 2026 ---
--- ROUND Sat Aug  8 22:50:01 UTC 2026 ---
--- ROUND Sat Aug  8 23:00:01 UTC 2026 ---
[collect done] total=45795 added=0
[collect done] total=45795 added=0
--- ROUND END Sat Aug  8 23:36:47 UTC 2026 ---
--- ROUND END Sat Aug  8 23:46:00 UTC 2026 ---
--- ROUND Sat Aug  8 23:50:01 UTC 2026 ---
--- ROUND Sun Aug  9 00:00:01 UTC 2026 ---
[collect done] total=45795 added=0
[collect done] total=45795 added=0
--- ROUND END Sun Aug  9 00:35:10 UTC 2026 ---
--- ROUND END Sun Aug  9 00:47:05 UTC 2026 ---
--- ROUND Sun Aug  9 00:50:01 UTC 2026 ---
--- ROUND Sun Aug  9 01:00:01 UTC 2026 ---
[collect done] total=45795 added=0
[collect done] total=45795 added=0
--- ROUND END Sun Aug  9 01:36:22 UTC 2026 ---
--- ROUND END Sun Aug  9 01:47:21 UTC 2026 ---
--- ROUND Sun Aug  9 01:50:01 UTC 2026 ---
--- ROUND Sun Aug  9 02:00:01 UTC 2026 ---
[collect done] total=45800 added=5
[collect done] total=45795 added=0
--- ROUND END Sun Aug  9 02:36:28 UTC 2026 ---
--- ROUND END Sun Aug  9 02:47:21 UTC 2026 ---
--- ROUND Sun Aug  9 02:50:01 UTC 2026 ---
--- ROUND Sun Aug  9 03:00:01 UTC 2026 ---
[collect done] total=45801 added=6
[collect done] total=45795 added=0
--- ROUND END Sun Aug  9 03:37:13 UTC 2026 ---
--- ROUND END Sun Aug  9 03:47:01 UTC 2026 ---
--- ROUND Sun Aug  9 03:50:01 UTC 2026 ---
[collect] added=10 total=45805 kw=intitle:化工泵有限公司
--- ROUND Sun Aug  9 04:00:01 UTC 2026 ---
[collect done] total=45812 added=17
[collect done] total=45795 added=0
--- ROUND END Sun Aug  9 04:35:31 UTC 2026 ---
--- ROUND END Sun Aug  9 04:43:05 UTC 2026 ---
--- ROUND Sun Aug  9 04:50:01 UTC 2026 ---
--- ROUND Sun Aug  9 05:00:01 UTC 2026 ---
[collect] added=10 total=45805 kw=intitle:冷干机有限公司
[collect] added=20 total=45815 kw=intitle:环保设备有限公司
[collect] added=20 total=45815 kw=intitle:除尘设备有限公司
[collect] added=20 total=45815 kw=intitle:输送带有限公司
[collect] added=20 total=45815 kw=intitle:减速电机有限公司
[collect] added=20 total=45815 kw=intitle:变频器有限公司
[collect] added=20 total=45815 kw=intitle:配电柜有限公司
[collect] added=20 total=45815 kw=intitle:变压器有限公司
[collect] added=20 total=45815 kw=intitle:开关柜有限公司
[collect] added=20 total=45815 kw=intitle:电缆桥架有限公司
[collect] added=20 total=45815 kw=intitle:保温材料有限公司
[collect] added=20 total=45815 kw=intitle:耐火材料有限公司
[collect] added=20 total=45815 kw=intitle:防水材料有限公司
[collect] added=20 total=45815 kw=intitle:涂料有限公司
[collect] added=20 total=45815 kw=intitle:颜料有限公司
[collect] added=20 total=45815 kw=intitle:润滑油有限公司
[collect] added=20 total=45815 kw=intitle:切削液有限公司
[collect] added=20 total=45815 kw=intitle:焊条有限公司
[collect] added=20 total=45815 kw=intitle:砂轮有限公司
[collect] added=20 total=45815 kw=intitle:金刚石工具 有限公司
[collect] added=20 total=45815 kw=intitle:量具有限公司
[collect] added=20 total=45815 kw=intitle:气动元件有限公司
[collect] added=20 total=45815 kw=intitle:气缸有限公司
[collect] added=20 total=45815 kw=intitle:电磁阀有限公司
[collect] added=20 total=45815 kw=intitle:油缸有限公司
[collect] added=20 total=45815 kw=intitle:密封件有限公司
[collect] added=20 total=45815 kw=intitle:油封有限公司
[collect] added=20 total=45815 kw=intitle:机械密封有限公司
[collect] added=20 total=45815 kw=intitle:联轴器有限公司
[collect] added=20 total=45815 kw=intitle:链条有限公司
[collect] added=20 total=45815 kw=intitle:齿轮箱有限公司
[collect] added=20 total=45815 kw=intitle:减速器有限公司
[collect] added=20 total=45815 kw=intitle:蜗轮蜗杆有限公司
[collect] added=20 total=45815 kw=intitle:丝杠有限公司
[collect] added=20 total=45815 kw=intitle:导轨有限公司
[collect] added=20 total=45815 kw=intitle:轴承座有限公司
[collect] added=20 total=45815 kw=intitle:柱塞泵有限公司
[collect] added=20 total=45815 kw=intitle:齿轮泵有限公司
[collect] added=20 total=45815 kw=intitle:螺杆泵有限公司
[collect] added=20 total=45815 kw=intitle:隔膜泵有限公司
[collect] added=20 total=45815 kw=intitle:磁力泵有限公司
[collect] added=20 total=45815 kw=intitle:自吸泵有限公司
[collect] added=20 total=45815 kw=intitle:潜水泵有限公司
[collect] added=20 total=45815 kw=intitle:污水泵有限公司
[collect] added=20 total=45815 kw=intitle:消防泵有限公司
[collect done] total=45815 added=20
[collect done] total=45799 added=4
--- ROUND END Sun Aug  9 05:37:30 UTC 2026 ---
--- ROUND END Sun Aug  9 05:47:12 UTC 2026 ---
--- ROUND END Sun Aug  9 05:48:07 UTC 2026 ---
--- ROUND END Sun Aug  9 05:48:07 UTC 2026 ---
--- ROUND Sun Aug  9 05:50:01 UTC 2026 ---
--- ROUND Sun Aug  9 06:00:01 UTC 2026 ---
[collect done] total=45803 added=4
[collect done] total=45803 added=4
skip adminscan7 (already running) Sun Aug  9 06:38:07 UTC 2026
--- ROUND END Sun Aug  9 06:38:08 UTC 2026 ---
skip adminscan7 (already running) Sun Aug  9 06:48:04 UTC 2026
--- ROUND END Sun Aug  9 06:48:05 UTC 2026 ---
--- ROUND Sun Aug  9 06:50:01 UTC 2026 ---
--- ROUND Sun Aug  9 07:00:01 UTC 2026 ---
[collect done] total=45806 added=3
[collect done] total=45809 added=6
skip adminscan7 (already running) Sun Aug  9 07:46:17 UTC 2026
--- ROUND END Sun Aug  9 07:48:14 UTC 2026 ---
--- ROUND Sun Aug  9 07:50:01 UTC 2026 ---
--- ROUND Sun Aug  9 08:00:01 UTC 2026 ---
[collect done] total=45811 added=2
[collect done] total=45811 added=2
skip adminscan7 (already running) Sun Aug  9 08:35:31 UTC 2026
--- ROUND END Sun Aug  9 08:37:31 UTC 2026 ---
--- ROUND END Sun Aug  9 08:43:24 UTC 2026 ---
--- ROUND Sun Aug  9 08:50:01 UTC 2026 ---
--- ROUND Sun Aug  9 09:00:01 UTC 2026 ---
[collect done] total=45812 added=1
[collect done] total=45819 added=8
skip adminscan7 (already running) Sun Aug  9 09:38:03 UTC 2026
--- ROUND END Sun Aug  9 09:39:42 UTC 2026 ---
--- ROUND END Sun Aug  9 09:49:13 UTC 2026 ---
--- ROUND Sun Aug  9 09:50:01 UTC 2026 ---
--- ROUND Sun Aug  9 10:00:01 UTC 2026 ---
[collect done] total=45824 added=5
[collect done] total=45821 added=2
skip adminscan7 (already running) Sun Aug  9 10:36:59 UTC 2026
skip adminscan7 (already running) Sun Aug  9 10:44:28 UTC 2026
--- ROUND Sun Aug  9 10:50:01 UTC 2026 ---
--- ROUND END Sun Aug  9 10:53:59 UTC 2026 ---
--- ROUND Sun Aug  9 11:00:01 UTC 2026 ---
--- ROUND END Sun Aug  9 11:01:36 UTC 2026 ---
[collect done] total=45826 added=5
--- ROUND END Sun Aug  9 11:09:14 UTC 2026 ---
[collect done] total=45823 added=2
skip adminscan7 (already running) Sun Aug  9 11:47:54 UTC 2026
--- ROUND Sun Aug  9 11:50:01 UTC 2026 ---
--- ROUND Sun Aug  9 12:00:01 UTC 2026 ---
[collect done] total=45826 added=3
--- ROUND END Sun Aug  9 12:06:09 UTC 2026 ---
[collect done] total=45827 added=4
skip adminscan7 (already running) Sun Aug  9 12:47:42 UTC 2026
--- ROUND Sun Aug  9 12:50:01 UTC 2026 ---
--- ROUND END Sun Aug  9 12:55:51 UTC 2026 ---
--- ROUND Sun Aug  9 13:00:01 UTC 2026 ---
--- ROUND END Sun Aug  9 13:06:45 UTC 2026 ---
[collect done] total=45834 added=7
[collect done] total=45834 added=7
skip adminscan7 (already running) Sun Aug  9 13:35:23 UTC 2026
--- ROUND Sun Aug  9 13:50:01 UTC 2026 ---
--- ROUND END Sun Aug  9 13:53:16 UTC 2026 ---
--- ROUND END Sun Aug  9 13:57:48 UTC 2026 ---
--- ROUND Sun Aug  9 14:00:01 UTC 2026 ---
[collect done] total=45839 added=5
[collect done] total=45835 added=1
skip adminscan7 (already running) Sun Aug  9 14:38:23 UTC 2026
--- ROUND Sun Aug  9 14:50:01 UTC 2026 ---
--- ROUND END Sun Aug  9 14:57:26 UTC 2026 ---
--- ROUND Sun Aug  9 15:00:01 UTC 2026 ---
[collect] added=80 total=45915 kw=intitle:制氮机有限公司
--- ROUND END Sun Aug  9 15:04:25 UTC 2026 ---
[collect done] total=45933 added=98
[collect done] total=45843 added=8
skip adminscan7 (already running) Sun Aug  9 15:40:56 UTC 2026
--- ROUND Sun Aug  9 15:50:01 UTC 2026 ---
--- ROUND END Sun Aug  9 15:58:56 UTC 2026 ---
--- ROUND Sun Aug  9 16:00:01 UTC 2026 ---
--- ROUND END Sun Aug  9 16:05:35 UTC 2026 ---
[collect done] total=45843 added=0
[collect done] total=45843 added=0
skip adminscan7 (already running) Sun Aug  9 16:41:33 UTC 2026
--- ROUND Sun Aug  9 16:50:01 UTC 2026 ---
--- ROUND END Sun Aug  9 16:59:07 UTC 2026 ---
--- ROUND Sun Aug  9 17:00:01 UTC 2026 ---
--- ROUND END Sun Aug  9 17:06:31 UTC 2026 ---
[collect done] total=45843 added=0
[collect done] total=45843 added=0
skip adminscan7 (already running) Sun Aug  9 17:41:11 UTC 2026
--- ROUND Sun Aug  9 17:50:01 UTC 2026 ---
skip adminscan7 (already running) Sun Aug  9 17:50:02 UTC 2026
--- ROUND END Sun Aug  9 17:58:15 UTC 2026 ---
--- ROUND Sun Aug  9 18:00:01 UTC 2026 ---
--- ROUND END Sun Aug  9 18:06:45 UTC 2026 ---
[collect done] total=45843 added=0
--- ROUND END Sun Aug  9 18:11:53 UTC 2026 ---
[collect done] total=45843 added=0
--- ROUND Sun Aug  9 18:50:01 UTC 2026 ---
skip adminscan7 (already running) Sun Aug  9 18:51:13 UTC 2026
--- ROUND Sun Aug  9 19:00:01 UTC 2026 ---
--- ROUND END Sun Aug  9 19:07:59 UTC 2026 ---
[collect done] total=45843 added=0
[collect done] total=45843 added=0
--- ROUND Sun Aug  9 19:50:01 UTC 2026 ---
skip adminscan7 (already running) Sun Aug  9 19:51:00 UTC 2026
--- ROUND END Sun Aug  9 19:56:42 UTC 2026 ---
--- ROUND Sun Aug  9 20:00:01 UTC 2026 ---
[collect done] total=45843 added=0
--- ROUND END Sun Aug  9 20:07:57 UTC 2026 ---
[collect done] total=45843 added=0
skip adminscan7 (already running) Sun Aug  9 20:37:17 UTC 2026
--- ROUND Sun Aug  9 20:50:01 UTC 2026 ---
--- ROUND END Sun Aug  9 20:53:59 UTC 2026 ---
--- ROUND END Sun Aug  9 20:57:42 UTC 2026 ---
--- ROUND Sun Aug  9 21:00:01 UTC 2026 ---
[collect done] total=45843 added=0
[collect done] total=45843 added=0
skip adminscan7 (already running) Sun Aug  9 21:41:04 UTC 2026
--- ROUND Sun Aug  9 21:50:01 UTC 2026 ---
--- ROUND END Sun Aug  9 21:57:44 UTC 2026 ---
--- ROUND Sun Aug  9 22:00:01 UTC 2026 ---
--- ROUND END Sun Aug  9 22:03:29 UTC 2026 ---
[collect done] total=45843 added=0
[collect done] total=45843 added=0
skip adminscan7 (already running) Sun Aug  9 22:39:06 UTC 2026
skip adminscan7 (already running) Sun Aug  9 22:46:14 UTC 2026
--- ROUND Sun Aug  9 22:50:01 UTC 2026 ---
--- ROUND END Sun Aug  9 22:55:34 UTC 2026 ---
--- ROUND Sun Aug  9 23:00:01 UTC 2026 ---
--- ROUND END Sun Aug  9 23:02:30 UTC 2026 ---
[collect done] total=45843 added=0
--- ROUND END Sun Aug  9 23:10:49 UTC 2026 ---
[collect done] total=45843 added=0
--- ROUND Sun Aug  9 23:50:01 UTC 2026 ---
skip adminscan7 (already running) Sun Aug  9 23:50:57 UTC 2026
--- ROUND Mon Aug 10 00:00:01 UTC 2026 ---
[collect done] total=45844 added=1
--- ROUND END Mon Aug 10 00:07:58 UTC 2026 ---
[collect done] total=45844 added=1
skip adminscan7 (already running) Mon Aug 10 00:49:44 UTC 2026
--- ROUND Mon Aug 10 00:50:02 UTC 2026 ---
--- ROUND END Mon Aug 10 00:57:14 UTC 2026 ---
--- ROUND Mon Aug 10 01:00:01 UTC 2026 ---
--- ROUND END Mon Aug 10 01:07:23 UTC 2026 ---
[collect done] total=45844 added=0
[collect done] total=45844 added=0
--- ROUND Mon Aug 10 01:50:01 UTC 2026 ---
skip adminscan7 (already running) Mon Aug 10 01:51:16 UTC 2026
active domains: 1092
--- ROUND Mon Aug 10 02:00:01 UTC 2026 ---
[collect done] total=45844 added=0
active domains: 1092
active domains: 32605
[collect done] total=44 added=44
active domains: 928
--- ROUND Mon Aug 10 02:50:01 UTC 2026 ---
--- ROUND Mon Aug 10 03:00:01 UTC 2026 ---
[collect done] total=1269 added=0
[collect] added=40 total=1309 kw=intitle:水处理设备有限公司
active domains: 1902
[collect] added=50 total=1319 kw=intitle:环保设备有限公司
[collect] added=50 total=1319 kw=intitle:除尘设备有限公司
[collect] added=50 total=1319 kw=intitle:输送带有限公司
[collect] added=50 total=1319 kw=intitle:减速电机有限公司
[collect] added=50 total=1319 kw=intitle:变频器有限公司
[collect] added=50 total=1319 kw=intitle:配电柜有限公司
[collect] added=50 total=1319 kw=intitle:变压器有限公司
[collect] added=50 total=1319 kw=intitle:开关柜有限公司
[collect] added=50 total=1319 kw=intitle:电缆桥架有限公司
[collect] added=50 total=1319 kw=intitle:保温材料有限公司
[collect] added=50 total=1319 kw=intitle:耐火材料有限公司
[collect] added=50 total=1319 kw=intitle:防水材料有限公司
[collect] added=50 total=1319 kw=intitle:涂料有限公司
[collect] added=50 total=1319 kw=intitle:颜料有限公司
[collect] added=50 total=1319 kw=intitle:润滑油有限公司
[collect] added=50 total=1319 kw=intitle:切削液有限公司
[collect] added=50 total=1319 kw=intitle:焊条有限公司
[collect] added=50 total=1319 kw=intitle:砂轮有限公司
[collect] added=50 total=1319 kw=intitle:金刚石工具 有限公司
[collect] added=50 total=1319 kw=intitle:量具有限公司
[collect] added=50 total=1319 kw=intitle:气动元件有限公司
[collect] added=50 total=1319 kw=intitle:气缸有限公司
[collect] added=50 total=1319 kw=intitle:电磁阀有限公司
[collect] added=50 total=1319 kw=intitle:油缸有限公司
[collect] added=50 total=1319 kw=intitle:密封件有限公司
[collect] added=50 total=1319 kw=intitle:油封有限公司
[collect] added=50 total=1319 kw=intitle:机械密封有限公司
[collect] added=50 total=1319 kw=intitle:联轴器有限公司
[collect] added=50 total=1319 kw=intitle:链条有限公司
[collect] added=50 total=1319 kw=intitle:齿轮箱有限公司
[collect] added=50 total=1319 kw=intitle:减速器有限公司
[collect] added=50 total=1319 kw=intitle:蜗轮蜗杆有限公司
[collect] added=50 total=1319 kw=intitle:丝杠有限公司
[collect] added=50 total=1319 kw=intitle:导轨有限公司
[collect] added=50 total=1319 kw=intitle:轴承座有限公司
[collect] added=50 total=1319 kw=intitle:柱塞泵有限公司
[collect] added=50 total=1319 kw=intitle:齿轮泵有限公司
[collect] added=50 total=1319 kw=intitle:螺杆泵有限公司
[collect] added=50 total=1319 kw=intitle:隔膜泵有限公司
[collect] added=50 total=1319 kw=intitle:磁力泵有限公司
[collect] added=50 total=1319 kw=intitle:自吸泵有限公司
[collect] added=50 total=1319 kw=intitle:潜水泵有限公司
[collect] added=50 total=1319 kw=intitle:污水泵有限公司
[collect] added=50 total=1319 kw=intitle:消防泵有限公司
[collect done] total=1319 added=50
skip adminscan8 (already running) Mon Aug 10 03:19:15 UTC 2026
active domains: 2766
--- ROUND END Mon Aug 10 03:37:45 UTC 2026 ---
--- ROUND Mon Aug 10 03:50:01 UTC 2026 ---
--- ROUND END Mon Aug 10 03:54:52 UTC 2026 ---
--- ROUND Mon Aug 10 04:00:02 UTC 2026 ---
[collect done] total=3819 added=14
active domains: 4919
skip adminscan8 (already running) Mon Aug 10 04:22:58 UTC 2026
[collect done] total=3831 added=26
active domains: 5626
--- ROUND END Mon Aug 10 04:40:41 UTC 2026 ---
--- ROUND Mon Aug 10 04:50:01 UTC 2026 ---
--- ROUND END Mon Aug 10 04:55:37 UTC 2026 ---
--- ROUND Mon Aug 10 05:00:01 UTC 2026 ---
[collect done] total=7592 added=24
active domains: 7638
[collect done] total=7581 added=13
skip adminscan8 (already running) Mon Aug 10 05:26:12 UTC 2026
active domains: 8454
--- ROUND Mon Aug 10 05:50:01 UTC 2026 ---
--- ROUND END Mon Aug 10 05:59:24 UTC 2026 ---
--- ROUND Mon Aug 10 06:00:01 UTC 2026 ---
[collect] added=10 total=11219 kw=intitle:智能科技有限公司
[collect done] total=11233 added=24
[collect done] total=11234 added=25
active domains: 8476
skip adminscan8 (already running) Mon Aug 10 06:31:32 UTC 2026
active domains: 8476
--- ROUND Mon Aug 10 06:50:01 UTC 2026 ---
--- ROUND Mon Aug 10 07:00:01 UTC 2026 ---
--- ROUND END Mon Aug 10 07:04:40 UTC 2026 ---
--- ROUND END Mon Aug 10 07:08:44 UTC 2026 ---
[collect] added=30 total=11264 kw=intitle:切削液有限公司
[collect] added=30 total=11264 kw=intitle:焊条有限公司
[collect] added=30 total=11264 kw=intitle:砂轮有限公司
[collect] added=30 total=11264 kw=intitle:金刚石工具 有限公司
[collect] added=30 total=11264 kw=intitle:量具有限公司
[collect] added=30 total=11264 kw=intitle:气动元件有限公司
[collect] added=30 total=11264 kw=intitle:气缸有限公司
[collect] added=30 total=11264 kw=intitle:电磁阀有限公司
[collect] added=30 total=11264 kw=intitle:油缸有限公司
[collect] added=30 total=11264 kw=intitle:密封件有限公司
[collect] added=30 total=11264 kw=intitle:油封有限公司
[collect] added=30 total=11264 kw=intitle:机械密封有限公司
[collect] added=30 total=11264 kw=intitle:联轴器有限公司
[collect] added=30 total=11264 kw=intitle:链条有限公司
[collect] added=30 total=11264 kw=intitle:齿轮箱有限公司
[collect] added=30 total=11264 kw=intitle:减速器有限公司
[collect] added=30 total=11264 kw=intitle:蜗轮蜗杆有限公司
[collect] added=30 total=11264 kw=intitle:丝杠有限公司
[collect] added=30 total=11264 kw=intitle:导轨有限公司
[collect] added=30 total=11264 kw=intitle:轴承座有限公司
[collect] added=30 total=11264 kw=intitle:柱塞泵有限公司
[collect] added=30 total=11264 kw=intitle:齿轮泵有限公司
[collect] added=30 total=11264 kw=intitle:螺杆泵有限公司
[collect done] total=11253 added=19
[collect] added=30 total=11264 kw=intitle:隔膜泵有限公司
[collect] added=30 total=11264 kw=intitle:磁力泵有限公司
[collect] added=30 total=11264 kw=intitle:自吸泵有限公司
[collect] added=30 total=11264 kw=intitle:潜水泵有限公司
[collect] added=30 total=11264 kw=intitle:污水泵有限公司
[collect] added=30 total=11264 kw=intitle:消防泵有限公司
[collect] added=30 total=11264 kw=intitle:环保设备有限公司
[collect] added=30 total=11264 kw=intitle:净化设备有限公司
[collect] added=30 total=11264 kw=intitle:医疗器械有限公司
[collect] added=30 total=11264 kw=intitle:电子科技有限公司
[collect] added=30 total=11264 kw=intitle:家具制造有限公司
[collect] added=30 total=11264 kw=intitle:食品机械有限公司
[collect] added=30 total=11264 kw=intitle:物流设备有限公司
[collect] added=30 total=11264 kw=intitle:印刷机械有限公司
[collect] added=30 total=11264 kw=intitle:照明电器有限公司
[collect] added=30 total=11264 kw=intitle:汽车配件有限公司
[collect] added=30 total=11264 kw=intitle:仪器仪表有限公司
[collect] added=30 total=11264 kw=intitle:泵阀有限公司
[collect] added=30 total=11264 kw=intitle:电机有限公司
[collect] added=30 total=11264 kw=intitle:电缆有限公司
[collect] added=30 total=11264 kw=intitle:钢材有限公司
[collect] added=30 total=11264 kw=intitle:铝业有限公司
[collect] added=30 total=11264 kw=intitle:陶瓷有限公司
[collect] added=30 total=11264 kw=intitle:玻璃有限公司
[collect] added=30 total=11264 kw=intitle:石材有限公司
[collect] added=30 total=11264 kw=intitle:新能源科技有限公司
[collect] added=30 total=11264 kw=intitle:光伏科技有限公司
[collect] added=30 total=11264 kw=intitle:机器人科技有限公司
[collect] added=30 total=11264 kw=intitle:自动化设备有限公司
[collect] added=30 total=11264 kw=intitle:传感器有限公司
[collect] added=30 total=11264 kw=intitle:激光科技有限公司
[collect] added=30 total=11264 kw=intitle:橡胶制品有限公司
[collect] added=30 total=11264 kw=intitle:防水材料有限公司
[collect] added=30 total=11264 kw=intitle:保温材料有限公司
[collect] added=30 total=11264 kw=intitle:装饰工程有限公司
[collect] added=30 total=11264 kw=intitle:门窗有限公司
[collect] added=30 total=11264 kw=intitle:幕墙有限公司
active domains: 11459
[collect] added=30 total=11264 kw=intitle:电梯有限公司
[collect] added=30 total=11264 kw=intitle:制冷设备有限公司
[collect] added=30 total=11264 kw=intitle:冷链物流有限公司
[collect] added=30 total=11264 kw=intitle:医药有限公司
[collect] added=30 total=11264 kw=intitle:生物科技有限公司
[collect] added=30 total=11264 kw=intitle:检测技术有限公司
[collect] added=30 total=11264 kw=intitle:认证服务有限公司
[collect] added=30 total=11264 kw=intitle:工程设计有限公司
[collect] added=30 total=11264 kw=intitle:软件科技有限公司
[collect] added=30 total=11264 kw=intitle:智能科技有限公司
[collect] added=30 total=11264 kw=intitle:物联网科技有限公司
[collect] added=30 total=11264 kw=intitle:苏州机械有限公司
[collect] added=30 total=11264 kw=intitle:无锡自动化有限公司
[collect] added=30 total=11264 kw=intitle:宁波模具有限公司
[collect] added=30 total=11264 kw=intitle:温州电器有限公司
[collect] added=30 total=11264 kw=intitle:东莞五金有限公司
[collect] added=30 total=11264 kw=intitle:佛山陶瓷有限公司
[collect] added=30 total=11264 kw=intitle:青岛机械有限公司
[collect] added=30 total=11264 kw=intitle:郑州食品有限公司
[collect done] total=11264 added=30
active domains: 11551
skip adminscan8 (already running) Mon Aug 10 07:39:19 UTC 2026
--- ROUND Mon Aug 10 07:50:01 UTC 2026 ---
--- ROUND Mon Aug 10 08:00:01 UTC 2026 ---
--- ROUND END Mon Aug 10 08:12:58 UTC 2026 ---
[collect] added=10 total=15487 kw=intitle:切削液有限公司
--- ROUND END Mon Aug 10 08:14:51 UTC 2026 ---
[collect done] total=15506 added=29
active domains: 12966
[collect done] total=15503 added=26
active domains: 13102
skip adminscan8 (already running) Mon Aug 10 08:38:20 UTC 2026
skip adminscan8 (already running) Mon Aug 10 08:47:41 UTC 2026
--- ROUND Mon Aug 10 08:50:01 UTC 2026 ---
--- ROUND END Mon Aug 10 08:55:49 UTC 2026 ---
--- ROUND Mon Aug 10 09:00:01 UTC 2026 ---
--- ROUND END Mon Aug 10 09:04:30 UTC 2026 ---
--- ROUND END Mon Aug 10 09:09:43 UTC 2026 ---
[collect done] total=17325 added=22
active domains: 13975
[collect done] total=17331 added=28
active domains: 13963
skip adminscan8 (already running) Mon Aug 10 09:38:54 UTC 2026
skip adminscan8 (already running) Mon Aug 10 09:48:44 UTC 2026
--- ROUND Mon Aug 10 09:50:01 UTC 2026 ---
--- ROUND Mon Aug 10 10:00:01 UTC 2026 ---
--- ROUND END Mon Aug 10 10:03:50 UTC 2026 ---
--- ROUND END Mon Aug 10 10:07:45 UTC 2026 ---
[collect done] total=18625 added=13
[collect done] total=18647 added=35
active domains: 14528
active domains: 14888
skip adminscan8 (already running) Mon Aug 10 10:39:02 UTC 2026
skip adminscan8 (already running) Mon Aug 10 10:49:13 UTC 2026
--- ROUND Mon Aug 10 10:50:01 UTC 2026 ---
--- ROUND END Mon Aug 10 10:55:26 UTC 2026 ---
--- ROUND Mon Aug 10 11:00:01 UTC 2026 ---
--- ROUND END Mon Aug 10 11:06:03 UTC 2026 ---
[collect done] total=19734 added=15
active domains: 15101
[collect done] total=19733 added=14
active domains: 14984
skip adminscan8 (already running) Mon Aug 10 11:38:26 UTC 2026
skip adminscan8 (already running) Mon Aug 10 11:46:33 UTC 2026
--- ROUND Mon Aug 10 11:50:01 UTC 2026 ---
--- ROUND END Mon Aug 10 11:55:08 UTC 2026 ---
--- ROUND Mon Aug 10 12:00:01 UTC 2026 ---
--- ROUND END Mon Aug 10 12:03:22 UTC 2026 ---
[collect] added=20 total=19842 kw=intitle:齿轮泵有限公司
[collect] added=20 total=19842 kw=intitle:螺杆泵有限公司
[collect] added=20 total=19842 kw=intitle:隔膜泵有限公司
[collect] added=20 total=19842 kw=intitle:磁力泵有限公司
[collect done] total=19837 added=15
[collect] added=20 total=19842 kw=intitle:自吸泵有限公司
[collect] added=20 total=19842 kw=intitle:潜水泵有限公司
[collect] added=20 total=19842 kw=intitle:污水泵有限公司
[collect] added=20 total=19842 kw=intitle:消防泵有限公司
[collect] added=20 total=19842 kw=intitle:环保设备有限公司
[collect] added=20 total=19842 kw=intitle:净化设备有限公司
[collect] added=20 total=19842 kw=intitle:医疗器械有限公司
[collect] added=20 total=19842 kw=intitle:电子科技有限公司
[collect] added=20 total=19842 kw=intitle:家具制造有限公司
[collect] added=20 total=19842 kw=intitle:食品机械有限公司
[collect] added=20 total=19842 kw=intitle:物流设备有限公司
[collect] added=20 total=19842 kw=intitle:印刷机械有限公司
[collect] added=20 total=19842 kw=intitle:照明电器有限公司
[collect] added=20 total=19842 kw=intitle:汽车配件有限公司
[collect] added=20 total=19842 kw=intitle:仪器仪表有限公司
[collect] added=20 total=19842 kw=intitle:泵阀有限公司
[collect] added=20 total=19842 kw=intitle:电机有限公司
[collect] added=20 total=19842 kw=intitle:电缆有限公司
[collect] added=20 total=19842 kw=intitle:钢材有限公司
[collect] added=20 total=19842 kw=intitle:铝业有限公司
[collect] added=20 total=19842 kw=intitle:陶瓷有限公司
[collect] added=20 total=19842 kw=intitle:玻璃有限公司
[collect] added=20 total=19842 kw=intitle:石材有限公司
[collect] added=20 total=19842 kw=intitle:新能源科技有限公司
[collect] added=20 total=19842 kw=intitle:光伏科技有限公司
[collect] added=20 total=19842 kw=intitle:机器人科技有限公司
[collect] added=20 total=19842 kw=intitle:自动化设备有限公司
[collect] added=20 total=19842 kw=intitle:传感器有限公司
[collect] added=20 total=19842 kw=intitle:激光科技有限公司
[collect] added=20 total=19842 kw=intitle:橡胶制品有限公司
[collect] added=20 total=19842 kw=intitle:防水材料有限公司
[collect] added=20 total=19842 kw=intitle:保温材料有限公司
[collect] added=20 total=19842 kw=intitle:装饰工程有限公司
[collect] added=20 total=19842 kw=intitle:门窗有限公司
[collect] added=20 total=19842 kw=intitle:幕墙有限公司
[collect] added=20 total=19842 kw=intitle:电梯有限公司
[collect] added=20 total=19842 kw=intitle:制冷设备有限公司
[collect] added=20 total=19842 kw=intitle:冷链物流有限公司
[collect] added=20 total=19842 kw=intitle:医药有限公司
[collect] added=20 total=19842 kw=intitle:生物科技有限公司
[collect] added=20 total=19842 kw=intitle:检测技术有限公司
[collect] added=20 total=19842 kw=intitle:认证服务有限公司
[collect] added=20 total=19842 kw=intitle:工程设计有限公司
[collect] added=20 total=19842 kw=intitle:软件科技有限公司
[collect] added=20 total=19842 kw=intitle:智能科技有限公司
[collect] added=20 total=19842 kw=intitle:物联网科技有限公司
[collect] added=20 total=19842 kw=intitle:苏州机械有限公司
[collect] added=20 total=19842 kw=intitle:无锡自动化有限公司
active domains: 15135
[collect] added=20 total=19842 kw=intitle:宁波模具有限公司
[collect] added=20 total=19842 kw=intitle:温州电器有限公司
[collect] added=20 total=19842 kw=intitle:东莞五金有限公司
[collect] added=20 total=19842 kw=intitle:佛山陶瓷有限公司
[collect] added=20 total=19842 kw=intitle:青岛机械有限公司
[collect] added=20 total=19842 kw=intitle:郑州食品有限公司
[collect done] total=19842 added=20
active domains: 15145
skip adminscan8 (already running) Mon Aug 10 12:39:09 UTC 2026
skip adminscan8 (already running) Mon Aug 10 12:49:15 UTC 2026
--- ROUND Mon Aug 10 12:50:01 UTC 2026 ---
--- ROUND END Mon Aug 10 12:56:11 UTC 2026 ---
--- ROUND Mon Aug 10 13:00:01 UTC 2026 ---
--- ROUND END Mon Aug 10 13:06:21 UTC 2026 ---
[collect done] total=19998 added=15
active domains: 15160
[collect done] total=19998 added=15
active domains: 15159
skip adminscan8 (already running) Mon Aug 10 13:40:27 UTC 2026
skip adminscan8 (already running) Mon Aug 10 13:48:54 UTC 2026
--- ROUND Mon Aug 10 13:50:01 UTC 2026 ---
--- ROUND END Mon Aug 10 13:59:00 UTC 2026 ---
--- ROUND Mon Aug 10 14:00:01 UTC 2026 ---
--- ROUND END Mon Aug 10 14:06:36 UTC 2026 ---
[collect done] total=19998 added=0
[collect] added=40 total=20038 kw=intitle:消防泵有限公司
active domains: 15183
[collect done] total=20046 added=48
active domains: 15206
skip adminscan8 (already running) Mon Aug 10 14:40:25 UTC 2026
--- ROUND Mon Aug 10 14:50:01 UTC 2026 ---
skip adminscan8 (already running) Mon Aug 10 14:50:06 UTC 2026
--- ROUND END Mon Aug 10 14:58:02 UTC 2026 ---
--- ROUND Mon Aug 10 15:00:01 UTC 2026 ---
--- ROUND END Mon Aug 10 15:08:10 UTC 2026 ---
[collect done] total=20147 added=101
active domains: 15307
[collect done] total=20123 added=77
active domains: 15282
skip adminscan8 (already running) Mon Aug 10 15:39:47 UTC 2026
skip adminscan8 (already running) Mon Aug 10 15:49:37 UTC 2026
--- ROUND Mon Aug 10 15:50:01 UTC 2026 ---
--- ROUND END Mon Aug 10 15:57:31 UTC 2026 ---
--- ROUND Mon Aug 10 16:00:01 UTC 2026 ---
--- ROUND END Mon Aug 10 16:07:15 UTC 2026 ---
[collect done] total=20123 added=0
[collect done] total=20123 added=0
active domains: 15359
active domains: 15496
skip adminscan8 (already running) Mon Aug 10 16:37:32 UTC 2026
skip adminscan8 (already running) Mon Aug 10 16:49:48 UTC 2026
--- ROUND Mon Aug 10 16:50:01 UTC 2026 ---
--- ROUND END Mon Aug 10 16:55:07 UTC 2026 ---
--- ROUND Mon Aug 10 17:00:01 UTC 2026 ---
--- ROUND END Mon Aug 10 17:08:12 UTC 2026 ---
[collect done] total=20419 added=32
active domains: 15754
[collect done] total=20387 added=0
active domains: 15742
skip adminscan8 (already running) Mon Aug 10 17:42:33 UTC 2026
--- ROUND Mon Aug 10 17:50:01 UTC 2026 ---
skip adminscan8 (already running) Mon Aug 10 17:51:49 UTC 2026
--- ROUND END Mon Aug 10 17:58:11 UTC 2026 ---
--- ROUND Mon Aug 10 18:00:01 UTC 2026 ---
--- ROUND END Mon Aug 10 18:07:29 UTC 2026 ---
[collect done] total=20655 added=0
active domains: 15859
[collect done] total=20655 added=0
active domains: 15824
skip adminscan8 (already running) Mon Aug 10 18:40:53 UTC 2026
--- ROUND Mon Aug 10 18:50:01 UTC 2026 ---
skip adminscan8 (already running) Mon Aug 10 18:50:28 UTC 2026
--- ROUND END Mon Aug 10 18:56:28 UTC 2026 ---
--- ROUND Mon Aug 10 19:00:01 UTC 2026 ---
--- ROUND END Mon Aug 10 19:06:48 UTC 2026 ---
[collect done] total=20744 added=0
[collect done] total=20744 added=0
active domains: 15852
active domains: 15863
skip adminscan8 (already running) Mon Aug 10 19:40:46 UTC 2026
--- ROUND Mon Aug 10 19:50:01 UTC 2026 ---
skip adminscan8 (already running) Mon Aug 10 19:50:28 UTC 2026
--- ROUND END Mon Aug 10 19:56:22 UTC 2026 ---
--- ROUND Mon Aug 10 20:00:01 UTC 2026 ---
--- ROUND END Mon Aug 10 20:06:19 UTC 2026 ---
[collect done] total=20786 added=0
active domains: 15863
[collect done] total=20786 added=0
active domains: 15918
skip adminscan8 (already running) Mon Aug 10 20:38:57 UTC 2026
skip adminscan8 (already running) Mon Aug 10 20:45:30 UTC 2026
--- ROUND Mon Aug 10 20:50:01 UTC 2026 ---
--- ROUND END Mon Aug 10 20:54:28 UTC 2026 ---
--- ROUND Mon Aug 10 21:00:01 UTC 2026 ---
--- ROUND END Mon Aug 10 21:01:18 UTC 2026 ---
[collect done] total=20845 added=0
active domains: 15918
[collect done] total=20845 added=0
active domains: 15979
skip adminscan8 (already running) Mon Aug 10 21:39:01 UTC 2026
skip adminscan8 (already running) Mon Aug 10 21:49:25 UTC 2026
--- ROUND Mon Aug 10 21:50:01 UTC 2026 ---
--- ROUND END Mon Aug 10 21:55:02 UTC 2026 ---
--- ROUND Mon Aug 10 22:00:01 UTC 2026 ---
--- ROUND END Mon Aug 10 22:05:23 UTC 2026 ---
[collect done] total=20909 added=0
active domains: 15979
[collect done] total=20909 added=0
active domains: 16044
skip adminscan8 (already running) Mon Aug 10 22:39:49 UTC 2026
skip adminscan8 (already running) Mon Aug 10 22:49:48 UTC 2026
--- ROUND Mon Aug 10 22:50:01 UTC 2026 ---
--- ROUND END Mon Aug 10 22:55:08 UTC 2026 ---
--- ROUND Mon Aug 10 23:00:01 UTC 2026 ---
--- ROUND END Mon Aug 10 23:06:07 UTC 2026 ---
[collect done] total=20983 added=0
active domains: 16155
[collect done] total=20983 added=0
active domains: 16099
--- ROUND Mon Aug 10 23:50:01 UTC 2026 ---
--- ROUND Tue Aug 11 00:00:01 UTC 2026 ---
[collect done] total=21042 added=0
skip adminscan8 (already running) Tue Aug 11 00:14:20 UTC 2026
active domains: 16139
[collect done] total=21042 added=0
--- ROUND END Tue Aug 11 00:30:17 UTC 2026 ---
active domains: 16104
--- ROUND Tue Aug 11 00:50:01 UTC 2026 ---
--- ROUND Tue Aug 11 01:00:01 UTC 2026 ---
skip adminscan8 (already running) Tue Aug 11 01:03:48 UTC 2026
skip adminscan8 (already running) Tue Aug 11 01:08:30 UTC 2026
[collect done] total=21063 added=0
--- ROUND END Tue Aug 11 01:22:36 UTC 2026 ---
active domains: 16238
[collect done] total=21063 added=0
--- ROUND END Tue Aug 11 01:27:06 UTC 2026 ---
active domains: 16181
skip adminscan8 (already running) Tue Aug 11 01:48:17 UTC 2026
--- ROUND Tue Aug 11 01:50:01 UTC 2026 ---
skip adminscan8 (already running) Tue Aug 11 01:51:12 UTC 2026
--- ROUND Tue Aug 11 02:00:01 UTC 2026 ---
--- ROUND END Tue Aug 11 02:05:55 UTC 2026 ---
--- ROUND END Tue Aug 11 02:09:01 UTC 2026 ---
[collect done] total=21145 added=0
active domains: 16186
[collect done] total=21154 added=9
active domains: 16228
skip adminscan8 (already running) Tue Aug 11 02:50:00 UTC 2026
--- ROUND Tue Aug 11 02:50:01 UTC 2026 ---
skip adminscan8 (already running) Tue Aug 11 02:56:15 UTC 2026
--- ROUND Tue Aug 11 03:00:01 UTC 2026 ---
--- ROUND END Tue Aug 11 03:07:21 UTC 2026 ---
--- ROUND END Tue Aug 11 03:13:17 UTC 2026 ---
[collect done] total=21194 added=0
[collect] added=40 total=21234 kw=intitle:防水材料有限公司
active domains: 16239
[collect done] total=21241 added=47
active domains: 16310
--- ROUND Tue Aug 11 03:50:01 UTC 2026 ---
skip adminscan8 (already running) Tue Aug 11 03:50:24 UTC 2026
skip adminscan8 (already running) Tue Aug 11 03:55:19 UTC 2026
--- ROUND Tue Aug 11 04:00:01 UTC 2026 ---
--- ROUND END Tue Aug 11 04:07:17 UTC 2026 ---
--- ROUND END Tue Aug 11 04:11:59 UTC 2026 ---
[collect done] total=21279 added=0
active domains: 16310
[collect done] total=21285 added=6
active domains: 16316
--- ROUND Tue Aug 11 04:50:02 UTC 2026 ---
skip adminscan8 (already running) Tue Aug 11 04:50:06 UTC 2026
skip adminscan8 (already running) Tue Aug 11 04:55:23 UTC 2026
--- ROUND Tue Aug 11 05:00:01 UTC 2026 ---
--- ROUND END Tue Aug 11 05:06:47 UTC 2026 ---
--- ROUND END Tue Aug 11 05:12:23 UTC 2026 ---
--- ROUND Tue Aug 11 05:13:48 UTC 2026 ---
skip: round already running Tue Aug 11 05:13:49 UTC 2026
[collect done] total=21324 added=39
[collect done] total=21285 added=0
active domains: 16316
[collect done] total=21285 added=0
active domains: 16316
skip: round already running Tue Aug 11 05:50:01 UTC 2026
skip: round already running Tue Aug 11 06:00:01 UTC 2026
skip: round already running Tue Aug 11 06:50:01 UTC 2026
skip: round already running Tue Aug 11 07:00:01 UTC 2026
skip adminscan8 (already running) Tue Aug 11 07:04:49 UTC 2026
skip adminscan8 (already running) Tue Aug 11 07:06:29 UTC 2026
--- ROUND END Tue Aug 11 07:23:20 UTC 2026 ---
--- ROUND END Tue Aug 11 07:24:36 UTC 2026 ---
--- ROUND Tue Aug 11 07:50:01 UTC 2026 ---
skip: round already running Tue Aug 11 08:00:01 UTC 2026
[collect done] total=21328 added=43
active domains: 16358
skip: round already running Tue Aug 11 08:50:01 UTC 2026
skip: round already running Tue Aug 11 09:00:01 UTC 2026
skip: round already running Tue Aug 11 09:50:01 UTC 2026
skip adminscan8 (already running) Tue Aug 11 09:50:36 UTC 2026
skip: round already running Tue Aug 11 10:00:01 UTC 2026
--- ROUND END Tue Aug 11 10:08:18 UTC 2026 ---
--- ROUND Tue Aug 11 10:50:01 UTC 2026 ---
skip: round already running Tue Aug 11 11:00:01 UTC 2026
active domains: 25818
skip: round already running Tue Aug 11 11:50:01 UTC 2026
skip: round already running Tue Aug 11 12:00:01 UTC 2026
skip: round already running Tue Aug 11 12:50:01 UTC 2026
skip: round already running Tue Aug 11 13:00:01 UTC 2026
skip adminscan8 (already running) Tue Aug 11 13:11:48 UTC 2026
--- ROUND END Tue Aug 11 13:33:48 UTC 2026 ---
--- ROUND Tue Aug 11 13:50:01 UTC 2026 ---
[collect] added=10 total=21362 kw=intitle:cnc加工有限公司
[collect] added=10 total=21362 kw=intitle:copyright 2000
[collect] added=10 total=21362 kw=intitle:copyright 2001
skip: round already running Tue Aug 11 14:00:01 UTC 2026
active domains: 22548
skip: round already running Tue Aug 11 14:50:01 UTC 2026
skip: round already running Tue Aug 11 15:00:01 UTC 2026
skip: round already running Tue Aug 11 15:50:01 UTC 2026
skip: round already running Tue Aug 11 16:00:01 UTC 2026
skip adminscan8 (already running) Tue Aug 11 16:14:14 UTC 2026
--- ROUND END Tue Aug 11 16:45:39 UTC 2026 ---
--- ROUND Tue Aug 11 16:50:01 UTC 2026 ---
[collect] added=20 total=28301 kw=intitle:cnc加工有限公司
[collect] added=80 total=28361 kw=intitle:powered by dedecms 公司
skip: round already running Tue Aug 11 17:00:01 UTC 2026
active domains: 26333
skip: round already running Tue Aug 11 17:50:01 UTC 2026
skip: round already running Tue Aug 11 18:00:01 UTC 2026
skip: round already running Tue Aug 11 18:50:01 UTC 2026
skip: round already running Tue Aug 11 19:00:01 UTC 2026
skip adminscan8 (already running) Tue Aug 11 19:11:38 UTC 2026
--- ROUND END Tue Aug 11 19:27:24 UTC 2026 ---
--- ROUND Tue Aug 11 19:50:01 UTC 2026 ---
[collect] added=20 total=33628 kw=intitle:powered by dedecms 公司
[collect] added=20 total=33628 kw=intitle:powered by dedecms 机械
[collect] added=20 total=33628 kw=intitle:不锈钢制品有限公司
[collect] added=20 total=33628 kw=intitle:专利代理有限公司
[collect] added=20 total=33628 kw=intitle:东莞五金有限公司
[collect] added=20 total=33628 kw=intitle:丝印有限公司
[collect] added=20 total=33628 kw=intitle:丝杠有限公司
[collect] added=20 total=33628 kw=intitle:中央空调有限公司
[collect] added=20 total=33628 kw=intitle:中水回用有限公司
[collect] added=20 total=33628 kw=intitle:中药饮片有限公司
[collect] added=20 total=33628 kw=intitle:云计算有限公司
[collect] added=20 total=33628 kw=intitle:五金制品厂
[collect] added=20 total=33628 kw=intitle:五金锁具有限公司
[collect] added=20 total=33628 kw=intitle:人力资源有限公司
[collect] added=20 total=33628 kw=intitle:人工智能科技有限公司
[collect] added=20 total=33628 kw=intitle:仓储设备有限公司
[collect] added=20 total=33628 kw=intitle:仪器仪表有限公司
[collect] added=20 total=33628 kw=intitle:企业管理咨询有限公司
[collect] added=20 total=33628 kw=intitle:会展服务有限公司
[collect] added=20 total=33628 kw=intitle:会计师事务所
[collect] added=20 total=33628 kw=intitle:传感器有限公司
[collect] added=20 total=33628 kw=intitle:传感器科技有限公司
[collect] added=20 total=33628 kw=intitle:体育用品有限公司
[collect] added=20 total=33628 kw=intitle:佛山陶瓷有限公司
[collect] added=20 total=33628 kw=intitle:供应链管理有限公司
[collect] added=20 total=33628 kw=intitle:保安服务有限公司
[collect] added=20 total=33628 kw=intitle:保洁服务有限公司
[collect] added=20 total=33628 kw=intitle:保温材料有限公司
[collect] added=20 total=33628 kw=intitle:信息技术有限公司
[collect] added=20 total=33628 kw=intitle:健康管理有限公司
[collect] added=20 total=33628 kw=intitle:健身器材有限公司
[collect] added=20 total=33628 kw=intitle:健身服务有限公司
[collect] added=20 total=33628 kw=intitle:储能科技有限公司
[collect] added=20 total=33628 kw=intitle:充电桩有限公司
[collect] added=20 total=33628 kw=intitle:光伏科技有限公司
[collect] added=20 total=33628 kw=intitle:光伏科技有限公司 厂家
[collect] added=20 total=33628 kw=intitle:光学仪器有限公司
[collect] added=20 total=33628 kw=intitle:养老服务有限公司
[collect] added=20 total=33628 kw=intitle:兽药有限公司
[collect] added=20 total=33628 kw=intitle:农业机械有限公司
[collect] added=20 total=33628 kw=intitle:农产品加工有限公司
[collect] added=20 total=33628 kw=intitle:农机配件有限公司
[collect] added=20 total=33628 kw=intitle:农用工具有限公司
[collect] added=20 total=33628 kw=intitle:农药有限公司
[collect] added=20 total=33628 kw=intitle:冲压模具有限公司
[collect] added=20 total=33628 kw=intitle:冲床有限公司
[collect] added=20 total=33628 kw=intitle:冷干机有限公司
[collect] added=20 total=33628 kw=intitle:冷链物流有限公司
[collect] added=20 total=33628 kw=intitle:冷链物流有限公司 官网
[collect] added=20 total=33628 kw=intitle:净化设备有限公司
[collect] added=20 total=33628 kw=intitle:净水器有限公司
[collect] added=20 total=33628 kw=intitle:净水设备有限公司
[collect] added=20 total=33628 kw=intitle:减速器有限公司
[collect] added=20 total=33628 kw=intitle:减速机有限公司
[collect] added=20 total=33628 kw=intitle:减速电机有限公司
[collect] added=20 total=33628 kw=intitle:刀具制造有限公司
[collect] added=20 total=33628 kw=intitle:分切机有限公司
[collect] added=20 total=33628 kw=intitle:分析仪器有限公司
[collect] added=20 total=33628 kw=intitle:切削液有限公司
[collect] added=20 total=33628 kw=intitle:切割机有限公司
[collect] added=20 total=33628 kw=intitle:制冷设备有限公司
[collect] added=20 total=33628 kw=intitle:制氮机有限公司
[collect] added=20 total=33628 kw=intitle:制药机械有限公司
[collect] added=20 total=33628 kw=intitle:制药机械有限公司 官网
skip: round already running Tue Aug 11 20:00:01 UTC 2026
[collect] added=20 total=33628 kw=intitle:制袋机有限公司
[collect] added=20 total=33628 kw=intitle:剪板机有限公司
[collect] added=20 total=33628 kw=intitle:办公家具有限公司
[collect] added=20 total=33628 kw=intitle:办公用品有限公司
[collect] added=20 total=33628 kw=intitle:助听器有限公司
[collect] added=20 total=33628 kw=intitle:劳务派遣有限公司
[collect] added=20 total=33628 kw=intitle:勘测设备有限公司
[collect] added=20 total=33628 kw=intitle:包装有限公司
[collect] added=20 total=33628 kw=intitle:包装机械有限公司
[collect] added=20 total=33628 kw=intitle:包装材料有限公司
[collect] added=20 total=33628 kw=intitle:包装设备有限公司
[collect] added=20 total=33628 kw=intitle:化工有限公司
[collect] added=20 total=33628 kw=intitle:化工机械有限公司
[collect] added=20 total=33628 kw=intitle:化工泵有限公司
[collect] added=20 total=33628 kw=intitle:化工设备有限公司
[collect] added=20 total=33628 kw=intitle:化工试剂有限公司
[collect] added=20 total=33628 kw=intitle:化肥有限公司
[collect] added=20 total=33628 kw=intitle:医用敷料有限公司
[collect] added=20 total=33628 kw=intitle:医疗器械制造有限公司
[collect] added=20 total=33628 kw=intitle:医疗器械有限公司
[collect] added=20 total=33628 kw=intitle:医疗耗材有限公司
[collect] added=20 total=33628 kw=intitle:医药有限公司
[collect] added=20 total=33628 kw=intitle:升降机有限公司
[collect] added=20 total=33628 kw=intitle:半导体有限公司
[collect] added=20 total=33628 kw=intitle:卫浴有限公司
[collect] added=20 total=33628 kw=intitle:印刷包装有限公司
[collect] added=20 total=33628 kw=intitle:印刷机有限公司
[collect] added=20 total=33628 kw=intitle:印刷机械有限公司
[collect] added=20 total=33628 kw=intitle:压力容器有限公司
[collect] added=20 total=33628 kw=intitle:压缩机有限公司
[collect] added=20 total=33628 kw=intitle:压铸有限公司
[collect] added=20 total=33628 kw=intitle:厨卫有限公司
[collect] added=20 total=33628 kw=intitle:厨房设备有限公司
[collect] added=20 total=33628 kw=intitle:叉车有限公司
[collect] added=20 total=33628 kw=intitle:反渗透设备有限公司
[collect] added=20 total=33628 kw=intitle:变压器有限公司
[collect] added=20 total=33628 kw=intitle:变压器有限公司 厂家
[collect] added=20 total=33628 kw=intitle:变频器有限公司
[collect] added=20 total=33628 kw=intitle:口腔医疗器械有限公司
[collect] added=20 total=33628 kw=intitle:吹膜机有限公司
[collect] added=20 total=33628 kw=intitle:商标代理有限公司
[collect] added=20 total=33628 kw=intitle:商用厨具有限公司
[collect] added=20 total=33628 kw=intitle:喷涂有限公司
[collect] added=20 total=33628 kw=intitle:喷码机有限公司
[collect] added=20 total=33628 kw=intitle:园林工具有限公司
[collect] added=20 total=33628 kw=intitle:园林绿化有限公司
[collect] added=20 total=33628 kw=intitle:固废处理有限公司
[collect] added=20 total=33628 kw=intitle:国际货运有限公司
[collect] added=20 total=33628 kw=intitle:土壤修复有限公司
[collect] added=20 total=33628 kw=intitle:地暖有限公司
[collect] added=20 total=33628 kw=intitle:地板有限公司
[collect] added=20 total=33628 kw=intitle:地质仪器有限公司
[collect] added=20 total=33628 kw=intitle:培训学校有限公司
[collect] added=20 total=33628 kw=intitle:塑料制品有限公司
[collect] added=20 total=33628 kw=intitle:塑料机械有限公司
[collect] added=20 total=33628 kw=intitle:壁挂炉有限公司
[collect] added=20 total=33628 kw=intitle:复合机有限公司
[collect] added=20 total=33628 kw=intitle:外贸有限公司
[collect] added=20 total=33628 kw=intitle:大数据科技有限公司
[collect] added=20 total=33628 kw=intitle:太阳能有限公司
[collect] added=20 total=33628 kw=intitle:太阳能热水器有限公司
[collect] added=20 total=33628 kw=intitle:宁波模具有限公司
[collect] added=20 total=33628 kw=intitle:安防工程有限公司
[collect] added=20 total=33628 kw=intitle:定制家具有限公司
[collect] added=20 total=33628 kw=intitle:实验器材有限公司
[collect] added=20 total=33628 kw=intitle:实验室设备有限公司
[collect] added=20 total=33628 kw=intitle:家具制造有限公司
[collect] added=20 total=33628 kw=intitle:家具制造有限公司 官网
[collect] added=20 total=33628 kw=intitle:家政服务有限公司
[collect] added=20 total=33628 kw=intitle:密封件有限公司
[collect] added=20 total=33628 kw=intitle:密度板有限公司
[collect] added=20 total=33628 kw=intitle:导轨有限公司
[collect] added=20 total=33628 kw=intitle:展览展示有限公司
[collect] added=20 total=33628 kw=intitle:工程机械有限公司
[collect] added=20 total=33628 kw=intitle:工程设计有限公司
[collect] added=20 total=33628 kw=intitle:市政工程有限公司
[collect] added=20 total=33628 kw=intitle:幕墙工程有限公司
[collect] added=20 total=33628 kw=intitle:幕墙有限公司
[collect] added=20 total=33628 kw=intitle:广告传媒有限公司
[collect] added=20 total=33628 kw=intitle:床垫有限公司
[collect] added=20 total=33628 kw=intitle:废气处理设备 厂家
[collect] added=20 total=33628 kw=intitle:废气处理设备有限公司
[collect] added=20 total=33628 kw=intitle:康复器材有限公司
[collect] added=20 total=33628 kw=intitle:建材有限公司
[collect] added=20 total=33628 kw=intitle:建筑工程有限公司
[collect] added=20 total=33628 kw=intitle:建筑机械有限公司
[collect] added=20 total=33628 kw=intitle:开关柜有限公司
[collect] added=20 total=33628 kw=intitle:弱电工程有限公司
[collect] added=20 total=33628 kw=intitle:弹簧有限公司
[collect] added=20 total=33628 kw=intitle:彩印有限公司
[collect] added=20 total=33628 kw=intitle:彩钢有限公司
[collect] added=20 total=33628 kw=intitle:影视传媒有限公司
[collect] added=20 total=33628 kw=intitle:律师事务所
[collect] added=20 total=33628 kw=intitle:折弯机有限公司
[collect] added=20 total=33628 kw=intitle:抛光材料有限公司
[collect] added=20 total=33628 kw=intitle:报关有限公司
[collect] added=20 total=33628 kw=intitle:挂车有限公司
[collect] added=20 total=33628 kw=intitle:挤出机有限公司
[collect] added=20 total=33628 kw=intitle:换热器有限公司
[collect] added=20 total=33628 kw=intitle:排烟设备有限公司
[collect] added=20 total=33628 kw=intitle:搅拌机有限公司
[collect] added=20 total=33628 kw=intitle:搅拌车有限公司
[collect] added=20 total=33628 kw=intitle:摩托车有限公司
[collect] added=20 total=33628 kw=intitle:摩托车配件有限公司
[collect] added=20 total=33628 kw=intitle:教学仪器有限公司
[collect] added=20 total=33628 kw=intitle:教育科技有限公司
[collect] added=20 total=33628 kw=intitle:数控加工有限公司
[collect] added=20 total=33628 kw=intitle:数码印刷有限公司
[collect] added=20 total=33628 kw=intitle:文具制造有限公司
[collect] added=20 total=33628 kw=intitle:文化传媒有限公司
[collect] added=20 total=33628 kw=intitle:新能源汽车有限公司
[collect] added=20 total=33628 kw=intitle:新能源科技有限公司
[collect] added=20 total=33628 kw=intitle:新风系统有限公司
active domains: 29531
skip: round already running Tue Aug 11 20:50:01 UTC 2026
skip: round already running Tue Aug 11 21:00:01 UTC 2026
skip: round already running Tue Aug 11 21:50:01 UTC 2026
skip: round already running Tue Aug 11 22:00:01 UTC 2026
skip adminscan8 (already running) Tue Aug 11 22:11:57 UTC 2026
--- ROUND END Tue Aug 11 22:28:38 UTC 2026 ---
--- ROUND Tue Aug 11 22:50:01 UTC 2026 ---
skip: round already running Tue Aug 11 23:00:01 UTC 2026
active domains: 32968
skip: round already running Tue Aug 11 23:50:02 UTC 2026
skip: round already running Wed Aug 12 00:00:01 UTC 2026
skip: round already running Wed Aug 12 00:50:01 UTC 2026
skip: round already running Wed Aug 12 01:00:01 UTC 2026
skip adminscan8 (already running) Wed Aug 12 01:12:41 UTC 2026
--- ROUND END Wed Aug 12 01:32:03 UTC 2026 ---
--- ROUND Wed Aug 12 01:50:01 UTC 2026 ---
[collect] added=10 total=42113 kw=intitle:copyright 2001
[collect] added=20 total=42123 kw=intitle:powered by dedecms 公司
[collect] added=20 total=42123 kw=intitle:powered by dedecms 机械
skip: round already running Wed Aug 12 02:00:01 UTC 2026
active domains: 35695
skip: round already running Wed Aug 12 02:50:01 UTC 2026
skip: round already running Wed Aug 12 03:00:01 UTC 2026
skip: round already running Wed Aug 12 03:50:01 UTC 2026
skip: round already running Wed Aug 12 04:00:01 UTC 2026
skip adminscan8 (already running) Wed Aug 12 04:13:55 UTC 2026
--- ROUND END Wed Aug 12 04:30:33 UTC 2026 ---
--- ROUND Wed Aug 12 04:50:02 UTC 2026 ---
[collect] added=10 total=47238 kw=intitle:copyright 2000
[collect] added=20 total=47248 kw=intitle:powered by dedecms 公司
[collect] added=20 total=47248 kw=intitle:powered by dedecms 机械
skip: round already running Wed Aug 12 05:00:02 UTC 2026
active domains: 38928
skip: round already running Wed Aug 12 05:50:01 UTC 2026
skip: round already running Wed Aug 12 06:00:01 UTC 2026
skip: round already running Wed Aug 12 06:50:01 UTC 2026
skip: round already running Wed Aug 12 07:00:01 UTC 2026
skip adminscan8 (already running) Wed Aug 12 07:14:37 UTC 2026
--- ROUND END Wed Aug 12 07:31:57 UTC 2026 ---
--- ROUND Wed Aug 12 07:50:01 UTC 2026 ---
[collect] added=10 total=50622 kw=intitle:copyright 2000
[collect] added=10 total=50622 kw=intitle:copyright 2001
skip: round already running Wed Aug 12 08:00:01 UTC 2026
active domains: 41670
skip: round already running Wed Aug 12 08:50:01 UTC 2026
skip: round already running Wed Aug 12 09:00:01 UTC 2026
skip: round already running Wed Aug 12 09:50:47 UTC 2026
skip adminscan8 (already running) Wed Aug 12 09:56:00 UTC 2026
skip: round already running Wed Aug 12 10:01:15 UTC 2026
--- ROUND Wed Aug 12 10:50:01 UTC 2026 ---
[collect] added=10 total=54099 kw=intitle:copyright 2000
[collect] added=10 total=54099 kw=intitle:copyright 2001
skip: round already running Wed Aug 12 11:00:01 UTC 2026
skip: round already running Wed Aug 12 11:50:01 UTC 2026
skip: round already running Wed Aug 12 12:00:01 UTC 2026
skip: round already running Wed Aug 12 12:50:01 UTC 2026
skip: round already running Wed Aug 12 13:00:01 UTC 2026
v7 dns probe: 25885
v7 active pool: 25969 (pentest_targets=105)
active domains: 25969
skip: round already running Wed Aug 12 13:50:01 UTC 2026
skip: round already running Wed Aug 12 14:00:01 UTC 2026
skip: round already running Wed Aug 12 14:50:01 UTC 2026
skip: round already running Wed Aug 12 15:00:01 UTC 2026
skip adminscan8 (already running) Wed Aug 12 15:01:16 UTC 2026
--- ROUND END Wed Aug 12 15:19:21 UTC 2026 ---
--- ROUND Wed Aug 12 15:50:01 UTC 2026 ---
skip: round already running Wed Aug 12 16:00:01 UTC 2026
skip: round already running Wed Aug 12 16:50:01 UTC 2026
skip: round already running Wed Aug 12 17:00:01 UTC 2026
skip: round already running Wed Aug 12 17:50:01 UTC 2026
v7 dns probe: 21405
v7 active pool: 21492 (pentest_targets=105)
active domains: 21492
skip: round already running Wed Aug 12 18:00:01 UTC 2026
skip: round already running Wed Aug 12 18:50:01 UTC 2026
skip: round already running Wed Aug 12 19:00:01 UTC 2026
skip adminscan8 (already running) Wed Aug 12 19:33:10 UTC 2026
--- ROUND END Wed Aug 12 19:49:15 UTC 2026 ---
--- ROUND Wed Aug 12 19:50:01 UTC 2026 ---
skip: round already running Wed Aug 12 20:00:01 UTC 2026
skip: round already running Wed Aug 12 20:50:01 UTC 2026
skip: round already running Wed Aug 12 21:00:01 UTC 2026
v7 dns probe: 18334
v7 active pool: 18424 (pentest_targets=105)
active domains: 18424
skip: round already running Wed Aug 12 21:50:01 UTC 2026
skip: round already running Wed Aug 12 22:00:01 UTC 2026
skip: round already running Wed Aug 12 22:50:01 UTC 2026
skip: round already running Wed Aug 12 23:00:02 UTC 2026
skip adminscan8 (already running) Wed Aug 12 23:14:27 UTC 2026
--- ROUND END Wed Aug 12 23:31:27 UTC 2026 ---
--- ROUND Wed Aug 12 23:50:01 UTC 2026 ---
skip: round already running Thu Aug 13 00:00:01 UTC 2026
skip: round already running Thu Aug 13 00:50:01 UTC 2026
skip: round already running Thu Aug 13 01:00:01 UTC 2026
skip: round already running Thu Aug 13 01:50:01 UTC 2026
skip: round already running Thu Aug 13 02:00:01 UTC 2026
v7 dns probe: 19449
v7 active pool: 19540 (pentest_targets=105)
active domains: 19540
skip: round already running Thu Aug 13 02:50:03 UTC 2026
skip: round already running Thu Aug 13 03:00:01 UTC 2026
skip: round already running Thu Aug 13 03:50:02 UTC 2026
skip adminscan8 (already running) Thu Aug 13 03:59:14 UTC 2026
skip: round already running Thu Aug 13 04:00:01 UTC 2026
--- ROUND END Thu Aug 13 04:30:44 UTC 2026 ---
--- ROUND Thu Aug 13 04:50:01 UTC 2026 ---
[collect] added=10 total=64643 kw=intitle:copyright 2000
skip: round already running Thu Aug 13 05:00:01 UTC 2026
skip: round already running Thu Aug 13 05:50:03 UTC 2026
skip: round already running Thu Aug 13 06:02:46 UTC 2026
skip: round already running Thu Aug 13 06:50:01 UTC 2026
skip: round already running Thu Aug 13 07:00:01 UTC 2026
skip: round already running Thu Aug 13 07:50:01 UTC 2026
skip: round already running Thu Aug 13 08:00:02 UTC 2026
v7 dns probe: 18970
v7 active pool: 19061 (pentest_targets=105)
active domains: 19061
skip: round already running Thu Aug 13 08:50:01 UTC 2026
skip: round already running Thu Aug 13 09:00:09 UTC 2026
skip: round already running Thu Aug 13 09:50:01 UTC 2026
skip: round already running Thu Aug 13 10:00:01 UTC 2026
skip: round already running Thu Aug 13 10:50:02 UTC 2026
skip: round already running Thu Aug 13 11:00:01 UTC 2026
skip: round already running Thu Aug 13 11:50:40 UTC 2026
skip: round already running Thu Aug 13 12:00:43 UTC 2026
skip adminscan8 (already running) Thu Aug 13 12:26:17 UTC 2026
skip: round already running Thu Aug 13 12:50:02 UTC 2026
--- ROUND END Thu Aug 13 12:58:46 UTC 2026 ---
--- ROUND Thu Aug 13 13:00:05 UTC 2026 ---
skip: round already running Thu Aug 13 13:50:01 UTC 2026
skip: round already running Thu Aug 13 14:00:01 UTC 2026
skip: round already running Thu Aug 13 14:50:01 UTC 2026
v7 dns probe: 15354
v7 active pool: 15445 (pentest_targets=105)
active domains: 15445
skip: round already running Thu Aug 13 15:00:01 UTC 2026
skip: round already running Thu Aug 13 15:50:01 UTC 2026
skip: round already running Thu Aug 13 16:00:01 UTC 2026
skip adminscan8 (already running) Thu Aug 13 16:29:43 UTC 2026
--- ROUND END Thu Aug 13 16:46:12 UTC 2026 ---
--- ROUND Thu Aug 13 16:50:01 UTC 2026 ---
[collect] added=20 total=73941 kw=intitle:cnc加工有限公司
skip: round already running Thu Aug 13 17:00:01 UTC 2026
skip: round already running Thu Aug 13 17:50:01 UTC 2026
skip: round already running Thu Aug 13 18:00:01 UTC 2026
v7 dns probe: 14117
v7 active pool: 14208 (pentest_targets=105)
active domains: 14208
skip: round already running Thu Aug 13 18:50:01 UTC 2026
skip: round already running Thu Aug 13 19:00:01 UTC 2026
skip: round already running Thu Aug 13 19:50:01 UTC 2026
skip: round already running Thu Aug 13 20:00:01 UTC 2026
skip: round already running Thu Aug 13 20:50:01 UTC 2026
skip: round already running Thu Aug 13 21:00:01 UTC 2026
skip: round already running Thu Aug 13 21:50:02 UTC 2026
skip adminscan8 (already running) Thu Aug 13 21:55:59 UTC 2026
skip: round already running Thu Aug 13 22:00:01 UTC 2026
--- ROUND END Thu Aug 13 22:11:42 UTC 2026 ---
--- ROUND Thu Aug 13 22:50:01 UTC 2026 ---
skip: round already running Thu Aug 13 23:00:01 UTC 2026
skip: round already running Thu Aug 13 23:50:01 UTC 2026
skip: round already running Fri Aug 14 00:00:01 UTC 2026
v7 dns probe: 13074
v7 active pool: 13165 (pentest_targets=105)
active domains: 13165
skip: round already running Fri Aug 14 00:50:01 UTC 2026
skip: round already running Fri Aug 14 01:00:01 UTC 2026
skip: round already running Fri Aug 14 01:50:01 UTC 2026
skip adminscan8 (already running) Fri Aug 14 01:57:17 UTC 2026
skip: round already running Fri Aug 14 02:00:01 UTC 2026
--- ROUND END Fri Aug 14 02:13:55 UTC 2026 ---
--- ROUND Fri Aug 14 02:50:01 UTC 2026 ---
[collect] added=10 total=76816 kw=intitle:copyright 2000
[collect] added=10 total=76816 kw=intitle:copyright 2001
skip: round already running Fri Aug 14 03:00:01 UTC 2026
skip: round already running Fri Aug 14 03:50:01 UTC 2026
skip: round already running Fri Aug 14 04:00:01 UTC 2026
v7 dns probe: 13932
v7 active pool: 14023 (pentest_targets=105)
active domains: 14023
skip: round already running Fri Aug 14 04:50:02 UTC 2026
skip: round already running Fri Aug 14 05:00:01 UTC 2026
skip: round already running Fri Aug 14 05:50:01 UTC 2026
skip: round already running Fri Aug 14 06:00:01 UTC 2026
skip adminscan8 (already running) Fri Aug 14 06:10:09 UTC 2026
--- ROUND END Fri Aug 14 06:41:04 UTC 2026 ---
--- ROUND Fri Aug 14 06:50:01 UTC 2026 ---
skip: round already running Fri Aug 14 07:00:02 UTC 2026
skip: round already running Fri Aug 14 07:50:01 UTC 2026
skip: round already running Fri Aug 14 08:00:01 UTC 2026
v7 dns probe: 13040
v7 active pool: 13131 (pentest_targets=105)
active domains: 13131
skip: round already running Fri Aug 14 08:50:01 UTC 2026
skip: round already running Fri Aug 14 09:00:01 UTC 2026
skip: round already running Fri Aug 14 09:50:01 UTC 2026
skip: round already running Fri Aug 14 10:00:01 UTC 2026
skip adminscan8 (already running) Fri Aug 14 10:05:36 UTC 2026
--- ROUND END Fri Aug 14 10:22:01 UTC 2026 ---
--- ROUND Fri Aug 14 10:50:01 UTC 2026 ---
skip: round already running Fri Aug 14 11:00:01 UTC 2026
skip: round already running Fri Aug 14 11:50:01 UTC 2026
skip: round already running Fri Aug 14 12:00:01 UTC 2026
v7 dns probe: 13725
v7 active pool: 13816 (pentest_targets=105)
active domains: 13816
skip: round already running Fri Aug 14 12:50:01 UTC 2026
skip: round already running Fri Aug 14 13:00:01 UTC 2026
skip: round already running Fri Aug 14 13:50:01 UTC 2026
skip: round already running Fri Aug 14 14:00:01 UTC 2026
