DedeCMS targets: 637, 12 threads
HIT: 63ba.com uploads(37300)
HIT: aaron.nickmcleanrealestate.com ver.txt(1410) uploads(324232)
HIT: aerogrowdirect.com dede-login(180619) dede-index(180619) ver.txt(180619) plus-search(180619)
HIT: adyafoundation.org member-index(170545)
HIT: 360led.net dede-login(3860) dede-index(3860) ver.txt(3860) plus-search(3860)
HIT: agileretail.com dede-login(1059054) dede-index(1059054) ver.txt(1059054) plus-search(1059054)
HIT: aoccit.com plus-search(1728)
HIT: appliedintelligence.com dede-login(436022) dede-index(436022) ver.txt(436022) plus-search(436022)
HIT: balairungpress.com member-index(236554)
HIT: arrogarden.com dede-login(180619) dede-index(180619) ver.txt(180619) plus-search(180619)
HIT: ap12-pcc-mod-web-np1.jdadelivers.com dede-login(24193) dede-index(24048) ver.txt(24087) plus-search(24204)
HIT: bojiejinrong.com plus-search(1180)
HIT: berrylandco.com dede-login(358105) dede-index(358105) ver.txt(358105) plus-search(358105)
HIT: beli.laku6.com dede-login(693956) dede-index(693956) ver.txt(693956) plus-search(693956)
HIT: bighornsoftware.com dede-login(221013) dede-index(221013) ver.txt(221013) plus-search(221013)
HIT: bradleybrands.com ver.txt(442582) uploads(442582)
HIT: bridgetblackford.com ver.txt(91545) uploads(91545)
HIT: bmdeducation.com dede-login(325292) dede-index(325292) ver.txt(325292) plus-search(325292)
HIT: bookings.terrywhitechemmart.com dede-login(266758) dede-index(266758) ver.txt(266758) plus-search(266758)
HIT: childcarebusinessgrowth.com ver.txt(953327) uploads(953327)
HIT: chinaglass.club plus-search(2119) plus-flink(2651)
HIT: cfyp.com.cn dede-login(48457) ver.txt(48457) plus-search(48457) plus-download(48457)
HIT: carinamuitoafrente.com dede-login(59581) dede-index(59581) ver.txt(59581) plus-search(59581)
HIT: clients.optimumquantvest.com uploads(84519)
HIT: cpanel.onlyfansworld.com ver.txt(114085) uploads(114085)
HIT: cinnamonbuda.com dede-login(380710) dede-index(380710) ver.txt(380710) plus-search(380710)
HIT: cpcalendars.onlyfansworld.com ver.txt(114085) uploads(114085)
HIT: cpcontacts.onlyfansworld.com ver.txt(114085) uploads(114085)
HIT: creherald.com dede-login(8956) dede-index(8956) ver.txt(7692) plus-search(8833)
HIT: connertoncooking.com ver.txt(282240)
HIT: cristobalamo.com ver.txt(1196277) uploads(1196277)
HIT: customfaceboxers.com dede-login(12169) dede-index(12286) ver.txt(12173) plus-search(12189)
progress: 100/637 hits=32
HIT: db.ababank.com dede-login(24145) dede-index(24148) ver.txt(24142) plus-search(24149)
HIT: digiphotoglobal.com ver.txt(12524)
HIT: dev.dottedsolutions.com dede-login(12459) dede-index(12459) ver.txt(12440) plus-search(12392)
HIT: denver.meowwolf.com dede-login(390182) dede-index(390182) ver.txt(390182) plus-search(390182)
HIT: communitybanknet.com dede-login(415829) dede-index(415829) ver.txt(415829) plus-search(415829)
HIT: cliffsresort.com dede-login(2005310) dede-index(2005310) ver.txt(2005310) plus-search(2005310)
HIT: dydrhardwares.com uploads(13456)
HIT: duelingpianosportland.com ver.txt(47909) uploads(47909)
HIT: dentalimplantssanantoniotx.com dede-login(410231) dede-index(410231) ver.txt(410231) plus-search(410231)
HIT: eatlikeemilee.com dede-login(300071) dede-index(300071) ver.txt(300071) plus-search(300071)
HIT: eciurls.com dede-login(24520) dede-index(24666) ver.txt(24626) plus-search(24573)
HIT: ekurtki.com dede-login(380501) dede-index(380501) ver.txt(380501) plus-search(380501)
HIT: ekoreajournal.net ver.txt(502887) uploads(502882)
HIT: email.epgurban.com dede-login(191041) dede-index(191040) ver.txt(191041) plus-search(194205)
HIT: doll-aztms-sso-dv1.jdadelivers.com dede-login(25001) dede-index(24987) ver.txt(25166) plus-search(25007)
HIT: elmediador.org dede-login(991562) dede-index(991562) ver.txt(991562) plus-search(991562)
HIT: festivallatinoamericanodemusica.net dede-login(120895) dede-index(120895) ver.txt(120895) plus-search(120895)
HIT: followtheflag.org ver.txt(763367) uploads(763367)
HIT: espiritoviajante.com dede-login(311963) dede-index(311963) ver.txt(311963) plus-search(311963)
HIT: exch88.com uploads(5716862)
HIT: fairfieldmainstreet.com dede-login(396244) dede-index(396244) ver.txt(396244) plus-search(396244)
HIT: fioridev.iadb.org dede-login(24360) dede-index(24341) ver.txt(24431) plus-search(24361)
HIT: gchotelier.com dede-login(12456) dede-index(12435) ver.txt(12386) plus-search(12405)
HIT: gastroschuh.com ver.txt(1849160) uploads(1849160)
HIT: glzhida.com plus-search(3390) plus-download(9018) plus-flink(1303)
HIT: glghgx.com plus-search(1176) plus-flink(2635)
HIT: guanxi.rccchina.com dede-login(2593)
HIT: greatnqi.com dede-login(7330) dede-index(7330) plus-search(7330) plus-download(7330)
HIT: gss-stanicazenica.org dede-login(295414) dede-index(295414) ver.txt(295414) plus-search(295414)
HIT: endeksotvt.com dede-index(62145) member-index(62145) uploads(62145)
HIT: havaglobal.com plus-search(1180)
HIT: hefeijingtu.com plus-search(1180)
HIT: healourheroes.org dede-index(106315) ver.txt(106315) plus-search(106315) plus-download(106315)
HIT: healthcarehomeloan.com dede-login(96580) dede-index(96580) ver.txt(96580) plus-search(96580)
HIT: hypnoyogaonline.com ver.txt(579111) uploads(579111)
progress: 200/637 hits=67
HIT: havanacigarlounge.com dede-login(599491) dede-index(599491) ver.txt(599491) plus-search(599491)
HIT: i56.vip dede-login(39570) dede-index(39570) ver.txt(39570) plus-search(39570)
HIT: goldriver.net dede-login(19239) dede-index(19239) ver.txt(19239) plus-search(19239)
HIT: inkonchain.com dede-login(51144) dede-index(51144) ver.txt(51160) plus-search(51147)
HIT: izumitherapy.com dede-login(13333) dede-index(13377) ver.txt(12451) plus-search(13454)
HIT: inprocess.discovergates.org dede-login(74618) dede-index(74618) ver.txt(74618) plus-search(74618)
HIT: islanddonutcompany.com dede-login(319638) dede-index(319638) ver.txt(319638) plus-search(319638)
HIT: hvhdf.com dede-login(284349) dede-index(284349) ver.txt(284349) plus-search(284349)
HIT: jewishvirtuallibrary.org uploads(52095)
HIT: jhgarland.com plus-search(1172) plus-flink(2162)
HIT: jellyfin.kompuserve.com dede-login(223184) dede-index(223886) ver.txt(223900) plus-search(223889)
HIT: insaludrd.org dede-login(565034) dede-index(565034) plus-search(565034) plus-download(565034)
HIT: hepsiveri.com dede-login(701716) dede-index(701716) ver.txt(701716) plus-search(701716)
HIT: jobs.meowwolf.com dede-login(290467) dede-index(290467) ver.txt(290467) plus-search(290467)
HIT: kainuunely.com dede-login(314124) dede-index(314124) ver.txt(314124) plus-search(314124)
HIT: klongpraobeachresort.com dede-login(12441) dede-index(12356) ver.txt(12362) plus-search(12428)
HIT: keithr.nickmcleanrealestate.com ver.txt(1410) uploads(325045)
HIT: kate.nickmcleanrealestate.com ver.txt(1410) uploads(323789)
HIT: justusni.org dede-login(310442) dede-index(310442) ver.txt(310442) plus-search(310442)
HIT: kellsell.com dede-login(13610) dede-index(13563) ver.txt(12414) plus-search(13656)
HIT: kimsa6666.com dede-login(128992) dede-index(128992) ver.txt(128062) plus-search(128994)
HIT: landmarkfes.com dede-login(130266) dede-index(130266) ver.txt(130266) plus-search(130266)
HIT: hylprc.com dede-index(389) ver.txt(389) plus-search(389) plus-download(389)
HIT: localrichland.com ver.txt(75704) uploads(75704)
HIT: lscxys.com uploads(1041)
HIT: ldiikotakediri.org dede-login(394183) dede-index(394183) ver.txt(394183) plus-search(394183)
HIT: lyhdrc.com dede-login(389) dede-index(389) ver.txt(389) plus-search(389)
HIT: join.skillshare.com dede-login(984593) dede-index(984597) ver.txt(984597) plus-search(984599)
HIT: loyaltonhighschool.org dede-login(303063) dede-index(303063) ver.txt(303063) plus-search(303063)
HIT: learning.recordedfuture.com dede-login(639628) dede-index(639628) ver.txt(639628) plus-search(639628)
HIT: lzanrc.com dede-login(389) dede-index(389) ver.txt(389) plus-search(389)
HIT: mason.nickmcleanrealestate.com ver.txt(1410) uploads(323395)
HIT: mail.udeca.org dede-login(24227) dede-index(24224) ver.txt(24222) plus-search(24329)
HIT: lawfirm365.com dede-login(21181) dede-index(21181) ver.txt(21181) plus-search(21181)
HIT: maxis.com dede-login(105820) dede-index(105945) ver.txt(105822) plus-search(105822)
HIT: mail.terrywhitechemmart.com dede-login(266758) dede-index(266758) ver.txt(266758) plus-search(266758)
HIT: member.a2ztool.com dede-login(11849) dede-index(11849) ver.txt(11855) plus-search(12013)
HIT: macemarine.com dede-login(589884) dede-index(589884) ver.txt(589884) plus-search(589884)
HIT: miadate.com dede-login(10865) dede-index(10865) ver.txt(10865) plus-search(10865)
HIT: misteriosocultos.com dede-login(11992) dede-index(12088) ver.txt(12094) plus-search(12043)
HIT: members.terrywhitechemmart.com dede-login(266758) dede-index(266758) ver.txt(266758) plus-search(266758)
HIT: mmhzrc.com dede-login(389) dede-index(389) ver.txt(389) plus-search(389)
HIT: mcmillanwoods.com member-index(133139)
progress: 300/637 hits=110
HIT: modernlock.com uploads(240491)
HIT: mta-sts.dormy-in.com dede-login(657767) dede-index(657767) ver.txt(657767) plus-search(657767)
HIT: nuvasabay.com dede-login(125984) dede-index(125985) ver.txt(125987) plus-search(125973)
HIT: pairodicetattoos.com dede-login(11999) dede-index(11999) ver.txt(12005) plus-search(12000)
HIT: mudfloweryoga.com dede-login(371429) dede-index(371429) ver.txt(371429) plus-search(371429)
HIT: paul.nickmcleanrealestate.com ver.txt(1410)
HIT: nootkasound.org dede-login(19251) dede-index(19251) ver.txt(19251) plus-search(19251)
HIT: pingshanrc.com dede-login(389) dede-index(389) ver.txt(389) plus-search(389)
HIT: parler-anglais.net dede-login(598009) dede-index(598009) ver.txt(598009) plus-search(598009)
HIT: new-ventures.org dede-login(20239) dede-index(20239) ver.txt(20239) plus-search(20239)
HIT: payback-visa.biz dede-login(277064) dede-index(277064) ver.txt(279068) plus-search(279144)
HIT: plyaway.com dede-login(277008) dede-index(277008) ver.txt(277008) plus-search(277008)
HIT: recit.org dede-login(12412) dede-index(12315) ver.txt(12321) plus-search(12316)
HIT: qzssrc.com dede-login(389) dede-index(389) ver.txt(389) plus-search(389)
HIT: ramglb.com uploads(29893)
HIT: pyramidwire.com dede-login(142541) dede-index(142541) ver.txt(142541) plus-search(142541)
HIT: rhbeacon.com dede-login(12234) dede-index(12297) ver.txt(12303) plus-search(12298)
HIT: phillipcurrie.com dede-login(589884) dede-index(589884) ver.txt(589884) plus-search(589884)
HIT: room218.com plus-search(2122)
HIT: rl-pss.poloralphlauren.com dede-login(54595) dede-index(54595) ver.txt(54595) plus-search(54595)
HIT: richardsonlegal.com dede-login(12275) dede-index(12330) ver.txt(12417) plus-search(12295)
HIT: privacy.dailywire.com dede-login(676199) dede-index(676199) ver.txt(676199) plus-search(676199)
HIT: selfservice.scp-ks.org uploads(54607)
HIT: secure.gofen.com uploads(86143)
HIT: rewards.terrywhitechemmart.com dede-login(266758) dede-index(266758) ver.txt(266758) plus-search(266758)
HIT: sevenairacademy.com dede-login(32522) dede-index(32522) ver.txt(32522) plus-search(32522)
HIT: planckdb.com dede-login(1267898) dede-index(1267898) ver.txt(1267898) plus-search(1267898)
HIT: seifurniturestore.com dede-login(146067) dede-index(146067) ver.txt(146067) plus-search(146067)
HIT: sem.a2ztool.com dede-login(12011) dede-index(11931) ver.txt(12057) plus-search(11925)
HIT: rchfonline.org dede-login(646065) dede-index(646065) ver.txt(646065) plus-search(646065)
HIT: realmrunner.net dede-login(589884) dede-index(589884) ver.txt(589884) plus-search(589884)
HIT: solidrocksa.org ver.txt(171634) uploads(171634)
HIT: rossgop.com dede-login(777601) dede-index(777601) ver.txt(777601) plus-search(777601)
HIT: secure.alliedprotectorplan.com dede-index(24124) ver.txt(24121) plus-search(24125) plus-download(24115)
HIT: shop.terrywhitechemmart.com dede-login(266758) dede-index(266758) ver.txt(266758) plus-search(266758)
HIT: stefansteel.com dede-login(18082) dede-index(18082) ver.txt(18082) plus-search(18082)
HIT: shop.rd.com dede-login(732257) dede-index(748075) ver.txt(731347) plus-search(733010)
HIT: swedx.com dede-login(12355) dede-index(12372) ver.txt(12378) plus-search(12373)
progress: 400/637 hits=148
HIT: supportdavidoaks.org dede-login(12273) dede-index(12273) ver.txt(12146) plus-search(12318)
HIT: supportimrankhan.org dede-login(102893) dede-index(102893) ver.txt(102893) plus-search(102893)
HIT: sofurn.com dede-login(29726) dede-index(29726) ver.txt(29726) plus-search(29726)
HIT: snustudy.com dede-login(475210) dede-index(475210) ver.txt(26329) plus-search(475210)
HIT: terrywhitechemmart.com dede-login(266758) dede-index(266758) ver.txt(266758) plus-search(266758)
HIT: theaurum.com ver.txt(502882) uploads(502882)
HIT: srednogorie.biz dede-login(11679) dede-index(11659) ver.txt(11754) plus-search(11645)
HIT: tim.nickmcleanrealestate.com uploads(324244)
HIT: thirstboston.com ver.txt(502874) uploads(502886)
HIT: ubuy.com ver.txt(234) uploads(1172)
HIT: vkpowers.com dede-login(41414) dede-index(41414) ver.txt(41414) plus-search(41414)
HIT: webmail.onlyfansworld.com ver.txt(114085) uploads(114085)
HIT: trinitycountychamber.org dede-login(681097) dede-index(681097) ver.txt(681097) plus-search(681097)
HIT: victor.nickmcleanrealestate.com uploads(323832)
HIT: viewtechnews.com dede-login(2407) dede-index(2407) ver.txt(2407) plus-search(2407)
HIT: willowoakscraftcider.com ver.txt(273924) uploads(273924)
HIT: wefoxgroup.com dede-login(808705) dede-index(808705) ver.txt(808705) plus-search(808705)
HIT: www.94fmbaturite.org dede-index(51391) member-index(51393)
HIT: wokstarrestaurant.com dede-login(633509) dede-index(633509) ver.txt(633509) plus-search(633509)
HIT: www.bojiejinrong.com plus-search(1180)
HIT: www.apple-cores.com member-index(72647)
HIT: www.bighornsoftware.com dede-login(221013) dede-index(221013) ver.txt(221013) plus-search(221013)
HIT: www.ambank.com dede-login(38810) dede-index(38810) ver.txt(38821) plus-search(38812)
HIT: www.berrylandco.com dede-login(358105) dede-index(358105) ver.txt(358105) plus-search(358105)
HIT: www.digiphotoglobal.com ver.txt(12429)
HIT: www.dapperanddashin.com dede-login(12710) dede-index(12710) ver.txt(12715) plus-search(12710)
HIT: www.dailywire.com dede-login(85484) dede-index(85484) ver.txt(85484) plus-search(85484)
HIT: tvtoto70.com member-index(587850) uploads(587850)
HIT: www.duelingpianosportland.com ver.txt(47913) uploads(47913)
progress: 500/637 hits=177
HIT: www.ekoreajournal.net ver.txt(502883) uploads(502881)
HIT: www.fitbytasha.com ver.txt(315988) uploads(315988)
HIT: www.clearblu.net dede-login(589884) dede-index(589884) ver.txt(589884) plus-search(589884)
HIT: www.communitybanknet.com dede-login(415829) dede-index(415829) ver.txt(415829) plus-search(415829)
HIT: www.dutchpantrydubois.com dede-login(383572) dede-index(383572) ver.txt(383572) plus-search(383572)
HIT: www.digitalinnovationmedia.com dede-login(686407) dede-index(686407) ver.txt(686407) plus-search(686407)
HIT: www.dobleenfoque.com dede-login(417028) dede-index(417028) ver.txt(417028) plus-search(417028)
HIT: www.glzhida.com plus-search(1176)
HIT: www.huadinggroup.com dede-login(20996) dede-index(20996) ver.txt(20996) plus-search(20996)
HIT: www.fairfieldmainstreet.com dede-login(396244) dede-index(396244) ver.txt(396244) plus-search(396244)
HIT: www.jimmyauw.com dede-login(13575) dede-index(13530) ver.txt(12574) plus-search(13485)
HIT: www.espiritoviajante.com dede-login(311963) dede-index(311963) ver.txt(311963) plus-search(311963)
HIT: www.jewishvirtuallibrary.org uploads(52095)
HIT: www.islanddonutcompany.com dede-login(319638) dede-index(319638) ver.txt(319638) plus-search(319638)
HIT: www.metalmerdiven.com dede-login(11904) dede-index(11994) ver.txt(12005) plus-search(11959)
HIT: www.mafamillamoi.com dede-login(12350) dede-index(12359) ver.txt(12343) plus-search(12405)
HIT: www.pairodicetattoos.com dede-login(11916)
HIT: www.myhljy.com dede-login(111137) dede-index(111137) ver.txt(111137) plus-search(111137)
HIT: www.patrickcoan.com dede-login(7469) dede-index(7529) ver.txt(7544) plus-search(7539)
HIT: www.meetmeatthecorner.org dede-login(376485) dede-index(376485) ver.txt(376485) plus-search(376485)
HIT: www.nuvasabay.com dede-login(125981) dede-index(125981) ver.txt(125984) plus-search(125987)
HIT: www.markmaldridge.com dede-login(469286) dede-index(469286) ver.txt(469286) plus-search(469286)
HIT: www.cliffsresort.com dede-login(2005310) dede-index(2005310) ver.txt(2005310) plus-search(2005310)
HIT: www.rhbeacon.com dede-login(12304) dede-index(12304) ver.txt(12209) plus-search(12204)
HIT: www.mtgproxies.biz member-index(175418)
HIT: www.retrainthedyslexicbrain.com ver.txt(229742) uploads(229742)
HIT: www.personalcompass.com dede-login(20209) dede-index(20209) ver.txt(20209) plus-search(20209)
HIT: www.oldsport.net dede-login(589884) dede-index(589884) ver.txt(589884) plus-search(589884)
HIT: www.nailbar.info dede-login(589884) dede-index(589884) ver.txt(589884) plus-search(589884)
HIT: www.schoolsfootball.org member-index(203945)
HIT: www.seifurniturestore.com dede-login(146067) dede-index(146067) ver.txt(146067) plus-search(146067)
HIT: www.katachiware.com dede-login(1276014) dede-index(1276014) ver.txt(1276014) plus-search(1276014)
HIT: www.sterlingkreative.com dede-login(12186) dede-index(12246) ver.txt(12252) plus-search(12176)
HIT: www.rossgop.com dede-login(777601) dede-index(777601) ver.txt(777601) plus-search(777601)
HIT: www.pritchettsbackhoe.com dede-login(1013133) dede-index(1013133) ver.txt(1013133) plus-search(1013133)
HIT: www.sidneyfoods.com dede-login(19469) dede-index(19469) ver.txt(19469) plus-search(19469)
HIT: www.roc.com dede-login(1113353) dede-index(1113353) ver.txt(1113353) plus-search(1113353)
HIT: www.primetbx.com dede-login(675934) dede-index(675930) ver.txt(675934) plus-download(675930)
HIT: www.svetpasa.com uploads(1123574)
HIT: www.todaylivescore.com dede-login(12672) dede-index(12659) ver.txt(12734) plus-search(12714)
HIT: www.pucklive.com dede-login(1446176) dede-index(1446176) ver.txt(1446176) plus-search(1446176)
HIT: www.terrywhitechemmart.com dede-login(266758) dede-index(266758) ver.txt(266758) plus-search(266758)
HIT: www.theaurum.com ver.txt(502882) uploads(502874)
HIT: www.templebethshalomcc.org member-index(83760)
HIT: www.ubuy.com ver.txt(234) uploads(1172)
HIT: www.sterlingsilverfashion.com dede-login(521533) dede-index(521533) ver.txt(521533) plus-search(521533)
progress: 600/637 hits=223
HIT: www.vkpowers.com dede-login(41414) dede-index(41414) ver.txt(41414) plus-search(41414)
HIT: www.thirstboston.com ver.txt(502886) uploads(502877)
HIT: www.ufoag.cn ver.txt(80754) uploads(80754)
HIT: www.youqudian.com dede-login(11849) dede-index(11876) ver.txt(11896) plus-search(11966)
HIT: www.thefacepaintersandbodyartists.com dede-login(1075541) dede-index(1075541) ver.txt(1075541) plus-search(1075541)
HIT: www.tenerifecb.com dede-login(676199) dede-index(676199) ver.txt(676199) plus-search(676199)
HIT: www.wokstarrestaurant.com dede-login(633509) dede-index(633509) ver.txt(633509) plus-search(633509)
HIT: www.womenwithmustaches.com dede-login(304424) dede-index(304424) ver.txt(304424) plus-search(304424)
HIT: www.water-sport.net dede-login(19656) dede-index(19656) ver.txt(19656) plus-search(19656)
HIT: xiangshanrc.com dede-login(389) dede-index(389) ver.txt(389) plus-search(389)
HIT: xometry.org dede-login(365094) dede-index(365094) ver.txt(365094) plus-search(365094)
HIT: yuutee.cn dede-login(16497) dede-index(16497) plus-search(1144) plus-flink(2732)
HIT: yourprofitsmadesimple.com dede-login(19284) dede-index(19284) ver.txt(19284) plus-search(19284)
[done] 236 dede hits
