form_brute2: 612 targets
  done cpanel.completespeakerssystem.com /admin/
  done cpanel.completespeakerssystem.com /admin/login.asp
  done cpanel.completespeakerssystem.com /dede/
  done cpanel.completespeakerssystem.com /admin/login
  done cpanel.completespeakerssystem.com /admin/index.asp
  done webmail.jesusmentribe.com /admin/
  done webmail.dorshonshiksha.com /admin/login.asp
  done webmail.dorshonshiksha.com /admin/index.asp
  done webmail.dorshonshiksha.com /admin/
  done webmail.dorshonshiksha.com /admin/login
  done webmail.jesusmentribe.com /admin/index.asp
  done webmail.jesusmentribe.com /admin/login.asp
  done webmail.dorshonshiksha.com /dede/
  done webmail.jesusmentribe.com /dede/
  done webmail.jesusmentribe.com /admin/login
  done szwd3d.com /admin/
  done webmail.pearcemarketinggroup.com /admin/
  done webmail.pearcemarketinggroup.com /admin/login.asp
  done webmail.pearcemarketinggroup.com /admin/index.asp
  done webmail.pearcemarketinggroup.com /dede/
  done webmail.pearcemarketinggroup.com /admin/login
  done www.waltechdrainage.com /login.php
  done xlgh.com /admin.php
[form_brute2 done]
