form_brute2: 476 targets
!!! FORM2 HIT diya-log.com admin/admin123 [body-mark]
  done api-prod-wellness.petco.com /admin/login
  done diya-log.com /admin/login
  done elwafeyat.com /login.php
  done judaspriest-namegenerator.com /admin/login
  done judaspriest-namegenerator.com /admin/
  done aendorphin.com /admin/login
  done medtechdive.com /admin/
  done medtechdive.com /admin/login
  done khoahoanmy.com /admin/login.asp
  done mail.lqky.cn /admin/login.php
  done regal-clock.com /admin/login
  done regal-clock.com /admin/
  done qdyukun.com /admin/login.asp
  done katkariacreations.com /login.php
  done sweatyspaghetti.com /admin/
  done sweatyspaghetti.com /admin/login
  done mysmiletrain.org /admin/
  done webmail.krishgenpudgala.com /admin/
  done webmail.krishgenpudgala.com /admin/index.asp
  done webmail.krishgenpudgala.com /admin/login.asp
  done webmail.krishgenpudgala.com /admin/login
  done scipn.org /admin/login
  done webmail.krishgenpudgala.com /dede/
  done webmail.nagman-calibration.com /admin/index.asp
!!! FORM2 HIT www.cloudanswers.com admin/admin123 [body-mark]
  done webmail.nagman-calibration.com /dede/
!!! FORM2 HIT www.cloudanswers.com admin/admin123 [body-mark]
  done webmail.fairgreenlimited.com /admin/index.asp
!!! FORM2 HIT www.eltoutcomes.com admin/admin123 [body-mark]
  done webmail.fairgreenlimited.com /dede/
  done webmail.fairgreenlimited.com /admin/login
!!! FORM2 HIT www.eltoutcomes.com admin/admin123 [body-mark]
  done webmail.fairgreenlimited.com /admin/login.asp
  done www.iarcedu.com /admin/login
  done www.iarcedu.com /admin/
  done www.judaspriest-namegenerator.com /admin/login
  done www.judaspriest-namegenerator.com /admin/
  done www.mt2gb.com /admin/
  done www.mt2gb.com /admin/login
  done www.medtechdive.com /admin/
  done www.medtechdive.com /admin/login
  done www.mysmiletrain.org /admin/
  done www.scipn.org /admin/login
[form_brute2 done]
