candidates: 7879
11ban.top	/admin/login.php	typecho,generic-php	7775	LOGIN	7663
1betvegas.com	/admin/	asp/access,generic-php	4855	LOGIN	4854
1minutereview.org	/login.php	generic-php	5439	LOGIN	5439
2betqd.r14.35.com	/admin/	generic-php	4102	LOGIN	3834
2wxyfm.r14.35.com	/admin/	generic-php	4102	LOGIN	3834
317.szdongdao.com	/admin/	generic-php	69959	LOGIN	69273
360led.net	/admin/	generic-php	6760	LOGIN	6624
3ngenhocas.com	/admin/index.php	wordpress,generic-php	9414	LOGIN	9408
3rstars.com	/admin/	wordpress,generic-php	5475	LOGIN	5475
420grill.com	/admin.php	generic-php	3267	LOGIN	3260
2grafik.com	/admin/index.php	wordpress,generic-php	5911	LOGIN	5911
4allprograms.me	/admin/index.php	wordpress,generic-php	12488	LOGIN	12416
4yjoax.r14.35.com	/admin/	generic-php	4102	LOGIN	3834
50dates50states.com	/admin/	wordpress,generic-php	6614	LOGIN	6614
3stechnologie.com	/admin/index.php	wordpress,generic-php	10406	LOGIN	10406
51jixiang.net	/admin/login.php	unknown	59897	ADMIN	51997
5911911.com	/admin/login.php	generic-php	3376	LOGIN	3254
5twt2o.r14.35.cn	/admin/	generic-php	4102	LOGIN	3834
63ba.com	/admin/login.asp	asp/access,generic-php	37345	LOGIN	36785
6390.cn.com	/admin/index.php	wordpress,generic-php	10205	LOGIN	10141
632.cn	/admin.php	generic-php	5680	LOGIN	5488
673harbor.com	/admin/index.php	wordpress,generic-php	6664	LOGIN	6664
6qub2z.r14.35.com	/admin/	generic-php	4102	LOGIN	3834
7pcd.com	/admin/	wordpress,generic-php	6493	LOGIN	6493
8hvmhz.r14.35.cn	/admin/	generic-php	4102	LOGIN	3834
88westrealtypm.com	/admin/	generic-php	29786	ADMIN	29746
9bet.net	/admin/	wordpress,generic-php	55590	LOGIN	55069
96krock.com	/admin/index.php	wordpress,generic-php	8023	LOGIN	8022
a6981a107babbac.aipage.com	/admin/	generic-php	6898	LOGIN	6521
a40a8q.r14.35.com	/admin/	generic-php	4102	LOGIN	3834
abledvd.com	/admin/login.php	unknown	25452	ADMIN	21269
aavta.com	/admin/	wordpress,generic-php	6288	LOGIN	6288
aaavn.com	/admin/	wordpress,generic-php	7422	LOGIN	7422
accad.net	/admin/login.php	asp/access,generic-php	9364	LOGIN	9356
aandjventuresconstruction.com	/admin/login	wordpress,generic-php	69886	LOGIN	69886
abilitymotor.com	/admin/index.php	wordpress,generic-php	36371	LOGIN	36371
acluofnc.org	/admin/index.php	asp/access,generic-php	23865	LOGIN	44339
acadianamfg.com	/admin/index.php	wordpress,generic-php	5399	LOGIN	5399
adbuth.com	/admin.php	generic-php	5578	LOGIN	5481
aczlsu.r14.35.com	/admin/	generic-php	4102	LOGIN	3834
achoirofghosts.com	/admin/index.php	wordpress,generic-php	7291	LOGIN	7292
actionrolloffs.com	/admin/index.php	wordpress,generic-php	7647	LOGIN	7647
acrylicdisplay-stands.com	/admin/index.php	wordpress,generic-php	2434	LOGIN	2340
admin.treefortsystems.com	/admin/	generic-php	8019	ADMIN	8019
