UPLOAD pool: 472
FILE-UPLOAD: mail.fileunzip.com | inputs=1 | forms=[]
FILE-UPLOAD: lexgwac.org | inputs=1 | forms=[]
FILE-UPLOAD: londondampspecialists.com | inputs=3 | forms=['/?wpforms_form_id=6358', '/?wpforms_form_id=6362']
FILE-UPLOAD: qa.chaikinanalytics.com | inputs=1 | forms=[]
FILE-UPLOAD: cac-bdp-all.com | inputs=1 | forms=[]
FILE-UPLOAD: correseguro.com | inputs=2 | forms=[]
FILE-UPLOAD: staging.cac-bdp-all.com | inputs=1 | forms=[]
FILE-UPLOAD: www.tonyfouts.com | inputs=1 | forms=[]
FILE-UPLOAD: vivesalbum.com | inputs=1 | forms=[]
FILE-UPLOAD: hurricaneshutters.com | inputs=1 | forms=[]
FILE-UPLOAD: www.sterlingkreative.com | inputs=3 | forms=[]
FILE-UPLOAD: replit.com | inputs=1 | forms=[]
FILE-UPLOAD: sfgame.com | inputs=1 | forms=[]
FILE-UPLOAD: www.sniderautocare.com | inputs=1 | forms=[]
FILE-UPLOAD: sandyschildcare.com | inputs=2 | forms=[]
FILE-UPLOAD: cappellaofficial.com | inputs=1 | forms=[]
FILE-UPLOAD: raffledraws.com | inputs=3 | forms=[]
FILE-UPLOAD: dentworksexpress.com | inputs=2 | forms=['/', '/']
FILE-UPLOAD: tonyfouts.com | inputs=1 | forms=[]
FILE-UPLOAD: bellmontrestaurant.com | inputs=1 | forms=[]
FILE-UPLOAD: hemeixinpcb.com | inputs=1 | forms=['https://www.hemeixinpcb.com/']
FILE-UPLOAD: www.intracubator.com | inputs=1 | forms=[]
FILE-UPLOAD: convertmypdftoword.com | inputs=1 | forms=[]
FILE-UPLOAD: mail.tonyfouts.com | inputs=1 | forms=[]
FILE-UPLOAD: wine-paintings.com | inputs=5 | forms=[]
FILE-UPLOAD: nanastoto70.com | inputs=3 | forms=[]
FILE-UPLOAD: sniderautocare.com | inputs=1 | forms=[]
FILE-UPLOAD: www.espiritoviajante.com | inputs=3 | forms=[]
FILE-UPLOAD: app.chaikinanalytics.com | inputs=1 | forms=[]
FILE-UPLOAD: forum.sfgame.com | inputs=1 | forms=[]
FILE-UPLOAD: www.hurricaneshutters.com | inputs=1 | forms=[]
FILE-UPLOAD: uniquemeasurement.com | inputs=1 | forms=[]
FILE-UPLOAD: dev.chaikinanalytics.com | inputs=1 | forms=[]
FILE-UPLOAD: www.cac-bdp-all.com | inputs=1 | forms=[]
FILE-UPLOAD: skvengg.com | inputs=1 | forms=[]
FILE-UPLOAD: mail.fblinker.com | inputs=1 | forms=[]
FILE-UPLOAD: www.sfgame.com | inputs=1 | forms=[]
FILE-UPLOAD: www.digitalinnovationmedia.com | inputs=3 | forms=[]
FILE-UPLOAD: rchfonline.org | inputs=1 | forms=[]
FILE-UPLOAD: s2.sfgame.com | inputs=1 | forms=[]
FILE-UPLOAD: 3chan.net | inputs=2 | forms=[]
FILE-UPLOAD: www.vivesalbum.com | inputs=1 | forms=[]
FILE-UPLOAD: www.replit.com | inputs=1 | forms=[]
FILE-UPLOAD: s1.sfgame.com | inputs=1 | forms=[]
FILE-UPLOAD: espiritoviajante.com | inputs=3 | forms=[]

=== REAL FILE UPLOAD SITES: 45 ===
