form_brute2: 425 targets
  done cpanel.completespeakerssystem.com /admin/login
  done cpanel.completespeakerssystem.com /admin/
  done cpanel.completespeakerssystem.com /admin/login.asp
  done cpanel.completespeakerssystem.com /admin/index.asp
  done cpanel.completespeakerssystem.com /dede/
  done auth.forchildren.com /admin/login
  done auth.forchildren.com /admin/
  done api.famepilot.com /admin/login
!!! FORM2 HIT encuentraempleord.com admin/admin123 [body-mark]
  done french.forchildren.com /admin/
  done french.forchildren.com /admin/login
  done date.milf-area.com /dede/
  done jhnew.com /admin/
  done jhnew.com /admin/index.php
  done date.whatssexy.com /manage/
  done ksfxj.com /admin/
  done mypoz.com /admin/login
  done brentwoodchurch.com /admin/login
  done job.xidian.edu.cn /manage/
  done huertasconsulting.com /admin/
  done mingyangshijia.cn /admin/
  done brentwoodchurch.com /admin/
  done szxinjiyou.com /admin/
  done szwd3d.com /admin/
  done tcjianzhouli.com /admin/
  done mail.cagdasspormerkezi.com /admin/
  done 11ban.top /admin/index.php
  done 11ban.top /admin/
  done webmail.pearcemarketinggroup.com /admin/login.asp
  done webmail.pearcemarketinggroup.com /admin/
  done webmail.pearcemarketinggroup.com /dede/
  done webmail.pearcemarketinggroup.com /admin/login
  done webmail.pearcemarketinggroup.com /admin/index.asp
  done www.g-gmakine.com /admin/login
  done www.g-gmakine.com /admin/
  done www.maxburstein.com /admin/login
  done www.maxburstein.com /admin/
  done wordstoreality.com /login.php
  done wordstoreality.com /houtai/
  done wordstoreality.com /dede/
  done wordstoreality.com /manage/
  done thinkbar.net /admin/index.php
  done thinkbar.net /admin/
  done wzg.net.cn /admin/index.php
  done wzg.net.cn /admin/
[form_brute2 done]
