form_brute: 96 targets
!!! FORM_HIT cordeiroesaraiva.com admin/admin123
!!! FORM_HIT agence-uni.com admin/admin123 [body-mark]
!!! FORM_HIT evenement.otrement.info admin/admin123 [body-mark]
!!! FORM_HIT 11ban.top admin/admin123
!!! FORM_HIT idx.1strealtyrangewide.com admin/admin123 [body-mark]
  done bowlwithseoul.com /login.php
  done drebrownenterprises.com /admin/login
!!! FORM_HIT lamoo.cn admin/admin123
  done alessioolimpio.com /login.php
  done casino-non-aams.com /admin/
  done jhnew.com /admin/index.php
  done flowsberry.com /login.php
  done endermite.cn /login.php
  done mail.7x.com.cn /login.php
  done dongyuesheji.com /login.php
  done glazewindowsanddoors.com /login.php
  done mingyangshijia.cn /admin/
  done brilliantbrainz.com /login.php
  done job.xidian.edu.cn /manage/
  done empireconversions.com /admin/
!!! FORM_HIT swedx.com admin/admin123 [body-mark]
  done ksfxj.com /admin/
  done okaliptusapart.com /login.php
  done partosindolor.com /login.php
  done naukrigov.com /login.php
  done southernnutrition.org /login.php
  done perfect-china.net /login.php
!!! FORM_HIT szwd3d.com admin/abc123456
!!! FORM_HIT szxinjiyou.com admin/123321
  done tcjianzhouli.com /admin/
!!! FORM_HIT www.atlashomehealth.com admin/admin123 [body-mark]
!!! FORM_HIT www.elbuzondejoseba.org admin/admin123 [body-mark]
  done lgbt-speakers.com /login.php
!!! FORM_HIT www.g-gmakine.com admin/admin123
  done mulvaneyconsultants.com /admin/
  done treatment4all.org /admin/
!!! FORM_HIT www.escoladolouvor.com admin/admin123 [body-mark]
!!! FORM_HIT www.jointherivercoalition.org admin/admin123 [body-mark]
!!! FORM_HIT www.mingyangshijia.cn admin/admin123456
  done www.alessioolimpio.com /login.php
!!! FORM_HIT www.lamoo.cn admin/admin123
  done teknomira.com /login.php
  done sewequestrian.com /login.php
  done tonglinjunye.com /admin/
  done www.maxburstein.com /admin/
  done www.flowsberry.com /login.php
  done www.tips2win.uk.com /login.php
  done www.backlinkurl.com /admin/index.php
  done wzg.net.cn /admin/index.php
  done www.wintersurfing.net /login.php
  done zzyxyf.com /admin.php
  done zbllj.com /admin/
  done www.ukcountryinteriors.com /login.php
  done www.avrupamedya.com /login.php
  done www.docksandrockstn.com /admin/index.php
[form_brute done]
