targets: 13853
HIT: upload-endpoint|cqzszh.zhongshang114.com|/upload.asp
HIT: upload-endpoint|starhome.eloomi.com|/api/upload
HIT: upload-endpoint|www.fwtrh.com|/upload.php
HIT: upload-endpoint|flyeug.com|/upload.php
HIT: auth-leak|fire.flowganiser.com|/phpinfo.php
HIT: upload-endpoint|bexpey.r14.35.com|/upload.php
HIT: auth-leak|bexpey.r14.35.com|/.env
HIT: upload-endpoint|9zyo.peoplematter.com|/upload.php
HIT: upload-endpoint|thelawyerworld.com|/api/upload
HIT: auth-leak|9zyo.peoplematter.com|/backup.zip
HIT: auth-leak|bullheadgulch.com|/.git/config
HIT: sqli-error|68q33.com|/?id
HIT: sqli-error|w3f7h5.com|/?id
HIT: upload-endpoint|citnow.eloomi.com|/api/upload
HIT: upload-endpoint|www.stickworx.com|/upload.asp
HIT: upload-endpoint|cetetherm.com|/admin/upload.php
HIT: auth-leak|cetetherm.com|/admin/config.php
HIT: upload-endpoint|www.targetgiftcardbalances.com|/admin/upload.php
HIT: auth-leak|www.targetgiftcardbalances.com|/.git/config
HIT: upload-endpoint|splash.peoplematter.com|/upload.php
HIT: upload-endpoint|www.fareastmedia.com|/upload.asp
HIT: upload-endpoint|als-forums.org|/upload.asp
HIT: auth-leak|splash.peoplematter.com|/backup.zip
HIT: upload-endpoint|www.aviationschoolsonline.com|/admin/upload.php
HIT: auth-leak|www.aviationschoolsonline.com|/admin/config.php
HIT: auth-leak|mail.basaltdynamics.com|/.git/config
HIT: auth-leak|ziquinlife.com|/.env
HIT: upload-endpoint|wynterjones.com|/upload.php
HIT: auth-leak|nazhi.com|/.git/config
HIT: upload-endpoint|ahhldl.com|/upload.asp
HIT: upload-endpoint|gztodo.com|/upload.asp
HIT: upload-endpoint|xr-elec.com|/fileupload.php
HIT: upload-endpoint|fred.peoplematter.com|/upload.php
HIT: auth-leak|fred.peoplematter.com|/backup.zip
HIT: upload-endpoint|main.yulongcloud.com|/upload.php
HIT: sqli-error|bgqne.com|/?id
HIT: sqli-error|mschild.net|/?id
HIT: sqli-error|kk345.com|/?id
HIT: sqli-error|a9y6n2.com|/?id
HIT: upload-endpoint|guatemala.forchildren.com|/admin/upload.php
HIT: upload-endpoint|www.kanzhun.com|/upload.php
HIT: sqli-error|www.kanzhun.com|/?id
HIT: auth-leak|guatemala.forchildren.com|/admin/config.php
HIT: upload-endpoint|www.tc3net.com|/api/upload
HIT: upload-endpoint|mail.oiiya.com|/upload.php
HIT: upload-endpoint|loveandtarot.com|/api/upload
HIT: upload-endpoint|www.trophymakers.com|/upload.php
HIT: upload-endpoint|www.thiefproof.com|/upload.asp
HIT: upload-endpoint|support.meethispanicwomen.com|/upload.asp
progress: 500/13853
HIT: upload-endpoint|www-cn.linksys.com|/upload.php
HIT: upload-endpoint|portuguese.forchildren.com|/admin/upload.php
HIT: upload-endpoint|viajesgazel.net|/api/upload
HIT: auth-leak|portuguese.forchildren.com|/admin/config.php
HIT: sqli-error|www.97987-7.com|/?id
HIT: upload-endpoint|rabbit.com|/upload.asp
HIT: auth-leak|chargercash.com|/admin/config.php
HIT: upload-endpoint|zhenlisplicer.net|/fileupload.php
HIT: upload-endpoint|www.triplib.com|/api/upload
HIT: upload-endpoint|www.sd17cheng.com|/upload.php
HIT: upload-endpoint|15901066766.com|/api/upload
HIT: auth-leak|fibre.net|/phpinfo.php
HIT: upload-endpoint|wjccsheriff.org|/upload.php
HIT: upload-endpoint|v2.info.uniswap.org|/upload.php
HIT: sqli-error|www.aa5360.com|/?id
HIT: auth-leak|cpanel.microjetkits.com|/phpinfo.php
HIT: upload-endpoint|freeeepurl.com|/api/upload
HIT: upload-endpoint|www.carrierjobs.cn|/api/upload
HIT: upload-endpoint|www-br.linksys.com|/upload.php
HIT: upload-endpoint|scheduledemo.eloomi.com|/api/upload
HIT: upload-endpoint|selectlendingservices.com|/upload.php
HIT: sqli-error|lnbzy.cn|/article.php?id
HIT: upload-endpoint|trumpbar.com|/admin/upload.php
HIT: auth-leak|pendleton1910whiskey.com|/phpinfo.php
HIT: upload-endpoint|superiorliquormarket.com|/upload.php
HIT: upload-endpoint|support.contactossexoespanol.com|/upload.asp
HIT: upload-endpoint|www.shydating.org|/upload.asp
HIT: upload-endpoint|malawi.forchildren.com|/admin/upload.php
HIT: upload-endpoint|ordlly.com|/api/upload
HIT: auth-leak|malawi.forchildren.com|/admin/config.php
HIT: sqli-error|160257.com|/?id
HIT: upload-endpoint|www.spreadbit.com|/upload.asp
HIT: sqli-error|45031.cc|/?id
HIT: upload-endpoint|danyduncan69.com|/upload.aspx
HIT: upload-endpoint|helenelyst.net|/upload.asp
HIT: upload-endpoint|www.e-gohar.com|/upload.aspx
HIT: upload-endpoint|saffronrestaurantwinnipeg.com|/api/upload
HIT: auth-leak|ipp.org|/phpinfo.php
HIT: auth-leak|www.ellisonbeef.com|/phpinfo.php
HIT: upload-endpoint|sisocsemi.com|/upload.asp
HIT: upload-endpoint|mail.7x.com.cn|/upload.php
HIT: auth-leak|mail.7x.com.cn|/backup.zip
HIT: upload-endpoint|winsun-et.com|/upload.php
HIT: auth-leak|api.mvstmg.com|/.git/config
HIT: sqli-error|n6b8p5.com|/?id
progress: 1000/13853
HIT: upload-endpoint|lamoo.cn|/api/upload
HIT: auth-leak|ag.liga168.com|/.git/config
HIT: upload-endpoint|www.udora.net|/upload.php
HIT: upload-endpoint|lwt8kd.r14.35.com|/upload.php
HIT: auth-leak|bambibyyen.com|/.git/config
HIT: auth-leak|lwt8kd.r14.35.com|/.env
HIT: upload-endpoint|zqwsnzbz.backstagefix.com|/upload.php
HIT: upload-endpoint|www.medtechdive.com|/admin/upload.php
HIT: auth-leak|www.medtechdive.com|/admin/config.php
HIT: upload-endpoint|www-bo.linksys.com|/upload.php
HIT: auth-leak|zhongzimei.com|/phpinfo.php
HIT: sqli-error|68q22.com|/?id
HIT: upload-endpoint|daddiesbrand.com|/api/upload
HIT: auth-leak|daddiesbrand.com|/.git/config
HIT: upload-endpoint|mail.driveon.com|/upload.php
HIT: upload-endpoint|www.gokuke.com|/upload.php
HIT: upload-endpoint|torve-hallen.eloomi.com|/api/upload
HIT: upload-endpoint|escaladigital.net|/api/upload
HIT: upload-endpoint|sukmoc.r14.35.com|/upload.php
HIT: auth-leak|sukmoc.r14.35.com|/.env
HIT: auth-leak|eminentinstitute.com|/phpinfo.php
HIT: upload-endpoint|zjlongkai.com|/upload.asp
HIT: sqli-error|jl676.com|/?id
HIT: auth-leak|loungelovers.com|/.env
HIT: sqli-error|www.2061gg.com|/?id
HIT: auth-leak|webmail.kapitonenergy.com|/phpinfo.php
HIT: upload-endpoint|penthouse-celebs.net|/admin/upload.php
HIT: auth-leak|number1alphard.com|/.git/config
HIT: upload-endpoint|swahili.forchildren.com|/admin/upload.php
HIT: upload-endpoint|mosesbailbonds.com|/api/upload
HIT: upload-endpoint|vjol.info|/api/upload
HIT: sqli-error|meiq14g.cc|/?id
HIT: auth-leak|swahili.forchildren.com|/admin/config.php
HIT: upload-endpoint|casinospel.biz|/admin/upload.php
HIT: upload-endpoint|envatomarketplaces.com|/api/upload
HIT: upload-endpoint|secure2.peoplematter.com|/upload.php
HIT: upload-endpoint|chinastha.com|/fileupload.php
HIT: auth-leak|secure2.peoplematter.com|/backup.zip
HIT: auth-leak|zhongziso.com|/phpinfo.php
HIT: auth-leak|www.greatsportsbookdeals.com|/.env
HIT: upload-endpoint|www.xinhuanews.com|/upload.php
HIT: auth-leak|feedback.rencore.com|/api/users
HIT: sqli-error|hitgeeker.com|/index.php?tid
HIT: upload-endpoint|lewin.cn|/fileupload.php
HIT: sqli-error|707591.com|/?id
HIT: upload-endpoint|mp-machinery.com|/upload.php
HIT: upload-endpoint|mischga.com|/api/upload
HIT: auth-leak|mischga.com|/.git/config
HIT: upload-endpoint|amwjs.com|/fileupload.php
HIT: auth-leak|www.jointherivercoalition.org|/actuator/env
HIT: upload-endpoint|cpanel.trainingthepack.com|/upload.php
HIT: upload-endpoint|bdzz.cn|/upload.php
HIT: upload-endpoint|livefromthestreets.com|/upfile.php
progress: 1500/13853
HIT: sqli-error|707527.com|/?id
HIT: upload-endpoint|topunion-cn.com|/upload.php
HIT: auth-leak|dewa165.xyz|/backup.zip
HIT: upload-endpoint|www.constructionjlbellemare.com|/api/upload
HIT: sqli-error|caewatch.com|/list.php?page
HIT: upload-endpoint|manhattan.lumenchapter.com|/upload.php
HIT: upload-endpoint|mms02.okinawacloud.com|/upload.php
HIT: upload-endpoint|lfc.eloomi.com|/api/upload
HIT: auth-leak|182he.com|/backup.zip
HIT: auth-leak|www.namareventcenter.com|/.git/config
HIT: auth-leak|www.math-aids.com|/phpinfo.php
HIT: auth-leak|www.ekstrack.org|/admin/config.php
HIT: upload-endpoint|www.manpower.com|/api/upload
HIT: upload-endpoint|wo-tek.com|/api/upload
HIT: upload-endpoint|insuropedia.lemonade.com|/upload.asp
HIT: auth-leak|zhongzijun.com|/phpinfo.php
HIT: upload-endpoint|www.txxx.com|/upload.php
HIT: auth-leak|mail.ytukampus.com|/phpinfo.php
HIT: upload-endpoint|hostmaster.uixart.com|/upload.asp
HIT: upload-endpoint|matatools.com|/upload.php
HIT: auth-leak|cpanel.smallflyingarts.net|/phpinfo.php
HIT: upload-endpoint|wasabe.com|/upfile.php
HIT: upload-endpoint|akademie.eloomi.com|/api/upload
HIT: upload-endpoint|www.washingtonjournal.org|/upload.php
HIT: upload-endpoint|www.turquoisefeather.com|/upload.php
HIT: upload-endpoint|mail.andycredit.com|/upload.php
HIT: auth-leak|modelundp.org|/admin/config.php
HIT: auth-leak|scdfxct.com|/admin/config.php
HIT: upload-endpoint|maiolchimp.com|/api/upload
HIT: upload-endpoint|qima.net|/upload.asp
HIT: upload-endpoint|mailchymnp.com|/api/upload
HIT: sqli-error|betapollo.net|/content.php?sid
HIT: sqli-error|drawpop.com|/?id
HIT: upload-endpoint|ahdi.org|/upload.php
HIT: sqli-error|28s88.com|/?id
HIT: upload-endpoint|pm-vexch02.peoplematter.com|/upload.php
HIT: auth-leak|pm-vexch02.peoplematter.com|/backup.zip
HIT: upload-endpoint|www.lbporns.com|/upload.php
HIT: upload-endpoint|tattoodatingchat.com|/upload.asp
progress: 2000/13853
HIT: auth-leak|celinedion.com|/api/user/list
HIT: upload-endpoint|support.hivdatingmagyarorszag.com|/upload.asp
HIT: upload-endpoint|portalsucceedms.com|/upload.aspx
HIT: upload-endpoint|hongkongvaults.com|/upload.asp
HIT: sqli-error|g7h7y9.com|/?id
HIT: sqli-error|www.boutiquegreece.com|/?id
HIT: upload-endpoint|bokecai.com|/upload.php
