formcheck fail admin/admin
formcheck fail admin/admin123
formcheck fail admin/123456
formcheck fail admin/admin888
formcheck fail admin/12345678
formcheck fail admin/password
formcheck fail admin/admin@123
formcheck fail admin/admin1234
formcheck fail admin/123456a
formcheck fail admin/a123456
formcheck fail admin/666666
formcheck fail admin/888888
formcheck fail admin/000000
formcheck fail admin/qwer1234
formcheck fail admin/abc123
formcheck fail admin/admin666
formcheck fail admin/123123
formcheck fail admin/111111
formcheck fail admin/654321
formcheck fail admin/admin2023
formcheck fail admin/admin2024
formcheck fail admin/Admin123
formcheck fail admin/123qwe
formcheck fail admin/zxcvbnm
formcheck fail admin/admin12345
formcheck fail admin/pbootcms
formcheck fail admin/haitai123
formcheck fail admin/haitaicasting
formcheck fail admin/123456789
user admin done
formcheck fail root/admin
formcheck fail root/admin123
formcheck fail root/123456
formcheck fail root/admin888
formcheck fail root/12345678
formcheck fail root/password
formcheck fail root/admin@123
formcheck fail root/admin1234
formcheck fail root/123456a
formcheck fail root/a123456
formcheck fail root/666666
formcheck fail root/888888
formcheck fail root/000000
formcheck fail root/qwer1234
formcheck fail root/abc123
formcheck fail root/admin666
formcheck fail root/123123
formcheck fail root/111111
formcheck fail root/654321
formcheck fail root/admin2023
formcheck fail root/admin2024
formcheck fail root/Admin123
formcheck fail root/123qwe
formcheck fail root/zxcvbnm
formcheck fail root/admin12345
formcheck fail root/pbootcms
formcheck fail root/haitai123
formcheck fail root/haitaicasting
formcheck fail root/123456789
user root done
formcheck fail test/admin
formcheck fail test/admin123
formcheck fail test/123456
formcheck fail test/admin888
formcheck fail test/12345678
formcheck fail test/password
formcheck fail test/admin@123
formcheck fail test/admin1234
formcheck fail test/123456a
formcheck fail test/a123456
formcheck fail test/666666
formcheck fail test/888888
formcheck fail test/000000
formcheck fail test/qwer1234
formcheck fail test/abc123
formcheck fail test/admin666
formcheck fail test/123123
formcheck fail test/111111
formcheck fail test/654321
formcheck fail test/admin2023
formcheck fail test/admin2024
formcheck fail test/Admin123
formcheck fail test/123qwe
formcheck fail test/zxcvbnm
formcheck fail test/admin12345
formcheck fail test/pbootcms
formcheck fail test/haitai123
formcheck fail test/haitaicasting
formcheck fail test/123456789
user test done
=== NO HIT ===
