hijack_scan: 16156 active domains
  checked 500/16156 hijacked=17
  checked 1000/16156 hijacked=31
  checked 1500/16156 hijacked=39
  checked 2000/16156 hijacked=57
  checked 2500/16156 hijacked=67
  checked 3000/16156 hijacked=74
  checked 3500/16156 hijacked=83
  checked 4000/16156 hijacked=96
  checked 4500/16156 hijacked=110
  checked 5000/16156 hijacked=122
  checked 5500/16156 hijacked=132
  checked 6000/16156 hijacked=137
  checked 6500/16156 hijacked=148
  checked 7000/16156 hijacked=157
  checked 7500/16156 hijacked=163
  checked 8000/16156 hijacked=174
  checked 8500/16156 hijacked=184
  checked 9000/16156 hijacked=194
  checked 9500/16156 hijacked=200
  checked 10000/16156 hijacked=209
  checked 10500/16156 hijacked=223
  checked 11000/16156 hijacked=240
  checked 11500/16156 hijacked=256
  checked 12000/16156 hijacked=266
  checked 12500/16156 hijacked=280
  checked 13000/16156 hijacked=294
  checked 13500/16156 hijacked=308
  checked 14000/16156 hijacked=318
  checked 14500/16156 hijacked=329
  checked 15000/16156 hijacked=343
  checked 15500/16156 hijacked=346
  checked 16000/16156 hijacked=350
hijack_scan done: 352 hijacked removed, 15804 kept
cked=201
  checked 10000/16100 hijacked=213
  checked 10500/16100 hijacked=224
  checked 11000/16100 hijacked=242
  checked 11500/16100 hijacked=258
  checked 12000/16100 hijacked=267
  checked 12500/16100 hijacked=279
/opt/msray/collect_round.sh: line 32: scan.py: command not found
hijack_scan: 16140 active domains
  checked 500/16140 hijacked=16
  checked 1000/16140 hijacked=30
  checked 1500/16140 hijacked=37
  checked 2000/16140 hijacked=54
  checked 2500/16140 hijacked=65
  checked 3000/16140 hijacked=71
  checked 3500/16140 hijacked=80
  checked 4000/16140 hijacked=93
  checked 4500/16140 hijacked=107
  checked 5000/16140 hijacked=119
  checked 5500/16140 hijacked=128
  checked 6000/16140 hijacked=134
  checked 6500/16140 hijacked=145
  checked 7000/16140 hijacked=154
  checked 7500/16140 hijacked=161
  checked 8000/16140 hijacked=172
  checked 8500/16140 hijacked=182
  checked 9000/16140 hijacked=192
  checked 9500/16140 hijacked=198
  checked 10000/16140 hijacked=208
hijack_scan: already running, skip
  checked 10500/16140 hijacked=221
  checked 11000/16140 hijacked=238
  checked 11500/16140 hijacked=254
  checked 12000/16140 hijacked=263
  checked 12500/16140 hijacked=275
  checked 13000/16140 hijacked=289
hijack_scan: 16239 active domains
  checked 500/16239 hijacked=17
  checked 1000/16239 hijacked=31
  checked 1500/16239 hijacked=39
  checked 2000/16239 hijacked=56
  checked 2500/16239 hijacked=67
  checked 3000/16239 hijacked=74
  checked 3500/16239 hijacked=83
  checked 4000/16239 hijacked=96
  checked 4500/16239 hijacked=108
  checked 5000/16239 hijacked=120
  checked 5500/16239 hijacked=131
  checked 6000/16239 hijacked=136
  checked 6500/16239 hijacked=146
  checked 7000/16239 hijacked=157
hijack_scan: already running, skip
  checked 7500/16239 hijacked=162
  checked 8000/16239 hijacked=172
  checked 8500/16239 hijacked=182
  checked 9000/16239 hijacked=193
  checked 9500/16239 hijacked=199
  checked 10000/16239 hijacked=209
  checked 10500/16239 hijacked=222
  checked 11000/16239 hijacked=239
  checked 11500/16239 hijacked=252
  checked 12000/16239 hijacked=263
hijack_scan: 16187 active domains
  checked 500/16187 hijacked=17
  checked 1000/16187 hijacked=32
  checked 1500/16187 hijacked=40
  checked 2000/16187 hijacked=56
  checked 2500/16187 hijacked=68
  checked 3000/16187 hijacked=75
  checked 3500/16187 hijacked=84
  checked 4000/16187 hijacked=96
  checked 4500/16187 hijacked=111
  checked 5000/16187 hijacked=124
  checked 5500/16187 hijacked=134
  checked 6000/16187 hijacked=139
  checked 6500/16187 hijacked=150
  checked 7000/16187 hijacked=160
  checked 7500/16187 hijacked=165
  checked 8000/16187 hijacked=176
hijack_scan: already running, skip
  checked 8500/16187 hijacked=186
  checked 9000/16187 hijacked=196
  checked 9500/16187 hijacked=201
  checked 10000/16187 hijacked=211
  checked 10500/16187 hijacked=225
  checked 11000/16187 hijacked=242
  checked 11500/16187 hijacked=258
  checked 12000/16187 hijacked=268
  checked 12500/16187 hijacked=280
hijack_scan: 16240 active domains
  checked 500/16240 hijacked=17
  checked 1000/16240 hijacked=31
  checked 1500/16240 hijacked=39
  checked 2000/16240 hijacked=56
  checked 2500/16240 hijacked=67
  checked 3000/16240 hijacked=74
  checked 3500/16240 hijacked=84
  checked 4000/16240 hijacked=97
  checked 4500/16240 hijacked=112
  checked 5000/16240 hijacked=124
  checked 5500/16240 hijacked=135
  checked 6000/16240 hijacked=139
  checked 6500/16240 hijacked=150
  checked 7000/16240 hijacked=161
  checked 7500/16240 hijacked=166
hijack_scan: already running, skip
  checked 8000/16240 hijacked=177
  checked 8500/16240 hijacked=187
  checked 9000/16240 hijacked=198
  checked 9500/16240 hijacked=205
  checked 10000/16240 hijacked=215
  checked 10500/16240 hijacked=228
  checked 11000/16240 hijacked=244
  checked 11500/16240 hijacked=258
  checked 12000/16240 hijacked=269
  checked 12500/16240 hijacked=282
hijack_scan: 16311 active domains
  checked 500/16311 hijacked=17
  checked 1000/16311 hijacked=30
  checked 1500/16311 hijacked=38
  checked 2000/16311 hijacked=55
  checked 2500/16311 hijacked=66
  checked 3000/16311 hijacked=73
  checked 3500/16311 hijacked=81
  checked 4000/16311 hijacked=95
  checked 4500/16311 hijacked=110
  checked 5000/16311 hijacked=121
  checked 5500/16311 hijacked=133
  checked 6000/16311 hijacked=137
  checked 6500/16311 hijacked=148
hijack_scan: already running, skip
  checked 7000/16311 hijacked=159
  checked 7500/16311 hijacked=164
  checked 8000/16311 hijacked=174
  checked 8500/16311 hijacked=184
  checked 9000/16311 hijacked=195
  checked 9500/16311 hijacked=203
  checked 10000/16311 hijacked=211
  checked 10500/16311 hijacked=224
  checked 11000/16311 hijacked=241
  checked 11500/16311 hijacked=255
  checked 12000/16311 hijacked=268
  checked 12500/16311 hijacked=280
hijack_scan: 16317 active domains
  checked 500/16317 hijacked=17
  checked 1000/16317 hijacked=30
  checked 1500/16317 hijacked=39
  checked 2000/16317 hijacked=55
  checked 2500/16317 hijacked=66
  checked 3000/16317 hijacked=73
  checked 3500/16317 hijacked=81
  checked 4000/16317 hijacked=93
  checked 4500/16317 hijacked=108
  checked 5000/16317 hijacked=119
  checked 5500/16317 hijacked=131
  checked 6000/16317 hijacked=135
  checked 6500/16317 hijacked=146
  checked 7000/16317 hijacked=157
  checked 7500/16317 hijacked=162
  checked 8000/16317 hijacked=173
  checked 8500/16317 hijacked=183
  checked 9000/16317 hijacked=194
  checked 9500/16317 hijacked=202
hijack_scan: already running, skip
  checked 10000/16317 hijacked=210
  checked 10500/16317 hijacked=223
hijack_scan: 16359 active domains
  checked 500/16359 hijacked=15
  checked 1000/16359 hijacked=29
  checked 1500/16359 hijacked=37
  checked 2000/16359 hijacked=54
  checked 2500/16359 hijacked=65
  checked 3000/16359 hijacked=72
  checked 3500/16359 hijacked=80
  checked 4000/16359 hijacked=94
  checked 4500/16359 hijacked=109
  checked 5000/16359 hijacked=120
  checked 5500/16359 hijacked=132
  checked 6000/16359 hijacked=136
  checked 6500/16359 hijacked=147
  checked 7000/16359 hijacked=158
  checked 7500/16359 hijacked=163
  checked 8000/16359 hijacked=175
  checked 8500/16359 hijacked=184
  checked 9000/16359 hijacked=196
  checked 9500/16359 hijacked=204
  checked 10000/16359 hijacked=212
  checked 10500/16359 hijacked=224
hijack_scan: 25819 active domains
  checked 500/25819 hijacked=23
  checked 1000/25819 hijacked=51
  checked 1500/25819 hijacked=64
  checked 2000/25819 hijacked=70
  checked 2500/25819 hijacked=87
  checked 3000/25819 hijacked=112
  checked 3500/25819 hijacked=124
  checked 4000/25819 hijacked=137
  checked 4500/25819 hijacked=143
  checked 5000/25819 hijacked=146
  checked 5500/25819 hijacked=154
  checked 6000/25819 hijacked=167
  checked 6500/25819 hijacked=178
  checked 7000/25819 hijacked=190
  checked 7500/25819 hijacked=202
  checked 8000/25819 hijacked=213
  checked 8500/25819 hijacked=221
  checked 9000/25819 hijacked=228
  checked 9500/25819 hijacked=236
  checked 10000/25819 hijacked=244
  checked 10500/25819 hijacked=254
hijack_scan: 22549 active domains
  checked 500/22549 hijacked=24
  checked 1000/22549 hijacked=49
  checked 1500/22549 hijacked=56
  checked 2000/22549 hijacked=66
  checked 2500/22549 hijacked=88
  checked 3000/22549 hijacked=99
  checked 3500/22549 hijacked=111
  checked 4000/22549 hijacked=116
  checked 4500/22549 hijacked=119
  checked 5000/22549 hijacked=131
  checked 5500/22549 hijacked=147
  checked 6000/22549 hijacked=157
  checked 6500/22549 hijacked=170
  checked 7000/22549 hijacked=180
  checked 7500/22549 hijacked=189
  checked 8000/22549 hijacked=196
  checked 8500/22549 hijacked=207
  checked 9000/22549 hijacked=215
  checked 9500/22549 hijacked=230
hijack_scan: 26334 active domains
  checked 500/26334 hijacked=26
  checked 1000/26334 hijacked=48
  checked 1500/26334 hijacked=57
  checked 2000/26334 hijacked=66
  checked 2500/26334 hijacked=77
  checked 3000/26334 hijacked=98
  checked 3500/26334 hijacked=110
  checked 4000/26334 hijacked=124
  checked 4500/26334 hijacked=131
  checked 5000/26334 hijacked=133
  checked 5500/26334 hijacked=141
  checked 6000/26334 hijacked=152
  checked 6500/26334 hijacked=167
  checked 7000/26334 hijacked=178
  checked 7500/26334 hijacked=191
  checked 8000/26334 hijacked=200
  checked 8500/26334 hijacked=208
  checked 9000/26334 hijacked=217
  checked 9500/26334 hijacked=229
  checked 10000/26334 hijacked=240
  checked 10500/26334 hijacked=249
  checked 11000/26334 hijacked=264
hijack_scan: 29532 active domains
  checked 500/29532 hijacked=19
  checked 1000/29532 hijacked=37
  checked 1500/29532 hijacked=54
  checked 2000/29532 hijacked=64
  checked 2500/29532 hijacked=69
  checked 3000/29532 hijacked=78
  checked 3500/29532 hijacked=104
  checked 4000/29532 hijacked=116
  checked 4500/29532 hijacked=134
  checked 5000/29532 hijacked=141
  checked 5500/29532 hijacked=145
  checked 6000/29532 hijacked=148
  checked 6500/29532 hijacked=160
  checked 7000/29532 hijacked=170
  checked 7500/29532 hijacked=185
  checked 8000/29532 hijacked=194
  checked 8500/29532 hijacked=207
  checked 9000/29532 hijacked=217
  checked 9500/29532 hijacked=226
  checked 10000/29532 hijacked=234
  checked 10500/29532 hijacked=241
  checked 11000/29532 hijacked=253
  checked 11500/29532 hijacked=265
  checked 12000/29532 hijacked=275
  checked 12500/29532 hijacked=292
hijack_scan: 32969 active domains
  checked 500/32969 hijacked=22
  checked 1000/32969 hijacked=37
  checked 1500/32969 hijacked=60
  checked 2000/32969 hijacked=65
  checked 2500/32969 hijacked=74
  checked 3000/32969 hijacked=83
  checked 3500/32969 hijacked=105
  checked 4000/32969 hijacked=117
  checked 4500/32969 hijacked=138
  checked 5000/32969 hijacked=149
  checked 5500/32969 hijacked=157
  checked 6000/32969 hijacked=163
  checked 6500/32969 hijacked=166
  checked 7000/32969 hijacked=174
  checked 7500/32969 hijacked=186
  checked 8000/32969 hijacked=200
  checked 8500/32969 hijacked=215
  checked 9000/32969 hijacked=225
  checked 9500/32969 hijacked=236
  checked 10000/32969 hijacked=246
  checked 10500/32969 hijacked=256
  checked 11000/32969 hijacked=264
  checked 11500/32969 hijacked=271
  checked 12000/32969 hijacked=284
hijack_scan: 35696 active domains
  checked 500/35696 hijacked=18
  checked 1000/35696 hijacked=33
  checked 1500/35696 hijacked=56
  checked 2000/35696 hijacked=63
  checked 2500/35696 hijacked=73
  checked 3000/35696 hijacked=79
  checked 3500/35696 hijacked=91
  checked 4000/35696 hijacked=114
  checked 4500/35696 hijacked=125
  checked 5000/35696 hijacked=152
  checked 5500/35696 hijacked=158
  checked 6000/35696 hijacked=167
  checked 6500/35696 hijacked=171
  checked 7000/35696 hijacked=175
  checked 7500/35696 hijacked=182
  checked 8000/35696 hijacked=195
  checked 8500/35696 hijacked=205
  checked 9000/35696 hijacked=221
  checked 9500/35696 hijacked=231
  checked 10000/35696 hijacked=245
  checked 10500/35696 hijacked=257
hijack_scan: 38929 active domains
  checked 500/38929 hijacked=18
  checked 1000/38929 hijacked=33
  checked 1500/38929 hijacked=54
  checked 2000/38929 hijacked=63
  checked 2500/38929 hijacked=73
  checked 3000/38929 hijacked=78
  checked 3500/38929 hijacked=86
  checked 4000/38929 hijacked=94
  checked 4500/38929 hijacked=120
  checked 5000/38929 hijacked=136
  checked 5500/38929 hijacked=160
  checked 6000/38929 hijacked=164
  checked 6500/38929 hijacked=172
  checked 7000/38929 hijacked=176
  checked 7500/38929 hijacked=180
  checked 8000/38929 hijacked=187
  checked 8500/38929 hijacked=197
  checked 9000/38929 hijacked=206
  checked 9500/38929 hijacked=220
  checked 10000/38929 hijacked=232
hijack_scan: 41671 active domains
  checked 500/41671 hijacked=18
  checked 1000/41671 hijacked=32
  checked 1500/41671 hijacked=47
  checked 2000/41671 hijacked=63
  checked 2500/41671 hijacked=69
  checked 3000/41671 hijacked=76
  checked 3500/41671 hijacked=82
  checked 4000/41671 hijacked=90
  checked 4500/41671 hijacked=113
  checked 5000/41671 hijacked=125
  checked 5500/41671 hijacked=149
  checked 6000/41671 hijacked=157
  checked 6500/41671 hijacked=161
  checked 7000/41671 hijacked=167
  checked 7500/41671 hijacked=170
  checked 8000/41671 hijacked=174
  checked 8500/41671 hijacked=183
  checked 9000/41671 hijacked=193
  checked 9500/41671 hijacked=200
  checked 10000/41671 hijacked=204
  checked 10500/41671 hijacked=216
hijack_scan: 25969 active domains
  checked 500/25969 hijacked=28
  checked 1000/25969 hijacked=59
  checked 1500/25969 hijacked=66
  checked 2000/25969 hijacked=74
  checked 2500/25969 hijacked=82
  checked 3000/25969 hijacked=107
  checked 3500/25969 hijacked=120
  checked 4000/25969 hijacked=147
  checked 4500/25969 hijacked=155
  checked 5000/25969 hijacked=164
  checked 5500/25969 hijacked=168
  checked 6000/25969 hijacked=184
  checked 6500/25969 hijacked=194
  checked 7000/25969 hijacked=206
  checked 7500/25969 hijacked=219
  checked 8000/25969 hijacked=231
  checked 8500/25969 hijacked=241
  checked 9000/25969 hijacked=250
  checked 9500/25969 hijacked=263
  checked 10000/25969 hijacked=281
  checked 10500/25969 hijacked=294
  checked 11000/25969 hijacked=301
  checked 11500/25969 hijacked=311
  checked 12000/25969 hijacked=327
  checked 12500/25969 hijacked=338
  checked 13000/25969 hijacked=352
  checked 13500/25969 hijacked=363
hijack_scan: 21492 active domains
  checked 500/21492 hijacked=37
  checked 1000/21492 hijacked=50
  checked 1500/21492 hijacked=69
  checked 2000/21492 hijacked=85
  checked 2500/21492 hijacked=110
  checked 3000/21492 hijacked=116
  checked 3500/21492 hijacked=123
  checked 4000/21492 hijacked=147
  checked 4500/21492 hijacked=167
  checked 5000/21492 hijacked=175
  checked 5500/21492 hijacked=188
  checked 6000/21492 hijacked=201
  checked 6500/21492 hijacked=216
  checked 7000/21492 hijacked=235
  checked 7500/21492 hijacked=246
  checked 8000/21492 hijacked=267
  checked 8500/21492 hijacked=286
  checked 9000/21492 hijacked=302
  checked 9500/21492 hijacked=308
  checked 10000/21492 hijacked=322
  checked 10500/21492 hijacked=332
  checked 11000/21492 hijacked=346
  checked 11500/21492 hijacked=361
  checked 12000/21492 hijacked=370
  checked 12500/21492 hijacked=376
  checked 13000/21492 hijacked=393
  checked 13500/21492 hijacked=408
  checked 14000/21492 hijacked=423
  checked 14500/21492 hijacked=443
  checked 15000/21492 hijacked=451
  checked 15500/21492 hijacked=463
  checked 16000/21492 hijacked=479
  checked 16500/21492 hijacked=492
  checked 17000/21492 hijacked=510
  checked 17500/21492 hijacked=530
  checked 18000/21492 hijacked=550
hijack_scan: 18424 active domains
  checked 500/18424 hijacked=39
  checked 1000/18424 hijacked=53
  checked 1500/18424 hijacked=74
  checked 2000/18424 hijacked=94
  checked 2500/18424 hijacked=118
  checked 3000/18424 hijacked=124
  checked 3500/18424 hijacked=133
  checked 4000/18424 hijacked=142
  checked 4500/18424 hijacked=166
  checked 5000/18424 hijacked=185
  checked 5500/18424 hijacked=195
  checked 6000/18424 hijacked=208
  checked 6500/18424 hijacked=219
  checked 7000/18424 hijacked=233
  checked 7500/18424 hijacked=255
  checked 8000/18424 hijacked=266
  checked 8500/18424 hijacked=287
  checked 9000/18424 hijacked=300
  checked 9500/18424 hijacked=317
  checked 10000/18424 hijacked=328
  checked 10500/18424 hijacked=343
  checked 11000/18424 hijacked=353
  checked 11500/18424 hijacked=379
  checked 12000/18424 hijacked=396
  checked 12500/18424 hijacked=412
  checked 13000/18424 hijacked=427
  checked 13500/18424 hijacked=450
  checked 14000/18424 hijacked=457
  checked 14500/18424 hijacked=478
  checked 15000/18424 hijacked=502
  checked 15500/18424 hijacked=531
  checked 16000/18424 hijacked=543
  checked 16500/18424 hijacked=557
  checked 17000/18424 hijacked=565
  checked 17500/18424 hijacked=576
  checked 18000/18424 hijacked=585
hijack_scan: 19540 active domains
  checked 500/19540 hijacked=40
  checked 1000/19540 hijacked=57
  checked 1500/19540 hijacked=87
  checked 2000/19540 hijacked=126
  checked 2500/19540 hijacked=137
  checked 3000/19540 hijacked=143
  checked 3500/19540 hijacked=172
  checked 4000/19540 hijacked=198
  checked 4500/19540 hijacked=213
  checked 5000/19540 hijacked=225
  checked 5500/19540 hijacked=237
  checked 6000/19540 hijacked=251
  checked 6500/19540 hijacked=275
  checked 7000/19540 hijacked=292
  checked 7500/19540 hijacked=313
  checked 8000/19540 hijacked=326
  checked 8500/19540 hijacked=351
  checked 9000/19540 hijacked=366
  checked 9500/19540 hijacked=386
  checked 10000/19540 hijacked=398
  checked 10500/19540 hijacked=404
  checked 11000/19540 hijacked=421
  checked 11500/19540 hijacked=443
  checked 12000/19540 hijacked=464
  checked 12500/19540 hijacked=484
  checked 13000/19540 hijacked=502
  checked 13500/19540 hijacked=527
hijack_scan: 19061 active domains
  checked 500/19061 hijacked=20
  checked 1000/19061 hijacked=53
  checked 1500/19061 hijacked=67
  checked 2000/19061 hijacked=97
  checked 2500/19061 hijacked=134
  checked 3000/19061 hijacked=149
  checked 3500/19061 hijacked=153
  checked 4000/19061 hijacked=168
  checked 4500/19061 hijacked=198
  checked 5000/19061 hijacked=222
  checked 5500/19061 hijacked=234
  checked 6000/19061 hijacked=244
  checked 6500/19061 hijacked=258
  checked 7000/19061 hijacked=275
hijack_scan: 15445 active domains
  checked 500/15445 hijacked=39
  checked 1000/15445 hijacked=65
  checked 1500/15445 hijacked=81
  checked 2000/15445 hijacked=121
  checked 2500/15445 hijacked=152
  checked 3000/15445 hijacked=162
  checked 3500/15445 hijacked=192
  checked 4000/15445 hijacked=216
  checked 4500/15445 hijacked=231
  checked 5000/15445 hijacked=241
  checked 5500/15445 hijacked=261
  checked 6000/15445 hijacked=284
  checked 6500/15445 hijacked=298
  checked 7000/15445 hijacked=317
  checked 7500/15445 hijacked=332
  checked 8000/15445 hijacked=351
  checked 8500/15445 hijacked=367
  checked 9000/15445 hijacked=381
  checked 9500/15445 hijacked=402
  checked 10000/15445 hijacked=420
  checked 10500/15445 hijacked=441
hijack_scan: 14208 active domains
  checked 500/14208 hijacked=36
  checked 1000/14208 hijacked=55
  checked 1500/14208 hijacked=78
  checked 2000/14208 hijacked=112
  checked 2500/14208 hijacked=125
  checked 3000/14208 hijacked=149
  checked 3500/14208 hijacked=181
  checked 4000/14208 hijacked=195
  checked 4500/14208 hijacked=205
  checked 5000/14208 hijacked=227
  checked 5500/14208 hijacked=257
  checked 6000/14208 hijacked=278
  checked 6500/14208 hijacked=300
  checked 7000/14208 hijacked=316
  checked 7500/14208 hijacked=335
  checked 8000/14208 hijacked=355
  checked 8500/14208 hijacked=372
  checked 9000/14208 hijacked=395
  checked 9500/14208 hijacked=409
  checked 10000/14208 hijacked=448
  checked 10500/14208 hijacked=485
  checked 11000/14208 hijacked=513
  checked 11500/14208 hijacked=541
  checked 12000/14208 hijacked=562
hijack_scan: 13165 active domains
  checked 500/13165 hijacked=39
  checked 1000/13165 hijacked=64
  checked 1500/13165 hijacked=97
  checked 2000/13165 hijacked=135
  checked 2500/13165 hijacked=146
  checked 3000/13165 hijacked=177
  checked 3500/13165 hijacked=212
  checked 4000/13165 hijacked=229
  checked 4500/13165 hijacked=253
  checked 5000/13165 hijacked=267
  checked 5500/13165 hijacked=284
  checked 6000/13165 hijacked=301
  checked 6500/13165 hijacked=320
  checked 7000/13165 hijacked=340
  checked 7500/13165 hijacked=360
  checked 8000/13165 hijacked=379
  checked 8500/13165 hijacked=403
  checked 9000/13165 hijacked=433
  checked 9500/13165 hijacked=472
  checked 10000/13165 hijacked=506
  checked 10500/13165 hijacked=531
  checked 11000/13165 hijacked=555
  checked 11500/13165 hijacked=578
  checked 12000/13165 hijacked=595
  checked 12500/13165 hijacked=607
  checked 13000/13165 hijacked=627
hijack_scan done: 630 hijacked removed, 12535 kept
hijack_scan: 14023 active domains
  checked 500/14023 hijacked=36
  checked 1000/14023 hijacked=60
  checked 1500/14023 hijacked=77
  checked 2000/14023 hijacked=126
  checked 2500/14023 hijacked=147
  checked 3000/14023 hijacked=173
  checked 3500/14023 hijacked=190
  checked 4000/14023 hijacked=216
  checked 4500/14023 hijacked=233
  checked 5000/14023 hijacked=253
  checked 5500/14023 hijacked=267
  checked 6000/14023 hijacked=284
  checked 6500/14023 hijacked=301
  checked 7000/14023 hijacked=319
  checked 7500/14023 hijacked=339
  checked 8000/14023 hijacked=355
  checked 8500/14023 hijacked=373
  checked 9000/14023 hijacked=398
  checked 9500/14023 hijacked=414
  checked 10000/14023 hijacked=461
  checked 10500/14023 hijacked=489
  checked 11000/14023 hijacked=513
  checked 11500/14023 hijacked=545
  checked 12000/14023 hijacked=567
  checked 12500/14023 hijacked=585
hijack_scan: 13131 active domains
  checked 500/13131 hijacked=38
  checked 1000/13131 hijacked=62
  checked 1500/13131 hijacked=94
  checked 2000/13131 hijacked=137
  checked 2500/13131 hijacked=147
  checked 3000/13131 hijacked=184
  checked 3500/13131 hijacked=212
  checked 4000/13131 hijacked=226
  checked 4500/13131 hijacked=246
  checked 5000/13131 hijacked=264
  checked 5500/13131 hijacked=279
  checked 6000/13131 hijacked=298
  checked 6500/13131 hijacked=313
  checked 7000/13131 hijacked=330
  checked 7500/13131 hijacked=350
  checked 8000/13131 hijacked=369
  checked 8500/13131 hijacked=392
  checked 9000/13131 hijacked=424
  checked 9500/13131 hijacked=463
  checked 10000/13131 hijacked=498
  checked 10500/13131 hijacked=525
  checked 11000/13131 hijacked=547
hijack_scan: 13816 active domains
  checked 500/13816 hijacked=38
  checked 1000/13816 hijacked=65
  checked 1500/13816 hijacked=96
  checked 2000/13816 hijacked=134
  checked 2500/13816 hijacked=152
  checked 3000/13816 hijacked=191
  checked 3500/13816 hijacked=222
  checked 4000/13816 hijacked=237
  checked 4500/13816 hijacked=258
  checked 5000/13816 hijacked=275
  checked 5500/13816 hijacked=296
  checked 6000/13816 hijacked=307
  checked 6500/13816 hijacked=326
  checked 7000/13816 hijacked=344
  checked 7500/13816 hijacked=365
  checked 8000/13816 hijacked=383
  checked 8500/13816 hijacked=403
  checked 9000/13816 hijacked=428
  checked 9500/13816 hijacked=456
  checked 10000/13816 hijacked=496
  checked 10500/13816 hijacked=534
  checked 11000/13816 hijacked=557
  checked 11500/13816 hijacked=583
  checked 12000/13816 hijacked=603
