Hydra v9.2 (c) 2021 by van Hauser/THC & David Maciejak - Please do not use in military or secret service organizations, or for illegal purposes (this is non-binding, these *** ignore laws and ethics anyway).

Hydra (https://github.com/vanhauser-thc/thc-hydra) starting at 2026-07-30 02:57:42
Hydra v9.2 (c) 2021 by van Hauser/THC & David Maciejak - Please do not use in military or secret service organizations, or for illegal purposes (this is non-binding, these *** ignore laws and ethics anyway).

Hydra (https://github.com/vanhauser-thc/thc-hydra) starting at 2026-07-30 02:57:42
Hydra v9.2 (c) 2021 by van Hauser/THC & David Maciejak - Please do not use in military or secret service organizations, or for illegal purposes (this is non-binding, these *** ignore laws and ethics anyway).

Hydra (https://github.com/vanhauser-thc/thc-hydra) starting at 2026-07-30 02:57:42
Hydra v9.2 (c) 2021 by van Hauser/THC & David Maciejak - Please do not use in military or secret service organizations, or for illegal purposes (this is non-binding, these *** ignore laws and ethics anyway).

Hydra (https://github.com/vanhauser-thc/thc-hydra) starting at 2026-07-30 02:57:42
Hydra v9.2 (c) 2021 by van Hauser/THC & David Maciejak - Please do not use in military or secret service organizations, or for illegal purposes (this is non-binding, these *** ignore laws and ethics anyway).

Hydra (https://github.com/vanhauser-thc/thc-hydra) starting at 2026-07-30 02:57:42
Hydra v9.2 (c) 2021 by van Hauser/THC & David Maciejak - Please do not use in military or secret service organizations, or for illegal purposes (this is non-binding, these *** ignore laws and ethics anyway).

Hydra (https://github.com/vanhauser-thc/thc-hydra) starting at 2026-07-30 02:57:42
Hydra v9.2 (c) 2021 by van Hauser/THC & David Maciejak - Please do not use in military or secret service organizations, or for illegal purposes (this is non-binding, these *** ignore laws and ethics anyway).

Hydra (https://github.com/vanhauser-thc/thc-hydra) starting at 2026-07-30 02:57:42
Hydra v9.2 (c) 2021 by van Hauser/THC & David Maciejak - Please do not use in military or secret service organizations, or for illegal purposes (this is non-binding, these *** ignore laws and ethics anyway).

Hydra (https://github.com/vanhauser-thc/thc-hydra) starting at 2026-07-30 02:57:42
Hydra v9.2 (c) 2021 by van Hauser/THC & David Maciejak - Please do not use in military or secret service organizations, or for illegal purposes (this is non-binding, these *** ignore laws and ethics anyway).

Hydra (https://github.com/vanhauser-thc/thc-hydra) starting at 2026-07-30 02:57:42
[WARNING] Restorefile (you have 10 seconds to abort... (use option -I to skip waiting)) from a previous session found, to prevent overwriting, ./hydra.restore
[WARNING] Restorefile (you have 10 seconds to abort... (use option -I to skip waiting)) from a previous session found, to prevent overwriting, ./hydra.restore
[WARNING] Restorefile (you have 10 seconds to abort... (use option -I to skip waiting)) from a previous session found, to prevent overwriting, ./hydra.restore
[WARNING] Restorefile (you have 10 seconds to abort... (use option -I to skip waiting)) from a previous session found, to prevent overwriting, ./hydra.restore
Hydra v9.2 (c) 2021 by van Hauser/THC & David Maciejak - Please do not use in military or secret service organizations, or for illegal purposes (this is non-binding, these *** ignore laws and ethics anyway).

Hydra (https://github.com/vanhauser-thc/thc-hydra) starting at 2026-07-30 02:57:42
[WARNING] Restorefile (you have 10 seconds to abort... (use option -I to skip waiting)) from a previous session found, to prevent overwriting, ./hydra.restore
Hydra v9.2 (c) 2021 by van Hauser/THC & David Maciejak - Please do not use in military or secret service organizations, or for illegal purposes (this is non-binding, these *** ignore laws and ethics anyway).

Hydra (https://github.com/vanhauser-thc/thc-hydra) starting at 2026-07-30 02:57:42
[WARNING] Restorefile (you have 10 seconds to abort... (use option -I to skip waiting)) from a previous session found, to prevent overwriting, ./hydra.restore
[WARNING] Restorefile (you have 10 seconds to abort... (use option -I to skip waiting)) from a previous session found, to prevent overwriting, ./hydra.restore
[WARNING] Restorefile (you have 10 seconds to abort... (use option -I to skip waiting)) from a previous session found, to prevent overwriting, ./hydra.restore
[WARNING] Restorefile (you have 10 seconds to abort... (use option -I to skip waiting)) from a previous session found, to prevent overwriting, ./hydra.restore
[WARNING] Restorefile (you have 10 seconds to abort... (use option -I to skip waiting)) from a previous session found, to prevent overwriting, ./hydra.restore
[WARNING] Restorefile (you have 10 seconds to abort... (use option -I to skip waiting)) from a previous session found, to prevent overwriting, ./hydra.restore
[DATA] max 4 tasks per 1 server, overall 4 tasks, 201612 login tries (l:2/p:100806), ~50403 tries per task
[DATA] attacking ssh://120.79.25.110:22/
[DATA] max 4 tasks per 1 server, overall 4 tasks, 201612 login tries (l:2/p:100806), ~50403 tries per task
[DATA] attacking ssh://39.105.214.62:22/
[DATA] max 4 tasks per 1 server, overall 4 tasks, 201612 login tries (l:2/p:100806), ~50403 tries per task
[DATA] attacking ssh://221.231.138.20:22/
[DATA] max 4 tasks per 1 server, overall 4 tasks, 201612 login tries (l:2/p:100806), ~50403 tries per task
[DATA] attacking ssh://211.149.134.208:22/
[DATA] max 4 tasks per 1 server, overall 4 tasks, 201612 login tries (l:2/p:100806), ~50403 tries per task
[DATA] attacking ssh://8.163.125.53:22/
[DATA] max 4 tasks per 1 server, overall 4 tasks, 201612 login tries (l:2/p:100806), ~50403 tries per task
[DATA] attacking ssh://39.107.121.176:22/
[DATA] max 4 tasks per 1 server, overall 4 tasks, 201612 login tries (l:2/p:100806), ~50403 tries per task
[DATA] attacking ssh://47.92.148.167:22/
[DATA] max 4 tasks per 1 server, overall 4 tasks, 201612 login tries (l:2/p:100806), ~50403 tries per task
[DATA] attacking ssh://123.56.153.233:22/
[DATA] max 4 tasks per 1 server, overall 4 tasks, 201612 login tries (l:2/p:100806), ~50403 tries per task
[DATA] attacking ssh://8.140.56.65:22/
[DATA] max 4 tasks per 1 server, overall 4 tasks, 201612 login tries (l:2/p:100806), ~50403 tries per task
[DATA] attacking ssh://120.78.12.36:22/
[DATA] max 4 tasks per 1 server, overall 4 tasks, 201612 login tries (l:2/p:100806), ~50403 tries per task
[DATA] attacking ssh://106.53.203.14:22/
[ERROR] could not connect to ssh://221.231.138.20:22 - Timeout connecting to 221.231.138.20
[STATUS] 44.00 tries/min, 44 tries in 00:01h, 201568 to do in 76:22h, 4 active
[STATUS] 41.00 tries/min, 41 tries in 00:01h, 201571 to do in 81:57h, 4 active
[STATUS] 34.00 tries/min, 34 tries in 00:01h, 201578 to do in 98:49h, 4 active
[STATUS] 44.00 tries/min, 44 tries in 00:01h, 201568 to do in 76:22h, 4 active
[STATUS] 38.00 tries/min, 38 tries in 00:01h, 201574 to do in 88:25h, 4 active
[STATUS] 44.00 tries/min, 44 tries in 00:01h, 201568 to do in 76:22h, 4 active
[STATUS] 44.00 tries/min, 44 tries in 00:01h, 201568 to do in 76:22h, 4 active
[STATUS] 44.00 tries/min, 44 tries in 00:01h, 201568 to do in 76:22h, 4 active
[STATUS] 44.00 tries/min, 44 tries in 00:01h, 201568 to do in 76:22h, 4 active
[STATUS] 29.00 tries/min, 29 tries in 00:01h, 201583 to do in 115:52h, 4 active
The session file ./hydra.restore was written. Type "hydra -R" to resume session.
The session file ./hydra.restore was written. Type "hydra -R" to resume session.
The session file ./hydra.restore was written. Type "hydra -R" to resume session.
The session file ./hydra.restore was written. Type "hydra -R" to resume session.
The session file ./hydra.restore was written. Type "hydra -R" to resume session.
The session file ./hydra.restore was written. Type "hydra -R" to resume session.
The session file ./hydra.restore was written. Type "hydra -R" to resume session.
The session file ./hydra.restore was written. Type "hydra -R" to resume session.
The session file ./hydra.restore was written. Type "hydra -R" to resume session.
The session file ./hydra.restore was written. Type "hydra -R" to resume session.
