Hydra v9.2 (c) 2021 by van Hauser/THC & David Maciejak - Please do not use in military or secret service organizations, or for illegal purposes (this is non-binding, these *** ignore laws and ethics anyway).

Hydra (https://github.com/vanhauser-thc/thc-hydra) starting at 2026-07-30 03:00:29
[WARNING] the rdp module is experimental. Please test, report - and if possible, fix.
[WARNING] Restorefile (you have 10 seconds to abort... (use option -I to skip waiting)) from a previous session found, to prevent overwriting, ./hydra.restore
[DATA] max 1 task per 1 server, overall 1 task, 100806 login tries (l:1/p:100806), ~100806 tries per task
[DATA] attacking rdp://221.231.138.20:3389/
[ERROR] freerdp: The connection failed to establish.
[ERROR] freerdp: The connection failed to establish.
[ERROR] freerdp: The connection failed to establish.
The session file ./hydra.restore was written. Type "hydra -R" to resume session.
Hydra v9.2 (c) 2021 by van Hauser/THC & David Maciejak - Please do not use in military or secret service organizations, or for illegal purposes (this is non-binding, these *** ignore laws and ethics anyway).

Hydra (https://github.com/vanhauser-thc/thc-hydra) starting at 2026-07-30 03:01:59
[WARNING] the rdp module is experimental. Please test, report - and if possible, fix.
[DATA] max 1 task per 1 server, overall 1 task, 100806 login tries (l:1/p:100806), ~100806 tries per task
[DATA] attacking rdp://221.231.138.20:3389/
[ERROR] freerdp: The connection failed to establish.
[ERROR] freerdp: The connection failed to establish.
[ERROR] freerdp: The connection failed to establish.
[STATUS] 4.00 tries/min, 4 tries in 00:01h, 100805 to do in 420:02h, 1 active
[ERROR] freerdp: The connection failed to establish.
[ERROR] freerdp: The connection failed to establish.
[ERROR] freerdp: The connection failed to establish.
[ERROR] freerdp: The connection failed to establish.
[ERROR] freerdp: The connection failed to establish.
[ERROR] freerdp: The connection failed to establish.
[ERROR] freerdp: The connection failed to establish.
[ERROR] freerdp: The connection failed to establish.
[STATUS] 4.00 tries/min, 12 tries in 00:03h, 100797 to do in 419:60h, 1 active
[ERROR] freerdp: The connection failed to establish.
[ERROR] freerdp: The connection failed to establish.
[ERROR] freerdp: The connection failed to establish.
[ERROR] freerdp: The connection failed to establish.
[ERROR] freerdp: The connection failed to establish.
[ERROR] freerdp: The connection failed to establish.
[ERROR] freerdp: The connection failed to establish.
[ERROR] freerdp: The connection failed to establish.
[ERROR] freerdp: The connection failed to establish.
[ERROR] freerdp: The connection failed to establish.
[ERROR] freerdp: The connection failed to establish.
[ERROR] freerdp: The connection failed to establish.
[ERROR] freerdp: The connection failed to establish.
[ERROR] freerdp: The connection failed to establish.
[ERROR] freerdp: The connection failed to establish.
The session file ./hydra.restore was written. Type "hydra -R" to resume session.
