ip_collect: 1330 domains -> 1055 unique IPs
Ps
IPCOL_DONE
ip_collect v2: 1330 domains -> 1056 unique IPs
ip_collect v2: 1358 domains -> 1077 unique IPs
ip_collect v2: 1330 domains -> 1052 unique IPs
ip_collect v2: 5947 domains -> 1550 unique IPs
ip_collect v2: 5894 domains -> 1524 unique IPs
ip_collect v2: 5943 domains -> 1547 unique IPs
ip_collect v2: 5894 domains -> 1520 unique IPs
ip_collect v2: 9662 domains -> 1928 unique IPs
ip_collect v2: 9607 domains -> 1898 unique IPs
Traceback (most recent call last):
  File "/opt/msray/ip_collect.py", line 46, in <module>
    main()
  File "/opt/msray/ip_collect.py", line 30, in main
    for fut in as_completed(futs, timeout=120):
  File "/usr/lib/python3.10/concurrent/futures/_base.py", line 241, in as_completed
    raise TimeoutError(
concurrent.futures._base.TimeoutError: 6 (of 13831) futures unfinished
Traceback (most recent call last):
  File "/opt/msray/ip_collect.py", line 46, in <module>
    main()
  File "/opt/msray/ip_collect.py", line 30, in main
    for fut in as_completed(futs, timeout=120):
  File "/usr/lib/python3.10/concurrent/futures/_base.py", line 241, in as_completed
    raise TimeoutError(
concurrent.futures._base.TimeoutError: 7 (of 13769) futures unfinished
Traceback (most recent call last):
  File "/opt/msray/ip_collect.py", line 46, in <module>
    main()
  File "/opt/msray/ip_collect.py", line 30, in main
    for fut in as_completed(futs, timeout=120):
  File "/usr/lib/python3.10/concurrent/futures/_base.py", line 241, in as_completed
    raise TimeoutError(
concurrent.futures._base.TimeoutError: 2464 (of 15618) futures unfinished
Traceback (most recent call last):
  File "/opt/msray/ip_collect.py", line 46, in <module>
    main()
  File "/opt/msray/ip_collect.py", line 30, in main
    for fut in as_completed(futs, timeout=120):
  File "/usr/lib/python3.10/concurrent/futures/_base.py", line 241, in as_completed
    raise TimeoutError(
concurrent.futures._base.TimeoutError: 1612 (of 15564) futures unfinished
Traceback (most recent call last):
  File "/opt/msray/ip_collect.py", line 46, in <module>
    main()
  File "/opt/msray/ip_collect.py", line 30, in main
    for fut in as_completed(futs, timeout=120):
  File "/usr/lib/python3.10/concurrent/futures/_base.py", line 241, in as_completed
    raise TimeoutError(
concurrent.futures._base.TimeoutError: 3382 (of 18013) futures unfinished
Traceback (most recent call last):
  File "/opt/msray/ip_collect.py", line 46, in <module>
    main()
  File "/opt/msray/ip_collect.py", line 30, in main
    for fut in as_completed(futs, timeout=120):
  File "/usr/lib/python3.10/concurrent/futures/_base.py", line 241, in as_completed
    raise TimeoutError(
concurrent.futures._base.TimeoutError: 2776 (of 17965) futures unfinished
Traceback (most recent call last):
  File "/opt/msray/ip_collect.py", line 46, in <module>
    main()
  File "/opt/msray/ip_collect.py", line 30, in main
    for fut in as_completed(futs, timeout=120):
  File "/usr/lib/python3.10/concurrent/futures/_base.py", line 241, in as_completed
    raise TimeoutError(
concurrent.futures._base.TimeoutError: 10491 (of 19073) futures unfinished
Traceback (most recent call last):
  File "/opt/msray/ip_collect.py", line 46, in <module>
    main()
  File "/opt/msray/ip_collect.py", line 30, in main
    for fut in as_completed(futs, timeout=120):
  File "/usr/lib/python3.10/concurrent/futures/_base.py", line 241, in as_completed
    raise TimeoutError(
concurrent.futures._base.TimeoutError: 11780 (of 18965) futures unfinished
Traceback (most recent call last):
  File "/opt/msray/ip_collect.py", line 46, in <module>
    main()
  File "/opt/msray/ip_collect.py", line 30, in main
    for fut in as_completed(futs, timeout=120):
  File "/usr/lib/python3.10/concurrent/futures/_base.py", line 241, in as_completed
    raise TimeoutError(
concurrent.futures._base.TimeoutError: 11844 (of 19149) futures unfinished
Traceback (most recent call last):
  File "/opt/msray/ip_collect.py", line 46, in <module>
    main()
  File "/opt/msray/ip_collect.py", line 30, in main
    for fut in as_completed(futs, timeout=120):
  File "/usr/lib/python3.10/concurrent/futures/_base.py", line 241, in as_completed
    raise TimeoutError(
concurrent.futures._base.TimeoutError: 7692 (of 19132) futures unfinished
Traceback (most recent call last):
  File "/opt/msray/ip_collect.py", line 46, in <module>
    main()
  File "/opt/msray/ip_collect.py", line 30, in main
    for fut in as_completed(futs, timeout=120):
  File "/usr/lib/python3.10/concurrent/futures/_base.py", line 241, in as_completed
    raise TimeoutError(
concurrent.futures._base.TimeoutError: 3267 (of 19229) futures unfinished
Traceback (most recent call last):
  File "/opt/msray/ip_collect.py", line 46, in <module>
    main()
  File "/opt/msray/ip_collect.py", line 30, in main
    for fut in as_completed(futs, timeout=120):
  File "/usr/lib/python3.10/concurrent/futures/_base.py", line 241, in as_completed
    raise TimeoutError(
concurrent.futures._base.TimeoutError: 3539 (of 19229) futures unfinished
Traceback (most recent call last):
  File "/opt/msray/ip_collect.py", line 46, in <module>
    main()
  File "/opt/msray/ip_collect.py", line 30, in main
    for fut in as_completed(futs, timeout=120):
  File "/usr/lib/python3.10/concurrent/futures/_base.py", line 241, in as_completed
    raise TimeoutError(
concurrent.futures._base.TimeoutError: 2179 (of 19489) futures unfinished
Traceback (most recent call last):
  File "/opt/msray/ip_collect.py", line 46, in <module>
    main()
  File "/opt/msray/ip_collect.py", line 30, in main
    for fut in as_completed(futs, timeout=120):
  File "/usr/lib/python3.10/concurrent/futures/_base.py", line 241, in as_completed
    raise TimeoutError(
concurrent.futures._base.TimeoutError: 2022 (of 19478) futures unfinished
Traceback (most recent call last):
  File "/opt/msray/ip_collect.py", line 46, in <module>
    main()
  File "/opt/msray/ip_collect.py", line 30, in main
    for fut in as_completed(futs, timeout=120):
  File "/usr/lib/python3.10/concurrent/futures/_base.py", line 241, in as_completed
    raise TimeoutError(
concurrent.futures._base.TimeoutError: 4676 (of 19837) futures unfinished
Traceback (most recent call last):
  File "/opt/msray/ip_collect.py", line 46, in <module>
    main()
  File "/opt/msray/ip_collect.py", line 30, in main
    for fut in as_completed(futs, timeout=120):
  File "/usr/lib/python3.10/concurrent/futures/_base.py", line 241, in as_completed
    raise TimeoutError(
concurrent.futures._base.TimeoutError: 5559 (of 19828) futures unfinished
Traceback (most recent call last):
  File "/opt/msray/ip_collect.py", line 46, in <module>
    main()
  File "/opt/msray/ip_collect.py", line 30, in main
    for fut in as_completed(futs, timeout=120):
  File "/usr/lib/python3.10/concurrent/futures/_base.py", line 241, in as_completed
    raise TimeoutError(
concurrent.futures._base.TimeoutError: 2998 (of 20295) futures unfinished
Traceback (most recent call last):
  File "/opt/msray/ip_collect.py", line 46, in <module>
    main()
  File "/opt/msray/ip_collect.py", line 30, in main
    for fut in as_completed(futs, timeout=120):
  File "/usr/lib/python3.10/concurrent/futures/_base.py", line 241, in as_completed
    raise TimeoutError(
concurrent.futures._base.TimeoutError: 4492 (of 20311) futures unfinished
Traceback (most recent call last):
  File "/opt/msray/ip_collect.py", line 46, in <module>
    main()
  File "/opt/msray/ip_collect.py", line 30, in main
    for fut in as_completed(futs, timeout=120):
  File "/usr/lib/python3.10/concurrent/futures/_base.py", line 241, in as_completed
    raise TimeoutError(
concurrent.futures._base.TimeoutError: 2421 (of 20654) futures unfinished
Traceback (most recent call last):
  File "/opt/msray/ip_collect.py", line 46, in <module>
    main()
  File "/opt/msray/ip_collect.py", line 30, in main
    for fut in as_completed(futs, timeout=120):
  File "/usr/lib/python3.10/concurrent/futures/_base.py", line 241, in as_completed
    raise TimeoutError(
concurrent.futures._base.TimeoutError: 1776 (of 20654) futures unfinished
Traceback (most recent call last):
  File "/opt/msray/ip_collect.py", line 46, in <module>
    main()
  File "/opt/msray/ip_collect.py", line 30, in main
    for fut in as_completed(futs, timeout=120):
  File "/usr/lib/python3.10/concurrent/futures/_base.py", line 241, in as_completed
    raise TimeoutError(
concurrent.futures._base.TimeoutError: 3037 (of 21076) futures unfinished
Traceback (most recent call last):
  File "/opt/msray/ip_collect.py", line 46, in <module>
    main()
  File "/opt/msray/ip_collect.py", line 30, in main
    for fut in as_completed(futs, timeout=120):
  File "/usr/lib/python3.10/concurrent/futures/_base.py", line 241, in as_completed
    raise TimeoutError(
concurrent.futures._base.TimeoutError: 4127 (of 21076) futures unfinished
Traceback (most recent call last):
  File "/opt/msray/ip_collect.py", line 46, in <module>
    main()
  File "/opt/msray/ip_collect.py", line 30, in main
    for fut in as_completed(futs, timeout=120):
  File "/usr/lib/python3.10/concurrent/futures/_base.py", line 241, in as_completed
    raise TimeoutError(
concurrent.futures._base.TimeoutError: 3874 (of 21450) futures unfinished
Traceback (most recent call last):
  File "/opt/msray/ip_collect.py", line 46, in <module>
    main()
  File "/opt/msray/ip_collect.py", line 30, in main
    for fut in as_completed(futs, timeout=120):
  File "/usr/lib/python3.10/concurrent/futures/_base.py", line 241, in as_completed
    raise TimeoutError(
concurrent.futures._base.TimeoutError: 3762 (of 21450) futures unfinished
Traceback (most recent call last):
  File "/opt/msray/ip_collect.py", line 46, in <module>
    main()
  File "/opt/msray/ip_collect.py", line 30, in main
    for fut in as_completed(futs, timeout=120):
  File "/usr/lib/python3.10/concurrent/futures/_base.py", line 241, in as_completed
    raise TimeoutError(
concurrent.futures._base.TimeoutError: 4654 (of 21945) futures unfinished
Traceback (most recent call last):
  File "/opt/msray/ip_collect.py", line 46, in <module>
    main()
  File "/opt/msray/ip_collect.py", line 30, in main
    for fut in as_completed(futs, timeout=120):
  File "/usr/lib/python3.10/concurrent/futures/_base.py", line 241, in as_completed
    raise TimeoutError(
concurrent.futures._base.TimeoutError: 7227 (of 21945) futures unfinished
Traceback (most recent call last):
  File "/opt/msray/ip_collect.py", line 46, in <module>
    main()
  File "/opt/msray/ip_collect.py", line 30, in main
    for fut in as_completed(futs, timeout=120):
  File "/usr/lib/python3.10/concurrent/futures/_base.py", line 241, in as_completed
    raise TimeoutError(
concurrent.futures._base.TimeoutError: 8777 (of 22459) futures unfinished
Traceback (most recent call last):
  File "/opt/msray/ip_collect.py", line 46, in <module>
    main()
  File "/opt/msray/ip_collect.py", line 30, in main
    for fut in as_completed(futs, timeout=120):
  File "/usr/lib/python3.10/concurrent/futures/_base.py", line 241, in as_completed
    raise TimeoutError(
concurrent.futures._base.TimeoutError: 7115 (of 22459) futures unfinished
Traceback (most recent call last):
  File "/opt/msray/ip_collect.py", line 46, in <module>
    main()
  File "/opt/msray/ip_collect.py", line 30, in main
    for fut in as_completed(futs, timeout=120):
  File "/usr/lib/python3.10/concurrent/futures/_base.py", line 241, in as_completed
    raise TimeoutError(
concurrent.futures._base.TimeoutError: 7395 (of 22821) futures unfinished
Traceback (most recent call last):
  File "/opt/msray/ip_collect.py", line 46, in <module>
    main()
  File "/opt/msray/ip_collect.py", line 30, in main
    for fut in as_completed(futs, timeout=120):
  File "/usr/lib/python3.10/concurrent/futures/_base.py", line 241, in as_completed
    raise TimeoutError(
concurrent.futures._base.TimeoutError: 7960 (of 22822) futures unfinished
Traceback (most recent call last):
  File "/opt/msray/ip_collect.py", line 46, in <module>
    main()
  File "/opt/msray/ip_collect.py", line 30, in main
    for fut in as_completed(futs, timeout=120):
  File "/usr/lib/python3.10/concurrent/futures/_base.py", line 241, in as_completed
    raise TimeoutError(
concurrent.futures._base.TimeoutError: 9067 (of 23301) futures unfinished
Traceback (most recent call last):
  File "/opt/msray/ip_collect.py", line 46, in <module>
    main()
  File "/opt/msray/ip_collect.py", line 30, in main
    for fut in as_completed(futs, timeout=120):
  File "/usr/lib/python3.10/concurrent/futures/_base.py", line 241, in as_completed
    raise TimeoutError(
concurrent.futures._base.TimeoutError: 7735 (of 23294) futures unfinished
Traceback (most recent call last):
  File "/opt/msray/ip_collect.py", line 46, in <module>
    main()
  File "/opt/msray/ip_collect.py", line 30, in main
    for fut in as_completed(futs, timeout=120):
  File "/usr/lib/python3.10/concurrent/futures/_base.py", line 241, in as_completed
    raise TimeoutError(
concurrent.futures._base.TimeoutError: 8649 (of 23882) futures unfinished
Traceback (most recent call last):
  File "/opt/msray/ip_collect.py", line 46, in <module>
    main()
  File "/opt/msray/ip_collect.py", line 30, in main
    for fut in as_completed(futs, timeout=120):
  File "/usr/lib/python3.10/concurrent/futures/_base.py", line 241, in as_completed
    raise TimeoutError(
concurrent.futures._base.TimeoutError: 7594 (of 23890) futures unfinished
Traceback (most recent call last):
  File "/opt/msray/ip_collect.py", line 46, in <module>
    main()
  File "/opt/msray/ip_collect.py", line 30, in main
    for fut in as_completed(futs, timeout=120):
  File "/usr/lib/python3.10/concurrent/futures/_base.py", line 241, in as_completed
    raise TimeoutError(
concurrent.futures._base.TimeoutError: 11398 (of 24564) futures unfinished
Traceback (most recent call last):
  File "/opt/msray/ip_collect.py", line 46, in <module>
    main()
  File "/opt/msray/ip_collect.py", line 30, in main
    for fut in as_completed(futs, timeout=120):
  File "/usr/lib/python3.10/concurrent/futures/_base.py", line 241, in as_completed
    raise TimeoutError(
concurrent.futures._base.TimeoutError: 11105 (of 24562) futures unfinished
Traceback (most recent call last):
  File "/opt/msray/ip_collect.py", line 46, in <module>
    main()
  File "/opt/msray/ip_collect.py", line 30, in main
    for fut in as_completed(futs, timeout=120):
  File "/usr/lib/python3.10/concurrent/futures/_base.py", line 241, in as_completed
    raise TimeoutError(
concurrent.futures._base.TimeoutError: 14671 (of 25049) futures unfinished
Traceback (most recent call last):
  File "/opt/msray/ip_collect.py", line 46, in <module>
    main()
  File "/opt/msray/ip_collect.py", line 30, in main
    for fut in as_completed(futs, timeout=120):
  File "/usr/lib/python3.10/concurrent/futures/_base.py", line 241, in as_completed
    raise TimeoutError(
concurrent.futures._base.TimeoutError: 12647 (of 25052) futures unfinished
Traceback (most recent call last):
  File "/opt/msray/ip_collect.py", line 46, in <module>
    main()
  File "/opt/msray/ip_collect.py", line 30, in main
    for fut in as_completed(futs, timeout=120):
  File "/usr/lib/python3.10/concurrent/futures/_base.py", line 241, in as_completed
    raise TimeoutError(
concurrent.futures._base.TimeoutError: 13668 (of 25933) futures unfinished
Traceback (most recent call last):
  File "/opt/msray/ip_collect.py", line 46, in <module>
    main()
  File "/opt/msray/ip_collect.py", line 30, in main
    for fut in as_completed(futs, timeout=120):
  File "/usr/lib/python3.10/concurrent/futures/_base.py", line 241, in as_completed
    raise TimeoutError(
concurrent.futures._base.TimeoutError: 14020 (of 25947) futures unfinished
Traceback (most recent call last):
  File "/opt/msray/ip_collect.py", line 46, in <module>
    main()
  File "/opt/msray/ip_collect.py", line 30, in main
    for fut in as_completed(futs, timeout=120):
  File "/usr/lib/python3.10/concurrent/futures/_base.py", line 241, in as_completed
    raise TimeoutError(
concurrent.futures._base.TimeoutError: 12903 (of 25947) futures unfinished
Traceback (most recent call last):
  File "/opt/msray/ip_collect.py", line 46, in <module>
    main()
  File "/opt/msray/ip_collect.py", line 30, in main
    for fut in as_completed(futs, timeout=120):
  File "/usr/lib/python3.10/concurrent/futures/_base.py", line 241, in as_completed
    raise TimeoutError(
concurrent.futures._base.TimeoutError: 14170 (of 25978) futures unfinished
Traceback (most recent call last):
  File "/opt/msray/ip_collect.py", line 46, in <module>
    main()
  File "/opt/msray/ip_collect.py", line 30, in main
    for fut in as_completed(futs, timeout=120):
  File "/usr/lib/python3.10/concurrent/futures/_base.py", line 241, in as_completed
    raise TimeoutError(
concurrent.futures._base.TimeoutError: 10877 (of 25978) futures unfinished
Traceback (most recent call last):
  File "/opt/msray/ip_collect.py", line 46, in <module>
    main()
  File "/opt/msray/ip_collect.py", line 30, in main
    for fut in as_completed(futs, timeout=120):
  File "/usr/lib/python3.10/concurrent/futures/_base.py", line 241, in as_completed
    raise TimeoutError(
concurrent.futures._base.TimeoutError: 13082 (of 26028) futures unfinished
Traceback (most recent call last):
  File "/opt/msray/ip_collect.py", line 46, in <module>
    main()
  File "/opt/msray/ip_collect.py", line 30, in main
    for fut in as_completed(futs, timeout=120):
  File "/usr/lib/python3.10/concurrent/futures/_base.py", line 241, in as_completed
    raise TimeoutError(
concurrent.futures._base.TimeoutError: 12382 (of 26028) futures unfinished
Traceback (most recent call last):
  File "/opt/msray/ip_collect.py", line 46, in <module>
    main()
  File "/opt/msray/ip_collect.py", line 30, in main
    for fut in as_completed(futs, timeout=120):
  File "/usr/lib/python3.10/concurrent/futures/_base.py", line 241, in as_completed
    raise TimeoutError(
concurrent.futures._base.TimeoutError: 10746 (of 26059) futures unfinished
Traceback (most recent call last):
  File "/opt/msray/ip_collect.py", line 46, in <module>
    main()
  File "/opt/msray/ip_collect.py", line 30, in main
    for fut in as_completed(futs, timeout=120):
  File "/usr/lib/python3.10/concurrent/futures/_base.py", line 241, in as_completed
    raise TimeoutError(
concurrent.futures._base.TimeoutError: 11270 (of 26121) futures unfinished
Traceback (most recent call last):
  File "/opt/msray/ip_collect.py", line 46, in <module>
    main()
  File "/opt/msray/ip_collect.py", line 30, in main
    for fut in as_completed(futs, timeout=120):
  File "/usr/lib/python3.10/concurrent/futures/_base.py", line 241, in as_completed
    raise TimeoutError(
concurrent.futures._base.TimeoutError: 10580 (of 26115) futures unfinished
Traceback (most recent call last):
  File "/opt/msray/ip_collect.py", line 46, in <module>
    main()
  File "/opt/msray/ip_collect.py", line 30, in main
    for fut in as_completed(futs, timeout=120):
  File "/usr/lib/python3.10/concurrent/futures/_base.py", line 241, in as_completed
    raise TimeoutError(
concurrent.futures._base.TimeoutError: 12283 (of 26115) futures unfinished
Traceback (most recent call last):
  File "/opt/msray/ip_collect.py", line 46, in <module>
    main()
  File "/opt/msray/ip_collect.py", line 30, in main
    for fut in as_completed(futs, timeout=120):
  File "/usr/lib/python3.10/concurrent/futures/_base.py", line 241, in as_completed
    raise TimeoutError(
concurrent.futures._base.TimeoutError: 10838 (of 26169) futures unfinished
Traceback (most recent call last):
  File "/opt/msray/ip_collect.py", line 46, in <module>
    main()
  File "/opt/msray/ip_collect.py", line 30, in main
    for fut in as_completed(futs, timeout=120):
  File "/usr/lib/python3.10/concurrent/futures/_base.py", line 241, in as_completed
    raise TimeoutError(
concurrent.futures._base.TimeoutError: 12929 (of 26169) futures unfinished
Traceback (most recent call last):
  File "/opt/msray/ip_collect.py", line 46, in <module>
    main()
  File "/opt/msray/ip_collect.py", line 30, in main
    for fut in as_completed(futs, timeout=120):
  File "/usr/lib/python3.10/concurrent/futures/_base.py", line 241, in as_completed
    raise TimeoutError(
concurrent.futures._base.TimeoutError: 11729 (of 26224) futures unfinished
Traceback (most recent call last):
  File "/opt/msray/ip_collect.py", line 46, in <module>
    main()
  File "/opt/msray/ip_collect.py", line 30, in main
    for fut in as_completed(futs, timeout=120):
  File "/usr/lib/python3.10/concurrent/futures/_base.py", line 241, in as_completed
    raise TimeoutError(
concurrent.futures._base.TimeoutError: 18191 (of 27095) futures unfinished
Traceback (most recent call last):
  File "/opt/msray/ip_collect.py", line 46, in <module>
    main()
  File "/opt/msray/ip_collect.py", line 30, in main
    for fut in as_completed(futs, timeout=120):
  File "/usr/lib/python3.10/concurrent/futures/_base.py", line 241, in as_completed
    raise TimeoutError(
concurrent.futures._base.TimeoutError: 13806 (of 27111) futures unfinished
Traceback (most recent call last):
  File "/opt/msray/ip_collect.py", line 46, in <module>
    main()
  File "/opt/msray/ip_collect.py", line 30, in main
    for fut in as_completed(futs, timeout=120):
  File "/usr/lib/python3.10/concurrent/futures/_base.py", line 241, in as_completed
    raise TimeoutError(
concurrent.futures._base.TimeoutError: 15385 (of 27193) futures unfinished
Traceback (most recent call last):
  File "/opt/msray/ip_collect.py", line 46, in <module>
    main()
  File "/opt/msray/ip_collect.py", line 30, in main
    for fut in as_completed(futs, timeout=120):
  File "/usr/lib/python3.10/concurrent/futures/_base.py", line 241, in as_completed
    raise TimeoutError(
concurrent.futures._base.TimeoutError: 15725 (of 27161) futures unfinished
Traceback (most recent call last):
  File "/opt/msray/ip_collect.py", line 46, in <module>
    main()
  File "/opt/msray/ip_collect.py", line 30, in main
    for fut in as_completed(futs, timeout=120):
  File "/usr/lib/python3.10/concurrent/futures/_base.py", line 241, in as_completed
    raise TimeoutError(
concurrent.futures._base.TimeoutError: 15107 (of 27161) futures unfinished
Traceback (most recent call last):
  File "/opt/msray/ip_collect.py", line 46, in <module>
    main()
  File "/opt/msray/ip_collect.py", line 30, in main
    for fut in as_completed(futs, timeout=120):
  File "/usr/lib/python3.10/concurrent/futures/_base.py", line 241, in as_completed
    raise TimeoutError(
concurrent.futures._base.TimeoutError: 14170 (of 27161) futures unfinished
Traceback (most recent call last):
  File "/opt/msray/ip_collect.py", line 46, in <module>
    main()
  File "/opt/msray/ip_collect.py", line 30, in main
    for fut in as_completed(futs, timeout=120):
  File "/usr/lib/python3.10/concurrent/futures/_base.py", line 241, in as_completed
    raise TimeoutError(
concurrent.futures._base.TimeoutError: 13739 (of 27161) futures unfinished
Traceback (most recent call last):
  File "/opt/msray/ip_collect.py", line 46, in <module>
    main()
  File "/opt/msray/ip_collect.py", line 30, in main
    for fut in as_completed(futs, timeout=120):
  File "/usr/lib/python3.10/concurrent/futures/_base.py", line 241, in as_completed
    raise TimeoutError(
concurrent.futures._base.TimeoutError: 12472 (of 27161) futures unfinished
Traceback (most recent call last):
  File "/opt/msray/ip_collect.py", line 46, in <module>
    main()
  File "/opt/msray/ip_collect.py", line 30, in main
    for fut in as_completed(futs, timeout=120):
  File "/usr/lib/python3.10/concurrent/futures/_base.py", line 241, in as_completed
    raise TimeoutError(
concurrent.futures._base.TimeoutError: 10673 (of 27628) futures unfinished
Traceback (most recent call last):
  File "/opt/msray/ip_collect.py", line 46, in <module>
    main()
  File "/opt/msray/ip_collect.py", line 30, in main
    for fut in as_completed(futs, timeout=120):
  File "/usr/lib/python3.10/concurrent/futures/_base.py", line 241, in as_completed
    raise TimeoutError(
concurrent.futures._base.TimeoutError: 9759 (of 27628) futures unfinished
Traceback (most recent call last):
  File "/opt/msray/ip_collect.py", line 46, in <module>
    main()
  File "/opt/msray/ip_collect.py", line 30, in main
    for fut in as_completed(futs, timeout=120):
  File "/usr/lib/python3.10/concurrent/futures/_base.py", line 241, in as_completed
    raise TimeoutError(
concurrent.futures._base.TimeoutError: 9735 (of 27997) futures unfinished
Traceback (most recent call last):
  File "/opt/msray/ip_collect.py", line 46, in <module>
    main()
  File "/opt/msray/ip_collect.py", line 30, in main
    for fut in as_completed(futs, timeout=120):
  File "/usr/lib/python3.10/concurrent/futures/_base.py", line 241, in as_completed
    raise TimeoutError(
concurrent.futures._base.TimeoutError: 11010 (of 27997) futures unfinished
Traceback (most recent call last):
  File "/opt/msray/ip_collect.py", line 46, in <module>
    main()
  File "/opt/msray/ip_collect.py", line 30, in main
    for fut in as_completed(futs, timeout=120):
  File "/usr/lib/python3.10/concurrent/futures/_base.py", line 241, in as_completed
    raise TimeoutError(
concurrent.futures._base.TimeoutError: 9808 (of 27997) futures unfinished
Traceback (most recent call last):
  File "/opt/msray/ip_collect.py", line 46, in <module>
    main()
  File "/opt/msray/ip_collect.py", line 30, in main
    for fut in as_completed(futs, timeout=120):
  File "/usr/lib/python3.10/concurrent/futures/_base.py", line 241, in as_completed
    raise TimeoutError(
concurrent.futures._base.TimeoutError: 10802 (of 27997) futures unfinished
Traceback (most recent call last):
  File "/opt/msray/ip_collect.py", line 46, in <module>
    main()
  File "/opt/msray/ip_collect.py", line 30, in main
    for fut in as_completed(futs, timeout=120):
  File "/usr/lib/python3.10/concurrent/futures/_base.py", line 241, in as_completed
    raise TimeoutError(
concurrent.futures._base.TimeoutError: 11628 (of 27997) futures unfinished
Traceback (most recent call last):
  File "/opt/msray/ip_collect.py", line 46, in <module>
    main()
  File "/opt/msray/ip_collect.py", line 30, in main
    for fut in as_completed(futs, timeout=120):
  File "/usr/lib/python3.10/concurrent/futures/_base.py", line 241, in as_completed
    raise TimeoutError(
concurrent.futures._base.TimeoutError: 10765 (of 27997) futures unfinished
Traceback (most recent call last):
  File "/opt/msray/ip_collect.py", line 46, in <module>
    main()
  File "/opt/msray/ip_collect.py", line 30, in main
    for fut in as_completed(futs, timeout=120):
  File "/usr/lib/python3.10/concurrent/futures/_base.py", line 241, in as_completed
    raise TimeoutError(
concurrent.futures._base.TimeoutError: 11917 (of 28982) futures unfinished
Traceback (most recent call last):
  File "/opt/msray/ip_collect.py", line 46, in <module>
    main()
  File "/opt/msray/ip_collect.py", line 30, in main
    for fut in as_completed(futs, timeout=120):
  File "/usr/lib/python3.10/concurrent/futures/_base.py", line 241, in as_completed
    raise TimeoutError(
concurrent.futures._base.TimeoutError: 13062 (of 28982) futures unfinished
Traceback (most recent call last):
  File "/opt/msray/ip_collect.py", line 46, in <module>
    main()
  File "/opt/msray/ip_collect.py", line 30, in main
    for fut in as_completed(futs, timeout=120):
  File "/usr/lib/python3.10/concurrent/futures/_base.py", line 241, in as_completed
    raise TimeoutError(
concurrent.futures._base.TimeoutError: 12229 (of 29677) futures unfinished
Traceback (most recent call last):
  File "/opt/msray/ip_collect.py", line 46, in <module>
    main()
  File "/opt/msray/ip_collect.py", line 30, in main
    for fut in as_completed(futs, timeout=120):
  File "/usr/lib/python3.10/concurrent/futures/_base.py", line 241, in as_completed
    raise TimeoutError(
concurrent.futures._base.TimeoutError: 13176 (of 29677) futures unfinished
Traceback (most recent call last):
  File "/opt/msray/ip_collect.py", line 46, in <module>
    main()
  File "/opt/msray/ip_collect.py", line 30, in main
    for fut in as_completed(futs, timeout=120):
  File "/usr/lib/python3.10/concurrent/futures/_base.py", line 241, in as_completed
    raise TimeoutError(
concurrent.futures._base.TimeoutError: 12039 (of 30274) futures unfinished
Traceback (most recent call last):
  File "/opt/msray/ip_collect.py", line 46, in <module>
    main()
  File "/opt/msray/ip_collect.py", line 30, in main
    for fut in as_completed(futs, timeout=120):
  File "/usr/lib/python3.10/concurrent/futures/_base.py", line 241, in as_completed
    raise TimeoutError(
concurrent.futures._base.TimeoutError: 15565 (of 30274) futures unfinished
Traceback (most recent call last):
  File "/opt/msray/ip_collect.py", line 46, in <module>
    main()
  File "/opt/msray/ip_collect.py", line 30, in main
    for fut in as_completed(futs, timeout=120):
  File "/usr/lib/python3.10/concurrent/futures/_base.py", line 241, in as_completed
    raise TimeoutError(
concurrent.futures._base.TimeoutError: 14906 (of 30753) futures unfinished
Traceback (most recent call last):
  File "/opt/msray/ip_collect.py", line 46, in <module>
    main()
  File "/opt/msray/ip_collect.py", line 30, in main
    for fut in as_completed(futs, timeout=120):
  File "/usr/lib/python3.10/concurrent/futures/_base.py", line 241, in as_completed
    raise TimeoutError(
concurrent.futures._base.TimeoutError: 15119 (of 30753) futures unfinished
Traceback (most recent call last):
  File "/opt/msray/ip_collect.py", line 46, in <module>
    main()
  File "/opt/msray/ip_collect.py", line 30, in main
    for fut in as_completed(futs, timeout=120):
  File "/usr/lib/python3.10/concurrent/futures/_base.py", line 241, in as_completed
    raise TimeoutError(
concurrent.futures._base.TimeoutError: 16017 (of 31311) futures unfinished
Traceback (most recent call last):
  File "/opt/msray/ip_collect.py", line 46, in <module>
    main()
  File "/opt/msray/ip_collect.py", line 30, in main
    for fut in as_completed(futs, timeout=120):
  File "/usr/lib/python3.10/concurrent/futures/_base.py", line 241, in as_completed
    raise TimeoutError(
concurrent.futures._base.TimeoutError: 16371 (of 31298) futures unfinished
Traceback (most recent call last):
  File "/opt/msray/ip_collect.py", line 46, in <module>
    main()
  File "/opt/msray/ip_collect.py", line 30, in main
    for fut in as_completed(futs, timeout=120):
  File "/usr/lib/python3.10/concurrent/futures/_base.py", line 241, in as_completed
    raise TimeoutError(
concurrent.futures._base.TimeoutError: 16467 (of 31751) futures unfinished
Traceback (most recent call last):
  File "/opt/msray/ip_collect.py", line 46, in <module>
    main()
  File "/opt/msray/ip_collect.py", line 30, in main
    for fut in as_completed(futs, timeout=120):
  File "/usr/lib/python3.10/concurrent/futures/_base.py", line 241, in as_completed
    raise TimeoutError(
concurrent.futures._base.TimeoutError: 16087 (of 31742) futures unfinished
Traceback (most recent call last):
  File "/opt/msray/ip_collect.py", line 46, in <module>
    main()
  File "/opt/msray/ip_collect.py", line 30, in main
    for fut in as_completed(futs, timeout=120):
  File "/usr/lib/python3.10/concurrent/futures/_base.py", line 241, in as_completed
    raise TimeoutError(
concurrent.futures._base.TimeoutError: 19025 (of 32234) futures unfinished
Traceback (most recent call last):
  File "/opt/msray/ip_collect.py", line 46, in <module>
    main()
  File "/opt/msray/ip_collect.py", line 30, in main
    for fut in as_completed(futs, timeout=120):
  File "/usr/lib/python3.10/concurrent/futures/_base.py", line 241, in as_completed
    raise TimeoutError(
concurrent.futures._base.TimeoutError: 17802 (of 32207) futures unfinished
Traceback (most recent call last):
  File "/opt/msray/ip_collect.py", line 46, in <module>
    main()
  File "/opt/msray/ip_collect.py", line 30, in main
    for fut in as_completed(futs, timeout=120):
  File "/usr/lib/python3.10/concurrent/futures/_base.py", line 241, in as_completed
    raise TimeoutError(
concurrent.futures._base.TimeoutError: 20901 (of 32619) futures unfinished
Traceback (most recent call last):
  File "/opt/msray/ip_collect.py", line 46, in <module>
    main()
  File "/opt/msray/ip_collect.py", line 30, in main
    for fut in as_completed(futs, timeout=120):
  File "/usr/lib/python3.10/concurrent/futures/_base.py", line 241, in as_completed
    raise TimeoutError(
concurrent.futures._base.TimeoutError: 19573 (of 32590) futures unfinished
Traceback (most recent call last):
  File "/opt/msray/ip_collect.py", line 46, in <module>
    main()
  File "/opt/msray/ip_collect.py", line 30, in main
    for fut in as_completed(futs, timeout=120):
  File "/usr/lib/python3.10/concurrent/futures/_base.py", line 241, in as_completed
    raise TimeoutError(
concurrent.futures._base.TimeoutError: 19195 (of 33292) futures unfinished
Traceback (most recent call last):
  File "/opt/msray/ip_collect.py", line 46, in <module>
    main()
  File "/opt/msray/ip_collect.py", line 30, in main
    for fut in as_completed(futs, timeout=120):
  File "/usr/lib/python3.10/concurrent/futures/_base.py", line 241, in as_completed
    raise TimeoutError(
concurrent.futures._base.TimeoutError: 21899 (of 33269) futures unfinished
Traceback (most recent call last):
  File "/opt/msray/ip_collect.py", line 46, in <module>
    main()
  File "/opt/msray/ip_collect.py", line 30, in main
    for fut in as_completed(futs, timeout=120):
  File "/usr/lib/python3.10/concurrent/futures/_base.py", line 241, in as_completed
    raise TimeoutError(
concurrent.futures._base.TimeoutError: 21931 (of 33860) futures unfinished
Traceback (most recent call last):
  File "/opt/msray/ip_collect.py", line 46, in <module>
    main()
  File "/opt/msray/ip_collect.py", line 30, in main
    for fut in as_completed(futs, timeout=120):
  File "/usr/lib/python3.10/concurrent/futures/_base.py", line 241, in as_completed
    raise TimeoutError(
concurrent.futures._base.TimeoutError: 19748 (of 33849) futures unfinished
Traceback (most recent call last):
  File "/opt/msray/ip_collect.py", line 46, in <module>
    main()
  File "/opt/msray/ip_collect.py", line 30, in main
    for fut in as_completed(futs, timeout=120):
  File "/usr/lib/python3.10/concurrent/futures/_base.py", line 241, in as_completed
    raise TimeoutError(
concurrent.futures._base.TimeoutError: 20700 (of 34573) futures unfinished
Traceback (most recent call last):
  File "/opt/msray/ip_collect.py", line 46, in <module>
    main()
  File "/opt/msray/ip_collect.py", line 30, in main
    for fut in as_completed(futs, timeout=120):
  File "/usr/lib/python3.10/concurrent/futures/_base.py", line 241, in as_completed
    raise TimeoutError(
concurrent.futures._base.TimeoutError: 21183 (of 34554) futures unfinished
Traceback (most recent call last):
  File "/opt/msray/ip_collect.py", line 46, in <module>
    main()
  File "/opt/msray/ip_collect.py", line 30, in main
    for fut in as_completed(futs, timeout=120):
  File "/usr/lib/python3.10/concurrent/futures/_base.py", line 241, in as_completed
    raise TimeoutError(
concurrent.futures._base.TimeoutError: 20073 (of 35227) futures unfinished
Traceback (most recent call last):
  File "/opt/msray/ip_collect.py", line 46, in <module>
    main()
  File "/opt/msray/ip_collect.py", line 30, in main
    for fut in as_completed(futs, timeout=120):
  File "/usr/lib/python3.10/concurrent/futures/_base.py", line 241, in as_completed
    raise TimeoutError(
concurrent.futures._base.TimeoutError: 20012 (of 35238) futures unfinished
Traceback (most recent call last):
  File "/opt/msray/ip_collect.py", line 46, in <module>
    main()
  File "/opt/msray/ip_collect.py", line 30, in main
    for fut in as_completed(futs, timeout=120):
  File "/usr/lib/python3.10/concurrent/futures/_base.py", line 241, in as_completed
    raise TimeoutError(
concurrent.futures._base.TimeoutError: 19745 (of 35675) futures unfinished
Traceback (most recent call last):
  File "/opt/msray/ip_collect.py", line 46, in <module>
    main()
  File "/opt/msray/ip_collect.py", line 30, in main
    for fut in as_completed(futs, timeout=120):
  File "/usr/lib/python3.10/concurrent/futures/_base.py", line 241, in as_completed
    raise TimeoutError(
concurrent.futures._base.TimeoutError: 22606 (of 35679) futures unfinished
Traceback (most recent call last):
  File "/opt/msray/ip_collect.py", line 46, in <module>
    main()
  File "/opt/msray/ip_collect.py", line 30, in main
    for fut in as_completed(futs, timeout=120):
  File "/usr/lib/python3.10/concurrent/futures/_base.py", line 241, in as_completed
    raise TimeoutError(
concurrent.futures._base.TimeoutError: 21788 (of 36368) futures unfinished
Traceback (most recent call last):
  File "/opt/msray/ip_collect.py", line 46, in <module>
    main()
  File "/opt/msray/ip_collect.py", line 30, in main
    for fut in as_completed(futs, timeout=120):
  File "/usr/lib/python3.10/concurrent/futures/_base.py", line 241, in as_completed
    raise TimeoutError(
concurrent.futures._base.TimeoutError: 21029 (of 36367) futures unfinished
Traceback (most recent call last):
  File "/opt/msray/ip_collect.py", line 46, in <module>
    main()
  File "/opt/msray/ip_collect.py", line 30, in main
    for fut in as_completed(futs, timeout=120):
  File "/usr/lib/python3.10/concurrent/futures/_base.py", line 241, in as_completed
    raise TimeoutError(
concurrent.futures._base.TimeoutError: 23010 (of 37116) futures unfinished
Traceback (most recent call last):
  File "/opt/msray/ip_collect.py", line 46, in <module>
    main()
  File "/opt/msray/ip_collect.py", line 30, in main
    for fut in as_completed(futs, timeout=120):
  File "/usr/lib/python3.10/concurrent/futures/_base.py", line 241, in as_completed
    raise TimeoutError(
concurrent.futures._base.TimeoutError: 22512 (of 37124) futures unfinished
Traceback (most recent call last):
  File "/opt/msray/ip_collect.py", line 46, in <module>
    main()
  File "/opt/msray/ip_collect.py", line 30, in main
    for fut in as_completed(futs, timeout=120):
  File "/usr/lib/python3.10/concurrent/futures/_base.py", line 241, in as_completed
    raise TimeoutError(
concurrent.futures._base.TimeoutError: 24871 (of 37825) futures unfinished
Traceback (most recent call last):
  File "/opt/msray/ip_collect.py", line 46, in <module>
    main()
  File "/opt/msray/ip_collect.py", line 30, in main
    for fut in as_completed(futs, timeout=120):
  File "/usr/lib/python3.10/concurrent/futures/_base.py", line 241, in as_completed
    raise TimeoutError(
concurrent.futures._base.TimeoutError: 22691 (of 37831) futures unfinished
Traceback (most recent call last):
  File "/opt/msray/ip_collect.py", line 46, in <module>
    main()
  File "/opt/msray/ip_collect.py", line 30, in main
    for fut in as_completed(futs, timeout=120):
  File "/usr/lib/python3.10/concurrent/futures/_base.py", line 241, in as_completed
    raise TimeoutError(
concurrent.futures._base.TimeoutError: 25159 (of 38337) futures unfinished
Traceback (most recent call last):
  File "/opt/msray/ip_collect.py", line 46, in <module>
    main()
  File "/opt/msray/ip_collect.py", line 30, in main
    for fut in as_completed(futs, timeout=120):
  File "/usr/lib/python3.10/concurrent/futures/_base.py", line 241, in as_completed
    raise TimeoutError(
concurrent.futures._base.TimeoutError: 26480 (of 38756) futures unfinished
Traceback (most recent call last):
  File "/opt/msray/ip_collect.py", line 46, in <module>
    main()
  File "/opt/msray/ip_collect.py", line 30, in main
    for fut in as_completed(futs, timeout=120):
  File "/usr/lib/python3.10/concurrent/futures/_base.py", line 241, in as_completed
    raise TimeoutError(
concurrent.futures._base.TimeoutError: 27795 (of 39565) futures unfinished
Traceback (most recent call last):
  File "/opt/msray/ip_collect.py", line 46, in <module>
    main()
  File "/opt/msray/ip_collect.py", line 30, in main
    for fut in as_completed(futs, timeout=120):
  File "/usr/lib/python3.10/concurrent/futures/_base.py", line 241, in as_completed
    raise TimeoutError(
concurrent.futures._base.TimeoutError: 25969 (of 40169) futures unfinished
Traceback (most recent call last):
  File "/opt/msray/ip_collect.py", line 46, in <module>
    main()
  File "/opt/msray/ip_collect.py", line 30, in main
    for fut in as_completed(futs, timeout=120):
  File "/usr/lib/python3.10/concurrent/futures/_base.py", line 241, in as_completed
    raise TimeoutError(
concurrent.futures._base.TimeoutError: 25067 (of 40169) futures unfinished
Traceback (most recent call last):
  File "/opt/msray/ip_collect.py", line 46, in <module>
    main()
  File "/opt/msray/ip_collect.py", line 30, in main
    for fut in as_completed(futs, timeout=120):
  File "/usr/lib/python3.10/concurrent/futures/_base.py", line 241, in as_completed
    raise TimeoutError(
concurrent.futures._base.TimeoutError: 26329 (of 40693) futures unfinished
Traceback (most recent call last):
  File "/opt/msray/ip_collect.py", line 46, in <module>
    main()
  File "/opt/msray/ip_collect.py", line 30, in main
    for fut in as_completed(futs, timeout=120):
  File "/usr/lib/python3.10/concurrent/futures/_base.py", line 241, in as_completed
    raise TimeoutError(
concurrent.futures._base.TimeoutError: 25286 (of 40693) futures unfinished
Traceback (most recent call last):
  File "/opt/msray/ip_collect.py", line 46, in <module>
    main()
  File "/opt/msray/ip_collect.py", line 30, in main
    for fut in as_completed(futs, timeout=120):
  File "/usr/lib/python3.10/concurrent/futures/_base.py", line 241, in as_completed
    raise TimeoutError(
concurrent.futures._base.TimeoutError: 22840 (of 41184) futures unfinished
Traceback (most recent call last):
  File "/opt/msray/ip_collect.py", line 46, in <module>
    main()
  File "/opt/msray/ip_collect.py", line 30, in main
    for fut in as_completed(futs, timeout=120):
  File "/usr/lib/python3.10/concurrent/futures/_base.py", line 241, in as_completed
    raise TimeoutError(
concurrent.futures._base.TimeoutError: 25360 (of 41184) futures unfinished
Traceback (most recent call last):
  File "/opt/msray/ip_collect.py", line 46, in <module>
    main()
  File "/opt/msray/ip_collect.py", line 30, in main
    for fut in as_completed(futs, timeout=120):
  File "/usr/lib/python3.10/concurrent/futures/_base.py", line 241, in as_completed
    raise TimeoutError(
concurrent.futures._base.TimeoutError: 24471 (of 41666) futures unfinished
Traceback (most recent call last):
  File "/opt/msray/ip_collect.py", line 46, in <module>
    main()
  File "/opt/msray/ip_collect.py", line 30, in main
    for fut in as_completed(futs, timeout=120):
  File "/usr/lib/python3.10/concurrent/futures/_base.py", line 241, in as_completed
    raise TimeoutError(
concurrent.futures._base.TimeoutError: 26043 (of 41666) futures unfinished
Traceback (most recent call last):
  File "/opt/msray/ip_collect.py", line 46, in <module>
    main()
  File "/opt/msray/ip_collect.py", line 30, in main
    for fut in as_completed(futs, timeout=120):
  File "/usr/lib/python3.10/concurrent/futures/_base.py", line 241, in as_completed
    raise TimeoutError(
concurrent.futures._base.TimeoutError: 25577 (of 41666) futures unfinished
Traceback (most recent call last):
  File "/opt/msray/ip_collect.py", line 46, in <module>
    main()
  File "/opt/msray/ip_collect.py", line 30, in main
    for fut in as_completed(futs, timeout=120):
  File "/usr/lib/python3.10/concurrent/futures/_base.py", line 241, in as_completed
    raise TimeoutError(
concurrent.futures._base.TimeoutError: 24499 (of 41666) futures unfinished
Traceback (most recent call last):
  File "/opt/msray/ip_collect.py", line 46, in <module>
    main()
  File "/opt/msray/ip_collect.py", line 30, in main
    for fut in as_completed(futs, timeout=120):
  File "/usr/lib/python3.10/concurrent/futures/_base.py", line 241, in as_completed
    raise TimeoutError(
concurrent.futures._base.TimeoutError: 24792 (of 41666) futures unfinished
Traceback (most recent call last):
  File "/opt/msray/ip_collect.py", line 46, in <module>
    main()
  File "/opt/msray/ip_collect.py", line 30, in main
    for fut in as_completed(futs, timeout=120):
  File "/usr/lib/python3.10/concurrent/futures/_base.py", line 241, in as_completed
    raise TimeoutError(
concurrent.futures._base.TimeoutError: 24297 (of 41666) futures unfinished
Traceback (most recent call last):
  File "/opt/msray/ip_collect.py", line 46, in <module>
    main()
  File "/opt/msray/ip_collect.py", line 30, in main
    for fut in as_completed(futs, timeout=120):
  File "/usr/lib/python3.10/concurrent/futures/_base.py", line 241, in as_completed
    raise TimeoutError(
concurrent.futures._base.TimeoutError: 25322 (of 41666) futures unfinished
Traceback (most recent call last):
  File "/opt/msray/ip_collect.py", line 46, in <module>
    main()
  File "/opt/msray/ip_collect.py", line 30, in main
    for fut in as_completed(futs, timeout=120):
  File "/usr/lib/python3.10/concurrent/futures/_base.py", line 241, in as_completed
    raise TimeoutError(
concurrent.futures._base.TimeoutError: 24741 (of 41666) futures unfinished
Traceback (most recent call last):
  File "/opt/msray/ip_collect.py", line 46, in <module>
    main()
  File "/opt/msray/ip_collect.py", line 30, in main
    for fut in as_completed(futs, timeout=120):
  File "/usr/lib/python3.10/concurrent/futures/_base.py", line 241, in as_completed
    raise TimeoutError(
concurrent.futures._base.TimeoutError: 23948 (of 42544) futures unfinished
Traceback (most recent call last):
  File "/opt/msray/ip_collect.py", line 46, in <module>
    main()
  File "/opt/msray/ip_collect.py", line 30, in main
    for fut in as_completed(futs, timeout=120):
  File "/usr/lib/python3.10/concurrent/futures/_base.py", line 241, in as_completed
    raise TimeoutError(
concurrent.futures._base.TimeoutError: 25103 (of 42544) futures unfinished
Traceback (most recent call last):
  File "/opt/msray/ip_collect.py", line 46, in <module>
    main()
  File "/opt/msray/ip_collect.py", line 30, in main
    for fut in as_completed(futs, timeout=120):
  File "/usr/lib/python3.10/concurrent/futures/_base.py", line 241, in as_completed
    raise TimeoutError(
concurrent.futures._base.TimeoutError: 26304 (of 43326) futures unfinished
Traceback (most recent call last):
  File "/opt/msray/ip_collect.py", line 46, in <module>
    main()
  File "/opt/msray/ip_collect.py", line 30, in main
    for fut in as_completed(futs, timeout=120):
  File "/usr/lib/python3.10/concurrent/futures/_base.py", line 241, in as_completed
    raise TimeoutError(
concurrent.futures._base.TimeoutError: 27888 (of 44355) futures unfinished
Traceback (most recent call last):
  File "/opt/msray/ip_collect.py", line 46, in <module>
    main()
  File "/opt/msray/ip_collect.py", line 30, in main
    for fut in as_completed(futs, timeout=120):
  File "/usr/lib/python3.10/concurrent/futures/_base.py", line 241, in as_completed
    raise TimeoutError(
concurrent.futures._base.TimeoutError: 29348 (of 44988) futures unfinished
Traceback (most recent call last):
  File "/opt/msray/ip_collect.py", line 46, in <module>
    main()
  File "/opt/msray/ip_collect.py", line 30, in main
    for fut in as_completed(futs, timeout=120):
  File "/usr/lib/python3.10/concurrent/futures/_base.py", line 241, in as_completed
    raise TimeoutError(
concurrent.futures._base.TimeoutError: 29007 (of 45176) futures unfinished
Traceback (most recent call last):
  File "/opt/msray/ip_collect.py", line 46, in <module>
    main()
  File "/opt/msray/ip_collect.py", line 30, in main
    for fut in as_completed(futs, timeout=120):
  File "/usr/lib/python3.10/concurrent/futures/_base.py", line 241, in as_completed
    raise TimeoutError(
concurrent.futures._base.TimeoutError: 29480 (of 45786) futures unfinished
Traceback (most recent call last):
  File "/opt/msray/ip_collect.py", line 46, in <module>
    main()
  File "/opt/msray/ip_collect.py", line 30, in main
    for fut in as_completed(futs, timeout=120):
  File "/usr/lib/python3.10/concurrent/futures/_base.py", line 241, in as_completed
    raise TimeoutError(
concurrent.futures._base.TimeoutError: 27830 (of 45786) futures unfinished
Traceback (most recent call last):
  File "/opt/msray/ip_collect.py", line 46, in <module>
    main()
  File "/opt/msray/ip_collect.py", line 30, in main
    for fut in as_completed(futs, timeout=120):
  File "/usr/lib/python3.10/concurrent/futures/_base.py", line 241, in as_completed
    raise TimeoutError(
concurrent.futures._base.TimeoutError: 27573 (of 45793) futures unfinished
Traceback (most recent call last):
  File "/opt/msray/ip_collect.py", line 46, in <module>
    main()
  File "/opt/msray/ip_collect.py", line 30, in main
    for fut in as_completed(futs, timeout=120):
  File "/usr/lib/python3.10/concurrent/futures/_base.py", line 241, in as_completed
    raise TimeoutError(
concurrent.futures._base.TimeoutError: 27879 (of 45795) futures unfinished
Traceback (most recent call last):
  File "/opt/msray/ip_collect.py", line 46, in <module>
    main()
  File "/opt/msray/ip_collect.py", line 30, in main
    for fut in as_completed(futs, timeout=120):
  File "/usr/lib/python3.10/concurrent/futures/_base.py", line 241, in as_completed
    raise TimeoutError(
concurrent.futures._base.TimeoutError: 27972 (of 45795) futures unfinished
Traceback (most recent call last):
  File "/opt/msray/ip_collect.py", line 46, in <module>
    main()
  File "/opt/msray/ip_collect.py", line 30, in main
    for fut in as_completed(futs, timeout=120):
  File "/usr/lib/python3.10/concurrent/futures/_base.py", line 241, in as_completed
    raise TimeoutError(
concurrent.futures._base.TimeoutError: 27683 (of 45795) futures unfinished
Traceback (most recent call last):
  File "/opt/msray/ip_collect.py", line 46, in <module>
    main()
  File "/opt/msray/ip_collect.py", line 30, in main
    for fut in as_completed(futs, timeout=120):
  File "/usr/lib/python3.10/concurrent/futures/_base.py", line 241, in as_completed
    raise TimeoutError(
concurrent.futures._base.TimeoutError: 29336 (of 45795) futures unfinished
Traceback (most recent call last):
  File "/opt/msray/ip_collect.py", line 46, in <module>
    main()
  File "/opt/msray/ip_collect.py", line 30, in main
    for fut in as_completed(futs, timeout=120):
  File "/usr/lib/python3.10/concurrent/futures/_base.py", line 241, in as_completed
    raise TimeoutError(
concurrent.futures._base.TimeoutError: 28313 (of 45843) futures unfinished
Traceback (most recent call last):
  File "/opt/msray/ip_collect.py", line 46, in <module>
    main()
  File "/opt/msray/ip_collect.py", line 30, in main
    for fut in as_completed(futs, timeout=120):
  File "/usr/lib/python3.10/concurrent/futures/_base.py", line 241, in as_completed
    raise TimeoutError(
concurrent.futures._base.TimeoutError: 27564 (of 45843) futures unfinished
Traceback (most recent call last):
  File "/opt/msray/ip_collect.py", line 46, in <module>
    main()
  File "/opt/msray/ip_collect.py", line 30, in main
    for fut in as_completed(futs, timeout=120):
  File "/usr/lib/python3.10/concurrent/futures/_base.py", line 241, in as_completed
    raise TimeoutError(
concurrent.futures._base.TimeoutError: 27499 (of 45843) futures unfinished
Traceback (most recent call last):
  File "/opt/msray/ip_collect.py", line 46, in <module>
    main()
  File "/opt/msray/ip_collect.py", line 30, in main
    for fut in as_completed(futs, timeout=120):
  File "/usr/lib/python3.10/concurrent/futures/_base.py", line 241, in as_completed
    raise TimeoutError(
concurrent.futures._base.TimeoutError: 27846 (of 45843) futures unfinished
Traceback (most recent call last):
  File "/opt/msray/ip_collect.py", line 46, in <module>
    main()
  File "/opt/msray/ip_collect.py", line 30, in main
    for fut in as_completed(futs, timeout=120):
  File "/usr/lib/python3.10/concurrent/futures/_base.py", line 241, in as_completed
    raise TimeoutError(
concurrent.futures._base.TimeoutError: 26564 (of 45843) futures unfinished
Traceback (most recent call last):
  File "/opt/msray/ip_collect.py", line 46, in <module>
    main()
  File "/opt/msray/ip_collect.py", line 30, in main
    for fut in as_completed(futs, timeout=120):
  File "/usr/lib/python3.10/concurrent/futures/_base.py", line 241, in as_completed
    raise TimeoutError(
concurrent.futures._base.TimeoutError: 27820 (of 45843) futures unfinished
Traceback (most recent call last):
  File "/opt/msray/ip_collect.py", line 46, in <module>
    main()
  File "/opt/msray/ip_collect.py", line 30, in main
    for fut in as_completed(futs, timeout=120):
  File "/usr/lib/python3.10/concurrent/futures/_base.py", line 241, in as_completed
    raise TimeoutError(
concurrent.futures._base.TimeoutError: 26994 (of 45843) futures unfinished
Traceback (most recent call last):
  File "/opt/msray/ip_collect.py", line 46, in <module>
    main()
  File "/opt/msray/ip_collect.py", line 30, in main
    for fut in as_completed(futs, timeout=120):
  File "/usr/lib/python3.10/concurrent/futures/_base.py", line 241, in as_completed
    raise TimeoutError(
concurrent.futures._base.TimeoutError: 27188 (of 45843) futures unfinished
Traceback (most recent call last):
  File "/opt/msray/ip_collect.py", line 46, in <module>
    main()
  File "/opt/msray/ip_collect.py", line 30, in main
    for fut in as_completed(futs, timeout=120):
  File "/usr/lib/python3.10/concurrent/futures/_base.py", line 241, in as_completed
    raise TimeoutError(
concurrent.futures._base.TimeoutError: 29448 (of 45844) futures unfinished
ip_collect v2: 44 domains -> 35 unique IPs
ip_collect v2: 1269 domains -> 147 unique IPs
ip_collect v2: 1319 domains -> 175 unique IPs
ip_collect v2: 3819 domains -> 402 unique IPs
ip_collect v2: 3831 domains -> 401 unique IPs
ip_collect v2: 7592 domains -> 990 unique IPs
ip_collect v2: 7581 domains -> 977 unique IPs
ip_collect v2: 11233 domains -> 1556 unique IPs
ip_collect v2: 11234 domains -> 1586 unique IPs
ip_collect v2: 11253 domains -> 1559 unique IPs
ip_collect v2: 11264 domains -> 1578 unique IPs
Traceback (most recent call last):
  File "/opt/msray/ip_collect.py", line 46, in <module>
    main()
  File "/opt/msray/ip_collect.py", line 30, in main
    for fut in as_completed(futs, timeout=120):
  File "/usr/lib/python3.10/concurrent/futures/_base.py", line 241, in as_completed
    raise TimeoutError(
concurrent.futures._base.TimeoutError: 10 (of 15506) futures unfinished
Traceback (most recent call last):
  File "/opt/msray/ip_collect.py", line 46, in <module>
    main()
  File "/opt/msray/ip_collect.py", line 30, in main
    for fut in as_completed(futs, timeout=120):
  File "/usr/lib/python3.10/concurrent/futures/_base.py", line 241, in as_completed
    raise TimeoutError(
concurrent.futures._base.TimeoutError: 4 (of 15503) futures unfinished
Traceback (most recent call last):
  File "/opt/msray/ip_collect.py", line 46, in <module>
    main()
  File "/opt/msray/ip_collect.py", line 30, in main
    for fut in as_completed(futs, timeout=120):
  File "/usr/lib/python3.10/concurrent/futures/_base.py", line 241, in as_completed
    raise TimeoutError(
concurrent.futures._base.TimeoutError: 869 (of 17325) futures unfinished
Traceback (most recent call last):
  File "/opt/msray/ip_collect.py", line 46, in <module>
    main()
  File "/opt/msray/ip_collect.py", line 30, in main
    for fut in as_completed(futs, timeout=120):
  File "/usr/lib/python3.10/concurrent/futures/_base.py", line 241, in as_completed
    raise TimeoutError(
concurrent.futures._base.TimeoutError: 730 (of 17331) futures unfinished
Traceback (most recent call last):
  File "/opt/msray/ip_collect.py", line 46, in <module>
    main()
  File "/opt/msray/ip_collect.py", line 30, in main
    for fut in as_completed(futs, timeout=120):
  File "/usr/lib/python3.10/concurrent/futures/_base.py", line 241, in as_completed
    raise TimeoutError(
concurrent.futures._base.TimeoutError: 1822 (of 18625) futures unfinished
Traceback (most recent call last):
  File "/opt/msray/ip_collect.py", line 46, in <module>
    main()
  File "/opt/msray/ip_collect.py", line 30, in main
    for fut in as_completed(futs, timeout=120):
  File "/usr/lib/python3.10/concurrent/futures/_base.py", line 241, in as_completed
    raise TimeoutError(
concurrent.futures._base.TimeoutError: 26 (of 18647) futures unfinished
Traceback (most recent call last):
  File "/opt/msray/ip_collect.py", line 46, in <module>
    main()
  File "/opt/msray/ip_collect.py", line 30, in main
    for fut in as_completed(futs, timeout=120):
  File "/usr/lib/python3.10/concurrent/futures/_base.py", line 241, in as_completed
    raise TimeoutError(
concurrent.futures._base.TimeoutError: 6448 (of 19734) futures unfinished
Traceback (most recent call last):
  File "/opt/msray/ip_collect.py", line 46, in <module>
    main()
  File "/opt/msray/ip_collect.py", line 30, in main
    for fut in as_completed(futs, timeout=120):
  File "/usr/lib/python3.10/concurrent/futures/_base.py", line 241, in as_completed
    raise TimeoutError(
concurrent.futures._base.TimeoutError: 4759 (of 19733) futures unfinished
Traceback (most recent call last):
  File "/opt/msray/ip_collect.py", line 46, in <module>
    main()
  File "/opt/msray/ip_collect.py", line 30, in main
    for fut in as_completed(futs, timeout=120):
  File "/usr/lib/python3.10/concurrent/futures/_base.py", line 241, in as_completed
    raise TimeoutError(
concurrent.futures._base.TimeoutError: 6399 (of 19837) futures unfinished
Traceback (most recent call last):
  File "/opt/msray/ip_collect.py", line 46, in <module>
    main()
  File "/opt/msray/ip_collect.py", line 30, in main
    for fut in as_completed(futs, timeout=120):
  File "/usr/lib/python3.10/concurrent/futures/_base.py", line 241, in as_completed
    raise TimeoutError(
concurrent.futures._base.TimeoutError: 4324 (of 19842) futures unfinished
Traceback (most recent call last):
  File "/opt/msray/ip_collect.py", line 46, in <module>
    main()
  File "/opt/msray/ip_collect.py", line 30, in main
    for fut in as_completed(futs, timeout=120):
  File "/usr/lib/python3.10/concurrent/futures/_base.py", line 241, in as_completed
    raise TimeoutError(
concurrent.futures._base.TimeoutError: 4195 (of 19998) futures unfinished
Traceback (most recent call last):
  File "/opt/msray/ip_collect.py", line 46, in <module>
    main()
  File "/opt/msray/ip_collect.py", line 30, in main
    for fut in as_completed(futs, timeout=120):
  File "/usr/lib/python3.10/concurrent/futures/_base.py", line 241, in as_completed
    raise TimeoutError(
concurrent.futures._base.TimeoutError: 5838 (of 19998) futures unfinished
Traceback (most recent call last):
  File "/opt/msray/ip_collect.py", line 46, in <module>
    main()
  File "/opt/msray/ip_collect.py", line 30, in main
    for fut in as_completed(futs, timeout=120):
  File "/usr/lib/python3.10/concurrent/futures/_base.py", line 241, in as_completed
    raise TimeoutError(
concurrent.futures._base.TimeoutError: 5772 (of 19998) futures unfinished
Traceback (most recent call last):
  File "/opt/msray/ip_collect.py", line 46, in <module>
    main()
  File "/opt/msray/ip_collect.py", line 30, in main
    for fut in as_completed(futs, timeout=120):
  File "/usr/lib/python3.10/concurrent/futures/_base.py", line 241, in as_completed
    raise TimeoutError(
concurrent.futures._base.TimeoutError: 4785 (of 20046) futures unfinished
Traceback (most recent call last):
  File "/opt/msray/ip_collect.py", line 46, in <module>
    main()
  File "/opt/msray/ip_collect.py", line 30, in main
    for fut in as_completed(futs, timeout=120):
  File "/usr/lib/python3.10/concurrent/futures/_base.py", line 241, in as_completed
    raise TimeoutError(
concurrent.futures._base.TimeoutError: 9145 (of 20147) futures unfinished
Traceback (most recent call last):
  File "/opt/msray/ip_collect.py", line 46, in <module>
    main()
  File "/opt/msray/ip_collect.py", line 30, in main
    for fut in as_completed(futs, timeout=120):
  File "/usr/lib/python3.10/concurrent/futures/_base.py", line 241, in as_completed
    raise TimeoutError(
concurrent.futures._base.TimeoutError: 8999 (of 20123) futures unfinished
Traceback (most recent call last):
  File "/opt/msray/ip_collect.py", line 46, in <module>
    main()
  File "/opt/msray/ip_collect.py", line 30, in main
    for fut in as_completed(futs, timeout=120):
  File "/usr/lib/python3.10/concurrent/futures/_base.py", line 241, in as_completed
    raise TimeoutError(
concurrent.futures._base.TimeoutError: 5340 (of 20123) futures unfinished
Traceback (most recent call last):
  File "/opt/msray/ip_collect.py", line 46, in <module>
    main()
  File "/opt/msray/ip_collect.py", line 30, in main
    for fut in as_completed(futs, timeout=120):
  File "/usr/lib/python3.10/concurrent/futures/_base.py", line 241, in as_completed
    raise TimeoutError(
concurrent.futures._base.TimeoutError: 5034 (of 20123) futures unfinished
Traceback (most recent call last):
  File "/opt/msray/ip_collect.py", line 46, in <module>
    main()
  File "/opt/msray/ip_collect.py", line 30, in main
    for fut in as_completed(futs, timeout=120):
  File "/usr/lib/python3.10/concurrent/futures/_base.py", line 241, in as_completed
    raise TimeoutError(
concurrent.futures._base.TimeoutError: 2857 (of 20419) futures unfinished
Traceback (most recent call last):
  File "/opt/msray/ip_collect.py", line 46, in <module>
    main()
  File "/opt/msray/ip_collect.py", line 30, in main
    for fut in as_completed(futs, timeout=120):
  File "/usr/lib/python3.10/concurrent/futures/_base.py", line 241, in as_completed
    raise TimeoutError(
concurrent.futures._base.TimeoutError: 3236 (of 20387) futures unfinished
Traceback (most recent call last):
  File "/opt/msray/ip_collect.py", line 46, in <module>
    main()
  File "/opt/msray/ip_collect.py", line 30, in main
    for fut in as_completed(futs, timeout=120):
  File "/usr/lib/python3.10/concurrent/futures/_base.py", line 241, in as_completed
    raise TimeoutError(
concurrent.futures._base.TimeoutError: 2273 (of 20655) futures unfinished
Traceback (most recent call last):
  File "/opt/msray/ip_collect.py", line 46, in <module>
    main()
  File "/opt/msray/ip_collect.py", line 30, in main
    for fut in as_completed(futs, timeout=120):
  File "/usr/lib/python3.10/concurrent/futures/_base.py", line 241, in as_completed
    raise TimeoutError(
concurrent.futures._base.TimeoutError: 3027 (of 20655) futures unfinished
Traceback (most recent call last):
  File "/opt/msray/ip_collect.py", line 46, in <module>
    main()
  File "/opt/msray/ip_collect.py", line 30, in main
    for fut in as_completed(futs, timeout=120):
  File "/usr/lib/python3.10/concurrent/futures/_base.py", line 241, in as_completed
    raise TimeoutError(
concurrent.futures._base.TimeoutError: 978 (of 20744) futures unfinished
Traceback (most recent call last):
  File "/opt/msray/ip_collect.py", line 46, in <module>
    main()
  File "/opt/msray/ip_collect.py", line 30, in main
    for fut in as_completed(futs, timeout=120):
  File "/usr/lib/python3.10/concurrent/futures/_base.py", line 241, in as_completed
    raise TimeoutError(
concurrent.futures._base.TimeoutError: 6 (of 20744) futures unfinished
Traceback (most recent call last):
  File "/opt/msray/ip_collect.py", line 46, in <module>
    main()
  File "/opt/msray/ip_collect.py", line 30, in main
    for fut in as_completed(futs, timeout=120):
  File "/usr/lib/python3.10/concurrent/futures/_base.py", line 241, in as_completed
    raise TimeoutError(
concurrent.futures._base.TimeoutError: 1462 (of 20786) futures unfinished
Traceback (most recent call last):
  File "/opt/msray/ip_collect.py", line 46, in <module>
    main()
  File "/opt/msray/ip_collect.py", line 30, in main
    for fut in as_completed(futs, timeout=120):
  File "/usr/lib/python3.10/concurrent/futures/_base.py", line 241, in as_completed
    raise TimeoutError(
concurrent.futures._base.TimeoutError: 2187 (of 20786) futures unfinished
Traceback (most recent call last):
  File "/opt/msray/ip_collect.py", line 46, in <module>
    main()
  File "/opt/msray/ip_collect.py", line 30, in main
    for fut in as_completed(futs, timeout=120):
  File "/usr/lib/python3.10/concurrent/futures/_base.py", line 241, in as_completed
    raise TimeoutError(
concurrent.futures._base.TimeoutError: 1438 (of 20845) futures unfinished
Traceback (most recent call last):
  File "/opt/msray/ip_collect.py", line 46, in <module>
    main()
  File "/opt/msray/ip_collect.py", line 30, in main
    for fut in as_completed(futs, timeout=120):
  File "/usr/lib/python3.10/concurrent/futures/_base.py", line 241, in as_completed
    raise TimeoutError(
concurrent.futures._base.TimeoutError: 2438 (of 20845) futures unfinished
Traceback (most recent call last):
  File "/opt/msray/ip_collect.py", line 46, in <module>
    main()
  File "/opt/msray/ip_collect.py", line 30, in main
    for fut in as_completed(futs, timeout=120):
  File "/usr/lib/python3.10/concurrent/futures/_base.py", line 241, in as_completed
    raise TimeoutError(
concurrent.futures._base.TimeoutError: 1271 (of 20909) futures unfinished
Traceback (most recent call last):
  File "/opt/msray/ip_collect.py", line 46, in <module>
    main()
  File "/opt/msray/ip_collect.py", line 30, in main
    for fut in as_completed(futs, timeout=120):
  File "/usr/lib/python3.10/concurrent/futures/_base.py", line 241, in as_completed
    raise TimeoutError(
concurrent.futures._base.TimeoutError: 1252 (of 20909) futures unfinished
Traceback (most recent call last):
  File "/opt/msray/ip_collect.py", line 46, in <module>
    main()
  File "/opt/msray/ip_collect.py", line 30, in main
    for fut in as_completed(futs, timeout=120):
  File "/usr/lib/python3.10/concurrent/futures/_base.py", line 241, in as_completed
    raise TimeoutError(
concurrent.futures._base.TimeoutError: 2449 (of 20983) futures unfinished
Traceback (most recent call last):
  File "/opt/msray/ip_collect.py", line 46, in <module>
    main()
  File "/opt/msray/ip_collect.py", line 30, in main
    for fut in as_completed(futs, timeout=120):
  File "/usr/lib/python3.10/concurrent/futures/_base.py", line 241, in as_completed
    raise TimeoutError(
concurrent.futures._base.TimeoutError: 1550 (of 20983) futures unfinished
Traceback (most recent call last):
  File "/opt/msray/ip_collect.py", line 46, in <module>
    main()
  File "/opt/msray/ip_collect.py", line 30, in main
    for fut in as_completed(futs, timeout=120):
  File "/usr/lib/python3.10/concurrent/futures/_base.py", line 241, in as_completed
    raise TimeoutError(
concurrent.futures._base.TimeoutError: 948 (of 21042) futures unfinished
Traceback (most recent call last):
  File "/opt/msray/ip_collect.py", line 46, in <module>
    main()
  File "/opt/msray/ip_collect.py", line 30, in main
    for fut in as_completed(futs, timeout=120):
  File "/usr/lib/python3.10/concurrent/futures/_base.py", line 241, in as_completed
    raise TimeoutError(
concurrent.futures._base.TimeoutError: 2052 (of 21042) futures unfinished
Traceback (most recent call last):
  File "/opt/msray/ip_collect.py", line 46, in <module>
    main()
  File "/opt/msray/ip_collect.py", line 30, in main
    for fut in as_completed(futs, timeout=120):
  File "/usr/lib/python3.10/concurrent/futures/_base.py", line 241, in as_completed
    raise TimeoutError(
concurrent.futures._base.TimeoutError: 3824 (of 21063) futures unfinished
Traceback (most recent call last):
  File "/opt/msray/ip_collect.py", line 46, in <module>
    main()
  File "/opt/msray/ip_collect.py", line 30, in main
    for fut in as_completed(futs, timeout=120):
  File "/usr/lib/python3.10/concurrent/futures/_base.py", line 241, in as_completed
    raise TimeoutError(
concurrent.futures._base.TimeoutError: 2489 (of 21063) futures unfinished
Traceback (most recent call last):
  File "/opt/msray/ip_collect.py", line 46, in <module>
    main()
  File "/opt/msray/ip_collect.py", line 30, in main
    for fut in as_completed(futs, timeout=120):
  File "/usr/lib/python3.10/concurrent/futures/_base.py", line 241, in as_completed
    raise TimeoutError(
concurrent.futures._base.TimeoutError: 4393 (of 21145) futures unfinished
Traceback (most recent call last):
  File "/opt/msray/ip_collect.py", line 46, in <module>
    main()
  File "/opt/msray/ip_collect.py", line 30, in main
    for fut in as_completed(futs, timeout=120):
  File "/usr/lib/python3.10/concurrent/futures/_base.py", line 241, in as_completed
    raise TimeoutError(
concurrent.futures._base.TimeoutError: 3216 (of 21154) futures unfinished
Traceback (most recent call last):
  File "/opt/msray/ip_collect.py", line 46, in <module>
    main()
  File "/opt/msray/ip_collect.py", line 30, in main
    for fut in as_completed(futs, timeout=120):
  File "/usr/lib/python3.10/concurrent/futures/_base.py", line 241, in as_completed
    raise TimeoutError(
concurrent.futures._base.TimeoutError: 4294 (of 21194) futures unfinished
Traceback (most recent call last):
  File "/opt/msray/ip_collect.py", line 46, in <module>
    main()
  File "/opt/msray/ip_collect.py", line 30, in main
    for fut in as_completed(futs, timeout=120):
  File "/usr/lib/python3.10/concurrent/futures/_base.py", line 241, in as_completed
    raise TimeoutError(
concurrent.futures._base.TimeoutError: 2249 (of 21241) futures unfinished
Traceback (most recent call last):
  File "/opt/msray/ip_collect.py", line 46, in <module>
    main()
  File "/opt/msray/ip_collect.py", line 30, in main
    for fut in as_completed(futs, timeout=120):
  File "/usr/lib/python3.10/concurrent/futures/_base.py", line 241, in as_completed
    raise TimeoutError(
concurrent.futures._base.TimeoutError: 7942 (of 21279) futures unfinished
Traceback (most recent call last):
  File "/opt/msray/ip_collect.py", line 46, in <module>
    main()
  File "/opt/msray/ip_collect.py", line 30, in main
    for fut in as_completed(futs, timeout=120):
  File "/usr/lib/python3.10/concurrent/futures/_base.py", line 241, in as_completed
    raise TimeoutError(
concurrent.futures._base.TimeoutError: 3777 (of 21285) futures unfinished
Traceback (most recent call last):
  File "/opt/msray/ip_collect.py", line 46, in <module>
    main()
  File "/opt/msray/ip_collect.py", line 30, in main
    for fut in as_completed(futs, timeout=120):
  File "/usr/lib/python3.10/concurrent/futures/_base.py", line 241, in as_completed
    raise TimeoutError(
concurrent.futures._base.TimeoutError: 7144 (of 21285) futures unfinished
Traceback (most recent call last):
  File "/opt/msray/ip_collect.py", line 46, in <module>
    main()
  File "/opt/msray/ip_collect.py", line 30, in main
    for fut in as_completed(futs, timeout=120):
  File "/usr/lib/python3.10/concurrent/futures/_base.py", line 241, in as_completed
    raise TimeoutError(
concurrent.futures._base.TimeoutError: 7177 (of 21285) futures unfinished
Traceback (most recent call last):
  File "/opt/msray/ip_collect.py", line 46, in <module>
    main()
  File "/opt/msray/ip_collect.py", line 30, in main
    for fut in as_completed(futs, timeout=120):
  File "/usr/lib/python3.10/concurrent/futures/_base.py", line 241, in as_completed
    raise TimeoutError(
concurrent.futures._base.TimeoutError: 6758 (of 21328) futures unfinished
Traceback (most recent call last):
  File "/opt/msray/ip_collect.py", line 46, in <module>
    main()
  File "/opt/msray/ip_collect.py", line 30, in main
    for fut in as_completed(futs, timeout=120):
  File "/usr/lib/python3.10/concurrent/futures/_base.py", line 241, in as_completed
    raise TimeoutError(
concurrent.futures._base.TimeoutError: 5204 (of 21328) futures unfinished
Traceback (most recent call last):
  File "/opt/msray/ip_collect.py", line 46, in <module>
    main()
  File "/opt/msray/ip_collect.py", line 30, in main
    for fut in as_completed(futs, timeout=120):
  File "/usr/lib/python3.10/concurrent/futures/_base.py", line 241, in as_completed
    raise TimeoutError(
concurrent.futures._base.TimeoutError: 14252 (of 21352) futures unfinished
Traceback (most recent call last):
  File "/opt/msray/ip_collect.py", line 46, in <module>
    main()
  File "/opt/msray/ip_collect.py", line 30, in main
    for fut in as_completed(futs, timeout=120):
  File "/usr/lib/python3.10/concurrent/futures/_base.py", line 241, in as_completed
    raise TimeoutError(
concurrent.futures._base.TimeoutError: 10406 (of 28281) futures unfinished
Traceback (most recent call last):
  File "/opt/msray/ip_collect.py", line 46, in <module>
    main()
  File "/opt/msray/ip_collect.py", line 30, in main
    for fut in as_completed(futs, timeout=120):
  File "/usr/lib/python3.10/concurrent/futures/_base.py", line 241, in as_completed
    raise TimeoutError(
concurrent.futures._base.TimeoutError: 14666 (of 33608) futures unfinished
Traceback (most recent call last):
  File "/opt/msray/ip_collect.py", line 46, in <module>
    main()
  File "/opt/msray/ip_collect.py", line 30, in main
    for fut in as_completed(futs, timeout=120):
  File "/usr/lib/python3.10/concurrent/futures/_base.py", line 241, in as_completed
    raise TimeoutError(
concurrent.futures._base.TimeoutError: 19470 (of 38050) futures unfinished
Traceback (most recent call last):
  File "/opt/msray/ip_collect.py", line 46, in <module>
    main()
  File "/opt/msray/ip_collect.py", line 30, in main
    for fut in as_completed(futs, timeout=120):
  File "/usr/lib/python3.10/concurrent/futures/_base.py", line 241, in as_completed
    raise TimeoutError(
concurrent.futures._base.TimeoutError: 23516 (of 42103) futures unfinished
