targets: 82 (via 81.70 jump)
ADMIN	cjtl.com/admin/login.asp	5104
ADMIN	gdcq119.com/admin/login.asp	5945
ADMIN	jd.com/admin/login.asp	60000
ADMIN	lsks.org.cn/admin/	3269
ADMIN	huxhardware.com/manage/login.asp	5097
ADMIN	lspipesolutions.com/admin/login.asp	5099
ADMIN	skf-afl.com/admin/login.asp	5067
ADMIN	smt66.com/admin/login.asp	5426
ADMIN	szsadwj.com/admin/login.asp	5961
ADMIN	wdzcz.com/admin/admin_login.asp	5814
ADMIN	webtex.cn/admin/login.asp	5077
ADMIN	www.aierpaike.com/admin/login.asp	5094
ADMIN	www.aqsgpack.com/admin/login.asp	5082
ADMIN	www.cnzhpv.cn/admin/login.asp	48905
ADMIN	www.czdisar.com/admin/login.asp	5088
ADMIN	www.east-tool.com/admin/login.asp	5090
ADMIN	www.ecoair.cn/admin/login.asp	5413
ADMIN	www.hdhhg.com/admin/login.asp	5087
ADMIN	www.jfjmjx.cn/admin/login.asp	5087
ADMIN	www.marazziguide.com/admin/login.asp	5097
ADMIN	www.ntyq.cn/admin/login.asp	5084
ADMIN	www.qbydby.com/admin/login.asp	5089
ADMIN	www.qjsgf.com/admin/login.asp	5086
ADMIN	www.renrendoc.com/admin/login.asp	38026
ADMIN	www.sh-pump.com/admin/login.asp	5104
ADMIN	www.xfscl.com/admin/login.asp	5085
ADMIN	www.xingyich.com.cn/manage/login.asp	5094
ADMIN	www.xngl.com/admin/login.asp	5084
ADMIN	www.yangsha.com/admin/login.asp	3322
ADMIN	www.yczhende.com/admin/login.asp	5072
ADMIN	www.zj-syfj.com/admin/login.asp	5111
ADMIN	xidipipe.com/admin/login.asp	5068
ADMIN	www.hbhmjc.com/admin/login.asp	5084
ADMIN	xwrubber.cn/admin/login.asp	5084
ADMIN	www.puwall.cn/login.asp	5072
=== DONE: 35 hits ===
