targets: 1030
163.com	200	29279	unknown	Tengine		
1textile.com	200	430	unknown	SimpleHTTP/0.6 Python/3.10.12		Directory listing for /
119.gov.cn	405	22657	unknown			请稍候…
ag.yueniuzq.com	200	30238	unknown	AliyunOSS		约投顾
699pic.com	200	57460	jsp	nginx		摄图网-正版高清图片免费下载_商用设计素材图库
agents.baidu.com	200	4185	unknown			文心智能体平台AgentBuilder | 想象即现实
adidas.com.cn	200	59394	unknown	ESA		阿迪达斯官方旗舰店
58pic.com	200	57713	jsp,php	nginx		ǧͼ-ͼƬزվ-زͼģȫ
aigei.com	403	630	jsp			爱给网
alekvs.com	403	5443	jsp			Just a moment...
1688.com	200	60000	unknown	Tengine		
21food.cn	202	2027	jsp	openresty		页面加载中...
a.nongjitong.com	200	20091	asp/access,aspnet,jsp	Microsoft-IIS/10.0		农机网站-农机通-移动版
39.net	200	9319	unknown	openresty		
aiqicha.baidu.com	200	36702	jsp	nginx		爱企查-工商查询_专业企业信息查询平台_公司查询_老板查询_工商信息查询系统
alu.ccmn.cn	200	55574	jsp	openresty		长江铝业网-铝锭价格,今日铝锭价格,铝价走势,中国铝业网络采购批发平台
164580.com	200	57785	jsp,php	nginx		易紧通紧固件网 - 全球紧固件标准查询、产品供货与供应商平台
1566.cn	200	49768	php	nginx		1566范文网 - 优质范文写作网
app.mail.163.com	200	13786	jsp	nginx		网易邮箱手机版
aoerys.cn.china.cn	520	4053	jsp,php			访问异常 - 供应商网
b2b.11467.com	200	29642	jsp,php			【公司黄页|114黄页】_顺企网
autohome.com.cn	200	59446	unknown	openresty		汽车之家_看车 买车 用车 换车,省时省心省钱!
ask.csdn.net	521	1951	jsp			
35dianlan.com	200	31990	unknown	F-WEB		
baike.baidu.com	200	1298	unknown			百度百科_全球领先的中文百科全书
b2b.baidu.com	200	59592	unknown	Apache		百度爱采购 - 国内优质的批发采购平台、货源批发网、进货渠道
api.pacdora.cn	200	59460	unknown			Pacdora - 最大的样机和刀版模板平台
b2b.huangye88.com	200	50054	jsp	nginx		【企业名录_2026年企业黄页_全国企业信息大全】-黄页88网
3treesgroup.com	200	59482	jsp,php			三棵树涂料股份有限公司
b2bwiki.aipage.com	200	55811	unknown			百度爱采购-让采购更简单
bing.com	200	59762	unknown			搜索 - Microsoft 必应
bilibili.com	200	58575	jsp			哔哩哔哩 (゜-゜)つロ 干杯~-bilibili
baike.shuidi.cn	200	24926	jsp,php	nginx/1.24.0		企业可信百科
aimgrind.cn	200	51372	wordpress,php	nginx		爱磨工具-金刚石|CBN砂轮、刚玉|碳化硅磨具定制生产
bk.taobao.com	200	48766	jsp	Tengine		淘宝百科 - 商品知识与品牌资讯综合百科平台
bbs.12365auto.com	200	16656	asp/access,aspnet,jsp	openresty		车质网 - 第三方汽车投诉处理及品质评价平台论坛首页
big5.www.gov.cn	200	56110	jsp			中國政府網_中央人民政府門戶網站
baihuituliao.com	200	18095	jsp,php	nginx		江苏百绘涂料有限公司
baoxiaohe.com	200	11487	unknown			包小盒
banksteel.com	200	57044	jsp			钢银电商-钢铁全产业链智慧服务平台
bomco.cnpc.com.cn	412	3398	jsp			
bjyaneng.com	200	14054	jsp	LiteSpeed		北京亚能电气设备有限公司_网站首页_北京亚能电气设备有限公司
bxpackaging.com	200	6683	php	Microsoft-IIS/10.0		
blog.csdn.net	200	58257	jsp	WAF		CSDN博客-专业IT技术发表平台
bominelec.com	200	41391	asp/access,aspnet,jsp,php	Microsoft-IIS/8.5		博敏电子股份有限公司
blpumps.cn	200	53294	jsp	Apache		犇流泵业科技(嘉兴)股份有限公司
car.autohome.com.cn	200	59679	unknown	nginx		֮|2026۴ȫ|Դ
blog.51cto.com	200	29180	unknown	TencentEdgeOne		
ccmn.cn	200	56817	jsp	openresty		长江有色网|长江有色金属网-长江价格唯一官方平台
cas.cn	200	50758	jsp			中国科学院
caamm.org.cn	200	35078	jsp	Apache-Coyote/1.1		中国农机工业网
cctv.com	200	56034	jsp	CCTVAMCLOUD		央视网_世界就在眼前
cee-group.cn	403	533	unknown			403 Forbidden
ccf.com.cn	412	5035	unknown			网站 - 安全验证
cec.zju.edu.cn	200	21227	jsp	cmproxy		浙江大学邮件系统
cepn.cn	200	48322	jsp,php	Apache/2.4.6 (CentOS) mod_auth		环保网
as-cn.airtac.com	200	58120	asp/access,aspnet,jsp,php	IIS		AirTAC | 亚德客
cenews.com.cn	200	33426	jsp,php	nginx		中国环境网_全国生态环境信息平台
cdmia.com.cn	200	56028	jsp	nginx		中国模具工业协会官方网站
chagushici.com	200	30928	jsp	nginx		查古诗词_诗词名句大全
cfnews.com.cn	200	53975	jsp	nginx/1.27.3		中国食品新闻网
cdgdssj.cn.china.cn	520	4054	jsp,php			访问异常 - 供应商网
chazidian.com	521	2075	jsp			
ceshi100.com	200	56888	jsp	ESA		测试100-测试100仪器共享平台
chem.jgvogel.cn	200	54044	jsp	ESA		PROCESS流程工业-全球石油化工行业领先的工程,设备,技术知识库-弗戈工业在线
chaoshi.banksteel.com	200	56746	jsp			钢材超市-钢材现货资源中心-钢银钢铁现货交易平台
chemicalbook.com	200	59992	asp/access,aspnet	nginx		ChemicalBook
boschrexroth.com.cn	200	58211	jsp			博世力士乐中国
chem17.com	200	53467	asp/access,aspnet,jsp	Tengine		化工仪器网-专业科学仪器-分析检测仪器及实验室仪器设备服务平台
china.chemnet.com	200	636	unknown	nginx		
chenhr.com	200	56920	jsp,php	Tengine		Ӣ -ҵרҵ˲Ƹְƽ̨ | ˲ | ˲ |  |
china0001.com.cn	200	57776	unknown	nginx		工程项目信息平台_全国招标采购信息网_拟在建项目查询-中策大数据
bohaitrust.com	200	56752	jsp	bohaitrust		渤海国际信托股份有限公司
baijiahao.baidu.com	200	2349	jsp	nginx/1.29.0		百家号——从这里影响世界
chinacable.com	200	56462	jsp	nginx		中国线缆网
cfsn.cn	200	55428	jsp	nginx		中国食品安全网
china-casting.com	200	59996	wordpress,jsp,php	hcdn		Metal Fabrication Solutions Worldwide | China Casting
boxon.cn	200	49720	wordpress,jsp,php	nginx		Boxon博壳松上海包装有限公司 - 包装公司 - 包装材料 - 包装设计
chinapp.com	200	57724	jsp			品牌网-十大品牌排行榜-品牌大数据服务平台
cjgear.com	400	299	jsp			
chuananxiaofang.com	200	40314	jsp	Tengine		阿里云万网虚机IP访问报错提示
chtq.cn	430	16108	unknown			Network Security Verification
cmjixie686.cn.china.cn	520	4057	jsp,php			访问异常 - 供应商网
cjtl.com	200	11093	asp/access,jsp,php			գϾͿ޹˾ - ٷվ
ckd.sh.cn	200	57075	jsp	Microsoft-IIS/10.0		喜开理（上海）机器有限公司-CKD官网
chembk.com	200	5249	jsp	nginx/1.10.3		Chemical Database Online
cn.fastencloud.com	200	36137	jsp	Tengine		螺丝标准,紧固件标准,螺丝规格-紧固云
cn.szyuto.com	200	56822	jsp	CW		裕同科技: 品质包装方案商
cnblogs.com	200	55109	asp/access,aspnet,jsp			博客园 - 开发者的网上家园
cnhuinuo.com	200	50528	php	Microsoft-IIS/8.5		惠诺进口油封厂家 - 专注密封圈与密封件制作，27年油封品牌！
cnfood.cn	200	54553	unknown	nginx/1.14.0 (Ubuntu)		中国食品报网
cnal.com	200	54780	jsp,php	Tengine		世铝网-铝业信息、铝材交易平台
cn.jieyuplast.com	200	57372	jsp,php			浙江捷宇塑料制品有限公司
cn-healthcare.com	200	23670	php	Tengine		
cn.grundfos.com	200	55948	jsp	Tengine		格兰富水泵（上海）有限公司 |
copper.ccmn.cn	200	56211	jsp	openresty		长江铜业网-今日铜价,铜价格,铜价走势,中国铜业网络采购批发平台-
cnjuling.com	200	48291	jsp	wts		常州钜苓铸造有限公司
cpc.people.com.cn	200	55491	jsp	wswaf		中国共产党新闻网--人民网
creator.douyin.com	200	16967	unknown	Tengine		抖音创作者中心
corp.dict.cn	200	6043	jsp			海词词典_在线词典_在线翻译_海量正版权威词典官方网站
ctei.cn	200	57716	asp/access,aspnet,jsp	nginx		纺织经济信息网
cnprint.org.cn	200	35799	dedecms,empirecms,jsp,php	Apache		中国印刷技术协会_中国印刷行业网_中国印刷杂志社_印刷_印刷杂志_印刷网_印刷协会_印刷行业权威信息发布网站
cnppump.cn	200	55112	jsp	nginx		南方泵业智造事业部官网
cup.edu.cn	200	46387	jsp	none		中国石油大学(北京)
copper365.com	403	552	unknown			403 Forbidden
cuteslator.com	200	33946	unknown	CW		AI翻译/词典：中文、英语、法语、西班牙语、韩语、日语-萌翻
dg.hc23.com	200	15748	jsp	Microsoft-IIS/10.0		电工网库
copyright.com	200	59983	wordpress,jsp,php	Apache/2.4.66 ()		CCC | Copyright Licensing, Content &amp; Software Solutions
dgchengkang.com	200	30043	jsp,php	nginx		东莞市诚康模具塑胶有限公司-塑胶模具-塑料模具-注塑模具加工-模具制造厂家-东莞诚康模具
dajingoldmetal.com	200	40410	jsp,php	openresty		东莞达金五金制品有限公司,cnc数控车床加工,压铸件加工,五金配件加工,cnc自动车床加工,五金配件定制
dejiang.gov.cn	200	52323	asp/access,aspnet,jsp	nginx		德江县人民政府门户网
dgymjs.com	403	221	unknown			
dgjinyuanwj.com	200	29695	jsp	wts		东莞金源五金机械有限公司
dict.revised.moe.edu.tw	200	6233	asp/access,aspnet,jsp			教育部《重編國語辭典修訂本》2021
cnga.org.cn	200	50040	asp/access,jsp	nginx/1.26.1		中国服装协会
dictionary.cambridge.org	200	59986	jsp	cloudflare		Cambridge Dictionary | English Dictionary, Translations &amp
docs.python.org	200	19429	jsp	nginx		3.14.7 Documentation
denair.cn	200	55290	jsp	Microsoft-IIS/10.0		【德耐尔官网】空压机_永磁变频 /螺杆/ 无油 / 离心空压机厂家_真空泵｜节能工业空气压缩机设备
dianlanbao.com	403	548	unknown			403 Forbidden
dongchedi.com	200	58558	jsp	Tengine		
doc88.com	200	42146	jsp,php	nginx		道客巴巴-在线文档分享平台
ctoy.com.cn	502	552	unknown			502 Bad Gateway
dh-forging.com	200	15357	jsp,php	Microsoft-IIS/10.0		锻造_零配件锻造_锻造厂家-无锡东海锻造有限公司
docin.com	200	53292	jsp	nginx		Docin.com豆丁网-分享文档 发现价值
douyin.com	200	60000	unknown	Tengine		
douban.com	200	56516	jsp	dae		豆瓣
dowater.com	200	413	unknown	Microsoft-IIS/10.0		йˮ
cquqianli.github.io	404	9115	unknown			Site not found &middot; GitHub Pages
donghua-ml.com	200	24552	jsp,php	nginx		全自动注塑机厂家-注塑机品牌-东华机械有限公司
earth.nullschool.net	200	59945	unknown	cloudflare		earth :: a global map of wind, weather, and ocean conditions
dsjmcl.com	200	26126	jsp,php	nginx		东莞市德胜精密齿轮有限公司
down.foodmate.net	200	49299	jsp,php	Tengine		ʳƷ_ʳƷҵϺͱ׼_ʳƷ
dongluncl.com	403	548	unknown			403 Forbidden
farfetch.com	403	368	unknown			Access Denied
eco.gov.cn	200	55854	jsp	Tengine		首页-生态中国网-中华人民共和国自然资源部主管-中国生态领域官方门户网站
engineering.org.cn	200	40089	unknown	Tengine	Beijing Magtech Co. Ltd	Engineering | CAE
eplglobal.com.cn	430	16108	unknown			Network Security Verification
elite-js.com	200	21789	jsp	Microsoft-IIS/10.0		精密机械_苏州精锐精密机械有限公司
eastpump.com	200	30694	jsp	openresty		上海东方泵业（集团）有限公司
finance.sina.com.cn	200	58199	jsp,php	Tengine		新浪财经_金融信息服务商
cn.cfmoto.com	200	58508	unknown			
flcad.com	200	10594	jsp	nginx		法兰网
fj.gov.cn	200	56426	jsp			福建省人民政府门户网站
firstnmt.com	200	46500	jsp,php	wts		˼²Ϲٷվ
foodmate.net	200	43400	jsp,php	openresty		ʳƷԭʳƷעʳƷȫ̽ʳƷйʳƷҵרҵվ
fe-cable.com	403	555	unknown			403 Forbidden
fluidlandlub.com	200	21361	unknown	F-WEB		
foodtalks.cn	200	9232	jsp			FoodTalks全球食品资讯网
foodaily.com	200	55115	jsp	nginx/1.14.0 (Ubuntu)		Foodaily每日食品网_关注食品行业_了解食品资讯_聚焦食品创新 | Foodaily每日食品
fs.hc23.com	200	15474	jsp	Microsoft-IIS/10.0		服饰网库
fastenerexpo.cn	200	56926	jsp,php	Tengine		
gansuan.com	200	56942	jsp	openresty		感算商城_全球领先传感器一站式服务平台_传感器采购_传感器模块采购_传感器方案定制
gdcq119.com	200	39929	asp/access,jsp	Microsoft-IIS/8.5		㶫޹˾
gc.mysteel.com	200	56500	jsp	Tengine		钢材价格今日报价表_钢材价格最新行情走势-我的钢铁网
fusheng-china.com.cn	200	36449	jsp,php	Apache		
fj.119.gov.cn	200	54869	jsp	nginx		福建省消防救援总队
ga.com.cn	200	57469	jsp	F-WEB		广东平安消防实业有限公司官方网站——桂安消防
gb.zlflange.cn	430	16108	unknown			Network Security Verification
foundry.org.cn	200	59446	unknown	CW		中国铸造协会
gf.cabr-fire.com	200	27324	jsp	webserver		消防规范网,消防规范,消防技术标准,消防产品规范,消防产品标准,消防设计规范,消防施工规范,消防验收规范,消防安装规范-
global.v2ex.co	200	612	unknown	cloudflare		Welcome to nginx!
gk100.com	200	41730	jsp	nginx		高考100-专注高考，助你圆梦大学！
gkzhan.com	200	53854	asp/access,aspnet,jsp	Tengine		智能制造网-机器人_物联网_智能制造_工业4.0"互联网+"服务平台
gongcheng.com	200	52074	jsp,php	nginx		中国工程网-工程行业门户
gelufu.com	200	49390	jsp,php	Apache		格鲁夫|减速机|丝杆升降机|齿轮减速电机|刮泥机减速机|行业专用减速机|格鲁夫机械
go-upc.com	200	17766	jsp,php	nginx/1.22.1		Go-UPC — The Global Barcode Database and API
gushiwen.cn	200	55976	asp/access,aspnet,jsp	Tengine		古文岛-原古诗文网
gl-zj.com	200	52344	jsp,php	nginx		锅炉之家 - 锅炉信息买卖平台_锅炉采购求购信息_锅炉信息公众号
guanglu.com.cn	200	58261	jsp,php	nginx	guanglu	广陆量具官网｜桂林广陆数字测控有限公司 -  Powered by guanglu
hancibao.com	200	430	unknown	SimpleHTTP/0.6 Python/3.10.12		Directory listing for /
gz-goam.com	200	16193	jsp	nginx		广州国有资产管理集团有限公司官网
forrun.cn	404	315	unknown			Not Found
haifanwu.com	405	2569	unknown			405
hanyuguoxue.com	200	47391	jsp	openresty		汉语字典_字典查字_在线查字_汉语字典在线查字-汉语国学
gushiwenku.cn	200	30264	unknown	nginx		古诗文库 - 经典古诗大全
handayeya.com	403	548	unknown			403 Forbidden
gemue.com.cn	200	58169	jsp	nginx		盖米阀门（中国）有限公司
hbvalve.com.cn	200	24493	jsp,php	Apache/2.4.54 (Win64) OpenSSL/	hbvalve.com 版权所有 &copy; 2004-2	湖北高中压阀门有限责任公司　_湖北高中压阀门有限责任公司
grandametal.com	200	16419	asp/access,jsp,php	wts		
help.mail.163.com	200	8787	jsp	nginx		帮助中心_首页
haowallpaper.com	200	57237	unknown	Nginx		免费4K高清壁纸-电脑背景图片-Mac壁纸网站「哲风壁纸」
haojue.com	200	57585	jsp,php			豪爵-欢迎来到我们的世界-豪爵铃木摩托车官方网站
help.banksteel.com	200	20581	jsp			帮助中心_钢银
henglihydraulics.com	200	55608	jsp	cloudflare		江苏恒立液压股份有限公司官方网站
hanslaser.com	200	56809	jsp	nginx		大族激光 - 激光打标机|切割机|焊接机|激光器 - 智能制造装备整体解决方案
hg.hc23.com	200	15600	jsp	Microsoft-IIS/10.0		化工网库
hanziguoxue.com	403	548	unknown			403 Forbidden
e-catalog.nok-freudenberg.com	200	523	unknown	nginx		恩福（中国）
hengjiu-pt.cn	200	23276	jsp	nginx		浙江恒久机械集团官网 | 一站式链传动产品供应商
hhxfqc.com	200	21238	asp/access,aspnet,jsp			淮海消防_淮海产品-徐州市淮海消防器材有限公司
hgcha.com	200	29658	unknown	nginx		汉语查 - 在线新华字典,汉语词典,成语大全,汉语国学
hikvision-eye.com.cn	200	28581	jsp,php	nginx		海康威视官方下载中心 | 海康威视智能安防监控软件免费下载 - 海康威视视频监控解决方案
hefeilaws.com	200	22662	jsp,php	nginx		您身边的法律咨询服务专家-浙江合飞律师事务所
hellodive.com	200	52933	jsp	nginx		深潜HelloDive - 潜水旅行|全球潜点|潜店预定|高端船宿
huangkh427.51sole.com	200	1772	unknown	Microsoft-IIS/8.5		
hs-plastic.net	200	6663	unknown	Microsoft-IIS/10.0		
huachidianqi.com	200	57940	jsp	nginx		华驰电气有限公司|电气设备|成套配电柜
hx-app.nobook.com	200	14647	unknown	Tengine		
huxhardware.com	200	19140	asp/access,jsp	Microsoft-IIS/10.0		浙江华雄机械有限公司
hr.edu.cn	200	54521	unknown	openresty		中国教育发展战略学会人才发展专业委员会
hpco.com.cn	200	57415	jsp,php	nginx		河北海天管件有限公司
hyyb.com.cn	200	48964	jsp,php	nginx		联系我们果博东方有限公司开户客服电话181-08888862(公司直属)
hzjg.mysteel.com.cn	200	5172	jsp	nginx/1.22.1		杭州精工铸造有限公司
hnsstglc.cn	200	20086	jsp	nginx		河南省四通锅炉有限公司
ibaotu.com	200	55777	jsp,php	nginx		包图网-正版商用视频音乐素材库，AI设计图片|PPT模板|海报|背景元素，会员免费下载
hometex.org.cn	200	56627	jsp	nginx		中家纺
hualongmold.com.cn	200	54853	jsp,php	wts		余姚市华隆模具塑料制品有限公司
iciba.com	200	45124	jsp	elb		金山词霸-文本、图片、文档在线翻译词典
haitaicasting.com	200	39833	asp/access,jsp	Microsoft-IIS/10.0		大型铸钢 大型铸钢件加工铸造厂家-海安海太铸造有限公司
ide.mindplus.top	200	668	jsp	Tengine		Mind+在线版
idimc.com	200	49518	jsp	webserver		北京工业发展投资管理有限公司
info.phys.tsinghua.edu.cn	200	216	unknown			
iitang.com	200	58704	wordpress,jsp	nginx		一糖导航丨实用的上网导航资源网址导航
index.mysteel.com	200	23517	asp/access,aspnet,jsp,php	Tengine		我的钢铁网价格指数查询-螺纹钢|钢筋|圆钢_不锈钢_煤焦炭_有色金属_铁矿石_废钢_铁合金等价格指数查询
icourse163.org	200	59352	jsp	YDWS		中国大学MOOC_优质在线课程学习平台
icaus2022.scimeeting.cn	200	1660	unknown			404页面
interroll-group.cn	200	639	jsp	nginx		
info-meviy.misumi.com.cn	200	58373	wordpress,jsp			放电加工-磨削加工厂家-米思米
instrument.com.cn	200	58634	jsp	openresty		仪器信息网-领先的科学仪器、分析仪器、检测及测试设备专业门户
ip.people.com.cn	403	557	unknown			403 Forbidden
info.texnet.com.cn	200	636	unknown	nginx		
iqiyi.com	200	7595	jsp	QWS		爱奇艺 iQIYI-热门独播剧集在线观看
ingersoll-rand.compressor.cn	200	504	jsp	Apache/2.2.15 (CentOS)		压缩机网
insize.cn	200	14106	jsp,php	Microsoft-IIS/8.5		网站首页 - INSIZE(英示)官方网站
it.sohu.com	200	59956	unknown	openresty		科技
jd.com	200	13341	asp/access,aspnet,jsp	nginx		京东港澳版-专业的综合网上购物商城
hrbggzy.harbin.gov.cn	200	52038	jsp,php	epoint-httpserver		哈尔滨市公共资源交易中心
jiameng.baidu.com	200	23801	jsp	Apache		加盟星平台_一站式招商加盟服务平台_直达全网优质加盟创业项目
iyeya.cn	200	49142	discuz,jsp,php	nginx		液压圈-液压系统论坛_工程机械论坛_液压油缸论坛
intuan.com	200	57572	jsp	nginx/1.0.15		印团网--画册印刷_样本印刷_单张印刷_宣传单印刷_手提袋印刷_档案袋印刷_画册印刷厂_画册印刷报价_福建印刷厂_北京印
jianzhipipefitting.com	200	59853	wordpress,php	cloudflare		
jihai8.com	200	55130	jsp			即嗨体育 - 比分直播|足球比分|篮球即时比分直播|比分预测
jinghuapharm.com	200	32151	jsp	wts		精华制药集团南通有限公司
jianshen8.com	200	56958	jsp	Tengine/2.2.1		-ƻ---彡ͼ-
jobs.51job.com	200	60000	unknown			
jlc-jdgf.com	200	57370	unknown	volc-dcdn		机电一体化免费图纸开源社区-FA机械电气零部件商城-机电工坊-深圳创电优选科技有限公司
jirou.com	200	30962	jsp	Tengine/2.2.1		- ⡢ѧϰվʡǿ׳ǵĺð֡
jkb.com.cn	200	15061	jsp			健康报网――健康门户
jobui.com	200	53889	jsp	openresty		职友集：发现好公司，发现好客户
jylgkj.com	200	56102	asp/access,aspnet	Microsoft-IIS/8.5		江阴林格科技有限公司
jyw.tjtc.edu.cn	200	25916	jsp	*****		天津职业大学就业指导中心
jy.huvtc.edu.cn	200	54055	jsp	none		湖州职业技术学院就业信息网
kaiquan.com.cn	200	56279	asp/access,aspnet,jsp,php	Apache/2.4.46 (Win32) OpenSSL/		凯泉泵业集团有限公司丨善水之道 以利万物 - 官方网站
job.hdu.edu.cn	200	54597	jsp	nginx/1.251		杭州电子科技大学24365就业数智平台
keeprun.cn	200	51482	jsp	nginx		健身指南-初、中、高级健身计划,每日健身食谱推荐
jz.hc23.com	200	15678	jsp	Microsoft-IIS/10.0		建筑网库
khkchilun.com	200	43498	jsp	nginx/1.25.3		KHK齿轮 - 小原齿轮工业【官网】 | 日本齿轮厂家 | 生产各种齿轮
kmcha.com	200	5153	jsp	nginx		KM查询
kaitec.com.cn	200	4370	unknown	waf		开泰克压缩机（上海）有限公司
kinying.cn	200	23497	unknown	F-WEB		
keyence.com.cn	200	59784	jsp	TencentEdgeOne		基恩士（中国）有限公司 官方网站
knapp.cn	200	55645	wordpress,php	knapp.cn	WPBakery Page Builder - drag a	主页 - 科纳普自动化系统（苏州）有限公司
kirinmach.com	200	52763	asp/access,jsp	wts/1.7.4		㶫е޹˾
koto-sh.com.cn	200	43344	unknown	nginx		液压系统_液压站_液压油缸|上海霍帕液压成套设备有限公司
ksbz.chinamine-safety.gov.cn	412	22657	unknown			请稍候…
kunlunlube.cnpc.com.cn	412	3468	jsp			
ldbearing.com	200	22705	jsp	wits/1.17		轴承座_响水县环宇轴承座制造有限公司
lego.com	403	5637	jsp			Just a moment...
kswzauto.com	200	20771	jsp,php	wts		昆山唯正自动化设备有限公司-自动化设备
life.douyin.com	200	59612	unknown	Tengine		抖音来客
lily-bearing.com	403	5658	jsp			Just a moment...
leespring.cn	200	57967	jsp	nginx/1.24.0 (Ubuntu)		Lee Spring | 25,000+ 库存弹簧及定制款 — 今日发货
kohergroup.com	200	36495	jsp,php	wts		科或（上海）电子有限公司
live.douyin.com	200	59950	jsp	Tengine		
china5e.com	200	54486	jsp,php	Tengine		中国能源网
luogu.com	404	2688	unknown			404 - 洛谷日爆
lianxiangzz.com	200	48343	jsp	Apache/2.4.39 (Win64) OpenSSL/		联想铸造|保定铸造|保定铸造公司-保定联想铸造有限公司
lift158.com	200	50589	jsp			电梯之家 - 全球首家电梯行业综合服务平台
lsks.org.cn	200	58696	asp/access,aspnet,jsp	Unknown		绿色矿山
lmdqzz.com	200	58256	jsp	wts		山东龙马电气设备有限公司
luogu.com.cn	200	58301	unknown	cloudflare		首页 - 洛谷 | 计算机科学教育新生态
lspipesolutions.com	200	41657	asp/access,aspnet,jsp	wts		ѹܵԪ,ֹ,ܼ,ɽܼ-ɽܼ޹˾
m.17track.net	200	16095	jsp	cloudflare		Your ALL-IN-ONE Package Tracker | 17TRACK
m.36kr.com	200	17501	unknown	nginx		
m.autohome.com.cn	200	47030	unknown	openresty		汽车之家_看车买车用车换车,省时省心省钱
liantiao360.com	200	23238	jsp,php	wts		链条_东华链条集团有限公司
m.baike.com	200	59425	php	Tengine		抖音百科测试版
luos.org	200	53346	asp/access,jsp,php	Caddy		罗氏家园 (http://www.luos.org)
lvdingjia.com	200	57578	unknown	nginx		南海灵通铝锭价和长江铝锭价格 【大沥铝材网今日铝价】
mail.163.com	200	19469	jsp	nginx		163网易免费邮-你的专业电子邮局
manfieldcoatings.com	200	29925	asp/access,aspnet,jsp	Microsoft-IIS/7.5		首页-万辉涂料有限公司
machiningminghe.com	200	59978	wordpress,jsp,php	nginx/1.20.1		Custom Precision Machining Solutions | MinHe
kokuyo.cn	200	58730	wordpress,jsp,php	nginx/1.30.3	Visual Composer - drag and dro	国誉办公家具_ 高端办公家具品牌 | 国誉（kokuyo）办公家具官网
market.cnal.com	200	54278	jsp,php	Tengine		铝业行情-今日铝价,铝锭价格,有色宝长江,上海期货,南海有色,LME,中铝报价,上海现货,广东南储,上海华通,废旧行情,
mail.mail.163.com	200	2586	unknown	nginx		网易电子邮箱
m.wzhaoxiang.com	200	8619	jsp,php	Microsoft-IIS/10.0		塑料挤出机-塑料片材挤出机-塑料管材生产线- 塑料型材挤出机-瑞安市浩翔塑料机械有限公司
m.zwz-bearing.com	200	57916	jsp,php	nginx	CE ULTIMATE	首页 - 瓦房店轴承集团有限责任公司
mail.lyun.edu.cn	200	30441	jsp	Wwebsvr		ѧԺ
mechtool.cn	200	52080	jsp	nginx		Mechtool 在线机械设计工具
mhi.com.cn	403	321	unknown			403 Forbidden
mbd.baidu.com	200	59492	php	apache		百度一下
mg-pen.com	400	334	unknown			Bad Request
mindplus.cc	200	45028	unknown	nginx/1.20.1	DFRobot © 2008-2026	Mind+官网 - 一站式满足程序设计、模型训练、界面设计。
mcmod.cn	200	55275	jsp	Apache		MC百科|最大的Minecraft中文MOD百科
minecraft.fandom.com	403	5581	jsp			Just a moment...
it.szu.edu.cn	200	54482	jsp	none		深圳大学信息中心
mindplus.dfrobot.com.cn	200	52086	jsp			Mind+ V1.x官方教程-Mind+图形化编程软件
mindplus.dfrobot.com	200	14851	jsp			Mind + official tutorial-Mind + graphical programming softwa
mjatm.com	200	50514	jsp	nginx		浙江铭君自动化设备有限公司
movie.douban.com	200	57250	jsp,php	dae		豆瓣电影
minecraftsearch.com	200	57420	jsp	cloudflare		Minecraft Search - 物品, 生物, 方塊
motor.xcar.com.cn	200	55149	jsp,php	openresty		ĦгƵ - 2026Ħгȫ_ĦгͼƬ_ĦгƵ_Ħг֮
nbk1560-chn.com.cn	403	5540	jsp			Just a moment...
muscledb.cn	200	30329	unknown	nginx/1.18.0 (Ubuntu)		肌肉超标 - 中文健身动作教学库
net.netart.cn	200	4826	unknown	edgeone-pages		网络面板 - 实时监测您的网络情况
nbdeli.com	200	58497	jsp	CloudWAF		得力商城
news.cctv.com	200	57504	jsp,php	CCTVAMCLOUD		新闻频道_央视网(cctv.com)
news.qq.com	200	17798	jsp	tRPC-Gateway		腾讯网
news.fjsen.com	200	49562	unknown	x-web		新闻综合频道_东南网新闻中心为您提供最新的热点新闻资讯
news.cnr.cn	200	46202	jsp			
news.sohu.com	200	59966	unknown	openresty		新闻
ncac.gov.cn	200	53599	jsp			国家版权局网
ngctransmission.com	403	564	unknown			403 Forbidden
nmc.cn	200	54662	jsp	openresty		关注阴晴冷暖，守望四时安康
netbian.com	200	18157	jsp,php	BAIDU_WAF		˰ֽ_Աֽ_ֽվ_˰
noborubber.net	404	315	unknown			Not Found
nongji1688.com	200	49634	jsp,php	nginx		农机1688网 - 农业机械,拖拉机,收割机专业导购B2B网站
nidec-group.cn	200	58160	jsp	nginx/1.20.0		尼得科/NIDEC 官方网站
nongjx.com	200	54576	asp/access,aspnet,jsp,php	Tengine		农机网_农业机械_农用机械-中国农机网
nongji1958.com	200	56798	jsp,php	nginx/1.22.0		农机新闻网农机人的专属领地
nowcoder.com	200	4767	jsp			牛客网 - 找工作神器|笔试题库|面试经验|实习招聘内推，求职就业一站解决_牛客网
noveri.norincogroup.com.cn	200	32397	jsp	Apache		中国北方车辆研究所
nxz.com.cn	200	59524	jsp,php	nginx		Xibei Bearing Co.,Ltd.
onlinetrack.net	200	59976	wordpress,jsp	hcdn		Track Your Package Worldwide | 2,500+ Carriers | OnlineTrack
otis.com	200	59998	jsp			Elevators, Escalators, Lifts & Moving Walks | Otis
padi.com	403	5594	jsp			Just a moment...
nsk.com.cn	200	57262	jsp	Tengine		NSK中国官网-恩斯克投资有限公司官方网站
nsd-china.com	200	54012	jsp	openresty		安士缔（中国）电气设备有限公司
paper.people.com.cn	200	265	unknown	nginx		
pacdora.cn	200	59460	unknown			Pacdora - 最大的样机和刀版模板平台
padicn.com	200	9573	unknown	cloudflare		PADI官网中文站
oiwas.com	200	35303	asp/access,aspnet,jsp	Tengine		爱华仕箱包官网（OIWAS） - 装得下，世界就是你的
phet.colorado.edu	200	45911	jsp,php	cloudflare		My Account
padi.com.cn	200	1672	jsp	cloudflare		china-club-web
phiyu.github.io	200	12303	unknown	GitHub.com		Hongfei Yu (于洪飞) - Yu’s Academic Page
post.smzdm.com	202	209	unknown			
pcauto.com.cn	200	56985	jsp	openresty		太平洋汽车_精准报价_专业评测_以车会友,汽车世界由此精彩
price.pcauto.com.cn	200	58648	jsp	openresty		【汽车报价】汽车最新报价_汽车价格查询_太平洋汽车
parcelsapp.com	200	59751	jsp	nginx/1.8.0		Universal Parcel Tracking - Global Package Tracking
qcc.com	200	5169	unknown	Tengine		海外产品使用-企查查
packpack.cn	200	58240	wordpress,jsp	nginx		PACKPACK | 包装设计师导航
qianzhan.com	200	54260	jsp	nginx		前瞻网 - 发现趋势 预见未来_行业趋势研究报告_行业分析报告_产业规划
qiexiaoye95.cn.china.cn	520	4058	jsp,php			访问异常 - 供应商网
pingtaicn.cn	200	25800	jsp	openresty/1.27.1.2		上海平泰橡胶制品有限公司
qm.hc23.com	200	15722	jsp	Microsoft-IIS/10.0		汽摩网库
qstheory.cn	200	56984	jsp			求是网 - 思想建党 理论强党
qie.tv	200	57636	php	nginx		企鹅体育 - NBA直播_综合体育视频网站_高清CBA/台球直播在线观看 - 企鹅直播
opticsjournal.net	200	15885	unknown	Tengine		
rajintong.cn	200	57853	jsp,php	nginx		电动订书机、气动订书机、电动铁丝订盒机
res.mechtool.cn	404	578	unknown			404 - Page Not Found
rccchina.com	200	56453	jsp			RCC瑞达恒-领先的工程信息和招标采购信息平台
raksul.com	200	54805	unknown			印刷のことなら格安・激安の印刷通販【ラクスル】
quote.eastmoney.com	200	52611	asp/access,aspnet,jsp	Tengine		东方财富(300059)_最新价格_行情_走势图—东方财富网
rjvalve.com	200	430	unknown	SimpleHTTP/0.6 Python/3.10.12		Directory listing for /
res.banksteel.com	200	57423	jsp			撮合商城_钢材现货资源中心_钢银钢铁现货交易平台
qianqian.163.com	200	58934	unknown	nginx		网易千千壁纸_免费4K高清动态壁纸下载_可互动电脑桌面壁纸
reyoung.cn	403	548	unknown			403 Forbidden
safe.mail.163.com	200	8781	jsp	nginx		䰲ȫ - Ʒҳ
samp.cas.cn	200	1481	unknown	nginx/1.31.3		中国科学院重大科技基础设施和大型科研仪器共享平台
runoob.com	200	58736	wordpress,aspnet,jsp,php	cloudflare		菜鸟教程
reagles.cn	200	33291	jsp	nginx		浙江锐鹰传感技术股份有限公司官网
rolls-royce.com	200	59982	asp/access,aspnet,jsp	cloudflare		Rolls-Royce: Delivering complex power solutions | Rolls-Royc
news.yongzhou.gov.cn	200	376	unknown	openresty		
sanlincn.com	200	17921	jsp,php	Apache		三林五金制品有限公司-首页
s.cmpedu.com	403	453	unknown			
scidict.org	200	57393	unknown	cloudflare		专业词典-学术词典-在线词典-在线翻译-SCIdict赛斯专业词典
scimaterials.cn	404	9031	unknown			提示
sanyanggroup.com	200	636	unknown	nginx		
sanline.com.cn	200	35694	jsp	Microsoft-IIS/10.0		苏州上良自动化设备有限公司_苏州上良自动化设备有限公司
scrjn.com	200	57338	jsp	nginx		上海斯可络压缩机有限公司
sd-dq.com	200	58222	jsp	Microsoft-IIS/8.5		盛大电气设备有限公司【官网】-盛大电气设备
sh-dfysj.com	200	11836	unknown	openresty/1.31.1.1		One moment, please...
sd2000.com	200	3207	jsp			盛大印刷
shenghua-group.cn	200	55646	jsp	Tengine		胜华电缆集团
rifeng.com.cn	200	41228	jsp,php	Microsoft-IIS/8.5		日丰集团官网-日丰管,管用50年-中国家装管道销量第一
rst.ln.gov.cn	200	56155	jsp	panyun		辽宁省人力资源和社会保障厅
samsonite.com.cn	200	5112	unknown	Default-server-KS-CLOUD-YANC-M		
shiyanjia.com	200	57968	jsp	openresty		科学指南针-实验服务_检测机构_科研服务平台
shllzq.cn.china.cn	520	4053	jsp,php			访问异常 - 供应商网
ship24.com	200	59796	unknown	CloudFront		Track your parcel with Ship24
shuidi.cn	200	376	unknown	nginx/1.24.0		
shuzhiduo.com	200	4114	unknown	openresty		
shjgr.com	200	32128	unknown	nginx		上海精工阀门厂有限公司【厂家官网】
shysxy.cn	200	29172	jsp,php	wts		上海依森橡塑制品有限公司,上海橡塑制品,密封圈生产厂家
simol.cn	200	55790	wordpress,jsp	nginx		西莫网｜西莫电机圈 - 电机产业链平台，电机工程师技术交流社区
sh-orient.cn	200	57248	jsp	wts		上海东方压缩机制造有限公司
sinhai.com.cn	200	23315	jsp	nginx	Goomay	Jiashan Sinhai Precision Castings Co., Ltd.
shuixing.com	200	34329	jsp	nginx		水星家纺官网
shsv.cn	200	19846	jsp,php	Microsoft-IIS/10.0		ϺϷ켯--ų
shnsk.com.cn	200	506	jsp	nginx/1.14.1		贤旅官网
smart.mail.163.com	200	9087	jsp	nginx		网易163免费邮箱手机智能版 - 适配iPhone/Android系统手机
sinvo.cn	200	2302	php	Tengine		
skgcn.cn	200	32584	jsp,php	Apache		上海永星电子开关有限公司
slt.hebei.gov.cn	200	53769	jsp			河北省水利厅
skf-afl.com	200	6255	asp/access,jsp	wts		很抱歉，网站暂时无法访问
smctw.com.cn	200	8498	jsp	nginx		上量运营后台
smt66.com	200	49402	asp/access,aspnet,jsp,php	Microsoft-IIS/7.5		气缸-气缸型号-标准气缸-气缸厂家[斯麦特]首页
show.lailianjie.com	200	566	unknown	nginx		
so.douyin.com	200	6293	unknown	Tengine		抖音搜索
sohu.com	502	568	unknown			502 Bad Gateway
sports.163.com	200	56263	jsp	openresty		网易体育_有态度的体育门户
sports.sina.com.cn	200	58614	jsp,php	nginx		新浪体育_新浪网
sports.qq.com	200	57734	unknown	TAPISIX/2.1.8		腾讯体育 - 看NBA足球网球赛车NFL
sports.sohu.com	200	59904	unknown	openresty		体育
strokeorder.cc	200	8949	php	cloudflare		【笔顺网】在线汉字笔顺查询，笔画笔顺动画演示
sthjt.nmg.gov.cn	200	48168	jsp	nginx		内蒙古自治区生态环境厅
spanint.com	200	59997	php	nginx		Custom 200-400 Stainless Steel Sheets and Tubes | spanint
sports.cctv.cn	200	56528	jsp	elb		体育_央视网(cctv.com)
sinolube.sinopec.com	200	37259	jsp,php	sinopec		中国石化润滑油公司 长城润滑油 中国品牌润滑油
songjiangsh.com	200	59644	wordpress,jsp,php	wts	WPBakery Page Builder - drag a	松江机电集团（上海）橡胶制品有限公司
szfzjx.cn.china.cn	520	4053	jsp,php			访问异常 - 供应商网
snowkey.com	200	54580	jsp	nginx/1.30.1		雪人集团（SNOWMAN GROUP）-首页
szhuoban.com	200	57038	jsp,php			深圳市伙伴气动精密机械有限公司-气缸|无杆气缸|气动元件供应商
szjindong.com	200	15772	unknown	F-WEB		
t.17track.net	200	59997	unknown	cloudflare		ALL-IN-ONE PACKAGE TRACKING | 17TRACK
tecdat.cn	200	57549	wordpress,jsp,php	nginx		拓端 &#8211; tecdat | 咨询,数据,技术,价值
tenrypharm.com	200	21908	asp/access,aspnet,jsp	Microsoft-IIS/7.5		上海腾瑞制药股份有限公司
techinfo.misumi.com.cn	200	56230	jsp	Tengine		机械设计_3D图纸模型_CAD工业自动化产品设计-米思米技术之窗
szsadwj.com	200	46420	asp/access,jsp	Microsoft-IIS/8.5		ʢƷ޹˾
swcreo.com	200	58602	wordpress,jsp,php	nginx		野火工业设计免费Creo系统化教程
timewiki.org	200	34708	php	cloudflare		时维百科 | timewiki.org
texindex.com.cn	200	664	unknown	nginx		
texnet.com.cn	200	636	unknown	nginx		
termatools.com	200	43281	jsp,php	Apache		特马电子|特马量具官网 - 精密量具制造商
tools.usps.com	403	381	unknown			Access Denied
toutiao.com	200	4883	jsp	volc-dcdn		今日头条
sunten.com.cn	302	207	unknown			302 Found
tongyuanpak.com	200	43943	jsp	nginx/1.24.0 (Ubuntu)		广州市同源塑料制品有限公司
tirapid.com	200	59998	wordpress,jsp	LiteSpeed		Machined Parts Manufacturers &amp; CNC Machining Supplier
tpsee.com	200	41980	jsp,php	Apache		深圳市天视通技术有限公司 | 安防核心技术供应商.方案商
trackingdirectory.com	200	12010	unknown	openresty/1.31.1.1		One moment, please...
qiye.qizhidao.com	200	23670	php	Tengine		
toybaba.com	200	56202	jsp	nginx		玩具网 - 玩具巴巴，专业在线玩具批发贸易平台
tpy-group.cn	403	548	unknown			403 Forbidden
tooldone.com	200	48151	unknown	BunnyCDN-SG1-1272		Online Calculation Tools &amp; Converters | Multilingual Sci
trackingmore.com	200	59994	unknown	nginx		No.1 Multi-Carrier Tracking API (1648 Carriers Integrated)
toysruschina.com	200	57204	jsp	cloudflare		玩具反斗城中国官方网站 | Toys&quot;R&quot;Us China Official Website
top100.mei.net.cn	200	430	unknown	SimpleHTTP/0.6 Python/3.10.12		Directory listing for /
typhoon.nmc.cn	200	1479	jsp	Tengine/2.0.3		中央气象台台风网
uniqlo.cn	200	6241	jsp	Uniqlo		首页 - 优衣库网络旗舰店
tv.cctv.com	200	56794	jsp,php	CCTVAMCLOUD		CCTV节目官网_央视网
tv.sohu.com	200	58964	jsp	SWS		ѺƵ-ȵۺƵվ,Ƶ߹ۿ,ԭƵϴ,ȫƵ
tumi.cn	200	9974	unknown	Default-server-KS-CLOUD-XZ-MP-		
v.qq.com	200	58790	unknown	Lego Server		腾讯视频-中国领先的在线视频媒体平台，海量高清视频在线观看
toshiba-elevator.com.cn	200	54853	jsp	Apache/2.4.65 (Unix)		东芝电梯（中国）有限公司
vitrans.cn	200	58924	wordpress	nginx		玮创官网 | 自动化智能输送线 | 倍速链输送
uncwp.com	200	57795	jsp	wts		Zhejiang U&amp;N Gear Co., Ltd.
voion.com	200	13129	unknown	F-WEB		
vm.mail.163.com	200	58543	unknown	nginx		网易邮箱会员
united-compressor.com	430	16108	unknown			Network Security Verification
wdzcz.com	200	12212	asp/access,jsp	Microsoft-IIS/10.0		||ʷʽ|ˮ
wah-nan.com	200	58684	jsp	nginx		华南消防器材有限公司
webtex.cn	200	52945	asp/access,jsp	Microsoft-IIS/10.0		һ֯ - ֯ҵŻվ webtex.cn
who.int	200	59980	jsp	cloudflare		World Health Organization (WHO)
wenku.csdn.net	521	1961	jsp			
wjgj.hc23.com	200	15783	jsp	Microsoft-IIS/10.0		五金网库
wnxn-koyo.cn	200	10167	asp/access,aspnet,jsp	Microsoft-IIS/10.0		KOYO轴承(中国)有限公司
wl-app.nobook.com	200	14650	unknown	Tengine		
wipo.int	200	59964	jsp	Apache		WIPO &#45; World Intellectual Property Organization
world-machining.com	468	14537	unknown			
wjw.ah.gov.cn	200	52926	jsp			安徽省卫生健康委员会
www.11467.com	200	51690	jsp,php			【顺企网】企业黄页和供求信息发布平台
www.51dzw.com	200	50320	jsp,php	Tengine		51-ICԪ|ICԪ||ӹܽվ|IC|WWW.51DZW.COM
wqfz.com	200	15152	jsp	nginx		魏桥纺织
www.911pump.cn	403	548	unknown			403 Forbidden
wlt.fujian.gov.cn	200	54972	jsp			福建省文化和旅游厅
worldyachem.cn	200	56091	jsp	nginx		上海石洋化工有限公司
www.9game.cn	200	56022	jsp	Tengine/Aserver		九游手机游戏_阿里巴巴灵犀互娱旗下_好玩的手游下载门户
wsjkw.sh.gov.cn	200	53214	jsp	WAF		上海市卫生健康委员会
www.americancolors-cn.com	200	20551	jsp,php	wts		美彩（上海）颜料有限公司
www.bestblower.com	200	20710	wordpress,jsp,php	nginx		罗茨风机_罗茨鼓风机厂家-山东锦工有限公司
www.51sole.com	200	53492	asp/access,aspnet,jsp	Microsoft-IIS/8.5		搜了网，领先的垂直商业搜索引擎与系统化网络营销平台，专业的网上推广和贸易平台
tuofa-cncmachining.com	200	59990	jsp,php	nginx		Custom CNC Machining Parts Manufacturer in China | Tuofa Off
www.aierpaike.com	200	36506	asp/access,jsp	wts		电磁阀_高温电磁阀_蒸汽电磁阀_宁波市艾尔派克电磁阀有限公司
www.btclyb.com	200	10629	jsp	Apache		齿轮泵|齿轮油泵|螺杆泵|泊头齿轮泵-河北省泊头市齿轮泵制造厂
www.aqsgpack.com	200	14404	asp/access,jsp,php	Microsoft-IIS/10.0		װι˾
www.burdmann.com	430	16108	unknown			Network Security Verification
www.ashfrm.com	200	30447	jsp,php	wts		鞍山市和丰耐火材料有限公司
ww.zwz-bearing.com	200	57916	jsp,php	nginx	CE ULTIMATE	首页 - 瓦房店轴承集团有限责任公司
www.beyerpump.com	200	59120	jsp,php	nginx		首页_拜亚隔膜泵（上海）有限公司
tymon.cn	200	59630	jsp,php	Web Server		箱包_箱包品牌_旅行箱-TYMON泰梦
www.boyubengye.cn	430	16108	unknown			Network Security Verification
www.9abxg.com	200	58052	jsp	nginx		不锈钢隐形井盖-不锈钢篦子-戴南不锈钢方管-泰州市佳孚不锈钢制品有限公司
www.chinacrane.net	200	55478	jsp,php	Tengine		全球起重机械网-专业的起重机,起重设备网,让起重采购更简单
www.china-xinda.com	430	16108	unknown			Network Security Verification
www.chnpgw.com	200	17333	unknown	F-WEB		
www.chinsc.com	430	16108	unknown			Network Security Verification
www.china-liye.com	430	16108	unknown			Network Security Verification
www.cnblogs.com	200	55205	asp/access,aspnet,jsp			博客园 - 开发者的网上家园
www.choicebelt.com	200	27917	jsp	wts		徐州昭信输送带有限公司
www.cgnh.com	200	12533	jsp	wts		гͻ޹˾
www.chinashangjiu.com	200	6901	unknown			
www.cnbgfm.com	200	17951	jsp,php	wts		阀门_阀门公司_阀门厂家-中国·华光阀门有限公司
www.cnzhpv.cn	200	30129	asp/access,jsp	Microsoft-IIS/10.0		自吸泵_温州市中恒泵业制造有限公司
www.cnpowder.com.cn	200	54273	jsp,php	Apache		粉体网__粉体产业的连接者
www.czdisar.com	200	32968	asp/access,jsp,php	wts		Ӳٻ,յٻ޹˾-ٷվ
www.cilibeng.com	200	45574	jsp	Microsoft-IIS/8.0		&#160;-&#160;Ϻִ޹˾
www.cv3000.com	200	58484	jsp	nginx		阀门大全，三千控制阀网
www.danfer.com.cn	430	16108	unknown			Network Security Verification
www.chuanyi.cn	200	35916	asp/access,jsp	Microsoft-IIS/10.0		纯净水设备,山东水处理公司,软化水设备_山东川一水处理科技股份有限公司
www.csroots.cn	200	54614	wordpress,jsp,php	nginx		罗茨风机-罗茨鼓风机-长沙鼓风机有限公司【官网】
www.dcgroup.com.cn	599	556	unknown			502 Bad Gateway
www.dedesos.com	200	54924	dedecms,wordpress,thinkphp,pbootcms,discuz,phpcms,empirecms,jsp,php	Apache		织梦帮_dedecms模板_dede模板_PBOOTCMS模板_织梦模板免费下载
www.dier-elec.com	200	6768	jsp	Microsoft-IIS/10.0		四川第尔电气成套设备有限公司公司 - 高低压开关柜
www.dldy-ms.cn	430	16108	unknown			Network Security Verification
www.desran.com	200	32112	jsp	nginx		德斯兰压缩机（上海）有限公司官方网站,无油螺杆机,两级压缩螺杆机
www.dllaurel.com	200	629	unknown	Tengine		大连劳雷石油化工泵制造有限公司
www.dedemao.com	200	54920	dedecms,empirecms,jsp,php	nginx		织梦猫 - 专业的织梦模板下载站
www.doc88.com	200	42146	jsp,php	nginx		道客巴巴-在线文档分享平台
www.dlsteel.com	200	14745	jsp,php	wts		大连万隆不锈钢制品有限公司
www.douyin.com	200	60000	unknown	Tengine		
www.dgsjmj.com	200	15983	jsp	wts		硅胶|橡胶模具设计制造加工厂-东莞市盛基精密模具有限公司
www.delixidrive.com	200	18781	jsp,php	Apache		德力西（杭州）变频器有限公司
www.dmpump.cn	430	16108	unknown			Network Security Verification
www.eagleburgman.net	200	16807	unknown	F-WEB		
www.deyuanchem.com	200	3998	unknown	nginx		浙江德远化工有限公司--特种表面活性剂聚醚|印染助剂类|德远化工
www.cqbyjc.com	200	28866	jsp	Microsoft-IIS/10.0		重庆百耀建材有限公司
www.equanpump.com	200	31888	asp/access,aspnet,jsp	Tengine		上海鄂泉泵业-QBY气动隔膜泵,不锈钢潜水泵,立式排污泵供应杭州/南京等全国各地
www.east-tool.com	200	9489	asp/access,jsp	wits/1.17		jiangyin east diamond tools co.,ltd  нʯ޹˾
www.erlitech.com	200	58608	unknown	AliyunOSS		西安而立电子科技有限公司 - 专业软件定制开发与AI解决方案
www.audisound.cn	200	59999	wordpress,jsp,php	GitHub.com		Home - Audisound
www.feidadq.com	200	25157	jsp	nginx		箱变,开关柜,变压器,断路器,菲达 - 山东菲达电器有限公司
www.durrex-pump.com	200	37818	jsp,php	nginx/1.18.0		宁波得利时泵业有限公司-为用户提供科学的流体输送解决方案-转子泵-乳化泵-磁力泵-橡胶泵
www.gctc.cn	200	56134	jsp	SLT-MID		江苏高淳陶瓷股份有限公司-餐瓷-茶礼-礼品瓷
www.fastener.cc	430	16108	unknown			Network Security Verification
www.ecoair.cn	200	46952	asp/access,aspnet,jsp	Microsoft-IIS/7.5		【艾高空压机官网】螺杆式空压机-螺杆真空泵-永磁变频|低压|两级压缩|无油|空压机厂家
www.eastpump.com	200	30694	jsp	openresty		上海东方泵业（集团）有限公司
www.grinding-cn.com	200	15094	jsp	xinnet		常熟市巨力砂轮有限责任公司【官网】
www.groupseal.com	200	28924	jsp	nginx		边昂布（杭州）机械密封制造有限公司--机械密封|水泵配件
www.gz-dichuan.com	200	24163	jsp	wts		广州迪川仪器仪表有限公司
www.hbhmjc.com	200	15248	asp/access,jsp	wts/1.7.4		河北华美保温|河北华美保温建材|华美保温建材|华美保温材料|华美玻璃棉-河北华美保温建材有限公司官方网站
www.hbdefon.com	200	55442	asp/access,aspnet,jsp	Microsoft-IIS/10.0	wanhu - www.wanhu.com.cn |	湖北迪峰换热器股份有限公司
www.hailianxin.cn	200	40314	jsp	Tengine		阿里云万网虚机IP访问报错提示
www.flowservechina.cn	200	35497	jsp,php	wts		机械密封件-福斯流体机械密封(张家港)有限公司
www.gznyyb.com	200	59336	jsp,php	nginx		广州南仪流量计有限公司
www.hstrsp.com	403	568	unknown		Tengine	403 Forbidden
www.hengyuanpump.com	430	16108	unknown			Network Security Verification
www.hbkx.org.cn	200	52234	jsp,php	nginx/1.27.0		湖北省科学技术协会
www.hdhhg.com	200	54297	asp/access,jsp,php	wts		붦豸޹˾
www.hnbaozhuang.com	200	23819	jsp,php	wts		长沙振越包装有限公司
www.hui-zhong.com.cn	200	43527	jsp,php	Apache		环保水处理设备,水处理设备公司,环保水处理,环保水,广东水处理公司,广州水处理设备-【广东汇众环境科技股份有限公司】
www.hunan.gov.cn	200	51812	jsp			欢迎光临湖南省人民政府门户网站
www.hykox.com	403	4348	unknown			IIS 10.0 详细错误 - 403.14 - Forbidden
www.hxssjx.com	430	16108	unknown			Network Security Verification
www.hzcoupling.com	430	16108	unknown			Network Security Verification
www.hzjkkf.com	430	16108	unknown			Network Security Verification
www.iciba.com	200	45124	jsp	elb		金山词霸-文本、图片、文档在线翻译词典
www.in-en.com	200	51885	jsp,php	nginx		国际能源网-能源全产业链服务平台，服务全球能源企业！
www.huadao-hyd.com	200	39504	jsp,php	wts		上海华岛液压设备制造有限公司 - 官方网站
www.jiadadcf.com	200	8139	jsp,php	xinnet		ɽмδŷ޹˾
www.hzqd.com	200	878	jsp			
www.jobcn.com	200	287	unknown			lucky
www.hzforward.com	403	548	unknown			403 Forbidden
www.hy-yy.com	200	40753	jsp	wts		江苏恒源25年专注柱塞泵的研发制造生产厂家
www.jofeepump.com	200	53888	jsp	SLT-MID		上海侠飞泵业有限公司官网_隔膜泵、气动隔膜泵、电动隔膜泵_MK气动隔膜泵零部件_进口隔膜泵聚四氟乙烯膜_瓦楞行业胶泵
www.jjhflj.com	403	226	unknown			
www.gddthg.com	200	32748	jsp	SLT-MID		广东东太化工有限公司,星昇实业投资（广东）有限公司,东太化工_化工原料
www.jomo.com.cn	200	43552	jsp	Apache		山西日本能源润滑油有限公司-山西日本能源
www.jsry.com	200	12843	unknown	F-WEB		
www.jpcpneumatic.com	403	548	unknown			403 Forbidden
www.jfjmjx.cn	200	35923	asp/access,jsp,php	wts		蜗轮蜗杆,无锡江帆精密机械制造有限公司
www.jsmyjsj.com	200	44929	jsp	Apache		搅拌机设备,卧式搅拌机,搅拌机价格,减速机厂家-江苏明业搅拌科技有限公司
www.jin-feng.com	200	57082	jsp	wts		浙江锦峰纺织机械有限公司
www.jsxionghuojxzz.com	200	36909	jsp	nginx		冷拔机-拉拔机-江苏熊火机械制造有限公司
www.jslongchang.com	200	950	jsp			
www.jfopt.com	200	59928	jsp	Microsoft-IIS/8.5		Fiber Optic Cable & Connectivity Manufacturer Since 2001 | J
www.js-hongdayb.com	200	43328	jsp,php	Tengine		柱塞泵厂家_轴向柱塞泵厂家_柱塞泵-江苏宏达高压油泵制造有限公司
www.jzlthc.com	200	40247	jsp	nginx		笔趣阁 - 玄幻小说排行榜_好看的都市热血逆袭小说免费看
www.ldbearing.com	200	22705	jsp	wits/1.17		轴承座_响水县环宇轴承座制造有限公司
www.kuohorng.com.cn	430	16108	unknown			Network Security Verification
www.klqy.com	200	15429	jsp			杭州科林爱尔气源设备有限公司－冷干机|吸干机|精密过滤器滤芯|PARKER过滤器|压缩空气净化设备制造商
www.jsxczcz.com	200	55928	jsp,php	nginx		水冷轴承座_非标轴承座_轴承座厂家-响水星诚轴承座有限公司
www.leitech.com.cn	200	11556	jsp	nginx		丹麦雷泰克量具有限公司 – 一个高度专业的公司
www.liepin.com	200	57403	jsp			【猎聘】-招聘_找工作_求职_企业招人平台
www.llchain.com	200	630	unknown	Tengine		上海利来链条有限公司
www.linix.com.cn	430	16108	unknown			Network Security Verification
www.lingxiao.com.cn	200	58958	wordpress,jsp,php	nginx		广东凌霄泵业股份有限公司
www.lianglong.com	430	16108	unknown			Network Security Verification
www.lfrq.com	200	18683	jsp,php	wits/1.17		绍兴市上虞联丰压力容器有限公司
www.ludong.com	430	16108	unknown			Network Security Verification
www.lyguolu.net	430	16108	unknown			Network Security Verification
www.lmlq.com	200	55144	asp/access,aspnet,jsp,php	ESA		黎明重工科技股份有限公司官方网站_破碎机,颚式破碎机,圆锥破碎机,磨粉机,移动破碎站-创造推动文明,细化演绎灿烂,黎明重
www.luosi.com	521	728	unknown			
www.mgc.com.cn	200	28082	jsp	Apache		三菱电机（广州）压缩机有限公司
www.lzvalve.com	200	23984	jsp	Microsoft-IIS/10.0		良正阀门有限公司 —— 唯一官方网站
www.nbdcck.com	200	25665	asp/access	Microsoft-IIS/7.5		۲޹˾--,,н,Һ,ˮ,ת
www.jccief.org.cn	200	57108	asp/access,aspnet,jsp	Microsoft-IIS/10.0		江苏省进出口商会首页
www.marazziguide.com	200	9626	asp/access,jsp	wts		ȣգݵ޹˾
www.ntfan.com	200	920	unknown	Tengine		南方风机股份有限公司
www.mege.cn	200	25546	asp/access,aspnet,jsp,php	nginx		杭州米格电机有限公司
www.metalworkchina.cn	200	58197	jsp,php	Microsoft-IIS/10.0		麦特沃克气动元件（上海）有限公司
www.ningkong.com	403	202	unknown			403 Forbidden
www.njkmdjc.com	200	57242	jsp	Tengine		数控螺杆铣床,球面机床,蜗杆车床,双端面车床-南京肯迈得机床制造有限公司
www.njsfyb.com	200	56225	jsp,php	wts		南京双峰油泵油嘴有限公司
www.pumpwj.com	200	8800	jsp			-Ϻ򾭱ҵ޹˾/Ϻҵ˾
www.olpumps.com	200	25587	jsp	nginx		单双螺杆泵,污泥泵,磁力泵,三螺杆泵,真空泵,船用沥青泵,沥青螺杆泵-天津市瑞德螺杆泵有限公司-天津市瑞德螺杆泵有限公司
www.pumpvalve.com	200	17595	jsp	ESA		化工泵-上海东海泵阀制造有限公司
www.nambu-cyl.cn	200	11377	jsp,php	wts		南武油缸(常州)有限公司_官网-南武油缸
www.qiangzhu.cn	430	16108	unknown			Network Security Verification
www.paragonbearing.com	200	57631	wordpress,jsp,php	nginx	WPBakery Page Builder - drag a	宁波百诺肯轴承有限公司 &#8211; 专业生产精密微小型深沟球轴承
www.qlgd.com.cn	200	23416	unknown	F-WEB		
www.puwall.cn	200	17426	asp/access,jsp	wts/1.7.4		青岛信孚保温建材有限公司
www.ntyq.cn	200	57480	asp/access,jsp	wts		南通源泉压力容器有限公司
www.longlong.com.cn	200	22192	asp/access,jsp	wts/1.7.4		Tianjin longlong metal products factory
www.quanyuchina.com	200	9905	jsp	Tengine		阿里云万网流量耗尽关停页面
www.ntyw.net	200	55824	jsp	wts		江苏亚威变压器有限公司-干式变压器|电力变压器|江苏亚威
www.qjsgf.com	200	17337	asp/access,jsp	wts		˿޹˾
www.runhuayoubeng.com	200	16062	jsp,php	Microsoft-IIS/10.0		广东润滑油泵品牌-佛山电动润滑泵厂家直销-集中润滑系统-甬生油泵
www.nxdiamond.com	200	36746	jsp,php	nginx		昆山耐信金刚石工具有限公司
www.qbydby.com	200	19725	asp/access,jsp	wts		浙江展博隔膜泵制造有限公司
www.renrendoc.com	200	50813	asp/access,aspnet,jsp	openresty		renrendoc.com人人文库|人人文档_大学文书库|机械CAD图纸|外文文献翻译|毕业设计论文|课件下载-分享平台
www.sddlqj.cn	200	30003	jsp,php	Apache		山东济南苏鑫电缆桥架有限公司
www.shanggao1940.com	200	25090	jsp,php			上海高压油泵厂有限公司
www.sec-motor.com	200	53531	jsp			中电电机股份有限公司
www.sdcoupling.com	200	15302	asp/access,jsp	wts		޹˾-
www.nbszc.com	200	3333	jsp	Apache		余姚市神洲电磁阀有限公司
www.senpu.com	404	548	unknown			404 Not Found
www.sh-pump.com	200	29215	asp/access,jsp	Microsoft-IIS/10.0		上海水泵制造有限公司【官方网站】
www.shyingda.com	430	16108	unknown			Network Security Verification
www.sigangfu.com	430	16108	unknown			Network Security Verification
www.sanlixin.com	200	55394	jsp	wts		首页
www.sibo-valve.com	200	58804	jsp	Tengine		浙江四搏调节阀有限公司
www.sjsale.com	200	11241	jsp	Microsoft-IIS/10.0		上海申江压力容器有限公司
www.shiromotor.com	200	44160	jsp	nginx		上海施依洛风机有限公司
www.simo.com.cn	403	226	unknown			
www.sino-pigment.com	200	25309	jsp,php	nginx		山东阳光颜料有限公司官方网站--世纪阳光|有机颜料|塑胶颜料|涂料油漆颜料|油墨颜料|颜料中间体
www.sh-bearing.com	200	59106	jsp,php	nginx		宁波申禾轴承有限公司
www.srmpump.com	200	42701	jsp			上海人民企业集团水泵有限公司-上海人民企业集团水泵有限公司
www.smctw.com.cn	200	59734	wordpress,jsp	nginx		上海量具刃具厂有限公司线上商城
www.sdboster.com	404	315	unknown			Not Found
www.songfa.com	200	17579	jsp	nginx		松发陶瓷 (Songfa.com)&mdash;专做好瓷器，日用陶瓷十大品牌
www.stfm.cn	430	16108	unknown			Network Security Verification
www.starfastener.com	200	55660	jsp,php	nginx		汽车紧固件_紧固件制造_紧固件厂家-济南实达紧固件股份有限公司
www.stgraphite.com	200	53926	jsp	SLT-MID		青岛晟泰石墨有限公司
www.suncomp.cn	200	27930	jsp	Microsoft-IIS/10.0		开山空压机|螺杆空压机|变频螺杆空压机-浙江开山压缩机股份有限公司
www.sdtkjmzz.com	430	16108	unknown			Network Security Verification
www.tcgear.com.cn	200	55854	jsp,php	nginx		唐山通力齿轮有限公司
www.sw-pump.com	200	14797	jsp,php	Microsoft-IIS/7.5		上海肃威泵业（集团）有限公司
www.shunda163.cn	200	35312	jsp,php	nginx		磁力泵厂家_磁力驱动泵厂家_太仓磁力泵-太仓顺达磁力泵科技有限公司
www.tjhlxj.com	200	6544	asp/access,jsp	Microsoft-IIS/10.0		кƷ޹˾
www.tjjinjing.com	430	16108	unknown			Network Security Verification
www.tjywdl.com	200	14592	unknown	F-WEB		
www.tjyushen.com	200	925	unknown	Tengine		天津市禹神建筑防水材料有限公司
www.tcclb.com.cn	200	22742	jsp	Microsoft-IIS/7.5		磁力泵专业生产企业-太仓市磁力驱动泵有限公司
www.tsinghua.edu.cn	200	55514	jsp			清华大学
www.txoilseal.com	200	16269	jsp			ͬͷ | רҵͷܷӦ
www.toutiao.com	200	4883	jsp	volc-dcdn		今日头条
www.tjnc.cn	200	57133	unknown			制氮机-制氮设备-天津市纽森科技有限公司
www.turbo-tech.cn	200	23436	jsp	nginx		离心空压机|工艺气体压缩机|空压机厂家|钛灵特(Turbo-Tech)官网
www.sztpy.com	200	40725	jsp,php	wts		苏州工业园区太平洋板式换热器有限公司
www.wfyhqt.com	200	21338	asp/access,jsp	Microsoft-IIS/10.0		潍坊亚和气体设备有限公司[公司官网]-制氮机,制氮设备,制氮机厂家
www.welldonehb.com	200	7026	unknown	nginx		威尔登环保|以绿色创新推动生产性粉尘治理可持续发展
www.wg-hyd.com	200	43171	jsp,php	wts		韶关市伟光液压油缸有限公司
www.wxhengan.com	200	25322	unknown	F-WEB		
www.wzzixibeng.com	200	12270	jsp	Microsoft-IIS/10.0		自吸泵,自吸排污泵,不锈钢自吸泵厂家【温州自吸泵业】欢迎您
www.tzjccnc.com	403	548	unknown			403 Forbidden
www.wxjbj.net	200	14827	jsp,php	wts		-װ--ǿ豸޹˾
www.wzcj.com	200	8304	jsp	wts		--㽭豸޹˾רҵ
www.xhdq.com.cn	430	16108	unknown			Network Security Verification
www.xfspring.com	200	55722	jsp	SLT-MID		杭州兴发弹簧有限公司_弹簧产品生产商
www.szslddl.cn	430	16108	unknown			Network Security Verification
www.wzdaye.com	200	18468	jsp	Microsoft-IIS/8.5		浙江大业法兰有限公司（大业法兰管件股份有限公司） - 指定唯一官网
www.xdlx.cn	200	33307	jsp,php	nginx		山东鑫达鲁鑫防水材料有限公司
www.xinhuanet.com	200	58366	jsp,php			新华网_让新闻离你更近
www.xjpaint.com	430	16108	unknown			Network Security Verification
www.xfscl.com	200	23433	asp/access,jsp,php	wts		ˮ豸-͸-ȷˮ豸޹˾
www.worldiatools.com	200	35430	jsp	nginx		北京沃尔德金刚石工具股份有限公司--沃尔德【官网】
www.xingyich.com.cn	200	10138	asp/access,jsp	wts		ϺԪ޹˾
www.xiamenliyang.com	200	21842	asp/access,aspnet,jsp	Microsoft-IIS/8.5		厦门力扬机械有限公司
www.yg-pump.com	200	43990	jsp	Tengine		上海阳光泵业制造有限公司 -【官方网站】
www.yjz.cn	430	16108	unknown			Network Security Verification
www.xsair.cn	200	56617	jsp,php	nginx		冷干机 | 吸附式-浙江翔晟净化科技有限公司
www.xidipipe.com	430	16108	unknown			Network Security Verification
www.yslpaint.com	200	41876	jsp	Microsoft-IIS/10.0		雅士利涂料（苏州）有限公司
www.yianwater.com	404	315	unknown			Not Found
www.yyzxjc.cn	200	28234	jsp,php	nginx		立式车床_立式机床_数控立式车床-岳阳中信机床制造有限公司官方网站
www.xngl.com	200	27345	asp/access,jsp,php	wts		锅炉|导热油炉|燃气导热油炉|无锡锡能锅炉有限公司【官网】
www.ys-pump.cn	200	28609	jsp,php	nginx		磁力泵_化工泵_螺杆泵_隔膜泵厂家 - 浙江永胜泵业 | 源头工厂
www.xzcychem.com	200	17127	jsp,php	nginx		徐州市天承化工有限公司
www.yq.com.cn	200	55222	asp/access,aspnet,jsp	Tengine		广东永泉阀门科技有限公司，水阀门，阀门，倒流防止器，旋流防止器
www.yczhende.com	200	6264	asp/access,jsp	wts		很抱歉，网站暂时无法访问
www.zhongshengtex.com	200	12655	jsp,php	nginx		苏州中晟纺织有限公司--中晟纺织有限公司|苏州中晟纺织|中晟纺织
www.zhiqiangpaint.com	403	548	unknown			403 Forbidden
www.zijiu-tools.com	200	613	unknown	Tengine		首页-上海自九量具有限公司
www.xiangpaichain.com	200	55475	jsp,php	openresty/1.27.1.1		浙江象牌链条有限公司
www.zjsdjx.com	430	16108	unknown			Network Security Verification
www.wasi.com.cn	430	16108	unknown			Network Security Verification
www.zjnes.cn	200	17733	unknown	F-WEB		
www.zk71.com	200	430	unknown	SimpleHTTP/0.6 Python/3.10.12		Directory listing for /
www.yangsha.com	200	13746	asp/access,jsp	Microsoft-IIS/8.0		扬州东方砂轮有限公司|扬砂
www.zhbo.com.cn	200	45021	jsp	wts		无锡市众博换热器有限公司
www.zghcjh.com	200	23067	jsp	wts		制氮机_制氮机厂家_制氮机设备-苏州环成净化设备有限公司
www.zjchdg.com	200	57730	jsp	wts		直线导轨滑块-浙江长鸿导轨制造有限公司
www.zjshangneng.com	200	43150	jsp,php	nginx		电极锅炉_高电压电蒸汽热水锅炉_高压注汽锅炉-浙江上能锅炉有限公司
www.zjtsjc.com	200	46000	jsp,php	nginx		浙江特圣建材有限公司
www.zj-syfj.com	200	17375	asp/access,jsp			㽭˫ɷ޹˾ٷվ
www.yzspring.com	430	16108	unknown			Network Security Verification
xfwsfw.119.gov.cn	412	22657	unknown			请稍候…
xfhyjd.119.gov.cn	200	2633	jsp	elb		消防职业技能鉴定考试网
wxxiangzhou.cn.china.cn	520	4058	jsp,php			访问异常 - 供应商网
xiangxipack.com	200	24138	jsp	nginx		浙江湘溪塑业股份有限公司
xcqd.cn	200	41114	asp/access,aspnet,jsp	wts/1.7.4		浙江星辰气动有限公司_气缸,气源处理元件,电磁阀
xinhuanet.com	200	58366	jsp,php			新华网_让新闻离你更近
www.zmkjjs.com	430	16108	unknown			Network Security Verification
xcmg.com	200	55890	jsp,php	elb		徐工集团工程机械股份有限公司,徐工机械,起重机,挖掘机,装载机,压路机,旋挖钻,混凝土机械,重卡-徐工官网
www.zypump.cn	200	34271	jsp	nginx		自吸泵_智能自吸泵_节能自吸泵-江苏振亚泵业科技有限公司
xfun.design	200	1855	unknown			XFUN智能包装设计平台
xinjiang.gov.cn	403	548	unknown			403 Forbidden
xqhz.jscj.edu.cn	200	43679	jsp	******		产教融合处
xhgear.com	200	55276	jsp	nginx		东莞市星火齿轮有限公司
xsldbearing.cn.china.cn	520	4058	jsp,php			访问异常 - 供应商网
xueqiu.com	200	60000	php	Tengine		
xinlei.com	200	56518	jsp	ESA		鑫磊股份官网 空气动力全场景节能解决方案
xmind.cn	200	59439	unknown			Xmind 思维导图工具 - 在线导图整理思路
xunmiwang.cn	403	548	unknown			403 Forbidden
xzhlpsj.cn.china.cn	520	4054	jsp,php			访问异常 - 供应商网
xidipipe.com	200	6257	asp/access,jsp	wts		很抱歉，网站暂时无法访问
xn--6fr7zd97ch20b.com	200	56364	asp/access,jsp	wts/1.7.4		˫Ƽ޹˾
ybj.fuzhou.gov.cn	200	52405	jsp	nginx		福州市医疗保障局
yichenwangshouye.org.cn	200	14933	jsp	nginx		一尘网首页 | 智能清洁·除尘方案·空气净化
yiche.com	200	58292	jsp	APISIX/3.9.1		易车-价格全知道,买车不吃亏,中国领先的汽车网
xs-td.com	200	701	unknown	Microsoft-IIS/8.5		IIS Windows Server
xwrubber.cn	200	28900	asp/access,jsp	wts/1.7.4		上海青浦徐伟橡胶制品有限公司
yg-pump.ygbya.com	200	43990	jsp	Tengine		上海阳光泵业制造有限公司 -【官方网站】
ykkap.com.cn	200	15567	jsp			威可楷爱普（江苏）建材有限公司
yj.hc23.com	200	15594	jsp	Microsoft-IIS/10.0		冶金网库
ydrb.cn	200	25419	jsp	nginx		大连益大精密橡胶制品有限公司
yiqi.com	200	53290	jsp	Tengine		仪器网 - 专业检测仪器、分析仪器、科学及实验室仪器设备交易网
ym.mail.163.com	200	58682	jsp,php	nginx		网易免费企业邮箱
yuwenmi.com	404	3722	jsp			
yejiaprecision.com	200	23901	jsp	nginx		东莞市业佳精密机械有限公司
yz.chsi.com.cn	200	55336	jsp			中国研究生招生信息网
yinlala.net	200	55861	jsp	Microsoft-IIS/7.5		印啦啦--名片印刷_宣传单印刷__画册印刷_不干胶印刷_信封印刷_印刷报价_印啦啦
z.douyin.com	200	9823	unknown	Tengine		Zlink
zdic.net	200	19916	jsp	nginx		汉典
yozece.cn	200	53419	jsp,php	Apache		佑嘉欣液压油缸,技术液压系统生产厂家-YOZECE品质有保障
zh.minecraft.wiki	403	46732	jsp,php			Please wait
zgjgj.cn	200	59956	unknown	nginx		紧固件网 - 螺栓螺母・标准件・紧固件行业综合门户
zgmj.net	200	59956	unknown	nginx		模具网 - 模具设计制造・注塑冲压模・行业综合门户
zcool.com.cn	200	58941	unknown			站酷ZCOOL - 设计师们都在站酷
zgzhuzao.cn	200	59958	unknown	nginx		铸造网 - 铸造加工・砂铸压铸・铸件行业综合门户
zhidao.baidu.com	200	57562	jsp	nginx		百度知道 - 全球领先中文互动问答平台
zhuanlan.zhihu.com	200	53900	unknown	BLB/25.12.0.2		
zhihu.com	200	44601	unknown	BLB/25.12.0.2		
zhanlian.net	200	58310	wordpress,jsp,php	nginx		站联 - 独立站外贸网站建设 跨境电商运营推广服务平台
zhongpaint.com	200	17021	unknown	F-WEB		
zhuji.jb51.netas1357908.cn.china.cn	520	4070	jsp,php			访问异常 - 供应商网
zidian.gushici.net	200	36632	jsp	cloudflare		新华字典_一个可以在线查字的汉语字典
zidian.qianp.com	200	27589	unknown	openresty		汉语字典 - 千篇国学
zi.gsw6.com	200	47786	jsp	nginx		字典在线查字_字典查字_汉语字典_古诗文网
y.qq.com	200	56066	unknown	tws		QQ音乐-千万正版音乐海量无损曲库新歌热歌天天畅听的高品质音乐平台！
zhipin.com	200	43095	jsp			
zpc-cn.com	502	524	unknown			502 Bad Gateway
zxy.com.cn	404	315	unknown			Not Found
zlg.cn	200	55649	jsp,php	ESA		ZLG致远电子-广州致远电子股份有限公司
zrzyt.xinjiang.gov.cn	200	53546	jsp	nginx		新疆维吾尔自治区自然资源厅
zyzhan.com	200	53798	asp/access,aspnet,jsp	ESA		制药网|制药设备网|制药机械网-专注制药机械设备仪器行业近二十年的互联网+服务平台药机媒体网站!
zwz-bearing.com	200	57916	jsp,php	nginx	CE ULTIMATE	首页 - 瓦房店轴承集团有限责任公司
zh.wiktionary.org	200	55999	jsp,php	mw-web.eqiad.main-6dc4699458-n		維基詞典，自由的多語言詞典
zh.tradingeconomics.com	200	56320	asp/access,aspnet,jsp			经济指标 | ZH | TRADINGECONOMICS.COM
www.zj-kunda.com	200	922	unknown	Tengine		宁波坤达输送链条有限公司
=== DONE: 761 alive ===
