[14:55:56] ============================================================
[14:55:56] OVERNIGHT RCE SCAN STARTING
[14:55:56] ============================================================
[14:55:56] Total targets: 110
[14:55:56] [1/110] bdsmhunters.com (powered=, cms=)
[14:56:09] [2/110] fjtz.net (powered=ASP.NET, cms=Discuz)
[14:56:10]     -> DEAD (timeout/unreachable)
[14:56:10] [3/110] kskg.net (powered=, cms=)
[14:56:11]     -> DEAD (timeout/unreachable)
[14:56:11] [4/110] joyalltire.cn (powered=, cms=Laravel)
[14:56:12]     -> DEAD (timeout/unreachable)
[14:56:12] [5/110] 5165.org (powered=PleskLin, cms=EmpireCMS)
[14:56:27] [6/110] chn-top.cn (powered=, cms=)
[14:56:27]     -> DEAD (timeout/unreachable)
[14:56:27] [7/110] shimingchina.com (powered=, cms=)
[14:56:35]     -> DEAD (timeout/unreachable)
[14:56:35] [8/110] zonessoft.com (powered=ASP.NET, cms=)
[14:56:43]     -> DEAD (timeout/unreachable)
[14:56:43] [9/110] szxmx.net (powered=PbootCMS, cms=)
[14:56:43]     -> DEAD (timeout/unreachable)
[14:56:43] [10/110] sryun.net (powered=ASP.NET, cms=)
[14:56:45]     -> DEAD (timeout/unreachable)
[14:56:45] [11/110] bq998.com (powered=, cms=)
[14:56:46]     -> DEAD (timeout/unreachable)
[14:56:46] [12/110] jmguoguo.com (powered=, cms=)
[14:57:01] [13/110] sdmj.com.cn (powered=, cms=Laravel)
[14:57:06]     -> DEAD (timeout/unreachable)
[14:57:06] [14/110] stad.wang (powered=, cms=)
[14:57:11] [15/110] hongguanjixie.com (powered=PbootCMS, cms=)
[14:57:32] [16/110] bjry168.com (powered=PbootCMS, cms=)
[14:57:40]     [*] Pboot_template_inject accessible on bjry168.com
[14:57:48] [17/110] bdfuyang.com (powered=, cms=)
[14:57:55] [18/110] hefu56.com (powered=PbootCMS, cms=)
[14:57:57]     -> DEAD (timeout/unreachable)
[14:57:57] [19/110] dlyunlong.com (powered=, cms=)
[14:57:58]     -> DEAD (timeout/unreachable)
[14:57:58] [20/110] huanyouche.cn (powered=ThinkPHP, cms=)
[14:58:08] [21/110] mkaqscbz.com (powered=ASP.NET, cms=)
[14:58:09]     -> DEAD (timeout/unreachable)
[14:58:09] [22/110] shlonggang.com (powered=, cms=)
[14:58:18] [23/110] jtec.com.cn (powered=ASP.NET, cms=)
[14:58:32] [24/110] fshuamin.com (powered=ASP.NET, cms=)
[14:58:33]     -> DEAD (timeout/unreachable)
[14:58:33] [25/110] lcah.top (powered=ASP.NET, cms=)
[14:58:33]     -> DEAD (timeout/unreachable)
[14:58:33] [26/110] tongde.sh.cn (powered=ASP.NET, cms=)
[14:58:42]     -> DEAD (timeout/unreachable)
[14:58:42] [27/110] taiaojituan.com (powered=ASP.NET, cms=)
[14:58:58] [28/110] silkmachine.cn (powered=PbootCMS, cms=)
[14:59:00]     -> DEAD (timeout/unreachable)
[14:59:00] [29/110] longuang.ltd (powered=, cms=)
[14:59:13] [30/110] kbangbox.com (powered=ASP.NET, cms=)
[14:59:30] [31/110] vktalent.com (powered=ASP.NET, cms=)
[14:59:42] [32/110] fenglanjs.com (powered=, cms=)
[14:59:49] [33/110] shzyjjzz.com (powered=ASP.NET, cms=)
[15:00:17] [34/110] silverplus-intl.com (powered=ASP.NET, cms=)
[15:00:18]     -> DEAD (timeout/unreachable)
[15:00:18] [35/110] porttown-fz.com.cn (powered=ASP.NET, cms=)
[15:00:21]     -> DEAD (timeout/unreachable)
[15:00:21] [36/110] qiaobenkeji.com (powered=, cms=)
[15:00:28] [37/110] wuzizuifood.com (powered=, cms=)
[15:00:28]     -> DEAD (timeout/unreachable)
[15:00:28] [38/110] yz-li.com (powered=PbootCMS, cms=)
[15:00:47] [39/110] linkopto.com (powered=, cms=)
[15:00:48]     -> DEAD (timeout/unreachable)
[15:00:48] [40/110] se5111.com (powered=ASP.NET, cms=)
[15:00:58] [41/110] 106318b.com (powered=, cms=EmpireCMS)
[15:01:04] [42/110] wanzhengdq.com (powered=, cms=)
[15:01:05]     -> DEAD (timeout/unreachable)
[15:01:05] [43/110] cixingkeji.com (powered=ASP.NET, cms=)
[15:01:05]     -> DEAD (timeout/unreachable)
[15:01:05] [44/110] fv-plast.cn (powered=, cms=)
[15:01:06]     -> DEAD (timeout/unreachable)
[15:01:06] [45/110] gymszp.com.cn (powered=ASP.NET, cms=)
[15:01:08]     -> DEAD (timeout/unreachable)
[15:01:08] [46/110] nbzhongxin.net (powered=, cms=)
[15:01:09]     -> DEAD (timeout/unreachable)
[15:01:09] [47/110] qdlidong.com (powered=ASP.NET, cms=)
[15:01:10]     -> DEAD (timeout/unreachable)
[15:01:10] [48/110] rifutaoci.com (powered=ASP.NET, cms=)
[15:02:04] [49/110] wenzhouoceanpark.com (powered=WAF/2.0, cms=)
[15:02:05]     -> DEAD (timeout/unreachable)
[15:02:05] [50/110] zjshuangkai.com (powered=, cms=)
[15:02:13]     -> DEAD (timeout/unreachable)
[15:02:13] [51/110] h0591.com (powered=ASP.NET, cms=)
[15:02:13]     -> DEAD (timeout/unreachable)
[15:02:13] [52/110] gx-jx.com (powered=, cms=)
[15:02:21]     -> DEAD (timeout/unreachable)
[15:02:21] [53/110] gzny56.cn (powered=WAF/2.0, cms=)
[15:02:25]     -> DEAD (timeout/unreachable)
[15:02:25] [54/110] seikocrystal.com (powered=, cms=)
[15:02:25]     -> DEAD (timeout/unreachable)
[15:02:25] [55/110] jiandaoshi.com (powered=, cms=)
[15:02:26]     -> DEAD (timeout/unreachable)
[15:02:26] [56/110] qianliyu.com (powered=WAF/2.0, cms=)
[15:02:35] [57/110] shanguoying.com (powered=, cms=)
[15:02:37]     -> DEAD (timeout/unreachable)
[15:02:37] [58/110] gdrongda.com (powered=ASP.NET, cms=)
[15:02:52] [59/110] jinhuaruitong.com (powered=ThinkPHP, cms=)
[15:03:08] [60/110] hongshengss.cn (powered=PbootCMS, cms=)
[15:03:31] [61/110] yhhuixin.com (powered=PHP/7.2.1, cms=)
[15:03:47] [62/110] hnks09.com (powered=, cms=ThinkPHP)
[15:04:04] [63/110] hnhuawang.com (powered=ASP.NET, cms=)
[15:04:05]     -> DEAD (timeout/unreachable)
[15:04:05] [64/110] mun17.com (powered=, cms=)
[15:04:05]     -> DEAD (timeout/unreachable)
[15:04:05] [65/110] canbe.com.cn (powered=, cms=)
[15:04:06]     -> DEAD (timeout/unreachable)
[15:04:06] [66/110] cn-hunters.com (powered=PHP/5.4.45, cms=)
[15:04:07]     -> DEAD (timeout/unreachable)
[15:04:07] [67/110] eleai.net (powered=, cms=)
[15:04:16] [68/110] glwyy.org.cn (powered=, cms=)
[15:04:17]     -> DEAD (timeout/unreachable)
[15:04:17] [69/110] 51huilife.com (powered=, cms=)
[15:04:19] [70/110] hpyq.net (powered=, cms=)
[15:04:19]     -> DEAD (timeout/unreachable)
[15:04:19] [71/110] hebeihuajiu.com (powered=, cms=)
[15:04:20]     -> DEAD (timeout/unreachable)
[15:04:20] [72/110] post-harvest.com.cn (powered=PHP/5.6.40, cms=)
[15:04:28] [73/110] ahcq-scm.com (powered=, cms=)
[15:04:35] [74/110] hubeijinheng.com (powered=, cms=)
[15:04:42] [75/110] link-in.com.cn (powered=, cms=)
[15:04:43]     -> DEAD (timeout/unreachable)
[15:04:43] [76/110] gipa.org.cn (powered=, cms=)
[15:04:50] [77/110] hbsite.net (powered=, cms=)
[15:05:04] [78/110] xxzhihuo.com (powered=ASP.NET, cms=)
[15:05:12]     -> DEAD (timeout/unreachable)
[15:05:12] [79/110] taiso.com.cn (powered=ASP.NET, cms=)
[15:05:25] [80/110] js-dd.cn (powered=, cms=)
[15:05:37] [81/110] cos-pak.com (powered=, cms=)
[15:05:39] [82/110] hkkanglilai.com (powered=, cms=)
[15:05:39]     -> DEAD (timeout/unreachable)
[15:05:39] [83/110] cotcchina.com (powered=, cms=)
[15:05:53] [84/110] yingdatest.com (powered=, cms=)
[15:05:53]     -> DEAD (timeout/unreachable)
[15:05:53] [85/110] gxdk.cn (powered=, cms=)
[15:05:55]     -> DEAD (timeout/unreachable)
[15:05:55] [86/110] szsssydxh.com (powered=, cms=)
[15:06:08]     -> DEAD (timeout/unreachable)
[15:06:08] [87/110] dashengjianshe.com (powered=, cms=)
[15:06:18]     [*] backup_zip 200 on dashengjianshe.com
[15:06:19] [88/110] meijialin.com.cn (powered=PbootCMS, cms=)
[15:06:21]     -> DEAD (timeout/unreachable)
[15:06:21] [89/110] tianlinfeiye.com (powered=PbootCMS, cms=)
[15:06:21]     -> DEAD (timeout/unreachable)
[15:06:21] [90/110] lisoexpo.com (powered=PbootCMS, cms=)
[15:06:22]     -> DEAD (timeout/unreachable)
[15:06:22] [91/110] hefeishutong.cn (powered=ASP.NET, cms=)
[15:06:30]     -> DEAD (timeout/unreachable)
[15:06:30] [92/110] baihaitun100.com.cn (powered=, cms=)
[15:06:37] [93/110] chengtech.com (powered=PbootCMS, cms=)
[15:06:38]     -> DEAD (timeout/unreachable)
[15:06:38] [94/110] gshuayuan.com (powered=ASP.NET, cms=)
[15:06:38]     -> DEAD (timeout/unreachable)
[15:06:38] [95/110] haixinjixie.com (powered=ASP.NET, cms=)
[15:06:39]     -> DEAD (timeout/unreachable)
[15:06:39] [96/110] hcz168.com (powered=, cms=)
[15:06:55] [97/110] horsa.org.cn (powered=ASP.NET, cms=)
[15:07:09] [98/110] shqiguang.cn (powered=ASP.NET, cms=)
[15:07:17]     -> DEAD (timeout/unreachable)
[15:07:17] [99/110] yurundianqi.com (powered=XYHCMS, cms=)
[15:07:17]     -> DEAD (timeout/unreachable)
[15:07:17] [100/110] zj-xgj.com (powered=PbootCMS, cms=)
[15:07:18]     -> DEAD (timeout/unreachable)
[15:07:18] [101/110] chinanaisi.com (powered=, cms=)
[15:07:18]     -> DEAD (timeout/unreachable)
[15:07:18] [102/110] goglobalcn.com (powered=PHP/7.0.33, cms=)
[15:07:20]     -> DEAD (timeout/unreachable)
[15:07:20] [103/110] weipurenzheng.com (powered=, cms=)
[15:07:20]     -> DEAD (timeout/unreachable)
[15:07:20] [104/110] yurenmed.com (powered=PbootCMS, cms=)
[15:07:32] [105/110] skxclean.com (powered=PbootCMS, cms=)
[15:07:33]     -> DEAD (timeout/unreachable)
[15:07:33] [106/110] 51-wfhs.com (powered=, cms=)
[15:07:45] [107/110] gzzqswkj.com (powered=PbootCMS, cms=)
[15:07:59] [108/110] zhongyazs8.com (powered=, cms=EmpireCMS)
[15:08:02] [109/110] hr-times.com (powered=, cms=)
[15:08:11] [110/110] nasonic.com.cn (powered=ASP.NET, cms=)
[15:08:26] 
============================================================
[15:08:26] SCAN COMPLETE: 110 targets, 2 vulnerability hits
[15:08:26] Results saved to: /tmp/overnight_scan_results.json
[15:08:26] ============================================================
