pbootcms candidates: 457
accunfp.net | ADMIN-PHP
0do.net | ADMIN-PHP
answers.webmd.com | ADMIN-PHP
aquidauananews.com | ADMIN-PHP
andisi.cc | ADMIN-PHP
bittergrounds.com | ADMIN-PHP
careerpathsuccess.com | ADMIN-PHP
bungaytrust.com | ADMIN-PHP
calidad.steamdo.com | ADMIN-PHP
britishvictoriaschool.com | ADMIN-PHP
controsys.com | ADMIN-PHP
devprayagsc.org | ADMIN-PHP
elevationsbymyers.com | ADMIN-PHP
dhgyx.com | ADMIN-PHP
ericvalli.org | ADMIN-PHP
ghpsgnr.org | ADMIN-PHP
ghgacademyjagraon.com | ADMIN-PHP
goldenearthconventschool.com | ADMIN-PHP
greenwaysschool.org | ADMIN-PHP
gtbkpsmalout.com | ADMIN-PHP
heritagepublicschool.com | ADMIN-PHP
indexsummit6.com | ADMIN-PHP | LOGIN-HIT:admin
ins-global.com | ADMIN-PHP
ipsmorinda.com | ADMIN-PHP
insightsmonitor.com | ADMIN-PHP | LOGIN-HIT:admin
hepsiveri.com | ADMIN-PHP
kaldata.biz | ADMIN-PHP
jrhqd.com | ADMIN-PHP
knsmungo.com | ADMIN-PHP
haitianbeads.com | ADMIN-PHP
endeksotvt.com | ADMIN-PHP
greecejapan.com | ADMIN-PHP
lshfaucet.com | ADMIN-PHP
link2max.net | ADMIN-PHP
kentamericanlegion.org | ADMIN-PHP
meghakalia.com | ADMIN-PHP
myholylandtrip.com | ADMIN-PHP
mendilab.com | ADMIN-PHP | LOGIN-HIT:admin
nankanasahibpublicschoolsamrala.com | ADMIN-PHP
mspsmalerkotla.com | ADMIN-PHP
ns.busancare.com | ADMIN-PHP
nikiklein.com | ADMIN-PHP
ochilatsvqt.com | ADMIN-PHP
new.lastmomenttuitions.com | ADMIN-PHP
partner.linkvertise.com | ADMIN-PHP
parler-anglais.net | ADMIN-PHP
paradigmexplorer.org | ADMIN-PHP
nrsimha.com | ADMIN-PHP
pinnaclemedialtd.com | ADMIN-PHP
pintechltd.com | ADMIN-PHP
payback-visa.biz | ADMIN-PHP
pasurgerylaser.com | ADMIN-PHP
secondstagethai.com | ADMIN-PHP
sage-erp-videos.com | ADMIN-PHP
roopokar.com | ADMIN-PHP
savage-kitchen.com | ADMIN-PHP
tgmarie.com | ADMIN-PHP
treasurecoastelevator.com | ADMIN-PHP
vaccinetracker.webmd.com | ADMIN-PHP
topunion-cn.com | ADMIN-PHP
tzroda.com | ADMIN-PHP
srednogorie.biz | ADMIN-PHP
washingtonmarion.com | ADMIN-PHP
wokstarrestaurant.com | ADMIN-PHP
www.energiavertical.com | ADMIN-PHP
www.elevationsbymyers.com | ADMIN-PHP
www.ekpsstercih.com | ADMIN-PHP
wearereify.net | ADMIN-PHP
www.dobleenfoque.com | ADMIN-PHP
www.evanhenry.org | ADMIN-PHP
www.indexsummit6.com | ADMIN-PHP | LOGIN-HIT:admin
www.ins-global.com | ADMIN-PHP
www.katachiware.com | ADMIN-PHP
www.mendilab.com | ADMIN-PHP | LOGIN-HIT:admin
www.pasurgerylaser.com | ADMIN-PHP
www.treasurecoastelevator.com | ADMIN-PHP
www.wokstarrestaurant.com | ADMIN-PHP
xtremejunkremoval.com | ADMIN-PHP
zwzs1688.com | ADMIN-PHP
www.voodoovenueletterkenny.com | ADMIN-PHP
