
                     __     _
   ____  __  _______/ /__  (_)
  / __ \/ / / / ___/ / _ \/ /
 / / / / /_/ / /__/ /  __/ /
/_/ /_/\__,_/\___/_/\___/_/   v3.2.5

		projectdiscovery.io

[[31mWRN[0m] Found 1 templates with syntax error (use -validate flag for further examination)
[[31mWRN[0m] Found 2 templates with runtime error (use -validate flag for further examination)
[[34mINF[0m] Current nuclei version: v3.2.5 ([91moutdated[0m)
[[34mINF[0m] Current nuclei-templates version: v10.4.7 ([92mlatest[0m)
[[93mWRN[0m] Scan results upload to cloud is disabled.
[[34mINF[0m] New templates added in latest release: 122
[[34mINF[0m] Templates loaded for current scan: 655
[[34mINF[0m] Executing 655 signed templates from projectdiscovery/nuclei-templates
[[34mINF[0m] Targets loaded for current scan: 609
[[34mINF[0m] Running httpx on input host
[[34mINF[0m] Found 585 URL from httpx
[[34mINF[0m] Templates clustered: 9 (Reduced 3045 Requests)
[[34mINF[0m] Using Interactsh Server: oast.live
[[34mINF[0m] Skipped 218t.com from target list as found unresponsive 30 times
[[34mINF[0m] Skipped 182he.com from target list as found unresponsive 30 times
[[34mINF[0m] Skipped 20921314.com from target list as found unresponsive 30 times
[[34mINF[0m] Skipped 282989.com from target list as found unresponsive 30 times
[[34mINF[0m] Skipped 51jixiang.net from target list as found unresponsive 30 times
[[34mINF[0m] Skipped 616109.com from target list as found unresponsive 30 times
[[34mINF[0m] Skipped 814145.com from target list as found unresponsive 30 times
[[34mINF[0m] Skipped 2wxyfm.r14.35.com from target list as found unresponsive 30 times
[[34mINF[0m] Skipped 2betqd.r14.35.com from target list as found unresponsive 30 times
[[34mINF[0m] Skipped 8hvmhz.r14.35.cn from target list as found unresponsive 30 times
[[34mINF[0m] Skipped a40a8q.r14.35.com from target list as found unresponsive 30 times
[[34mINF[0m] Skipped abledvd.com from target list as found unresponsive 30 times
