
                     __     _
   ____  __  _______/ /__  (_)
  / __ \/ / / / ___/ / _ \/ /
 / / / / /_/ / /__/ /  __/ /
/_/ /_/\__,_/\___/_/\___/_/   v3.2.5

		projectdiscovery.io

[[31mWRN[0m] Found 1 templates with syntax error (use -validate flag for further examination)
[[31mWRN[0m] Found 1 templates with runtime error (use -validate flag for further examination)
[[34mINF[0m] Current nuclei version: v3.2.5 ([91moutdated[0m)
[[34mINF[0m] Current nuclei-templates version: v10.4.7 ([92mlatest[0m)
[[93mWRN[0m] Scan results upload to cloud is disabled.
[[34mINF[0m] New templates added in latest release: 122
[[34mINF[0m] Templates loaded for current scan: 1128
[[34mINF[0m] Executing 1127 signed templates from projectdiscovery/nuclei-templates
[[93mWRN[0m] Loading 1 unsigned templates for scan. Use with caution.
[[34mINF[0m] Targets loaded for current scan: 2858
[[34mINF[0m] Running httpx on input host
[[34mINF[0m] Found 2526 URL from httpx
[[34mINF[0m] Templates clustered: 151 (Reduced 360108 Requests)
[[92mCVE-2023-5561[0m] [[94mhttp[0m] [[33mmedium[0m] https://7pcd.com/?rest_route=/wp/v2/users&search=@ [[93mroute[0m=[93m"?rest_route=/wp/v2/users&"[0m]
[[92mCVE-2023-5561[0m] [[94mhttp[0m] [[33mmedium[0m] https://afterpetipa.com/?rest_route=/wp/v2/users&search=@ [[93mroute[0m=[93m"?rest_route=/wp/v2/users&"[0m]
[[92mCVE-2023-5561[0m] [[94mhttp[0m] [[33mmedium[0m] https://alteryourmarketing.com/?rest_route=/wp/v2/users&search=@ [[93mroute[0m=[93m"?rest_route=/wp/v2/users&"[0m]
[[92mCVE-2023-5561[0m] [[94mhttp[0m] [[33mmedium[0m] https://codesdb.com/?rest_route=/wp/v2/users&search=@ [[93mroute[0m=[93m"?rest_route=/wp/v2/users&"[0m]
[[92mCVE-2023-5561[0m] [[94mhttp[0m] [[33mmedium[0m] https://dukeandboone.com/?rest_route=/wp/v2/users&search=@ [[93mroute[0m=[93m"?rest_route=/wp/v2/users&"[0m]
[[92mCVE-2023-5561[0m] [[94mhttp[0m] [[33mmedium[0m] https://edoutslaymemorial.org/wp-json/wp/v2/users?search=@ [[93mroute[0m=[93m"wp-json/wp/v2/users?"[0m]
[[92mCVE-2023-5561[0m] [[94mhttp[0m] [[33mmedium[0m] https://free-logo-design.net/wp-json/wp/v2/users?search=@ [[93mroute[0m=[93m"wp-json/wp/v2/users?"[0m]
[[92mCVE-2023-5561[0m] [[94mhttp[0m] [[33mmedium[0m] https://gainesvillesportscommission.com/wp-json/wp/v2/users?search=@ [[93mroute[0m=[93m"wp-json/wp/v2/users?"[0m]
[[92mCVE-2023-5561[0m] [[94mhttp[0m] [[33mmedium[0m] https://greenlightservices.com/?rest_route=/wp/v2/users&search=@ [[93mroute[0m=[93m"?rest_route=/wp/v2/users&"[0m]
[[92mCVE-2023-5561[0m] [[94mhttp[0m] [[33mmedium[0m] https://hsfoundation.org/?rest_route=/wp/v2/users&search=@ [[93mroute[0m=[93m"?rest_route=/wp/v2/users&"[0m]
[[92mCVE-2023-5561[0m] [[94mhttp[0m] [[33mmedium[0m] https://investor.starsmicro.com/wp-json/wp/v2/users?search=@ [[93mroute[0m=[93m"wp-json/wp/v2/users?"[0m]
[[92mCVE-2023-5561[0m] [[94mhttp[0m] [[33mmedium[0m] https://keysnap.com/?rest_route=/wp/v2/users&search=@ [[93mroute[0m=[93m"?rest_route=/wp/v2/users&"[0m]
[[92mCVE-2023-5561[0m] [[94mhttp[0m] [[33mmedium[0m] https://kuberhotel.com/?rest_route=/wp/v2/users&search=@ [[93mroute[0m=[93m"?rest_route=/wp/v2/users&"[0m]
[[92mCVE-2023-6444[0m] [[94mhttp[0m] [[33mmedium[0m] https://macaugeeker.com/?feed=itunes
[[92mCVE-2023-5561[0m] [[94mhttp[0m] [[33mmedium[0m] https://macaugeeker.com/?rest_route=/wp/v2/users&search=@ [[93mroute[0m=[93m"?rest_route=/wp/v2/users&"[0m]
[[92mCVE-2023-5561[0m] [[94mhttp[0m] [[33mmedium[0m] https://maichevietnam.com/wp-json/wp/v2/users?search=@ [[93mroute[0m=[93m"wp-json/wp/v2/users?"[0m]
[[92mCVE-2023-5561[0m] [[94mhttp[0m] [[33mmedium[0m] https://mail.ytukampus.com/wp-json/wp/v2/users?search=@ [[93mroute[0m=[93m"wp-json/wp/v2/users?"[0m]
[[92mCVE-2023-5561[0m] [[94mhttp[0m] [[33mmedium[0m] https://mcgillbrothers.com/?rest_route=/wp/v2/users&search=@ [[93mroute[0m=[93m"?rest_route=/wp/v2/users&"[0m]
[[92mCVE-2023-5561[0m] [[94mhttp[0m] [[33mmedium[0m] https://minjeng.com/?rest_route=/wp/v2/users&search=@ [[93mroute[0m=[93m"?rest_route=/wp/v2/users&"[0m]
[[92mCVE-2023-5561[0m] [[94mhttp[0m] [[33mmedium[0m] https://neurongarage.com/?rest_route=/wp/v2/users&search=@ [[93mroute[0m=[93m"?rest_route=/wp/v2/users&"[0m]
[[92mCVE-2023-5561[0m] [[94mhttp[0m] [[33mmedium[0m] https://nightowlinteractive.com/wp-json/wp/v2/users?search=@ [[93mroute[0m=[93m"wp-json/wp/v2/users?"[0m]
[[92mCVE-2023-5561[0m] [[94mhttp[0m] [[33mmedium[0m] https://norwoodgov.com/wp-json/wp/v2/users?search=@ [[93mroute[0m=[93m"wp-json/wp/v2/users?"[0m]
[[92mCVE-2023-5561[0m] [[94mhttp[0m] [[33mmedium[0m] https://pigandpie.net/wp-json/wp/v2/users?search=@ [[93mroute[0m=[93m"wp-json/wp/v2/users?"[0m]
[[92mCVE-2023-5561[0m] [[94mhttp[0m] [[33mmedium[0m] https://pinaresdelsol.com/wp-json/wp/v2/users?search=@ [[93mroute[0m=[93m"wp-json/wp/v2/users?"[0m]
[[92mCVE-2023-5561[0m] [[94mhttp[0m] [[33mmedium[0m] https://physicians.com/?rest_route=/wp/v2/users&search=@ [[93mroute[0m=[93m"?rest_route=/wp/v2/users&"[0m]
[[92mCVE-2023-5561[0m] [[94mhttp[0m] [[33mmedium[0m] https://reviewvoipsolutions.com/wp-json/wp/v2/users?search=@ [[93mroute[0m=[93m"wp-json/wp/v2/users?"[0m]
[[92mCVE-2023-5561[0m] [[94mhttp[0m] [[33mmedium[0m] https://rizesukacagi.com/?rest_route=/wp/v2/users&search=@ [[93mroute[0m=[93m"?rest_route=/wp/v2/users&"[0m]
[[92mCVE-2023-5561[0m] [[94mhttp[0m] [[33mmedium[0m] https://sendaero.com/?rest_route=/wp/v2/users&search=@ [[93mroute[0m=[93m"?rest_route=/wp/v2/users&"[0m]
[[92mCVE-2023-5561[0m] [[94mhttp[0m] [[33mmedium[0m] https://shop.bestbuklet.com/?rest_route=/wp/v2/users&search=@ [[93mroute[0m=[93m"?rest_route=/wp/v2/users&"[0m]
[[92mCVE-2023-5561[0m] [[94mhttp[0m] [[33mmedium[0m] https://sozochurchtec.com/?rest_route=/wp/v2/users&search=@ [[93mroute[0m=[93m"?rest_route=/wp/v2/users&"[0m]
[[92mCVE-2023-5561[0m] [[94mhttp[0m] [[33mmedium[0m] https://soundcheckdc.com/?rest_route=/wp/v2/users&search=@ [[93mroute[0m=[93m"?rest_route=/wp/v2/users&"[0m]
[[92mCVE-2023-5561[0m] [[94mhttp[0m] [[33mmedium[0m] https://squirreldogtraining.com/?rest_route=/wp/v2/users&search=@ [[93mroute[0m=[93m"?rest_route=/wp/v2/users&"[0m]
[[92mCVE-2023-5561[0m] [[94mhttp[0m] [[33mmedium[0m] https://srsmetrics.com/wp-json/wp/v2/users?search=@ [[93mroute[0m=[93m"wp-json/wp/v2/users?"[0m]
[[92mCVE-2023-5561[0m] [[94mhttp[0m] [[33mmedium[0m] https://staceyboehman.com/wp-json/wp/v2/users?search=@ [[93mroute[0m=[93m"wp-json/wp/v2/users?"[0m]
[[92mCVE-2023-5561[0m] [[94mhttp[0m] [[33mmedium[0m] https://ssvprd.org/?rest_route=/wp/v2/users&search=@ [[93mroute[0m=[93m"?rest_route=/wp/v2/users&"[0m]
[[92mCVE-2023-5561[0m] [[94mhttp[0m] [[33mmedium[0m] https://supima.com/?rest_route=/wp/v2/users&search=@ [[93mroute[0m=[93m"?rest_route=/wp/v2/users&"[0m]
[[92mCVE-2023-5561[0m] [[94mhttp[0m] [[33mmedium[0m] https://tek-analytics.com/?rest_route=/wp/v2/users&search=@ [[93mroute[0m=[93m"?rest_route=/wp/v2/users&"[0m]
[[92mCVE-2023-5561[0m] [[94mhttp[0m] [[33mmedium[0m] https://volcanosurflanzarote.com/?rest_route=/wp/v2/users&search=@ [[93mroute[0m=[93m"?rest_route=/wp/v2/users&"[0m]
[[92mCVE-2023-5561[0m] [[94mhttp[0m] [[33mmedium[0m] https://www.511enterprises.com/?rest_route=/wp/v2/users&search=@ [[93mroute[0m=[93m"?rest_route=/wp/v2/users&"[0m]
[[92mCVE-2023-5561[0m] [[94mhttp[0m] [[33mmedium[0m] https://www.akereso.com/?rest_route=/wp/v2/users&search=@ [[93mroute[0m=[93m"?rest_route=/wp/v2/users&"[0m]
[[92mCVE-2023-5561[0m] [[94mhttp[0m] [[33mmedium[0m] https://www.amendsurgical.com/wp-json/wp/v2/users?search=@ [[93mroute[0m=[93m"wp-json/wp/v2/users?"[0m]
[[92mCVE-2023-5561[0m] [[94mhttp[0m] [[33mmedium[0m] https://www.afterpetipa.com/?rest_route=/wp/v2/users&search=@ [[93mroute[0m=[93m"?rest_route=/wp/v2/users&"[0m]
[[92mCVE-2023-5561[0m] [[94mhttp[0m] [[33mmedium[0m] https://www.alteryourmarketing.com/?rest_route=/wp/v2/users&search=@ [[93mroute[0m=[93m"?rest_route=/wp/v2/users&"[0m]
[[92mCVE-2023-5561[0m] [[94mhttp[0m] [[33mmedium[0m] https://www.build-a-bike.com/?rest_route=/wp/v2/users&search=@ [[93mroute[0m=[93m"?rest_route=/wp/v2/users&"[0m]
[[92mCVE-2023-5561[0m] [[94mhttp[0m] [[33mmedium[0m] https://www.floridachiropractor.com/?rest_route=/wp/v2/users&search=@ [[93mroute[0m=[93m"?rest_route=/wp/v2/users&"[0m]
[[92mCVE-2023-5561[0m] [[94mhttp[0m] [[33mmedium[0m] https://www.greenlightservices.com/?rest_route=/wp/v2/users&search=@ [[93mroute[0m=[93m"?rest_route=/wp/v2/users&"[0m]
[[92mCVE-2023-5561[0m] [[94mhttp[0m] [[33mmedium[0m] https://www.hellohasan.com/?rest_route=/wp/v2/users&search=@ [[93mroute[0m=[93m"?rest_route=/wp/v2/users&"[0m]
[[92mCVE-2023-5561[0m] [[94mhttp[0m] [[33mmedium[0m] https://www.rushdaycamp.com/wp-json/wp/v2/users?search=@ [[93mroute[0m=[93m"wp-json/wp/v2/users?"[0m]
[[34mINF[0m] Skipped 182he.com from target list as found unresponsive 30 times
[[34mINF[0m] Skipped 218t.com from target list as found unresponsive 30 times
[[34mINF[0m] Skipped 20921314.com from target list as found unresponsive 30 times
[[34mINF[0m] Skipped 0769bk.com from target list as found unresponsive 30 times
[[34mINF[0m] Skipped 0do.net from target list as found unresponsive 30 times
[[34mINF[0m] Skipped 1www.11kfc.com from target list as found unresponsive 30 times
[[34mINF[0m] Skipped 11ban.top from target list as found unresponsive 30 times
[[34mINF[0m] Skipped 1919.cn from target list as found unresponsive 30 times
[[34mINF[0m] Skipped 282989.com from target list as found unresponsive 30 times
[[34mINF[0m] Skipped 2wxyfm.r14.35.com from target list as found unresponsive 30 times
[[34mINF[0m] Skipped 2betqd.r14.35.com from target list as found unresponsive 30 times
[[34mINF[0m] Skipped 24365.hubei.smartedu.cn from target list as found unresponsive 30 times
[[34mINF[0m] Skipped 4yjoax.r14.35.com from target list as found unresponsive 30 times
[[34mINF[0m] Skipped 034548.org from target list as found unresponsive 30 times
[[34mINF[0m] Skipped 51jixiang.net from target list as found unresponsive 30 times
[[34mINF[0m] Skipped 616109.com from target list as found unresponsive 30 times
[[34mINF[0m] Skipped 3rstars.com from target list as found unresponsive 30 times
[[34mINF[0m] Skipped 5twt2o.r14.35.cn from target list as found unresponsive 30 times
[[34mINF[0m] Skipped 632.cn from target list as found unresponsive 30 times
[[34mINF[0m] Skipped 6qub2z.r14.35.com from target list as found unresponsive 30 times
[[34mINF[0m] Skipped 6683333.com from target list as found unresponsive 30 times
[[34mINF[0m] Skipped 814145.com from target list as found unresponsive 30 times
[[34mINF[0m] Skipped abledvd.com from target list as found unresponsive 30 times
[[34mINF[0m] Skipped acrylicdisplay-stands.com from target list as found unresponsive 30 times
[[34mINF[0m] Skipped ac.richardgjohnsonllc.com from target list as found unresponsive 30 times
[[34mINF[0m] Skipped 8hvmhz.r14.35.cn from target list as found unresponsive 30 times
[[34mINF[0m] Skipped ahbaoan.net from target list as found unresponsive 30 times
[[34mINF[0m] Skipped ah-wolong.com from target list as found unresponsive 30 times
[[34mINF[0m] Skipped ahbill.com from target list as found unresponsive 30 times
[[34mINF[0m] Skipped 673harbor.com from target list as found unresponsive 30 times
[[34mINF[0m] Skipped ahhubang.com from target list as found unresponsive 30 times
[[34mINF[0m] Skipped ahgqcy.com from target list as found unresponsive 30 times
[[34mINF[0m] Skipped ahftby.cn from target list as found unresponsive 30 times
[[34mINF[0m] Skipped acorngrove.com from target list as found unresponsive 30 times
[[34mINF[0m] Skipped ahhzlq.com from target list as found unresponsive 30 times
[[34mINF[0m] Skipped a40a8q.r14.35.com from target list as found unresponsive 30 times
[[34mINF[0m] Skipped ahlinyang.com from target list as found unresponsive 30 times
[[34mINF[0m] Skipped ahllbp.com from target list as found unresponsive 30 times
[[34mINF[0m] Skipped aczlsu.r14.35.com from target list as found unresponsive 30 times
[[34mINF[0m] Skipped ahqhmq.com from target list as found unresponsive 30 times
[[34mINF[0m] Skipped ahqsjc.com from target list as found unresponsive 30 times
[[34mINF[0m] Skipped ahtlgmb.com from target list as found unresponsive 30 times
[[34mINF[0m] Skipped ahrsdq.com from target list as found unresponsive 30 times
[[34mINF[0m] Skipped ahxiyy.com from target list as found unresponsive 30 times
[[34mINF[0m] Skipped afterpetipa.com from target list as found unresponsive 30 times
[[34mINF[0m] Skipped agence-uni.com from target list as found unresponsive 30 times
[[34mINF[0m] Skipped afsathome.org from target list as found unresponsive 30 times
[[34mINF[0m] Skipped afts6j.r14.35.com from target list as found unresponsive 30 times
[[34mINF[0m] Skipped ahsjkx.net from target list as found unresponsive 30 times
[[34mINF[0m] Skipped ahsdyyl.com from target list as found unresponsive 30 times
[[34mINF[0m] Skipped admin.cnpp.cn from target list as found unresponsive 30 times
[[34mINF[0m] Skipped ahxsd.net from target list as found unresponsive 30 times
[[34mINF[0m] Skipped ahtlt.com.cn from target list as found unresponsive 30 times
[[34mINF[0m] Skipped ahygfz.com from target list as found unresponsive 30 times
[[34mINF[0m] Skipped ahyxfh.com from target list as found unresponsive 30 times
[[34mINF[0m] Skipped ahzfgg.com from target list as found unresponsive 30 times
[[34mINF[0m] Skipped ahyouhao.com from target list as found unresponsive 30 times
[[34mINF[0m] Skipped ahyhsykj.com from target list as found unresponsive 30 times
[[34mINF[0m] Skipped ahzybf.com from target list as found unresponsive 30 times
[[34mINF[0m] Skipped ahyyhb.net from target list as found unresponsive 30 times
[[34mINF[0m] Skipped ahzr.com.cn from target list as found unresponsive 30 times
[[34mINF[0m] Skipped ahzhuoke.com from target list as found unresponsive 30 times
[[34mINF[0m] Skipped ahzyhh.com from target list as found unresponsive 30 times
[[34mINF[0m] Skipped ajshj.com from target list as found unresponsive 30 times
[[34mINF[0m] Skipped ajr.gemedicalprotective.com from target list as found unresponsive 30 times
[[34mINF[0m] Skipped alisenfire.com from target list as found unresponsive 30 times
[[34mINF[0m] Skipped adbuth.com from target list as found unresponsive 30 times
[[34mINF[0m] Skipped ak5ah2.r14.35.com from target list as found unresponsive 30 times
[[34mINF[0m] Skipped agaoglunakliye.com from target list as found unresponsive 30 times
[[34mINF[0m] Skipped agronest.org from target list as found unresponsive 30 times
[[34mINF[0m] Skipped airmaxal.com from target list as found unresponsive 30 times
[[34mINF[0m] Skipped alamedadailynews.com from target list as found unresponsive 30 times
[[34mINF[0m] Skipped altiaura.com from target list as found unresponsive 30 times
[[34mINF[0m] Skipped aoqtz4.r14.35.com from target list as found unresponsive 30 times
[[34mINF[0m] Skipped angdesh.com from target list as found unresponsive 30 times
[[34mINF[0m] Skipped aofhaberleri.com from target list as found unresponsive 30 times
[[34mINF[0m] Skipped aqcwyy.cn from target list as found unresponsive 30 times
[[34mINF[0m] Skipped aqhuaxia.com from target list as found unresponsive 30 times
[[34mINF[0m] Skipped alkaatul.com from target list as found unresponsive 30 times
[[34mINF[0m] Skipped arrivalogistics.com from target list as found unresponsive 30 times
[[34mINF[0m] Skipped alexsilvaconsultoria.com from target list as found unresponsive 30 times
[[34mINF[0m] Skipped alisachilders.com from target list as found unresponsive 30 times
[[34mINF[0m] Skipped alithiasophia.com from target list as found unresponsive 30 times
[[34mINF[0m] Skipped allsexynavels.com from target list as found unresponsive 30 times
[[34mINF[0m] Skipped alpaton.com from target list as found unresponsive 30 times
[[34mINF[0m] Skipped als-forums.org from target list as found unresponsive 30 times
[[34mINF[0m] Skipped americanimmigrationcentral.com from target list as found unresponsive 30 times
[[34mINF[0m] Skipped amphalal.com from target list as found unresponsive 30 times
[[34mINF[0m] Skipped asdwolf.com from target list as found unresponsive 30 times
[[34mINF[0m] Skipped amsburg.com from target list as found unresponsive 30 times
[[34mINF[0m] Skipped annazassimova.com from target list as found unresponsive 30 times
[[34mINF[0m] Skipped anandkamdar.com from target list as found unresponsive 30 times
[[34mINF[0m] Skipped androplay.net from target list as found unresponsive 30 times
[[34mINF[0m] Skipped askquestions.org from target list as found unresponsive 30 times
[[34mINF[0m] Skipped anthony-gonnet.com from target list as found unresponsive 30 times
[[34mINF[0m] Skipped anthonyvincentphoto.com from target list as found unresponsive 30 times
[[34mINF[0m] Skipped auto-bedrijven.info from target list as found unresponsive 30 times
[[34mINF[0m] Skipped baidu.pointcontrolsolutions.info from target list as found unresponsive 30 times
[[34mINF[0m] Skipped apartamentoslevante.net from target list as found unresponsive 30 times
[[34mINF[0m] Skipped aucwau.r14.35.com from target list as found unresponsive 30 times
[[34mINF[0m] Skipped banzhuti.com from target list as found unresponsive 30 times
[[34mINF[0m] Skipped baikehotel.com from target list as found unresponsive 30 times
[[34mINF[0m] Skipped astillerobuenosaires.com from target list as found unresponsive 30 times
[[34mINF[0m] Skipped bakehousenyc.com from target list as found unresponsive 30 times
[[34mINF[0m] Skipped apoyoseguroinmobiliario.com from target list as found unresponsive 30 times
[[34mINF[0m] Skipped bazfui.r14.35.cn from target list as found unresponsive 30 times
[[34mINF[0m] Skipped azgetaways.com from target list as found unresponsive 30 times
[[34mINF[0m] Skipped bdzz.cn from target list as found unresponsive 30 times
[[34mINF[0m] Skipped aquahoy.com from target list as found unresponsive 30 times
[[34mINF[0m] Skipped arocn.com from target list as found unresponsive 30 times
[[34mINF[0m] Skipped arcvantagerealty.com from target list as found unresponsive 30 times
[[34mINF[0m] Skipped arquitectosdeabogados.com from target list as found unresponsive 30 times
[[34mINF[0m] Skipped asterikx.com from target list as found unresponsive 30 times
[[34mINF[0m] Skipped atakumsutesisatcisi.com from target list as found unresponsive 30 times
[[34mINF[0m] Skipped beanandboy.com from target list as found unresponsive 30 times
[[34mINF[0m] Skipped beautyproductsonline.com from target list as found unresponsive 30 times
[[34mINF[0m] Skipped asesoriacontableyfiscalparapymes.com from target list as found unresponsive 30 times
[[34mINF[0m] Skipped barlashukuk.com from target list as found unresponsive 30 times
[[34mINF[0m] Skipped bexpey.r14.35.cn from target list as found unresponsive 30 times
[[34mINF[0m] Skipped bexpey.r14.35.com from target list as found unresponsive 30 times
[[34mINF[0m] Skipped biddingx.com from target list as found unresponsive 30 times
[[34mINF[0m] Skipped bifa8.net from target list as found unresponsive 30 times
[[34mINF[0m] Skipped bbbusinesslaw.com from target list as found unresponsive 30 times
[[34mINF[0m] Skipped azmiindianews.com from target list as found unresponsive 30 times
[[34mINF[0m] Skipped autosurfwebpage.net from target list as found unresponsive 30 times
[[34mINF[0m] Skipped avelartutoriais.com from target list as found unresponsive 30 times
[[34mINF[0m] Skipped bjygj.com from target list as found unresponsive 30 times
[[34mINF[0m] Skipped azbrowdoctor.com from target list as found unresponsive 30 times
[[34mINF[0m] Skipped balairungpress.com from target list as found unresponsive 30 times
[[34mINF[0m] Skipped beckbuilt.net from target list as found unresponsive 30 times
[[34mINF[0m] Skipped balancewitharchana.com from target list as found unresponsive 30 times
[[34mINF[0m] Skipped baliwineshop.com from target list as found unresponsive 30 times
[[34mINF[0m] Skipped bali-magic-tour.com from target list as found unresponsive 30 times
[[34mINF[0m] Skipped batesadvanced.com from target list as found unresponsive 30 times
[[34mINF[0m] Skipped bxrunhao.com from target list as found unresponsive 30 times
[[34mINF[0m] Skipped c72bei.r14.35.com from target list as found unresponsive 30 times
[[34mINF[0m] Skipped c72bei.r14.35.cn from target list as found unresponsive 30 times
[[34mINF[0m] Skipped bluecrossblueshieldma.com from target list as found unresponsive 30 times
[[34mINF[0m] Skipped carrier-transicold.com from target list as found unresponsive 30 times
[[34mINF[0m] Skipped carshine.cc from target list as found unresponsive 30 times
[[34mINF[0m] Skipped berza-valuta.com from target list as found unresponsive 30 times
[[34mINF[0m] Skipped benditamariatattoo.com from target list as found unresponsive 30 times
[[34mINF[0m] Skipped centrobartolome.org from target list as found unresponsive 30 times
[[34mINF[0m] Skipped bibletop10.com from target list as found unresponsive 30 times
[[34mINF[0m] Skipped calcio-bet.com from target list as found unresponsive 30 times
[[34mINF[0m] Skipped bibleppts.com from target list as found unresponsive 30 times
[[34mINF[0m] Skipped champagneandslicks.com from target list as found unresponsive 30 times
[[34mINF[0m] Skipped binae.org from target list as found unresponsive 30 times
[[34mINF[0m] Skipped bio-muscles.net from target list as found unresponsive 30 times
[[34mINF[0m] Skipped biofoodshop.net from target list as found unresponsive 30 times
[[34mINF[0m] Skipped chinatinboxes.cn from target list as found unresponsive 30 times
[[34mINF[0m] Skipped chinaglass.club from target list as found unresponsive 30 times
[[34mINF[0m] Skipped bluelynxstudio.com from target list as found unresponsive 30 times
[[34mINF[0m] Skipped bmcchannel.com from target list as found unresponsive 30 times
[[34mINF[0m] Skipped ceaserstone.com from target list as found unresponsive 30 times
[[34mINF[0m] Skipped chnwidestone.com from target list as found unresponsive 30 times
[[34mINF[0m] Skipped chunyicanyin.com from target list as found unresponsive 30 times
[[34mINF[0m] Skipped centralnjrabbi.com from target list as found unresponsive 30 times
[[34mINF[0m] Skipped class.soma-college.net from target list as found unresponsive 30 times
[[34mINF[0m] Skipped bookharpy.com from target list as found unresponsive 30 times
[[34mINF[0m] Skipped cnbonly.com from target list as found unresponsive 30 times
[[34mINF[0m] Skipped cnlgwz.com from target list as found unresponsive 30 times
[[34mINF[0m] Skipped centralveterinaria.com from target list as found unresponsive 30 times
[[34mINF[0m] Skipped cfyp.com.cn from target list as found unresponsive 30 times
[[34mINF[0m] Skipped brlcorporate.com from target list as found unresponsive 30 times
[[34mINF[0m] Skipped cashoferta.com from target list as found unresponsive 30 times
[[34mINF[0m] Skipped ctugm4.r14.35.cn from target list as found unresponsive 30 times
[[34mINF[0m] Skipped canadabots.com from target list as found unresponsive 30 times
[[34mINF[0m] Skipped chameleontour.com from target list as found unresponsive 30 times
[[34mINF[0m] Skipped calendarwiz.net from target list as found unresponsive 30 times
[[34mINF[0m] Skipped cyanmango.xyz from target list as found unresponsive 30 times
[[34mINF[0m] Skipped canadadrivertest.com from target list as found unresponsive 30 times
[[34mINF[0m] Skipped czscxyy.com from target list as found unresponsive 30 times
[[34mINF[0m] Skipped carlataipe.com from target list as found unresponsive 30 times
[[34mINF[0m] Skipped casadeloscaracoles.com from target list as found unresponsive 30 times
[[34mINF[0m] Skipped dglghardware.com from target list as found unresponsive 30 times
[[34mINF[0m] Skipped diqian.com from target list as found unresponsive 30 times
[[34mINF[0m] Skipped dixmw7.r14.35.com from target list as found unresponsive 30 times
[[34mINF[0m] Skipped cerineajoyas.com from target list as found unresponsive 30 times
[[34mINF[0m] Skipped dobestlight.com from target list as found unresponsive 30 times
[[34mINF[0m] Skipped dev.quedessolutions.com from target list as found unresponsive 30 times
[[34mINF[0m] Skipped douaihuanbao.com from target list as found unresponsive 30 times
[[34mINF[0m] Skipped cfoman.org from target list as found unresponsive 30 times
[[34mINF[0m] Skipped channel-tunnel.com from target list as found unresponsive 30 times
[[34mINF[0m] Skipped directfloors.com from target list as found unresponsive 31 times
[[34mINF[0m] Skipped cwlabtech.com from target list as found unresponsive 30 times
[[34mINF[0m] Skipped czhkfrp.com from target list as found unresponsive 30 times
[[34mINF[0m] Skipped e8007.com from target list as found unresponsive 30 times
[[34mINF[0m] Skipped chewslandingfire.org from target list as found unresponsive 30 times
[[34mINF[0m] Skipped ebk3en.r14.35.cn from target list as found unresponsive 30 times
[[34mINF[0m] Skipped christinekennedy.com from target list as found unresponsive 30 times
[[34mINF[0m] Skipped ebk3en.r14.35.com from target list as found unresponsive 30 times
[[34mINF[0m] Skipped citymonk.org from target list as found unresponsive 30 times
[[34mINF[0m] Skipped ecwxex.r14.35.com from target list as found unresponsive 30 times
[[34mINF[0m] Skipped earthislandprojects.org from target list as found unresponsive 30 times
[[34mINF[0m] Skipped coltandthecoyotes.com from target list as found unresponsive 30 times
[[34mINF[0m] Skipped ehzjzp.r14.35.cn from target list as found unresponsive 30 times
[[34mINF[0m] Skipped coelhoengenharia.com from target list as found unresponsive 30 times
[[34mINF[0m] Skipped dratauysal.com from target list as found unresponsive 30 times
[[34mINF[0m] Skipped dunessummertheatre.com from target list as found unresponsive 30 times
[[34mINF[0m] Skipped cypresshillschildcare.org from target list as found unresponsive 30 times
[[34mINF[0m] Skipped cubims.com from target list as found unresponsive 30 times
[[34mINF[0m] Skipped cyclicmagazine.com from target list as found unresponsive 30 times
[[34mINF[0m] Skipped elevatortoday.com from target list as found unresponsive 30 times
[[34mINF[0m] Skipped endermite.cn from target list as found unresponsive 30 times
[[34mINF[0m] Skipped eastocean.com.cn from target list as found unresponsive 30 times
[[34mINF[0m] Skipped dacsantuyenquang.com from target list as found unresponsive 30 times
[[34mINF[0m] Skipped eloomi.com from target list as found unresponsive 30 times
[[34mINF[0m] Skipped djawaranews.com from target list as found unresponsive 30 times
[[34mINF[0m] Skipped dolphinspeedboats.com from target list as found unresponsive 30 times
[[34mINF[0m] Skipped dondiablotrailrun.com from target list as found unresponsive 30 times
[[34mINF[0m] Skipped dthomasgallery.com from target list as found unresponsive 30 times
[[34mINF[0m] Skipped dowxtergroup.com from target list as found unresponsive 30 times
[[34mINF[0m] Skipped dukeandboone.com from target list as found unresponsive 30 times
[[34mINF[0m] Skipped dsgtamir.com from target list as found unresponsive 30 times
[[34mINF[0m] Skipped etatronic.com from target list as found unresponsive 30 times
[[34mINF[0m] Skipped forestlanepediatrics.com from target list as found unresponsive 30 times
[[34mINF[0m] Skipped fowardair.com from target list as found unresponsive 30 times
[[34mINF[0m] Skipped fuyuga.com from target list as found unresponsive 30 times
[[34mINF[0m] Skipped fresiks.com from target list as found unresponsive 30 times
[[34mINF[0m] Skipped filmhubcoworking.com from target list as found unresponsive 30 times
[[34mINF[0m] Skipped firatbranda.com from target list as found unresponsive 30 times
[[34mINF[0m] Skipped fsbc.org from target list as found unresponsive 30 times
[[34mINF[0m] Skipped fullscopestaffing.com from target list as found unresponsive 30 times
[[34mINF[0m] Skipped edsetzler.org from target list as found unresponsive 30 times
[[34mINF[0m] Skipped goggingolf.com from target list as found unresponsive 30 times
[[34mINF[0m] Skipped fspchina.com from target list as found unresponsive 30 times
[[34mINF[0m] Skipped fsaopute.com from target list as found unresponsive 30 times
[[34mINF[0m] Skipped fromone.cn from target list as found unresponsive 30 times
[[34mINF[0m] Skipped guanxinic.com from target list as found unresponsive 30 times
[[34mINF[0m] Skipped espaciopurma.com from target list as found unresponsive 30 times
[[34mINF[0m] Skipped eyeprescription.com from target list as found unresponsive 30 times
[[34mINF[0m] Skipped growhair.com from target list as found unresponsive 30 times
[[34mINF[0m] Skipped finflix-photography.com from target list as found unresponsive 30 times
[[34mINF[0m] Skipped fireflygraphicarts.com from target list as found unresponsive 30 times
[[34mINF[0m] Skipped finalexpence.com from target list as found unresponsive 30 times
[[34mINF[0m] Skipped gore.com.cn from target list as found unresponsive 30 times
[[34mINF[0m] Skipped harutour.com from target list as found unresponsive 30 times
[[34mINF[0m] Skipped formaplus.org from target list as found unresponsive 30 times
[[34mINF[0m] Skipped flirtytexts.com from target list as found unresponsive 30 times
[[34mINF[0m] Skipped flowerqueenflorist.com from target list as found unresponsive 30 times
[[34mINF[0m] Skipped francomacorisanos.com from target list as found unresponsive 30 times
[[34mINF[0m] Skipped guanxi.rccchina.com from target list as found unresponsive 30 times
[[34mINF[0m] Skipped hostmaster.aljazarischool.com from target list as found unresponsive 30 times
[[34mINF[0m] Skipped growingpe.com from target list as found unresponsive 30 times
[[34mINF[0m] Skipped harekrishnavillage.org from target list as found unresponsive 30 times
[[34mINF[0m] Skipped fzonesolutions.com from target list as found unresponsive 30 times
[[34mINF[0m] Skipped host-199-245-86-242.gsb.com from target list as found unresponsive 30 times
[[34mINF[0m] Skipped host-199-245-86-104.gsb.com from target list as found unresponsive 30 times
[[34mINF[0m] Skipped hshaiding.com from target list as found unresponsive 30 times
[[34mINF[0m] Skipped godavaripharmedu.com from target list as found unresponsive 30 times
[[34mINF[0m] Skipped goldeneyetrue.com from target list as found unresponsive 30 times
[[34mINF[0m] Skipped guvenalcam.com from target list as found unresponsive 30 times
[[34mINF[0m] Skipped gxzq666.com from target list as found unresponsive 30 times
[[34mINF[0m] Skipped gztodo.com from target list as found unresponsive 30 times
[[34mINF[0m] Skipped gorgeouscaptures.com from target list as found unresponsive 30 times
[[34mINF[0m] Skipped good2save.com from target list as found unresponsive 30 times
[[34mINF[0m] Skipped goodtexintl.com from target list as found unresponsive 30 times
[[34mINF[0m] Skipped greenzay.com from target list as found unresponsive 30 times
[[34mINF[0m] Skipped ibcdogs.org from target list as found unresponsive 30 times
[[34mINF[0m] Skipped host90.semtribe.com from target list as found unresponsive 30 times
[[34mINF[0m] Skipped ineedact.com from target list as found unresponsive 30 times
[[34mINF[0m] Skipped hostmaster.creativeedgehair.com from target list as found unresponsive 30 times
[[34mINF[0m] Skipped israelnews.org from target list as found unresponsive 30 times
[[34mINF[0m] Skipped halal-world.com from target list as found unresponsive 30 times
[[34mINF[0m] Skipped hanief.com from target list as found unresponsive 30 times
[[34mINF[0m] Skipped homemell.com from target list as found unresponsive 30 times
[[34mINF[0m] Skipped happilyheather.com from target list as found unresponsive 30 times
[[34mINF[0m] Skipped instagenerac.com from target list as found unresponsive 30 times
[[34mINF[0m] Skipped jiangsuyulei.com from target list as found unresponsive 30 times
[[34mINF[0m] Skipped jiujiucn.com from target list as found unresponsive 30 times
[[34mINF[0m] Skipped hotdevelopments.com from target list as found unresponsive 30 times
[[34mINF[0m] Skipped jackiesveggiekitchen.com from target list as found unresponsive 30 times
[[34mINF[0m] Skipped iveoelectronics.com from target list as found unresponsive 30 times
[[34mINF[0m] Skipped izotermyapi.com from target list as found unresponsive 30 times
[[34mINF[0m] Skipped js-supt.com from target list as found unresponsive 30 times
[[34mINF[0m] Skipped hotpotafrica.com from target list as found unresponsive 30 times
[[34mINF[0m] Skipped hourglasshomes.com from target list as found unresponsive 30 times
[[34mINF[0m] Skipped jzcjmwj.com from target list as found unresponsive 30 times
[[34mINF[0m] Skipped kfg-valve.com from target list as found unresponsive 30 times
[[34mINF[0m] Skipped jhnew.com from target list as found unresponsive 30 times
[[34mINF[0m] Skipped jillmustoffa.com from target list as found unresponsive 30 times
[[34mINF[0m] Skipped invistanodigital.com from target list as found unresponsive 30 times
[[34mINF[0m] Skipped kingsporcelain.com from target list as found unresponsive 30 times
[[34mINF[0m] Skipped instaccountant.com from target list as found unresponsive 30 times
[[34mINF[0m] Skipped ipgsf.com from target list as found unresponsive 30 times
[[34mINF[0m] Skipped iquickfixrepair.com from target list as found unresponsive 30 times
[[34mINF[0m] Skipped ksfuhai.com from target list as found unresponsive 30 times
[[34mINF[0m] Skipped jaipurflooring.com from target list as found unresponsive 30 times
[[34mINF[0m] Skipped kupntm.r14.35.com from target list as found unresponsive 30 times
[[34mINF[0m] Skipped jamieemmons.com from target list as found unresponsive 30 times
[[34mINF[0m] Skipped jayantisolanki.com from target list as found unresponsive 30 times
[[34mINF[0m] Skipped kwxxcy.com from target list as found unresponsive 30 times
[[34mINF[0m] Skipped kreenplus.com from target list as found unresponsive 30 times
[[34mINF[0m] Skipped lahzjc.com from target list as found unresponsive 30 times
[[34mINF[0m] Skipped javagyansite.com from target list as found unresponsive 30 times
[[34mINF[0m] Skipped lamoo.cn from target list as found unresponsive 30 times
[[34mINF[0m] Skipped lanyuqp.com from target list as found unresponsive 30 times
[[34mINF[0m] Skipped lakayou.com from target list as found unresponsive 30 times
[[34mINF[0m] Skipped kleingartenpress.com from target list as found unresponsive 30 times
[[34mINF[0m] Skipped kittenkeep.com from target list as found unresponsive 30 times
[[34mINF[0m] Skipped jjtextile.com from target list as found unresponsive 30 times
[[34mINF[0m] Skipped ahdi.org from target list as found unresponsive 31 times
[[34mINF[0m] Skipped kovaratemase.com from target list as found unresponsive 30 times
[[34mINF[0m] Skipped joshviliamu.com from target list as found unresponsive 30 times
[[34mINF[0m] Skipped kardservice.com from target list as found unresponsive 30 times
[[34mINF[0m] Skipped lenz-auto.com from target list as found unresponsive 30 times
[[34mINF[0m] Skipped jtpharmacytechtraining.com from target list as found unresponsive 30 times
[[34mINF[0m] Skipped kangmasrukhan.com from target list as found unresponsive 30 times
[[34mINF[0m] Skipped karanlathia.com from target list as found unresponsive 30 times
[[34mINF[0m] Skipped khmerlisting.com from target list as found unresponsive 30 times
[[34mINF[0m] Skipped kemisk.com from target list as found unresponsive 30 times
[[34mINF[0m] Skipped kids.lojasdix.com from target list as found unresponsive 30 times
[[34mINF[0m] Skipped khalilantoun.com from target list as found unresponsive 30 times
[[34mINF[0m] Skipped lixin-lighting.com from target list as found unresponsive 30 times
[[34mINF[0m] Skipped leadersynq.com from target list as found unresponsive 30 times
[[34mINF[0m] Skipped lk0355.com from target list as found unresponsive 30 times
[[34mINF[0m] Skipped leahlauchlan.com from target list as found unresponsive 30 times
[[34mINF[0m] Skipped local.soma-college.net from target list as found unresponsive 30 times
[[34mINF[0m] Skipped kitdigital360.com from target list as found unresponsive 30 times
[[34mINF[0m] Skipped liftsafe.net from target list as found unresponsive 30 times
[[34mINF[0m] Skipped livefromthestreets.com from target list as found unresponsive 30 times
[[34mINF[0m] Skipped llv.thietkewebnt.com from target list as found unresponsive 30 times
[[34mINF[0m] Skipped elenaledda.com from target list as found unresponsive 30 times
[[34mINF[0m] Skipped klpenanglogistic.com from target list as found unresponsive 30 times
[[34mINF[0m] Skipped link-strong.com from target list as found unresponsive 30 times
[[34mINF[0m] Skipped labonoir.com from target list as found unresponsive 30 times
[[34mINF[0m] Skipped lxsensor.com from target list as found unresponsive 30 times
[[34mINF[0m] Skipped m.ahhxzj.com from target list as found unresponsive 30 times
[[34mINF[0m] Skipped kuwaitoils.com from target list as found unresponsive 30 times
[[34mINF[0m] Skipped lingnanhotel.net from target list as found unresponsive 30 times
[[34mINF[0m] Skipped lacocheracabaret.com from target list as found unresponsive 30 times
[[34mINF[0m] Skipped lawngardeners.com from target list as found unresponsive 30 times
[[34mINF[0m] Skipped law-denovo.com from target list as found unresponsive 30 times
[[34mINF[0m] Skipped mail.marketingperparrucchieri.com from target list as found unresponsive 30 times
[[34mINF[0m] Skipped lumkj.com from target list as found unresponsive 30 times
[[34mINF[0m] Skipped lecedrevert.com from target list as found unresponsive 30 times
[[34mINF[0m] Skipped lupkj.com from target list as found unresponsive 30 times
[[34mINF[0m] Skipped mail.prestigepropertymagazine.com from target list as found unresponsive 30 times
[[34mINF[0m] Skipped mainstayappraisal.com from target list as found unresponsive 30 times
[[34mINF[0m] Skipped mail.spenglerindustries.com from target list as found unresponsive 30 times
[[34mINF[0m] Skipped lifeofwellness.com from target list as found unresponsive 30 times
[[34mINF[0m] Skipped mail.7x.com.cn from target list as found unresponsive 30 times
[[34mINF[0m] Skipped maller1.com from target list as found unresponsive 30 times
[[34mINF[0m] Skipped makeitgeeky.com from target list as found unresponsive 30 times
[[34mINF[0m] Skipped lozzadecor.com from target list as found unresponsive 30 times
[[34mINF[0m] Skipped matatools.com from target list as found unresponsive 30 times
[[34mINF[0m] Skipped lombokgreennature.com from target list as found unresponsive 30 times
[[34mINF[0m] Skipped looplycase.com from target list as found unresponsive 30 times
[[34mINF[0m] Skipped loveandtarot.com from target list as found unresponsive 30 times
[[34mINF[0m] Skipped lpktakahashiindonesia.com from target list as found unresponsive 30 times
[[34mINF[0m] Skipped luciabaragli.com from target list as found unresponsive 30 times
[[34mINF[0m] Skipped mbaygg.r14.35.com from target list as found unresponsive 30 times
[[34mINF[0m] Skipped marmuro.com from target list as found unresponsive 30 times
[[34mINF[0m] Skipped mdrdirectories.net from target list as found unresponsive 30 times
[[34mINF[0m] Skipped mangotree.cn from target list as found unresponsive 30 times
[[34mINF[0m] Skipped mackygonzalez.com from target list as found unresponsive 30 times
[[34mINF[0m] Skipped mltk.cn from target list as found unresponsive 30 times
[[34mINF[0m] Skipped mbsv.net from target list as found unresponsive 30 times
[[34mINF[0m] Skipped minnesotaheat.net from target list as found unresponsive 30 times
[[34mINF[0m] Skipped mistcannons.com from target list as found unresponsive 30 times
[[34mINF[0m] Skipped moghost.com from target list as found unresponsive 30 times
[[34mINF[0m] Skipped mmsediment.com from target list as found unresponsive 30 times
[[34mINF[0m] Skipped molitech.com from target list as found unresponsive 30 times
[[34mINF[0m] Skipped maintec.com from target list as found unresponsive 30 times
[[34mINF[0m] Skipped maisumdev.com from target list as found unresponsive 30 times
[[34mINF[0m] Skipped mp-machinery.com from target list as found unresponsive 30 times
[[34mINF[0m] Skipped missingpieceproject.org from target list as found unresponsive 30 times
[[34mINF[0m] Skipped mistikbebe.com from target list as found unresponsive 30 times
[[34mINF[0m] Skipped man.mailzapp.com from target list as found unresponsive 30 times
[[34mINF[0m] Skipped mymseed.com from target list as found unresponsive 30 times
[[34mINF[0m] Skipped mobilyacht.com from target list as found unresponsive 30 times
[[34mINF[0m] Skipped mysafety.cn from target list as found unresponsive 30 times
[[34mINF[0m] Skipped mydentaladvocate.com from target list as found unresponsive 30 times
[[34mINF[0m] Skipped nazhi.com from target list as found unresponsive 30 times
[[34mINF[0m] Skipped masumahmad.com from target list as found unresponsive 30 times
[[34mINF[0m] Skipped neng-bo.com from target list as found unresponsive 30 times
[[34mINF[0m] Skipped mcasino2020.com from target list as found unresponsive 30 times
[[34mINF[0m] Skipped nequal.com from target list as found unresponsive 30 times
[[34mINF[0m] Skipped mecanicaylaminacion.com from target list as found unresponsive 30 times
[[34mINF[0m] Skipped nastyjuiceeu.com from target list as found unresponsive 30 times
[[34mINF[0m] Skipped news.com.cn from target list as found unresponsive 30 times
[[34mINF[0m] Skipped newborndoc.com from target list as found unresponsive 30 times
[[34mINF[0m] Skipped neutralskies.com from target list as found unresponsive 30 times
[[34mINF[0m] Skipped myweightlosssurgerynow.com from target list as found unresponsive 30 times
[[34mINF[0m] Skipped neurongarage.com from target list as found unresponsive 30 times
[[34mINF[0m] Skipped ngsyglhh.com from target list as found unresponsive 30 times
[[34mINF[0m] Skipped ngkwgw.com from target list as found unresponsive 30 times
[[34mINF[0m] Skipped mokkacuts.com from target list as found unresponsive 30 times
[[34mINF[0m] Skipped moowafek.com from target list as found unresponsive 30 times
[[34mINF[0m] Skipped njkrxsw.com from target list as found unresponsive 30 times
[[34mINF[0m] Skipped nemojames.com from target list as found unresponsive 30 times
[[34mINF[0m] Skipped moredownload.com from target list as found unresponsive 30 times
[[34mINF[0m] Skipped motorlifemuseum.com from target list as found unresponsive 30 times
[[34mINF[0m] Skipped multiedges.com from target list as found unresponsive 30 times
[[34mINF[0m] Skipped nqbtro.r14.35.cn from target list as found unresponsive 30 times
[[34mINF[0m] Skipped nonprofitlibrary.com from target list as found unresponsive 30 times
[[34mINF[0m] Skipped myboilerbuddy.com from target list as found unresponsive 30 times
[[34mINF[0m] Skipped myhomeworkassist.com from target list as found unresponsive 30 times
[[34mINF[0m] Skipped nf61.com from target list as found unresponsive 30 times
[[34mINF[0m] Skipped nalitwie.com from target list as found unresponsive 30 times
[[34mINF[0m] Skipped nita-marie.com from target list as found unresponsive 30 times
[[34mINF[0m] Skipped narnj.com from target list as found unresponsive 30 times
[[34mINF[0m] Skipped njc21.com from target list as found unresponsive 30 times
[[34mINF[0m] Skipped naturalhairandlifestyle.com from target list as found unresponsive 30 times
[[34mINF[0m] Skipped osbtt.org from target list as found unresponsive 30 times
[[34mINF[0m] Skipped oceanwavesmedical.com from target list as found unresponsive 30 times
[[34mINF[0m] Skipped oszikz.r14.35.com from target list as found unresponsive 30 times
[[34mINF[0m] Skipped neohairtransplant.com from target list as found unresponsive 30 times
[[34mINF[0m] Skipped nestesco.com from target list as found unresponsive 30 times
[[34mINF[0m] Skipped neureuter.com from target list as found unresponsive 30 times
[[34mINF[0m] Skipped panasonicboss.com from target list as found unresponsive 30 times
[[34mINF[0m] Skipped oromoctovethospital.com from target list as found unresponsive 30 times
[[34mINF[0m] Skipped overheaddoorsd.com from target list as found unresponsive 30 times
[[34mINF[0m] Skipped nyhorrorshow.com from target list as found unresponsive 30 times
[[34mINF[0m] Skipped ois.mn72.com from target list as found unresponsive 30 times
[[34mINF[0m] Skipped nisukaindustries.com from target list as found unresponsive 30 times
[[34mINF[0m] Skipped osegredodavitoria.com from target list as found unresponsive 30 times
[[34mINF[0m] Skipped nitamilfmarie.com from target list as found unresponsive 30 times
[[34mINF[0m] Skipped noaintroserve.com from target list as found unresponsive 30 times
[[34mINF[0m] Skipped pharmatraders.com from target list as found unresponsive 30 times
[[34mINF[0m] Skipped physicians.com from target list as found unresponsive 30 times
[[34mINF[0m] Skipped nursejessy.com from target list as found unresponsive 30 times
[[34mINF[0m] Skipped pensoftwins.chcobb.com from target list as found unresponsive 30 times
[[34mINF[0m] Skipped pdcvw.mn72.com from target list as found unresponsive 30 times
[[34mINF[0m] Skipped omaaya.com from target list as found unresponsive 30 times
[[34mINF[0m] Skipped pettagart.com from target list as found unresponsive 30 times
[[34mINF[0m] Skipped phases-therapy.com from target list as found unresponsive 30 times
[[34mINF[0m] Skipped omj16.com from target list as found unresponsive 30 times
[[34mINF[0m] Skipped pubbpadoowubb.com from target list as found unresponsive 30 times
[[34mINF[0m] Skipped qdyizhun.com from target list as found unresponsive 30 times
[[34mINF[0m] Skipped paltaobd.com from target list as found unresponsive 30 times
[[34mINF[0m] Skipped pandapad.com from target list as found unresponsive 30 times
[[34mINF[0m] Skipped pacificdigitalworks.com from target list as found unresponsive 30 times
[[34mINF[0m] Skipped qhxnshjzs.com from target list as found unresponsive 30 times
[[34mINF[0m] Skipped qhbangke.com from target list as found unresponsive 30 times
[[34mINF[0m] Skipped peacemotorspk.com from target list as found unresponsive 30 times
[[34mINF[0m] Skipped qiair.net from target list as found unresponsive 30 times
[[34mINF[0m] Skipped peermolvi.com from target list as found unresponsive 30 times
[[34mINF[0m] Skipped penbram.com from target list as found unresponsive 30 times
[[34mINF[0m] Skipped qhyuke.com from target list as found unresponsive 30 times
[[34mINF[0m] Skipped qjjzjx.com from target list as found unresponsive 30 times
[[34mINF[0m] Skipped progresseg.com from target list as found unresponsive 30 times
[[34mINF[0m] Skipped qwp4aa.r14.35.cn from target list as found unresponsive 30 times
[[34mINF[0m] Skipped pufidy.com from target list as found unresponsive 30 times
[[34mINF[0m] Skipped quedessolutions.com from target list as found unresponsive 30 times
[[34mINF[0m] Skipped raffiapalm.com from target list as found unresponsive 30 times
[[34mINF[0m] Skipped pieseo.com from target list as found unresponsive 30 times
[[34mINF[0m] Skipped regal-clock.com from target list as found unresponsive 30 times
[[34mINF[0m] Skipped qnyhq1.com from target list as found unresponsive 30 times
[[34mINF[0m] Skipped printiepie.com from target list as found unresponsive 30 times
[[34mINF[0m] Skipped rentboatmalaga.com from target list as found unresponsive 30 times
[[34mINF[0m] Skipped reviewvoipsolutions.com from target list as found unresponsive 30 times
[[34mINF[0m] Skipped red-letterrunners.com from target list as found unresponsive 30 times
[[34mINF[0m] Skipped ruixinpak.com from target list as found unresponsive 30 times
[[92mCVE-2026-8385[0m] [[94mhttp[0m] [[33mmedium[0m] https://ohioanshhc.com/wp-admin/admin-ajax.php
[[34mINF[0m] Skipped runnianchina.com from target list as found unresponsive 30 times
[[34mINF[0m] Skipped roofingcenter.org from target list as found unresponsive 30 times
[[34mINF[0m] Skipped royalballoon.com from target list as found unresponsive 30 times
[[34mINF[0m] Skipped ruangsaham.com from target list as found unresponsive 30 times
[[34mINF[0m] Skipped quintetobravissimo.com from target list as found unresponsive 30 times
[[34mINF[0m] Skipped raisethequestion.com from target list as found unresponsive 30 times
[[34mINF[0m] Skipped sailwinlight.com from target list as found unresponsive 30 times
[[34mINF[0m] Skipped rvsolarthatworks.com from target list as found unresponsive 30 times
[[92mCVE-2026-8385[0m] [[94mhttp[0m] [[33mmedium[0m] https://safetyware.com/wp-admin/admin-ajax.php
[[34mINF[0m] Skipped rajsahu.com from target list as found unresponsive 30 times
[[34mINF[0m] Skipped ramooz.net from target list as found unresponsive 30 times
[[34mINF[0m] Skipped sartellpediatrics.com from target list as found unresponsive 31 times
[[92mCVE-2026-8385[0m] [[94mhttp[0m] [[33mmedium[0m] https://sendaero.com/wp-admin/admin-ajax.php
[[34mINF[0m] Skipped recursivedata.com from target list as found unresponsive 30 times
[[34mINF[0m] Skipped salondart.org from target list as found unresponsive 30 times
[[34mINF[0m] Skipped rehabunity.com from target list as found unresponsive 30 times
[[34mINF[0m] Skipped rw03.com from target list as found unresponsive 30 times
[[34mINF[0m] Skipped saotometribune.com from target list as found unresponsive 30 times
[[34mINF[0m] Skipped scdfxct.com from target list as found unresponsive 30 times
[[34mINF[0m] Skipped schanxi.com from target list as found unresponsive 30 times
[[34mINF[0m] Skipped restaurantetomodachi.com from target list as found unresponsive 30 times
[[34mINF[0m] Skipped retailwire.com from target list as found unresponsive 30 times
[[34mINF[0m] Skipped retrouver-une-bonne-vue-sans-lunettes.com from target list as found unresponsive 30 times
[[34mINF[0m] Skipped sdxldq.com.cn from target list as found unresponsive 31 times
[[34mINF[0m] Skipped rgbcircle.com from target list as found unresponsive 30 times
[[34mINF[0m] Skipped roots-immigration.com from target list as found unresponsive 30 times
[[34mINF[0m] Skipped rinff.com from target list as found unresponsive 30 times
[[34mINF[0m] Skipped rmcphotoworks.com from target list as found unresponsive 30 times
[[34mINF[0m] Skipped roamingchina.com from target list as found unresponsive 30 times
[[34mINF[0m] Skipped rpsprotects.com from target list as found unresponsive 30 times
[[34mINF[0m] Skipped shenhaijianzhu.com from target list as found unresponsive 31 times
[[34mINF[0m] Skipped shlasej.net from target list as found unresponsive 30 times
[[34mINF[0m] Skipped rosettahomestead.com from target list as found unresponsive 30 times
[[34mINF[0m] Skipped shtianle.com from target list as found unresponsive 30 times
[[34mINF[0m] Skipped ruizloemilio.com from target list as found unresponsive 30 times
[[34mINF[0m] Skipped savveblog.com from target list as found unresponsive 30 times
[[34mINF[0m] Skipped rvltech.com from target list as found unresponsive 30 times
[[34mINF[0m] Skipped sjttv.com from target list as found unresponsive 30 times
[[34mINF[0m] Skipped school.sipsknp.com from target list as found unresponsive 30 times
[[34mINF[0m] Skipped safehousecrisiscenter.org from target list as found unresponsive 30 times
[[34mINF[0m] Skipped safetygps-eg.com from target list as found unresponsive 30 times
[[34mINF[0m] Skipped sogfnv.r14.35.com from target list as found unresponsive 30 times
[[34mINF[0m] Skipped si-an.com from target list as found unresponsive 30 times
[[34mINF[0m] Skipped sajagindia.com from target list as found unresponsive 30 times
[[34mINF[0m] Skipped sdbljc.com from target list as found unresponsive 30 times
[[34mINF[0m] Skipped soilcarbon.com from target list as found unresponsive 30 times
[[34mINF[0m] Skipped sdxlcnc.com from target list as found unresponsive 30 times
[[34mINF[0m] Skipped soma-college.net from target list as found unresponsive 31 times
[[34mINF[0m] Skipped salires.com from target list as found unresponsive 30 times
[[34mINF[0m] Skipped eaykj.com from target list as found unresponsive 30 times
[[34mINF[0m] Skipped seitelperu.com from target list as found unresponsive 30 times
[[34mINF[0m] Skipped sanluisfilmfestival.com from target list as found unresponsive 30 times
[[34mINF[0m] Skipped saramoises.com from target list as found unresponsive 30 times
[[92mCVE-2026-8385[0m] [[94mhttp[0m] [[33mmedium[0m] https://www.midwestinsure.com/wp-admin/admin-ajax.php
[[34mINF[0m] Skipped simavinsesigazetesi.com from target list as found unresponsive 30 times
[[34mINF[0m] Skipped sling-tv.com from target list as found unresponsive 30 times
[[34mINF[0m] Skipped scentedcandlewholesale.com from target list as found unresponsive 30 times
[[34mINF[0m] Skipped spenglerindustries.com from target list as found unresponsive 30 times
[[34mINF[0m] Skipped sodh.zr63.com from target list as found unresponsive 30 times
[[34mINF[0m] Skipped sootsfamily.net from target list as found unresponsive 30 times
[[34mINF[0m] Skipped schoolofpersonaltrainingsa.com from target list as found unresponsive 30 times
[[34mINF[0m] Skipped soyrobertrojas.com from target list as found unresponsive 30 times
[[34mINF[0m] Skipped seogrowthzone.com from target list as found unresponsive 30 times
[[34mINF[0m] Skipped sportsstunning.com from target list as found unresponsive 30 times
[[34mINF[0m] Skipped staceyboehman.com from target list as found unresponsive 30 times
[[34mINF[0m] Skipped sidicamper.com from target list as found unresponsive 30 times
[[34mINF[0m] Skipped staging.swissnex.org from target list as found unresponsive 30 times
[[34mINF[0m] Skipped starsdorset.org from target list as found unresponsive 30 times
[[34mINF[0m] Skipped sukmoc.r14.35.cn from target list as found unresponsive 30 times
[[34mINF[0m] Skipped sukmoc.r14.35.com from target list as found unresponsive 30 times
[[34mINF[0m] Skipped sietegc.com from target list as found unresponsive 30 times
[[34mINF[0m] Skipped sistemasgema.com from target list as found unresponsive 30 times
[[34mINF[0m] Skipped spinningshepherd.com from target list as found unresponsive 30 times
[[34mINF[0m] Skipped stylemixthemes.com from target list as found unresponsive 30 times
[[34mINF[0m] Skipped srsmetrics.com from target list as found unresponsive 30 times
[[34mINF[0m] Skipped sy-mt.com from target list as found unresponsive 30 times
[[34mINF[0m] Skipped sophialuypaert.com from target list as found unresponsive 30 times
[[34mINF[0m] Skipped sz-yunding.com from target list as found unresponsive 30 times
[[34mINF[0m] Skipped solidarityrising.com from target list as found unresponsive 30 times
[[34mINF[0m] Skipped szparo.com from target list as found unresponsive 31 times
[[34mINF[0m] Skipped solucaoimport.com from target list as found unresponsive 30 times
[[34mINF[0m] Skipped suzuki-hvac.com from target list as found unresponsive 30 times
[[34mINF[0m] Skipped taifengpump.com from target list as found unresponsive 30 times
[[34mINF[0m] Skipped tb16888.com from target list as found unresponsive 31 times
[[34mINF[0m] Skipped tchqsl.com from target list as found unresponsive 31 times
[[34mINF[0m] Skipped tengda-industrial.com from target list as found unresponsive 31 times
[[34mINF[0m] Skipped sphyc.com from target list as found unresponsive 30 times
[[34mINF[0m] Skipped srsis.org from target list as found unresponsive 30 times
[[34mINF[0m] Skipped susiemiller.com from target list as found unresponsive 30 times
[[34mINF[0m] Skipped sprintsys.com from target list as found unresponsive 30 times
[[34mINF[0m] Skipped wgxtg0.r14.35.cn from target list as found unresponsive 30 times
[[34mINF[0m] Skipped wh-bx.com from target list as found unresponsive 31 times
[[34mINF[0m] Skipped whtmjt.com from target list as found unresponsive 30 times
[[34mINF[0m] Skipped wnark.com from target list as found unresponsive 31 times
[[34mINF[0m] Skipped wompai.r14.35.com from target list as found unresponsive 31 times
[[34mINF[0m] Skipped wowtransfer.net from target list as found unresponsive 31 times
[[34mINF[0m] Skipped wuhurf.com from target list as found unresponsive 31 times
[[34mINF[0m] Skipped wuhushangjie.com from target list as found unresponsive 30 times
[[34mINF[0m] Skipped sygxdl.com from target list as found unresponsive 30 times
[[34mINF[0m] Skipped www.ahftby.cn from target list as found unresponsive 30 times
[[34mINF[0m] Skipped www.ahgzzn.com from target list as found unresponsive 30 times
[[34mINF[0m] Skipped www.ahhuilic.com from target list as found unresponsive 31 times
[[34mINF[0m] Skipped www.ahshengcheng.com from target list as found unresponsive 31 times
[[34mINF[0m] Skipped www.ahxiyy.com from target list as found unresponsive 31 times
[[34mINF[0m] Skipped www.ahzr.com.cn from target list as found unresponsive 30 times
[[34mINF[0m] Skipped www.anhuilengqueta.com from target list as found unresponsive 31 times
[[34mINF[0m] Skipped stcarriescenter.org from target list as found unresponsive 30 times
[[34mINF[0m] Skipped www.bbhlfz.com from target list as found unresponsive 30 times
[[34mINF[0m] Skipped stickerstylestore.com from target list as found unresponsive 30 times
[[34mINF[0m] Skipped www.bitworks2000.com from target list as found unresponsive 31 times
[[34mINF[0m] Skipped stratumpoint.com from target list as found unresponsive 30 times
[[34mINF[0m] Skipped task.edoctor.cn from target list as found unresponsive 30 times
[[34mINF[0m] Skipped www.dgguangtai.com from target list as found unresponsive 31 times
[[34mINF[0m] Skipped styledumonde.com from target list as found unresponsive 30 times
[[34mINF[0m] Skipped suitneeds.com from target list as found unresponsive 30 times
[[34mINF[0m] Skipped sukitha.com from target list as found unresponsive 30 times
[[34mINF[0m] Skipped tarrytownenviro.org from target list as found unresponsive 30 times
[[34mINF[0m] Skipped sunwahpearl.org from target list as found unresponsive 30 times
[[34mINF[0m] Skipped teknomira.com from target list as found unresponsive 30 times
[[34mINF[0m] Skipped surfacepatternlife.com from target list as found unresponsive 30 times
[[34mINF[0m] Skipped surya-ind.com from target list as found unresponsive 30 times
[[34mINF[0m] Skipped superiorenviroservices.com from target list as found unresponsive 30 times
[[34mINF[0m] Skipped www.js-supt.com from target list as found unresponsive 31 times
[[34mINF[0m] Skipped sustho.com from target list as found unresponsive 30 times
[[34mINF[0m] Skipped www.leduo111.com from target list as found unresponsive 31 times
[[34mINF[0m] Skipped thailandphotographer.com from target list as found unresponsive 30 times
[[34mINF[0m] Skipped swiftygo.com from target list as found unresponsive 30 times
[[34mINF[0m] Skipped swiggymart.com from target list as found unresponsive 30 times
[[34mINF[0m] Skipped thechristian-center.org from target list as found unresponsive 30 times
[[34mINF[0m] Skipped www.santoarabica.com from target list as found unresponsive 31 times
[[34mINF[0m] Skipped www.scica.cn from target list as found unresponsive 31 times
[[34mINF[0m] Skipped thediscoverycenter.org from target list as found unresponsive 30 times
[[34mINF[0m] Skipped xianxiapifu.com from target list as found unresponsive 31 times
[[34mINF[0m] Skipped xinxinjj.com from target list as found unresponsive 30 times
[[34mINF[0m] Skipped xinyijianshe.com from target list as found unresponsive 31 times
[[34mINF[0m] Skipped xlgh.com from target list as found unresponsive 31 times
[[34mINF[0m] Skipped xn--bo1a19j.com from target list as found unresponsive 31 times
[[34mINF[0m] Skipped tachkeel.com from target list as found unresponsive 30 times
[[34mINF[0m] Skipped xrdzn.cn from target list as found unresponsive 30 times
[[34mINF[0m] Skipped xybwg.com.cn from target list as found unresponsive 31 times
[[34mINF[0m] Skipped yidianjf.com from target list as found unresponsive 30 times
[[34mINF[0m] Skipped theoxley.com from target list as found unresponsive 30 times
[[34mINF[0m] Skipped yj-bf.com from target list as found unresponsive 31 times
[[34mINF[0m] Skipped yk64.com from target list as found unresponsive 31 times
[[34mINF[0m] Skipped youdo99.com from target list as found unresponsive 31 times
[[34mINF[0m] Skipped yuanleitec.com from target list as found unresponsive 31 times
[[34mINF[0m] Skipped wdvcy5.r14.35.cn from target list as found unresponsive 30 times
[[34mINF[0m] Skipped wasabe.com from target list as found unresponsive 30 times
[[34mINF[0m] Skipped tfcw.com from target list as found unresponsive 30 times
[[34mINF[0m] Skipped theedmshop.com from target list as found unresponsive 30 times
[[34mINF[0m] Skipped tayloredtax.com from target list as found unresponsive 30 times
[[34mINF[0m] Skipped wgxtg0.r14.35.com from target list as found unresponsive 30 times
[[34mINF[0m] Skipped zhendongt.com from target list as found unresponsive 30 times
[[34mINF[0m] Skipped zhenxingchem.com from target list as found unresponsive 30 times
[[34mINF[0m] Skipped techinmocean.com from target list as found unresponsive 30 times
[[34mINF[0m] Skipped techtomy.com from target list as found unresponsive 30 times
[[34mINF[0m] Skipped vmnkj.com from target list as found unresponsive 30 times
[[34mINF[0m] Skipped webmail.webdesigngurugram.com from target list as found unresponsive 30 times
[[34mINF[0m] Skipped telyap.com from target list as found unresponsive 30 times
[[34mINF[0m] Skipped techdigitalservices.com from target list as found unresponsive 30 times
[[34mINF[0m] Skipped vxskj.com from target list as found unresponsive 30 times
[[34mINF[0m] Skipped zhpu.net from target list as found unresponsive 31 times
[[34mINF[0m] Skipped teslaarquitectura.com from target list as found unresponsive 30 times
[[34mINF[0m] Skipped websz.net from target list as found unresponsive 30 times
[[34mINF[0m] Skipped webstrum.com from target list as found unresponsive 30 times
[[34mINF[0m] Skipped wanglaw.tw from target list as found unresponsive 30 times
[[34mINF[0m] Skipped thenailbabe.com from target list as found unresponsive 30 times
[[34mINF[0m] Skipped zogaibgroup.com from target list as found unresponsive 31 times
[[34mINF[0m] Skipped webdisk.boshisoukan.net from target list as found unresponsive 30 times
[[34mINF[0m] Skipped theluxurytribe.com from target list as found unresponsive 30 times
[[34mINF[0m] Skipped zsg2011.com from target list as found unresponsive 31 times
[[34mINF[0m] Skipped zundns.com from target list as found unresponsive 31 times
[[34mINF[0m] Skipped www.baonova.com from target list as found unresponsive 30 times
[[34mINF[0m] Skipped wuxidmk.com from target list as found unresponsive 31 times
[[34mINF[0m] Skipped thejustifiable.com from target list as found unresponsive 30 times
[[34mINF[0m] Skipped www.gzz.net.cn from target list as found unresponsive 30 times
[[34mINF[0m] Skipped wertlandsquareuva.com from target list as found unresponsive 30 times
[[34mINF[0m] Skipped windsorhalldorms.com from target list as found unresponsive 30 times
[[34mINF[0m] Skipped witchygirl.com from target list as found unresponsive 30 times
[[34mINF[0m] Skipped weifansub.com from target list as found unresponsive 30 times
[[34mINF[0m] Skipped www.ahdi.org from target list as found unresponsive 30 times
[[34mINF[0m] Skipped www.aljazeeraairlines.com from target list as found unresponsive 30 times
[[34mINF[0m] Skipped www.afterpetipa.com from target list as found unresponsive 30 times
[[34mINF[0m] Skipped xintianwei.com from target list as found unresponsive 30 times
[[34mINF[0m] Skipped www.asdwolf.com from target list as found unresponsive 30 times
[[34mINF[0m] Skipped xr-elec.com from target list as found unresponsive 30 times
[[34mINF[0m] Skipped xyyld.com from target list as found unresponsive 30 times
[[34mINF[0m] Skipped yghagq.r14.35.com from target list as found unresponsive 30 times
[[34mINF[0m] Skipped zbllj.com from target list as found unresponsive 30 times
[[34mINF[0m] Skipped zrowgk.r14.35.com from target list as found unresponsive 30 times
[[34mINF[0m] Skipped www.acifileguvenlik.com from target list as found unresponsive 30 times
[[34mINF[0m] Skipped zy7dty.r14.35.com from target list as found unresponsive 30 times
[[34mINF[0m] Skipped zzyxyf.com from target list as found unresponsive 30 times
[[34mINF[0m] Skipped zy7dty.r14.35.cn from target list as found unresponsive 30 times
[[34mINF[0m] Skipped www.aofhaberleri.com from target list as found unresponsive 30 times
[[34mINF[0m] Skipped www.amendsurgical.com from target list as found unresponsive 30 times
[[34mINF[0m] Skipped westafricanewthinking.com from target list as found unresponsive 30 times
[[34mINF[0m] Skipped www.cyber-nyc.com from target list as found unresponsive 30 times
[[34mINF[0m] Skipped www.daycarecenter.com from target list as found unresponsive 30 times
[[34mINF[0m] Skipped www.bellamyflorence.com from target list as found unresponsive 30 times
[[34mINF[0m] Skipped wolans.com from target list as found unresponsive 30 times
[[34mINF[0m] Skipped www.bhr.org from target list as found unresponsive 30 times
[[34mINF[0m] Skipped www.climayoreo.com from target list as found unresponsive 30 times
[[34mINF[0m] Skipped www.bellamymilledgeville.com from target list as found unresponsive 30 times
[[34mINF[0m] Skipped ws15.iotfm.org from target list as found unresponsive 30 times
[[34mINF[0m] Skipped www.easynetmoney.net from target list as found unresponsive 30 times
[[34mINF[0m] Skipped www.ecstaticself.com from target list as found unresponsive 30 times
[[34mINF[0m] Skipped www.calcio-bet.com from target list as found unresponsive 30 times
[[34mINF[0m] Skipped www.essayeducation.com from target list as found unresponsive 30 times
[[34mINF[0m] Skipped www.cier.org.cn from target list as found unresponsive 30 times
[[34mINF[0m] Skipped www.eastedgeapartments.com from target list as found unresponsive 30 times
[[34mINF[0m] Skipped www.districton5th.com from target list as found unresponsive 30 times
[[34mINF[0m] Skipped www.goggingolf.com from target list as found unresponsive 30 times
[[34mINF[0m] Skipped www.lamoo.cn from target list as found unresponsive 30 times
[[34mINF[0m] Skipped www.holidaysandobservances.net from target list as found unresponsive 30 times
[[34mINF[0m] Skipped www.kerford.com from target list as found unresponsive 30 times
[[34mINF[0m] Skipped www.germanfafian.com from target list as found unresponsive 30 times
[[34mINF[0m] Skipped www.fromone.cn from target list as found unresponsive 30 times
[[34mINF[0m] Skipped www.gztodo.com from target list as found unresponsive 30 times
[[34mINF[0m] Skipped www.giftcertificatesandmore.com from target list as found unresponsive 30 times
[[34mINF[0m] Skipped www.grandmarcuva.com from target list as found unresponsive 30 times
[[34mINF[0m] Skipped www.magentonotes.com from target list as found unresponsive 30 times
[[34mINF[0m] Skipped www.marconamedia.com from target list as found unresponsive 30 times
[[34mINF[0m] Skipped www.lomoflex.com from target list as found unresponsive 30 times
[[34mINF[0m] Skipped www.mistcannons.com from target list as found unresponsive 30 times
[[34mINF[0m] Skipped www.jkbw.com from target list as found unresponsive 30 times
[[34mINF[0m] Skipped www.livetheprovince.com from target list as found unresponsive 30 times
[[34mINF[0m] Skipped www.salisburygroupinc.com from target list as found unresponsive 30 times
[[34mINF[0m] Skipped www.reisenach-peru.com from target list as found unresponsive 30 times
[[34mINF[0m] Skipped www.sinovision.com from target list as found unresponsive 30 times
[[34mINF[0m] Skipped www.saotometribune.com from target list as found unresponsive 30 times
[[34mINF[0m] Skipped www.pzhccb.com from target list as found unresponsive 30 times
[[34mINF[0m] Skipped xinhuanews.com from target list as found unresponsive 30 times
[[34mINF[0m] Skipped www.sjoaraftingsenter.org from target list as found unresponsive 30 times
[[34mINF[0m] Skipped yghagq.r14.35.cn from target list as found unresponsive 32 times
[[34mINF[0m] Skipped www.rogergartman.com from target list as found unresponsive 30 times
[[34mINF[0m] Skipped www.recoveryschools.net from target list as found unresponsive 30 times
[[34mINF[0m] Skipped xlentpay.com from target list as found unresponsive 30 times
[[34mINF[0m] Skipped www.retreatatlouisville.com from target list as found unresponsive 30 times
[[34mINF[0m] Skipped lewin.cn from target list as found unresponsive 31 times
[[34mINF[0m] Skipped www.shipbuilder.org from target list as found unresponsive 30 times
[[34mINF[0m] Skipped maisteel.com from target list as found unresponsive 31 times
[[34mINF[0m] Skipped zagroup.net from target list as found unresponsive 30 times
[[34mINF[0m] Skipped xn--tags-mt4-e80mn15bdsw4wf9w1ab53l.mn72.com from target list as found unresponsive 30 times
[[34mINF[0m] Skipped xxyuanchuang.com from target list as found unresponsive 30 times
[[34mINF[0m] Skipped yachtfortylove.com from target list as found unresponsive 30 times
[[34mINF[0m] Skipped yfukj.com from target list as found unresponsive 30 times
[[34mINF[0m] Skipped maxkennedy.org from target list as found unresponsive 30 times
[[34mINF[0m] Skipped xueguo.net from target list as found unresponsive 30 times
[[34mINF[0m] Skipped xn--tags--z22hg54i.lx03.com from target list as found unresponsive 30 times
[[34mINF[0m] Skipped zileijg.com from target list as found unresponsive 32 times
[[34mINF[0m] Skipped zpqfm2.r14.35.com from target list as found unresponsive 31 times
[[34mINF[0m] Skipped zwzs1688.com from target list as found unresponsive 30 times
[[34mINF[0m] Skipped ylqz.cn from target list as found unresponsive 30 times
[[34mINF[0m] Skipped yikkj.com from target list as found unresponsive 30 times
[[34mINF[0m] Skipped ypakj.com from target list as found unresponsive 30 times
[[34mINF[0m] Skipped youshouldlisten.com from target list as found unresponsive 30 times
[[34mINF[0m] Skipped xn--casitadesueos-skb.org from target list as found unresponsive 30 times
[[34mINF[0m] Skipped zdc.com from target list as found unresponsive 30 times
[[34mINF[0m] Skipped yougotobali.com from target list as found unresponsive 30 times
[[34mINF[0m] Skipped ywcamaduraitn.com from target list as found unresponsive 30 times
[[34mINF[0m] Skipped zadvancement.com from target list as found unresponsive 30 times
[[34mINF[0m] Skipped zapwebdesign.com from target list as found unresponsive 30 times
[[34mINF[0m] Skipped leye.com.cn from target list as found unresponsive 30 times
[[34mINF[0m] Skipped zerric.xyz from target list as found unresponsive 30 times
[[34mINF[0m] Skipped discountbats.com from target list as found unresponsive 30 times
[[34mINF[0m] Skipped www.kirbyvacuum.com from target list as found unresponsive 31 times
[[34mINF[0m] Skipped lwt8kd.r14.35.com from target list as found unresponsive 30 times
[[34mINF[0m] Skipped wisevisa.com from target list as found unresponsive 30 times
[[34mINF[0m] Skipped zemeno.com from target list as found unresponsive 30 times
[[34mINF[0m] Skipped www.alamedadailynews.com from target list as found unresponsive 30 times
[[34mINF[0m] Skipped focreduc.com from target list as found unresponsive 30 times
[[34mINF[0m] Skipped mail.focreduc.com from target list as found unresponsive 30 times
[[34mINF[0m] Skipped huangkh427.51sole.com from target list as found unresponsive 30 times
[[34mINF[0m] Skipped 319bragg.com from target list as found unresponsive 30 times
[[34mINF[0m] Skipped www.analsee.com from target list as found unresponsive 30 times
[[34mINF[0m] Skipped ahjhwl.com from target list as found unresponsive 30 times
[[34mINF[0m] Skipped yolochina.com from target list as found unresponsive 30 times
[[34mINF[0m] Skipped raiamark.com from target list as found unresponsive 30 times
[[34mINF[0m] Skipped sociedadealternativa.org from target list as found unresponsive 30 times
[[34mINF[0m] Skipped 21rio.com from target list as found unresponsive 30 times
[[34mINF[0m] Skipped achoirofghosts.com from target list as found unresponsive 30 times
[[34mINF[0m] Skipped sedra-electric.com from target list as found unresponsive 30 times
[[34mINF[0m] Skipped bonusar.info from target list as found unresponsive 30 times
[[34mINF[0m] Skipped jdbookservices.com:443 from target list as found unresponsive 30 times
[[34mINF[0m] Skipped www.olympus-realizations.com from target list as found unresponsive 30 times
[[34mINF[0m] Skipped jrnyon.com from target list as found unresponsive 30 times
[[34mINF[0m] Skipped 337bet.cc from target list as found unresponsive 30 times
[[92mCVE-2022-25481[0m] [[94mhttp[0m] [[38;5;208mhigh[0m] https://phiyo.com/index.php?s=example
[[34mINF[0m] Skipped sdccorp04.kidneycare.com from target list as found unresponsive 30 times
[[92mCVE-2022-25481[0m] [[94mhttp[0m] [[38;5;208mhigh[0m] https://zpjit.com/index.php?s=example
[[34mINF[0m] Skipped www.grupoalc.com from target list as found unresponsive 30 times
[[34mINF[0m] Skipped kidneycare.com from target list as found unresponsive 30 times
[[34mINF[0m] Skipped www.coloradoriveroasis.com from target list as found unresponsive 30 times
[[34mINF[0m] Skipped www.2632.net from target list as found unresponsive 30 times
[[34mINF[0m] Skipped medhealpharma.com from target list as found unresponsive 31 times
[[34mINF[0m] Skipped northcoastcomms.com from target list as found unresponsive 30 times
[[34mINF[0m] Skipped malibuusf.com:80 from target list as found unresponsive 30 times
[[34mINF[0m] Skipped malibuusf.com from target list as found unresponsive 30 times
[[34mINF[0m] Skipped www.mifsuds.com from target list as found unresponsive 30 times
[[92mCVE-2024-1380[0m] [[94mhttp[0m] [[33mmedium[0m] https://wprs.daiseysolutions.org/wp-admin/admin-ajax.php
[[34mINF[0m] Skipped vwlawfirm.com:80 from target list as found unresponsive 30 times
[[34mINF[0m] Skipped retreatatlouisville.com:443 from target list as found unresponsive 30 times
[[34mINF[0m] Skipped 4allprograms.me from target list as found unresponsive 30 times
[[34mINF[0m] Skipped www.ladybugmalta.com from target list as found unresponsive 32 times
[[34mINF[0m] Skipped everlastgz.com from target list as found unresponsive 30 times
[[34mINF[0m] Skipped refugecontent.com from target list as found unresponsive 30 times
[[34mINF[0m] Skipped restaurantesancarlos.com:443 from target list as found unresponsive 30 times
[[34mINF[0m] Skipped alcazarreal.com:443 from target list as found unresponsive 30 times
[[34mINF[0m] Skipped bellamyflorence.com:443 from target list as found unresponsive 30 times
[[34mINF[0m] Skipped blog.ufmoverguys.com:443 from target list as found unresponsive 30 times
[[34mINF[0m] Skipped capilarfix.com:443 from target list as found unresponsive 30 times
[[34mINF[0m] Skipped gainesvillesportscommission.com:443 from target list as found unresponsive 30 times
[[34mINF[0m] Skipped frigokar.com:443 from target list as found unresponsive 30 times
[[34mINF[0m] Skipped americanmetalsllc.com:443 from target list as found unresponsive 30 times
[[34mINF[0m] Skipped atlantic-construction.net from target list as found unresponsive 30 times
[[34mINF[0m] Skipped bellehairextensions.com from target list as found unresponsive 30 times
[[34mINF[0m] Skipped guangyuwangye.com:443 from target list as found unresponsive 30 times
[[34mINF[0m] Skipped industriacoahuila.com:443 from target list as found unresponsive 30 times
[[34mINF[0m] Skipped mnsconstruction.net:443 from target list as found unresponsive 30 times
[[34mINF[0m] Skipped jeffersoncommonsuva.com:443 from target list as found unresponsive 30 times
[[34mINF[0m] Skipped thehusk.com:443 from target list as found unresponsive 30 times
[[34mINF[0m] Skipped theloftsorlando.com:443 from target list as found unresponsive 30 times
[[34mINF[0m] Skipped marcosassad.com:443 from target list as found unresponsive 30 times
[[34mINF[0m] Skipped noticiassaludables.com:443 from target list as found unresponsive 30 times
[[34mINF[0m] Skipped marshallcranes.com:443 from target list as found unresponsive 30 times
[[34mINF[0m] Skipped nehirdavetiye.com:443 from target list as found unresponsive 30 times
[[34mINF[0m] Skipped ncagd.org:443 from target list as found unresponsive 30 times
[[34mINF[0m] Skipped qualitydesignworks.com:443 from target list as found unresponsive 30 times
[[34mINF[0m] Skipped sinopcilingir.com:443 from target list as found unresponsive 30 times
[[34mINF[0m] Skipped themarkatlanta.landmark-properties.com:443 from target list as found unresponsive 30 times
[[34mINF[0m] Skipped thedistrictonapache.com:443 from target list as found unresponsive 30 times
[[34mINF[0m] Skipped sxlqhl.com:443 from target list as found unresponsive 30 times
[[34mINF[0m] Skipped thegeorgedc.com:443 from target list as found unresponsive 30 times
[[34mINF[0m] Skipped thelotusapartments.com:443 from target list as found unresponsive 31 times
[[34mINF[0m] Skipped bellamydaytona.com:443 from target list as found unresponsive 30 times
[[92mCVE-2025-58226[0m:[1;92mpost_titles[0m] [[94mhttp[0m] [[33mmedium[0m] https://etufegypt.com/wp-admin/admin-ajax.php?action=fb3d_send_posts [[96m"\u062a\u0642\u0631\u064a\u0631 \u0627\u0644\u0645\u062f\u064a\u0631 \u0627\u0644\u0639\u0627\u0645"[0m,[96m"\u0644\u0645\u062d\u0629 \u0645\u0648\u062c\u0632\u0629 \u0639\u0646 \u0645\u0624\u062a\u0645\u0631 \u0627\u0644\u0639\u0645\u0644 \u0627\u0644\u062f\u0648\u0644\u0649"[0m,[96m"\u0627\u0644\u0646\u0638\u0627\u0645 \u0627\u0644\u0627\u0633\u0627\u0633\u0649 \u0644\u0645\u0624\u062a\u0645\u0631 \u0627\u0644\u0639\u0645\u0644 \u0627\u0644\u062f\u0648\u0644\u0649"[0m,[96m"\u0648\u0631\u0642\u0629 \u0639\u0645\u0644 \u062d\u0648\u0644 \u0627\u0644\u0633\u0644\u0627\u0645\u0629 \u0648\u0627\u0644\u0635\u062d\u0629 \u0627\u0644\u0645\u0647\u0646\u064a\u0629 \u0643\u0645\u062f\u062e\u0644 \u0644\u0644\u062a\u0646\u0645\u064a\u0629 \u0627\u0644\u0645\u0633\u062a\u062f\u0627\u0645\u0629 \u0648\u0627\u0644\u0639\u062f\u0627\u0644\u0629 \u0627\u0644\u0627\u062c\u062a\u0645\u0627\u0639\u064a\u0629"[0m,[96m"\u0627\u0644\u062d\u0645\u0627\u064a\u0629 \u0645\u0646 \u0627\u0644\u0645\u062e\u0627\u0637\u0631 \u0627\u0644\u0628\u064a\u0648\u0644\u0648\u062c\u064a\u0629 \u0641\u064a \u0628\u064a\u0626\u0629 \u0627\u0644\u0639\u0645\u0644"[0m,[96m"\u062a\u0637\u0628\u064a\u0642 \u0645\u0639\u0627\u064a\u064a\u0631 \u0627\u0644\u0639\u0645\u0644 \u0627\u0644\u062f\u0648\u0644\u064a\u0629 2025"[0m,[96m"\u062f\u0644\u064a\u0644 \u0645\u0624\u062a\u0645\u0631 \u0627\u0644\u0639\u0645\u0644 \u0627\u0644\u062f\u0648\u0644\u0649 \u0627\u0644\u062f\u0648\u0631\u0629 113"[0m,[96m"\u0627\u0644\u0646\u0634\u0631\u0629 \u0627\u0644\u0627\u0644\u0643\u062a\u0631\u0648\u0646\u064a\u0629 - \u0627\u062d\u062a\u0641\u0627\u0644\u0627\u062a \u0646\u0635\u0631 \u0627\u0643\u062a\u0648\u0628\u0631 \u0627\u0644\u0645\u062c\u064a\u062f 2024"[0m,[96m"\u0648\u0636\u0639 \u0639\u0645\u0627\u0644 \u0627\u0644\u0627\u0631\u0627\u0636\u0649 \u0627\u0644\u0639\u0631\u0628\u064a\u0629 \u0627\u0644\u0645\u062d\u062a\u0644\u0629"[0m,[96m"\u0627\u0644\u062f\u0644\u064a\u0644 \u0627\u0644\u0627\u0631\u0634\u0627\u062f\u0649 \u0645\u0624\u062a\u0645\u0631 \u0627\u0644\u0639\u0645\u0644 \u0627\u0644\u062f\u0648\u0644\u0649 \u0627\u0644\u062f\u0648\u0631\u0629 113"[0m,[96m"\u0648\u062b\u064a\u0642\u0629 \u0627\u0644\u0627\u062c\u062a\u0645\u0627\u0639 \u0627\u0644\u062a\u0646\u0633\u064a\u0642\u0649 \u0627\u0644\u0627\u0648\u0644 \u0644\u0644\u0645\u062c\u0645\u0648\u0639\u0629 \u0627\u0644\u0639\u0631\u0628\u064a\u0629"[0m]
[[34mINF[0m] Skipped districton5th.com:443 from target list as found unresponsive 30 times
[[34mINF[0m] Skipped drwkvandyke.com:443 from target list as found unresponsive 30 times
[[92mCVE-2025-58226[0m:[1;92mpost_titles[0m] [[94mhttp[0m] [[33mmedium[0m] https://osamaheikal.com/wp-admin/admin-ajax.php?action=fb3d_send_posts [[96m"\u0643\u062a\u0627\u0628 150\u064a\u0648\u0645 \u0641\u0649 \u062a\u0627\u0631\u064a\u062e \u0645\u0635\u0631"[0m]
[[34mINF[0m] Skipped redfeetshoes.com:443 from target list as found unresponsive 30 times
[[34mINF[0m] Skipped retreatatblacksburg.com:443 from target list as found unresponsive 30 times
[[34mINF[0m] Skipped agadirjourney.com:443 from target list as found unresponsive 30 times
[[34mINF[0m] Skipped cueb.ncss.cn from target list as found unresponsive 31 times
[[34mINF[0m] Skipped help.90210recovery.com from target list as found unresponsive 30 times
[[92mCVE-2026-4020[0m] [[94mhttp[0m] [[38;5;208mhigh[0m] https://mail.costsmaster.com/wp-json/gravitysmtp/v1/tests/mock-data?page=gravitysmtp-settings
[[34mINF[0m] Skipped bellamymilledgeville.com:443 from target list as found unresponsive 30 times
[[34mINF[0m] Skipped eastedgeapartments.com:443 from target list as found unresponsive 31 times
[[34mINF[0m] Skipped king-insurance.com:443 from target list as found unresponsive 30 times
[[92mCVE-2026-8839[0m] [[94mhttp[0m] [[33mmedium[0m] https://www.debruinmedicalcenter.com/wp-json/mapp/v1/maps/1
[[34mINF[0m] Skipped newstook.com:443 from target list as found unresponsive 30 times
[[34mINF[0m] Skipped atsavvy.com from target list as found unresponsive 30 times
[[34mINF[0m] Skipped fashionshowboda.com:443 from target list as found unresponsive 30 times
[[34mINF[0m] Skipped luminexstores.com from target list as found unresponsive 30 times
[[34mINF[0m] Skipped ppfdl.com from target list as found unresponsive 30 times
[[34mINF[0m] Skipped www.alcazarreal.com:443 from target list as found unresponsive 30 times
[[34mINF[0m] Skipped supmaroc.com from target list as found unresponsive 30 times
[[34mINF[0m] Skipped szsjunshi.com from target list as found unresponsive 30 times
[[34mINF[0m] Skipped www.digimify.com from target list as found unresponsive 30 times
[[34mINF[0m] Skipped yatraexpert.com from target list as found unresponsive 30 times
[[34mINF[0m] Skipped 7pcd.com:443 from target list as found unresponsive 30 times
[[34mINF[0m] Skipped aavta.com:443 from target list as found unresponsive 30 times
[[34mINF[0m] Skipped 50dates50states.com:443 from target list as found unresponsive 31 times
[[34mINF[0m] Skipped alipedram.net:443 from target list as found unresponsive 30 times
[[34mINF[0m] Skipped xn--tags--t40l317p.mn72.com from target list as found unresponsive 30 times
[[34mINF[0m] Skipped andrewpweston.com:443 from target list as found unresponsive 30 times
