
                     __     _
   ____  __  _______/ /__  (_)
  / __ \/ / / / ___/ / _ \/ /
 / / / / /_/ / /__/ /  __/ /
/_/ /_/\__,_/\___/_/\___/_/   v3.2.5

		projectdiscovery.io

[[31mWRN[0m] Found 1 templates with syntax error (use -validate flag for further examination)
[[31mWRN[0m] Found 4 templates with runtime error (use -validate flag for further examination)
[[34mINF[0m] Current nuclei version: v3.2.5 ([91moutdated[0m)
[[34mINF[0m] Current nuclei-templates version: v10.4.7 ([92mlatest[0m)
[[93mWRN[0m] Scan results upload to cloud is disabled.
[[34mINF[0m] New templates added in latest release: 122
[[34mINF[0m] Templates loaded for current scan: 1767
[[34mINF[0m] Executing 1767 signed templates from projectdiscovery/nuclei-templates
[[34mINF[0m] Targets loaded for current scan: 609
[[34mINF[0m] Running httpx on input host
[[34mINF[0m] Found 546 URL from httpx
[[34mINF[0m] Templates clustered: 26 (Reduced 13398 Requests)
[[34mINF[0m] Using Interactsh Server: oast.me
[[34mINF[0m] Skipped ahbaoan.net from target list as found unresponsive 30 times
[[34mINF[0m] Skipped ahjhwl.com from target list as found unresponsive 30 times
[[34mINF[0m] Skipped acrylicdisplay-stands.com from target list as found unresponsive 30 times
[[34mINF[0m] Skipped ahhzlq.com from target list as found unresponsive 30 times
[[34mINF[0m] Skipped ahlinyang.com from target list as found unresponsive 30 times
[[34mINF[0m] Skipped ahsdyyl.com from target list as found unresponsive 30 times
[[34mINF[0m] Skipped ahyxfh.com from target list as found unresponsive 31 times
[[34mINF[0m] Skipped ahzfgg.com from target list as found unresponsive 30 times
[[34mINF[0m] Skipped ahzybf.com from target list as found unresponsive 30 times
[[34mINF[0m] Skipped ahsjkx.net from target list as found unresponsive 30 times
[[34mINF[0m] Skipped ahrsdq.com from target list as found unresponsive 30 times
[[34mINF[0m] Skipped ahxiyy.com from target list as found unresponsive 30 times
[[34mINF[0m] Skipped ahxsd.net from target list as found unresponsive 30 times
[[34mINF[0m] Skipped ahyhsykj.com from target list as found unresponsive 30 times
[[34mINF[0m] Skipped ahyouhao.com from target list as found unresponsive 30 times
[[34mINF[0m] Skipped ahyyhb.net from target list as found unresponsive 30 times
[[34mINF[0m] Skipped ahzhuoke.com from target list as found unresponsive 30 times
[[34mINF[0m] Skipped ahgqcy.com from target list as found unresponsive 30 times
[[34mINF[0m] Skipped ahllbp.com from target list as found unresponsive 31 times
[[34mINF[0m] Skipped ahhubang.com from target list as found unresponsive 31 times
[[34mINF[0m] Skipped ahqsjc.com from target list as found unresponsive 30 times
[[34mINF[0m] Skipped ahtlgmb.com from target list as found unresponsive 30 times
[[34mINF[0m] Skipped ahzr.com.cn from target list as found unresponsive 30 times
