=== user admin ===
pw-wrong admin/admin
pw-wrong admin/admin123
pw-wrong admin/123456
pw-wrong admin/admin888
pw-wrong admin/12345678
pw-wrong admin/password
pw-wrong admin/admin@123
pw-wrong admin/admin1234
pw-wrong admin/123456a
pw-wrong admin/a123456
pw-wrong admin/666666
pw-wrong admin/888888
pw-wrong admin/000000
pw-wrong admin/qwer1234
pw-wrong admin/abc123
pw-wrong admin/admin666
pw-wrong admin/123123
pw-wrong admin/111111
pw-wrong admin/654321
pw-wrong admin/admin2023
pw-wrong admin/admin2024
pw-wrong admin/Admin123
pw-wrong admin/123qwe
pw-wrong admin/zxcvbnm
pw-wrong admin/admin12345
pw-wrong admin/sunten
pw-wrong admin/sunten123
pw-wrong admin/sunten2024
pw-wrong admin/ocreative
pw-wrong admin/suntentech
pw-wrong admin/123456789
pw-wrong admin/1qaz2wsx
pw-wrong admin/qwe123
pw-wrong admin/admin!@#
pw-wrong admin/sunten2023
pw-wrong admin/suntensz
pw-wrong admin/st2024
pw-wrong admin/adminadmin
pw-wrong admin/shunte
pw-wrong admin/shunte123
pw-wrong admin/shunte1234
pw-wrong admin/shuntdianqi
pw-wrong admin/shuntedq
pw-wrong admin/sunte
pw-wrong admin/sunte123
pw-wrong admin/sunten@123
pw-wrong admin/Sunten2024!
pw-wrong admin/suntdianqi
user admin done
=== user shunte ===
pw-wrong shunte/admin
pw-wrong shunte/admin123
pw-wrong shunte/123456
pw-wrong shunte/admin888
pw-wrong shunte/12345678
pw-wrong shunte/password
pw-wrong shunte/admin@123
pw-wrong shunte/admin1234
pw-wrong shunte/123456a
pw-wrong shunte/a123456
pw-wrong shunte/666666
pw-wrong shunte/888888
pw-wrong shunte/000000
pw-wrong shunte/qwer1234
pw-wrong shunte/abc123
pw-wrong shunte/admin666
pw-wrong shunte/123123
pw-wrong shunte/111111
pw-wrong shunte/654321
pw-wrong shunte/admin2023
pw-wrong shunte/admin2024
pw-wrong shunte/Admin123
pw-wrong shunte/123qwe
pw-wrong shunte/zxcvbnm
pw-wrong shunte/admin12345
pw-wrong shunte/sunten
pw-wrong shunte/sunten123
pw-wrong shunte/sunten2024
pw-wrong shunte/ocreative
pw-wrong shunte/suntentech
pw-wrong shunte/123456789
pw-wrong shunte/1qaz2wsx
pw-wrong shunte/qwe123
pw-wrong shunte/admin!@#
pw-wrong shunte/sunten2023
pw-wrong shunte/suntensz
pw-wrong shunte/st2024
pw-wrong shunte/adminadmin
pw-wrong shunte/shunte
pw-wrong shunte/shunte123
pw-wrong shunte/shunte1234
pw-wrong shunte/shuntdianqi
pw-wrong shunte/shuntedq
pw-wrong shunte/sunte
pw-wrong shunte/sunte123
pw-wrong shunte/sunten@123
pw-wrong shunte/Sunten2024!
pw-wrong shunte/suntdianqi
user shunte done
=== user sunten ===
pw-wrong sunten/admin
pw-wrong sunten/admin123
pw-wrong sunten/123456
pw-wrong sunten/admin888
pw-wrong sunten/12345678
pw-wrong sunten/password
pw-wrong sunten/admin@123
pw-wrong sunten/admin1234
pw-wrong sunten/123456a
pw-wrong sunten/a123456
pw-wrong sunten/666666
pw-wrong sunten/888888
pw-wrong sunten/000000
pw-wrong sunten/qwer1234
pw-wrong sunten/abc123
pw-wrong sunten/admin666
pw-wrong sunten/123123
pw-wrong sunten/654321
pw-wrong sunten/admin2023
pw-wrong sunten/admin2024
pw-wrong sunten/Admin123
pw-wrong sunten/123qwe
pw-wrong sunten/zxcvbnm
pw-wrong sunten/admin12345
pw-wrong sunten/sunten
pw-wrong sunten/sunten123
pw-wrong sunten/sunten2024
pw-wrong sunten/ocreative
pw-wrong sunten/suntentech
pw-wrong sunten/123456789
pw-wrong sunten/1qaz2wsx
pw-wrong sunten/qwe123
pw-wrong sunten/admin!@#
pw-wrong sunten/sunten2023
pw-wrong sunten/suntensz
pw-wrong sunten/st2024
pw-wrong sunten/adminadmin
pw-wrong sunten/shunte
pw-wrong sunten/shunte123
pw-wrong sunten/shunte1234
pw-wrong sunten/shuntdianqi
pw-wrong sunten/shuntedq
pw-wrong sunten/sunte
pw-wrong sunten/sunte123
pw-wrong sunten/sunten@123
pw-wrong sunten/Sunten2024!
pw-wrong sunten/suntdianqi
user sunten done
=== user root ===
pw-wrong root/admin
pw-wrong root/admin123
pw-wrong root/123456
pw-wrong root/admin888
pw-wrong root/12345678
pw-wrong root/password
pw-wrong root/admin@123
pw-wrong root/admin1234
pw-wrong root/123456a
pw-wrong root/a123456
pw-wrong root/666666
pw-wrong root/888888
pw-wrong root/000000
pw-wrong root/qwer1234
pw-wrong root/abc123
pw-wrong root/admin666
pw-wrong root/123123
pw-wrong root/111111
pw-wrong root/654321
pw-wrong root/admin2023
pw-wrong root/admin2024
pw-wrong root/Admin123
pw-wrong root/123qwe
pw-wrong root/zxcvbnm
pw-wrong root/admin12345
pw-wrong root/sunten
pw-wrong root/sunten123
pw-wrong root/sunten2024
pw-wrong root/ocreative
pw-wrong root/suntentech
pw-wrong root/123456789
pw-wrong root/1qaz2wsx
pw-wrong root/qwe123
pw-wrong root/admin!@#
pw-wrong root/sunten2023
pw-wrong root/suntensz
pw-wrong root/st2024
pw-wrong root/adminadmin
pw-wrong root/shunte
pw-wrong root/shunte123
pw-wrong root/shunte1234
pw-wrong root/shuntdianqi
pw-wrong root/shuntedq
pw-wrong root/sunte
pw-wrong root/sunte123
pw-wrong root/sunten@123
pw-wrong root/Sunten2024!
pw-wrong root/suntdianqi
user root done
=== NO HIT ===
