=== user admin ===
pw-wrong admin/admin (code=8937)
pw-wrong admin/admin123 (code=8136)
pw-wrong admin/123456 (code=1085)
pw-wrong admin/admin888 (code=4119)
pw-wrong admin/12345678 (code=2297)
pw-wrong admin/password (code=3159)
pw-wrong admin/admin@123 (code=5061)
pw-wrong admin/admin1234 (code=1312)
pw-wrong admin/123456a (code=1278)
pw-wrong admin/a123456 (code=6962)
pw-wrong admin/666666 (code=5428)
pw-wrong admin/888888 (code=5379)
pw-wrong admin/000000 (code=6196)
pw-wrong admin/qwer1234 (code=6759)
pw-wrong admin/abc123 (code=7012)
pw-wrong admin/admin666 (code=4419)
pw-wrong admin/123123 (code=5916)
pw-wrong admin/111111 (code=1172)
pw-wrong admin/654321 (code=3962)
pw-wrong admin/admin2023 (code=6735)
pw-wrong admin/admin2024 (code=4001)
pw-wrong admin/Admin123 (code=9176)
pw-wrong admin/123qwe (code=3537)
pw-wrong admin/zxcvbnm (code=3551)
pw-wrong admin/admin12345 (code=8984)
pw-wrong admin/sunten (code=3914)
pw-wrong admin/sunten123 (code=5235)
pw-wrong admin/sunten2024 (code=9699)
pw-wrong admin/ocreative (code=8224)
pw-wrong admin/suntentech (code=7288)
pw-wrong admin/123456789 (code=2934)
pw-wrong admin/1qaz2wsx (code=3462)
pw-wrong admin/qwe123 (code=5294)
pw-wrong admin/admin!@# (code=5933)
pw-wrong admin/sunten2023 (code=9681)
pw-wrong admin/suntensz (code=4092)
pw-wrong admin/st2024 (code=9665)
pw-wrong admin/adminadmin (code=2164)
pw-wrong admin/en.sunten (code=5674)
pw-wrong admin/suntensc (code=3312)
pw-wrong admin/sunten.com (code=9823)
pw-wrong admin/suntencn (code=8596)
pw-wrong admin/Sunten@123 (code=3244)
pw-wrong admin/sunten1234 (code=1988)
user admin done
=== user root ===
pw-wrong root/admin (code=1869)
pw-wrong root/admin123 (code=6351)
pw-wrong root/123456 (code=1567)
pw-wrong root/admin888 (code=9262)
pw-wrong root/12345678 (code=3985)
pw-wrong root/password (code=5291)
pw-wrong root/admin@123 (code=2691)
pw-wrong root/admin1234 (code=3486)
pw-wrong root/123456a (code=5685)
pw-wrong root/a123456 (code=1788)
pw-wrong root/666666 (code=6819)
pw-wrong root/888888 (code=4711)
pw-wrong root/000000 (code=0775)
pw-wrong root/qwer1234 (code=6674)
pw-wrong root/abc123 (code=1327)
pw-wrong root/admin666 (code=6889)
pw-wrong root/123123 (code=9258)
pw-wrong root/111111 (code=1395)
pw-wrong root/654321 (code=6695)
pw-wrong root/admin2023 (code=2316)
pw-wrong root/admin2024 (code=3395)
pw-wrong root/Admin123 (code=7123)
pw-wrong root/123qwe (code=5856)
pw-wrong root/zxcvbnm (code=7937)
pw-wrong root/admin12345 (code=1139)
pw-wrong root/sunten (code=2327)
pw-wrong root/sunten123 (code=3426)
pw-wrong root/sunten2024 (code=2119)
pw-wrong root/ocreative (code=1675)
pw-wrong root/suntentech (code=2537)
pw-wrong root/123456789 (code=9841)
pw-wrong root/1qaz2wsx (code=5286)
pw-wrong root/qwe123 (code=8734)
pw-wrong root/admin!@# (code=3126)
pw-wrong root/sunten2023 (code=1142)
pw-wrong root/suntensz (code=4331)
pw-wrong root/st2024 (code=8824)
pw-wrong root/adminadmin (code=2861)
pw-wrong root/en.sunten (code=1592)
pw-wrong root/suntensc (code=4475)
pw-wrong root/sunten.com (code=5672)
pw-wrong root/suntencn (code=8225)
pw-wrong root/Sunten@123 (code=0343)
pw-wrong root/sunten1234 (code=3142)
user root done
=== user test ===
pw-wrong test/admin (code=9739)
pw-wrong test/admin123 (code=7483)
pw-wrong test/123456 (code=4189)
pw-wrong test/admin888 (code=8635)
pw-wrong test/12345678 (code=3581)
pw-wrong test/password (code=4597)
pw-wrong test/admin@123 (code=3261)
pw-wrong test/admin1234 (code=1378)
pw-wrong test/123456a (code=6728)
pw-wrong test/a123456 (code=9628)
pw-wrong test/666666 (code=2658)
pw-wrong test/888888 (code=4728)
pw-wrong test/000000 (code=9542)
pw-wrong test/qwer1234 (code=0998)
pw-wrong test/abc123 (code=9711)
pw-wrong test/admin666 (code=6688)
pw-wrong test/123123 (code=6564)
pw-wrong test/111111 (code=9445)
pw-wrong test/654321 (code=6793)
pw-wrong test/admin2023 (code=9426)
pw-wrong test/admin2024 (code=2123)
pw-wrong test/Admin123 (code=8278)
pw-wrong test/123qwe (code=5852)
pw-wrong test/zxcvbnm (code=3429)
pw-wrong test/admin12345 (code=9157)
pw-wrong test/sunten (code=3240)
pw-wrong test/sunten123 (code=9515)
pw-wrong test/sunten2024 (code=8575)
pw-wrong test/ocreative (code=4889)
pw-wrong test/suntentech (code=7631)
pw-wrong test/123456789 (code=9761)
pw-wrong test/1qaz2wsx (code=9662)
pw-wrong test/qwe123 (code=1571)
pw-wrong test/admin!@# (code=3796)
pw-wrong test/sunten2023 (code=2633)
pw-wrong test/suntensz (code=4159)
pw-wrong test/st2024 (code=5127)
pw-wrong test/adminadmin (code=7982)
pw-wrong test/suntensc (code=5446)
pw-wrong test/sunten.com (code=0665)
pw-wrong test/suntencn (code=1917)
pw-wrong test/Sunten@123 (code=9155)
pw-wrong test/sunten1234 (code=2274)
user test done
=== user sunten ===
pw-wrong sunten/admin (code=5143)
pw-wrong sunten/admin123 (code=1453)
pw-wrong sunten/123456 (code=3849)
pw-wrong sunten/admin888 (code=8699)
pw-wrong sunten/12345678 (code=8997)
pw-wrong sunten/password (code=7011)
pw-wrong sunten/admin@123 (code=5892)
pw-wrong sunten/admin1234 (code=1791)
pw-wrong sunten/123456a (code=5942)
pw-wrong sunten/a123456 (code=3815)
pw-wrong sunten/666666 (code=9169)
pw-wrong sunten/888888 (code=6138)
pw-wrong sunten/000000 (code=3132)
pw-wrong sunten/qwer1234 (code=9378)
pw-wrong sunten/abc123 (code=6832)
pw-wrong sunten/admin666 (code=3141)
pw-wrong sunten/123123 (code=1152)
pw-wrong sunten/111111 (code=9578)
pw-wrong sunten/654321 (code=4361)
pw-wrong sunten/admin2023 (code=4928)
pw-wrong sunten/admin2024 (code=8166)
pw-wrong sunten/Admin123 (code=3598)
pw-wrong sunten/123qwe (code=9468)
pw-wrong sunten/zxcvbnm (code=2515)
pw-wrong sunten/admin12345 (code=4984)
pw-wrong sunten/sunten (code=5382)
pw-wrong sunten/sunten123 (code=5598)
pw-wrong sunten/sunten2024 (code=1248)
pw-wrong sunten/ocreative (code=2814)
pw-wrong sunten/suntentech (code=0579)
pw-wrong sunten/123456789 (code=6592)
pw-wrong sunten/1qaz2wsx (code=6337)
pw-wrong sunten/qwe123 (code=5169)
pw-wrong sunten/admin!@# (code=8293)
pw-wrong sunten/sunten2023 (code=7453)
pw-wrong sunten/suntensz (code=1472)
pw-wrong sunten/st2024 (code=1853)
pw-wrong sunten/adminadmin (code=2318)
pw-wrong sunten/en.sunten (code=8956)
pw-wrong sunten/suntensc (code=4612)
pw-wrong sunten/sunten.com (code=3192)
pw-wrong sunten/suntencn (code=5869)
pw-wrong sunten/Sunten@123 (code=8939)
pw-wrong sunten/sunten1234 (code=6489)
user sunten done
=== user manager ===
pw-wrong manager/admin (code=1548)
pw-wrong manager/admin123 (code=3712)
pw-wrong manager/123456 (code=4261)
pw-wrong manager/admin888 (code=1955)
pw-wrong manager/12345678 (code=2262)
pw-wrong manager/password (code=8341)
pw-wrong manager/admin@123 (code=2573)
pw-wrong manager/admin1234 (code=7728)
pw-wrong manager/123456a (code=1382)
pw-wrong manager/a123456 (code=2415)
pw-wrong manager/666666 (code=7748)
pw-wrong manager/888888 (code=5648)
pw-wrong manager/000000 (code=6875)
pw-wrong manager/qwer1234 (code=6532)
pw-wrong manager/abc123 (code=9918)
pw-wrong manager/admin666 (code=9721)
pw-wrong manager/123123 (code=8964)
pw-wrong manager/111111 (code=9110)
pw-wrong manager/654321 (code=3161)
pw-wrong manager/admin2023 (code=6384)
pw-wrong manager/admin2024 (code=8841)
pw-wrong manager/Admin123 (code=1396)
pw-wrong manager/123qwe (code=2456)
pw-wrong manager/zxcvbnm (code=4334)
pw-wrong manager/admin12345 (code=4373)
pw-wrong manager/sunten (code=6185)
pw-wrong manager/sunten123 (code=7444)
pw-wrong manager/sunten2024 (code=2449)
pw-wrong manager/ocreative (code=7452)
pw-wrong manager/suntentech (code=3723)
pw-wrong manager/123456789 (code=3866)
pw-wrong manager/1qaz2wsx (code=1358)
pw-wrong manager/qwe123 (code=0268)
pw-wrong manager/admin!@# (code=1645)
pw-wrong manager/sunten2023 (code=1381)
pw-wrong manager/suntensz (code=9613)
pw-wrong manager/st2024 (code=4659)
pw-wrong manager/adminadmin (code=9792)
pw-wrong manager/en.sunten (code=9927)
pw-wrong manager/suntensc (code=6821)
pw-wrong manager/sunten.com (code=5769)
pw-wrong manager/suntencn (code=9792)
pw-wrong manager/Sunten@123 (code=2886)
pw-wrong manager/sunten1234 (code=9165)
user manager done
=== NO HIT ===
