=== user admin (75 pws) ===
pw-wrong admin/admin
pw-wrong admin/admin123
pw-wrong admin/123456
pw-wrong admin/admin888
pw-wrong admin/12345678
pw-wrong admin/password
pw-wrong admin/admin@123
pw-wrong admin/admin1234
pw-wrong admin/123456a
pw-wrong admin/a123456
pw-wrong admin/666666
pw-wrong admin/888888
pw-wrong admin/000000
pw-wrong admin/qwer1234
pw-wrong admin/abc123
pw-wrong admin/admin666
pw-wrong admin/123123
pw-wrong admin/111111
pw-wrong admin/654321
pw-wrong admin/admin2023
pw-wrong admin/admin2024
pw-wrong admin/Admin123
pw-wrong admin/123qwe
pw-wrong admin/zxcvbnm
pw-wrong admin/admin12345
pw-wrong admin/sunten
pw-wrong admin/sunten123
pw-wrong admin/ocreative
pw-wrong admin/123456789
pw-wrong admin/1qaz2wsx
pw-wrong admin/qwe123
pw-wrong admin/admin!@#
pw-wrong admin/shunte
pw-wrong admin/sunte
pw-wrong admin/shunte123
pw-wrong admin/shuntedi
pw-wrong admin/shuntedianqi
pw-wrong admin/shuntedq
pw-wrong admin/suntech
pw-wrong admin/suntenit
pw-wrong admin/shunte888
pw-wrong admin/shunte666
pw-wrong admin/shunt2024
pw-wrong admin/shunt2023
pw-wrong admin/a12345678
pw-wrong admin/abc123456
pw-wrong admin/1234567890
pw-wrong admin/qwerty
pw-wrong admin/qwer123456
pw-wrong admin/admin2025
pw-wrong admin/admin2022
pw-wrong admin/shunt888
pw-wrong admin/st123456
pw-wrong admin/st888888
pw-wrong admin/sunt123
pw-wrong admin/sunt2024
pw-wrong admin/sunten@2024
pw-wrong admin/Sunten@2024
pw-wrong admin/zhongguo123
pw-wrong admin/china123
pw-wrong admin/zhengzhou
pw-wrong admin/13800138000
pw-wrong admin/13900139000
pw-wrong admin/13700000000
pw-wrong admin/test123
pw-wrong admin/test
pw-wrong admin/guest
pw-wrong admin/manager
pw-wrong admin/root
pw-wrong admin/root123
pw-wrong admin/123456789a
pw-wrong admin/woaini1314
pw-wrong admin/asdfghjkl
pw-wrong admin/qazwsx
user admin done
=== user shunte (75 pws) ===
pw-wrong shunte/admin
pw-wrong shunte/admin123
pw-wrong shunte/123456
pw-wrong shunte/admin888
pw-wrong shunte/12345678
pw-wrong shunte/password
pw-wrong shunte/admin@123
pw-wrong shunte/admin1234
pw-wrong shunte/123456a
pw-wrong shunte/a123456
pw-wrong shunte/666666
pw-wrong shunte/888888
pw-wrong shunte/000000
pw-wrong shunte/qwer1234
pw-wrong shunte/abc123
pw-wrong shunte/admin666
pw-wrong shunte/123123
pw-wrong shunte/111111
pw-wrong shunte/654321
pw-wrong shunte/admin2023
pw-wrong shunte/admin2024
pw-wrong shunte/Admin123
pw-wrong shunte/123qwe
pw-wrong shunte/zxcvbnm
pw-wrong shunte/admin12345
pw-wrong shunte/sunten123
pw-wrong shunte/ocreative
pw-wrong shunte/123456789
pw-wrong shunte/1qaz2wsx
pw-wrong shunte/qwe123
pw-wrong shunte/admin!@#
pw-wrong shunte/shunte
pw-wrong shunte/sunte
pw-wrong shunte/shunte123
pw-wrong shunte/shuntedi
pw-wrong shunte/shuntedianqi
pw-wrong shunte/shuntedq
pw-wrong shunte/suntech
pw-wrong shunte/suntenit
pw-wrong shunte/shunte888
pw-wrong shunte/shunte666
pw-wrong shunte/shunt2024
pw-wrong shunte/shunt2023
pw-wrong shunte/a12345678
pw-wrong shunte/abc123456
pw-wrong shunte/1234567890
pw-wrong shunte/qwerty
pw-wrong shunte/qwer123456
pw-wrong shunte/admin2025
pw-wrong shunte/admin2022
pw-wrong shunte/shunt888
pw-wrong shunte/st123456
pw-wrong shunte/st888888
pw-wrong shunte/sunt123
pw-wrong shunte/sunt2024
pw-wrong shunte/sunten@2024
pw-wrong shunte/Sunten@2024
pw-wrong shunte/zhongguo
pw-wrong shunte/zhongguo123
pw-wrong shunte/china123
pw-wrong shunte/zhengzhou
pw-wrong shunte/13800138000
pw-wrong shunte/13900139000
pw-wrong shunte/13700000000
pw-wrong shunte/test123
pw-wrong shunte/test
pw-wrong shunte/guest
pw-wrong shunte/manager
pw-wrong shunte/root
pw-wrong shunte/root123
pw-wrong shunte/123456789a
pw-wrong shunte/woaini1314
pw-wrong shunte/asdfghjkl
pw-wrong shunte/qazwsx
user shunte done
=== user sunte (75 pws) ===
pw-wrong sunte/admin
pw-wrong sunte/admin123
pw-wrong sunte/123456
pw-wrong sunte/admin888
pw-wrong sunte/12345678
pw-wrong sunte/password
pw-wrong sunte/admin@123
pw-wrong sunte/admin1234
pw-wrong sunte/123456a
pw-wrong sunte/a123456
pw-wrong sunte/666666
pw-wrong sunte/888888
pw-wrong sunte/000000
pw-wrong sunte/qwer1234
pw-wrong sunte/abc123
pw-wrong sunte/admin666
pw-wrong sunte/123123
pw-wrong sunte/111111
pw-wrong sunte/654321
pw-wrong sunte/admin2023
pw-wrong sunte/admin2024
pw-wrong sunte/Admin123
pw-wrong sunte/123qwe
pw-wrong sunte/zxcvbnm
pw-wrong sunte/admin12345
pw-wrong sunte/sunten
pw-wrong sunte/sunten123
pw-wrong sunte/ocreative
pw-wrong sunte/123456789
pw-wrong sunte/1qaz2wsx
pw-wrong sunte/qwe123
pw-wrong sunte/admin!@#
pw-wrong sunte/shunte
pw-wrong sunte/sunte
pw-wrong sunte/shunte123
pw-wrong sunte/shuntedi
pw-wrong sunte/shuntedianqi
pw-wrong sunte/shuntedq
pw-wrong sunte/suntech
pw-wrong sunte/suntenit
pw-wrong sunte/shunte888
pw-wrong sunte/shunte666
pw-wrong sunte/shunt2024
pw-wrong sunte/shunt2023
pw-wrong sunte/a12345678
pw-wrong sunte/abc123456
pw-wrong sunte/1234567890
pw-wrong sunte/qwerty
pw-wrong sunte/qwer123456
pw-wrong sunte/admin2025
pw-wrong sunte/admin2022
pw-wrong sunte/shunt888
pw-wrong sunte/st123456
pw-wrong sunte/st888888
pw-wrong sunte/sunt123
pw-wrong sunte/sunt2024
pw-wrong sunte/sunten@2024
pw-wrong sunte/Sunten@2024
pw-wrong sunte/zhongguo
pw-wrong sunte/zhongguo123
pw-wrong sunte/china123
pw-wrong sunte/zhengzhou
pw-wrong sunte/13800138000
pw-wrong sunte/13900139000
pw-wrong sunte/13700000000
pw-wrong sunte/test123
pw-wrong sunte/test
pw-wrong sunte/guest
pw-wrong sunte/manager
pw-wrong sunte/root
pw-wrong sunte/root123
pw-wrong sunte/123456789a
pw-wrong sunte/woaini1314
pw-wrong sunte/asdfghjkl
pw-wrong sunte/qazwsx
user sunte done
=== user sunten (75 pws) ===
pw-wrong sunten/admin
pw-wrong sunten/admin123
pw-wrong sunten/123456
pw-wrong sunten/admin888
pw-wrong sunten/12345678
pw-wrong sunten/password
pw-wrong sunten/admin@123
pw-wrong sunten/admin1234
pw-wrong sunten/123456a
pw-wrong sunten/a123456
pw-wrong sunten/666666
pw-wrong sunten/888888
pw-wrong sunten/000000
pw-wrong sunten/qwer1234
pw-wrong sunten/abc123
pw-wrong sunten/admin666
pw-wrong sunten/123123
pw-wrong sunten/111111
pw-wrong sunten/654321
pw-wrong sunten/admin2023
pw-wrong sunten/admin2024
pw-wrong sunten/Admin123
pw-wrong sunten/123qwe
pw-wrong sunten/zxcvbnm
pw-wrong sunten/admin12345
pw-wrong sunten/sunten
pw-wrong sunten/sunten123
pw-wrong sunten/ocreative
pw-wrong sunten/123456789
pw-wrong sunten/1qaz2wsx
pw-wrong sunten/admin!@#
pw-wrong sunten/shunte
pw-wrong sunten/sunte
pw-wrong sunten/shunte123
pw-wrong sunten/shuntedi
pw-wrong sunten/shuntedianqi
pw-wrong sunten/shuntedq
pw-wrong sunten/suntech
pw-wrong sunten/suntenit
pw-wrong sunten/shunte888
pw-wrong sunten/shunte666
pw-wrong sunten/shunt2024
pw-wrong sunten/shunt2023
pw-wrong sunten/a12345678
pw-wrong sunten/abc123456
pw-wrong sunten/1234567890
pw-wrong sunten/qwerty
pw-wrong sunten/qwer123456
pw-wrong sunten/admin2025
pw-wrong sunten/admin2022
pw-wrong sunten/shunt888
pw-wrong sunten/st123456
pw-wrong sunten/st888888
pw-wrong sunten/sunt123
pw-wrong sunten/sunt2024
pw-wrong sunten/sunten@2024
pw-wrong sunten/zhongguo
pw-wrong sunten/zhongguo123
pw-wrong sunten/china123
pw-wrong sunten/zhengzhou
pw-wrong sunten/13800138000
pw-wrong sunten/13900139000
pw-wrong sunten/13700000000
pw-wrong sunten/test123
pw-wrong sunten/test
pw-wrong sunten/guest
pw-wrong sunten/manager
pw-wrong sunten/root
pw-wrong sunten/root123
pw-wrong sunten/123456789a
pw-wrong sunten/woaini1314
pw-wrong sunten/asdfghjkl
pw-wrong sunten/qazwsx
user sunten done
=== user manager (75 pws) ===
pw-wrong manager/admin
pw-wrong manager/admin123
pw-wrong manager/123456
pw-wrong manager/admin888
pw-wrong manager/12345678
pw-wrong manager/password
pw-wrong manager/admin@123
pw-wrong manager/admin1234
pw-wrong manager/123456a
pw-wrong manager/a123456
pw-wrong manager/666666
pw-wrong manager/888888
pw-wrong manager/000000
pw-wrong manager/qwer1234
pw-wrong manager/abc123
pw-wrong manager/admin666
pw-wrong manager/123123
pw-wrong manager/111111
pw-wrong manager/654321
pw-wrong manager/admin2023
pw-wrong manager/admin2024
pw-wrong manager/Admin123
pw-wrong manager/123qwe
pw-wrong manager/zxcvbnm
pw-wrong manager/admin12345
pw-wrong manager/sunten
pw-wrong manager/sunten123
pw-wrong manager/ocreative
pw-wrong manager/123456789
pw-wrong manager/1qaz2wsx
pw-wrong manager/qwe123
pw-wrong manager/admin!@#
pw-wrong manager/shunte
pw-wrong manager/sunte
pw-wrong manager/shunte123
pw-wrong manager/shuntedi
pw-wrong manager/shuntedianqi
pw-wrong manager/shuntedq
pw-wrong manager/suntech
pw-wrong manager/shunte888
pw-wrong manager/shunte666
pw-wrong manager/shunt2024
pw-wrong manager/shunt2023
pw-wrong manager/a12345678
pw-wrong manager/abc123456
pw-wrong manager/1234567890
pw-wrong manager/qwerty
pw-wrong manager/qwer123456
pw-wrong manager/admin2025
pw-wrong manager/admin2022
pw-wrong manager/shunt888
pw-wrong manager/st123456
pw-wrong manager/st888888
pw-wrong manager/sunt123
pw-wrong manager/sunt2024
pw-wrong manager/sunten@2024
pw-wrong manager/Sunten@2024
pw-wrong manager/zhongguo
pw-wrong manager/zhongguo123
pw-wrong manager/china123
pw-wrong manager/zhengzhou
pw-wrong manager/13800138000
pw-wrong manager/13900139000
pw-wrong manager/13700000000
pw-wrong manager/test123
pw-wrong manager/test
pw-wrong manager/guest
pw-wrong manager/manager
pw-wrong manager/root
pw-wrong manager/root123
pw-wrong manager/123456789a
pw-wrong manager/woaini1314
pw-wrong manager/asdfghjkl
pw-wrong manager/qazwsx
user manager done
=== user root (75 pws) ===
pw-wrong root/admin
pw-wrong root/123456
pw-wrong root/admin888
pw-wrong root/12345678
pw-wrong root/password
pw-wrong root/admin@123
pw-wrong root/admin1234
pw-wrong root/123456a
pw-wrong root/666666
pw-wrong root/888888
pw-wrong root/qwer1234
pw-wrong root/abc123
pw-wrong root/admin666
pw-wrong root/123123
pw-wrong root/111111
pw-wrong root/654321
pw-wrong root/admin2023
pw-wrong root/admin2024
pw-wrong root/Admin123
pw-wrong root/123qwe
pw-wrong root/zxcvbnm
pw-wrong root/admin12345
pw-wrong root/sunten
pw-wrong root/sunten123
pw-wrong root/ocreative
pw-wrong root/123456789
pw-wrong root/1qaz2wsx
pw-wrong root/qwe123
pw-wrong root/admin!@#
pw-wrong root/shunte
pw-wrong root/sunte
pw-wrong root/shunte123
pw-wrong root/shuntedi
pw-wrong root/shuntedianqi
pw-wrong root/shuntedq
pw-wrong root/suntech
pw-wrong root/suntenit
pw-wrong root/shunte888
pw-wrong root/shunte666
pw-wrong root/shunt2024
pw-wrong root/shunt2023
pw-wrong root/a12345678
pw-wrong root/abc123456
pw-wrong root/1234567890
pw-wrong root/qwerty
pw-wrong root/qwer123456
pw-wrong root/admin2025
pw-wrong root/admin2022
pw-wrong root/shunt888
pw-wrong root/st123456
pw-wrong root/st888888
pw-wrong root/sunt123
pw-wrong root/sunt2024
pw-wrong root/sunten@2024
pw-wrong root/Sunten@2024
pw-wrong root/zhongguo
pw-wrong root/zhongguo123
pw-wrong root/china123
pw-wrong root/zhengzhou
pw-wrong root/13800138000
pw-wrong root/13900139000
pw-wrong root/13700000000
pw-wrong root/test
pw-wrong root/guest
pw-wrong root/manager
pw-wrong root/root
pw-wrong root/root123
pw-wrong root/123456789a
pw-wrong root/woaini1314
pw-wrong root/asdfghjkl
pw-wrong root/qazwsx
user root done
=== NO HIT ===
