[start] watch_filter v4 Thu Aug 13 06:22:30 UTC 2026
[check] Thu Aug 13 06:22:30 UTC 2026 unclassified=10892
[trigger] unclassified=10892, filtering Thu Aug 13 06:22:30 UTC 2026
[done] filter round complete Thu Aug 13 09:34:48 UTC 2026
[check] Thu Aug 13 09:39:48 UTC 2026 unclassified=3316
[trigger] unclassified=3316, filtering Thu Aug 13 09:39:48 UTC 2026
[done] filter round complete Thu Aug 13 12:18:33 UTC 2026
[check] Thu Aug 13 12:23:33 UTC 2026 unclassified=459
[check] Thu Aug 13 12:28:40 UTC 2026 unclassified=459
[check] Thu Aug 13 12:33:58 UTC 2026 unclassified=459
[check] Thu Aug 13 12:39:02 UTC 2026 unclassified=459
[check] Thu Aug 13 12:44:14 UTC 2026 unclassified=459
[check] Thu Aug 13 12:49:17 UTC 2026 unclassified=459
[check] Thu Aug 13 12:54:26 UTC 2026 unclassified=459
[check] Thu Aug 13 12:59:32 UTC 2026 unclassified=459
[check] Thu Aug 13 13:05:46 UTC 2026 unclassified=459
[check] Thu Aug 13 13:12:31 UTC 2026 unclassified=459
[check] Thu Aug 13 13:17:32 UTC 2026 unclassified=459
[check] Thu Aug 13 13:22:32 UTC 2026 unclassified=459
[check] Thu Aug 13 13:27:32 UTC 2026 unclassified=459
[check] Thu Aug 13 13:32:32 UTC 2026 unclassified=459
[check] Thu Aug 13 13:37:32 UTC 2026 unclassified=459
[check] Thu Aug 13 13:42:33 UTC 2026 unclassified=4254
[trigger] unclassified=4254, filtering Thu Aug 13 13:42:33 UTC 2026
[done] filter round complete Thu Aug 13 15:44:28 UTC 2026
[check] Thu Aug 13 15:49:28 UTC 2026 unclassified=799
[check] Thu Aug 13 15:54:28 UTC 2026 unclassified=799
[check] Thu Aug 13 15:59:28 UTC 2026 unclassified=799
[check] Thu Aug 13 16:04:28 UTC 2026 unclassified=799
[check] Thu Aug 13 16:09:29 UTC 2026 unclassified=799
[check] Thu Aug 13 16:14:29 UTC 2026 unclassified=799
[check] Thu Aug 13 16:19:29 UTC 2026 unclassified=799
[check] Thu Aug 13 16:24:29 UTC 2026 unclassified=799
[check] Thu Aug 13 16:29:29 UTC 2026 unclassified=799
[check] Thu Aug 13 16:34:30 UTC 2026 unclassified=799
[check] Thu Aug 13 16:39:30 UTC 2026 unclassified=799
[check] Thu Aug 13 16:44:30 UTC 2026 unclassified=799
[check] Thu Aug 13 16:49:30 UTC 2026 unclassified=799
[check] Thu Aug 13 16:54:30 UTC 2026 unclassified=799
[check] Thu Aug 13 16:59:31 UTC 2026 unclassified=799
[check] Thu Aug 13 17:04:31 UTC 2026 unclassified=799
[check] Thu Aug 13 17:09:31 UTC 2026 unclassified=799
[check] Thu Aug 13 17:14:31 UTC 2026 unclassified=799
[check] Thu Aug 13 17:19:31 UTC 2026 unclassified=799
[check] Thu Aug 13 17:24:32 UTC 2026 unclassified=799
[check] Thu Aug 13 17:29:32 UTC 2026 unclassified=799
[check] Thu Aug 13 17:34:32 UTC 2026 unclassified=2096
[trigger] unclassified=2096, filtering Thu Aug 13 17:34:32 UTC 2026
[done] filter round complete Thu Aug 13 19:38:54 UTC 2026
[check] Thu Aug 13 19:43:54 UTC 2026 unclassified=424
[check] Thu Aug 13 19:48:54 UTC 2026 unclassified=424
[check] Thu Aug 13 19:53:54 UTC 2026 unclassified=424
[check] Thu Aug 13 19:58:54 UTC 2026 unclassified=424
[check] Thu Aug 13 20:03:55 UTC 2026 unclassified=424
[check] Thu Aug 13 20:08:55 UTC 2026 unclassified=424
[check] Thu Aug 13 20:13:55 UTC 2026 unclassified=424
[check] Thu Aug 13 20:18:55 UTC 2026 unclassified=424
[check] Thu Aug 13 20:23:55 UTC 2026 unclassified=232
[check] Thu Aug 13 20:28:56 UTC 2026 unclassified=232
[check] Thu Aug 13 20:33:56 UTC 2026 unclassified=232
[check] Thu Aug 13 20:38:56 UTC 2026 unclassified=232
[check] Thu Aug 13 20:43:56 UTC 2026 unclassified=232
[check] Thu Aug 13 20:48:57 UTC 2026 unclassified=232
[check] Thu Aug 13 20:53:57 UTC 2026 unclassified=232
[check] Thu Aug 13 20:58:57 UTC 2026 unclassified=232
[check] Thu Aug 13 21:03:57 UTC 2026 unclassified=232
[check] Thu Aug 13 21:08:58 UTC 2026 unclassified=72
[check] Thu Aug 13 21:13:58 UTC 2026 unclassified=72
[check] Thu Aug 13 21:18:58 UTC 2026 unclassified=72
[check] Thu Aug 13 21:23:58 UTC 2026 unclassified=72
[check] Thu Aug 13 21:28:58 UTC 2026 unclassified=72
[check] Thu Aug 13 21:33:58 UTC 2026 unclassified=72
[check] Thu Aug 13 21:38:59 UTC 2026 unclassified=0
[check] Thu Aug 13 21:43:59 UTC 2026 unclassified=0
[check] Thu Aug 13 21:48:59 UTC 2026 unclassified=0
[check] Thu Aug 13 21:53:59 UTC 2026 unclassified=0
[check] Thu Aug 13 21:58:59 UTC 2026 unclassified=0
[check] Thu Aug 13 22:03:59 UTC 2026 unclassified=0
[check] Thu Aug 13 22:09:00 UTC 2026 unclassified=0
[check] Thu Aug 13 22:14:00 UTC 2026 unclassified=0
[check] Thu Aug 13 22:19:00 UTC 2026 unclassified=0
[check] Thu Aug 13 22:24:00 UTC 2026 unclassified=0
[check] Thu Aug 13 22:29:00 UTC 2026 unclassified=0
[check] Thu Aug 13 22:34:01 UTC 2026 unclassified=0
[check] Thu Aug 13 22:39:01 UTC 2026 unclassified=0
[check] Thu Aug 13 22:44:01 UTC 2026 unclassified=0
[check] Thu Aug 13 22:49:01 UTC 2026 unclassified=0
[check] Thu Aug 13 22:54:01 UTC 2026 unclassified=0
[check] Thu Aug 13 22:59:01 UTC 2026 unclassified=0
[check] Thu Aug 13 23:04:02 UTC 2026 unclassified=0
[check] Thu Aug 13 23:09:02 UTC 2026 unclassified=0
[check] Thu Aug 13 23:14:02 UTC 2026 unclassified=0
[check] Thu Aug 13 23:19:02 UTC 2026 unclassified=0
[check] Thu Aug 13 23:24:02 UTC 2026 unclassified=0
[check] Thu Aug 13 23:29:03 UTC 2026 unclassified=0
[check] Thu Aug 13 23:34:03 UTC 2026 unclassified=614
[check] Thu Aug 13 23:39:03 UTC 2026 unclassified=614
[check] Thu Aug 13 23:44:03 UTC 2026 unclassified=614
[check] Thu Aug 13 23:49:03 UTC 2026 unclassified=614
[check] Thu Aug 13 23:54:04 UTC 2026 unclassified=614
[check] Thu Aug 13 23:59:04 UTC 2026 unclassified=614
[check] Fri Aug 14 00:04:04 UTC 2026 unclassified=614
[check] Fri Aug 14 00:09:04 UTC 2026 unclassified=614
[check] Fri Aug 14 00:14:04 UTC 2026 unclassified=614
[check] Fri Aug 14 00:19:05 UTC 2026 unclassified=614
[check] Fri Aug 14 00:24:05 UTC 2026 unclassified=614
[check] Fri Aug 14 00:29:05 UTC 2026 unclassified=614
[check] Fri Aug 14 00:34:05 UTC 2026 unclassified=614
[check] Fri Aug 14 00:39:06 UTC 2026 unclassified=614
[check] Fri Aug 14 00:44:06 UTC 2026 unclassified=614
[check] Fri Aug 14 00:49:06 UTC 2026 unclassified=614
[check] Fri Aug 14 00:54:06 UTC 2026 unclassified=614
[check] Fri Aug 14 00:59:06 UTC 2026 unclassified=614
[check] Fri Aug 14 01:04:07 UTC 2026 unclassified=614
[check] Fri Aug 14 01:09:07 UTC 2026 unclassified=614
[check] Fri Aug 14 01:14:07 UTC 2026 unclassified=614
[check] Fri Aug 14 01:19:07 UTC 2026 unclassified=614
[check] Fri Aug 14 01:24:08 UTC 2026 unclassified=614
[check] Fri Aug 14 01:29:08 UTC 2026 unclassified=614
[check] Fri Aug 14 01:34:08 UTC 2026 unclassified=614
[check] Fri Aug 14 01:39:08 UTC 2026 unclassified=614
[check] Fri Aug 14 01:44:08 UTC 2026 unclassified=614
[check] Fri Aug 14 01:49:09 UTC 2026 unclassified=614
[check] Fri Aug 14 01:54:09 UTC 2026 unclassified=614
[check] Fri Aug 14 01:59:09 UTC 2026 unclassified=614
[check] Fri Aug 14 02:04:09 UTC 2026 unclassified=614
[check] Fri Aug 14 02:09:09 UTC 2026 unclassified=614
[check] Fri Aug 14 02:14:10 UTC 2026 unclassified=614
[check] Fri Aug 14 02:19:10 UTC 2026 unclassified=614
[check] Fri Aug 14 02:24:10 UTC 2026 unclassified=614
[check] Fri Aug 14 02:29:10 UTC 2026 unclassified=614
[check] Fri Aug 14 02:34:10 UTC 2026 unclassified=614
[check] Fri Aug 14 02:39:11 UTC 2026 unclassified=614
[check] Fri Aug 14 02:44:11 UTC 2026 unclassified=614
[check] Fri Aug 14 02:49:11 UTC 2026 unclassified=614
[check] Fri Aug 14 02:54:11 UTC 2026 unclassified=614
[check] Fri Aug 14 02:59:12 UTC 2026 unclassified=614
[check] Fri Aug 14 03:04:12 UTC 2026 unclassified=614
[check] Fri Aug 14 03:09:12 UTC 2026 unclassified=614
[check] Fri Aug 14 03:14:13 UTC 2026 unclassified=614
[check] Fri Aug 14 03:19:13 UTC 2026 unclassified=614
[check] Fri Aug 14 03:24:13 UTC 2026 unclassified=614
[check] Fri Aug 14 03:29:13 UTC 2026 unclassified=614
[check] Fri Aug 14 03:34:13 UTC 2026 unclassified=1521
[trigger] unclassified=1521, filtering Fri Aug 14 03:34:13 UTC 2026
[done] filter round complete Fri Aug 14 05:43:19 UTC 2026
[check] Fri Aug 14 05:48:19 UTC 2026 unclassified=134
[check] Fri Aug 14 05:53:19 UTC 2026 unclassified=134
[check] Fri Aug 14 05:58:20 UTC 2026 unclassified=134
[check] Fri Aug 14 06:03:20 UTC 2026 unclassified=134
[check] Fri Aug 14 06:08:20 UTC 2026 unclassified=134
[check] Fri Aug 14 06:13:20 UTC 2026 unclassified=134
[check] Fri Aug 14 06:18:21 UTC 2026 unclassified=134
[check] Fri Aug 14 06:23:21 UTC 2026 unclassified=134
[check] Fri Aug 14 06:28:21 UTC 2026 unclassified=134
[check] Fri Aug 14 06:33:21 UTC 2026 unclassified=134
[check] Fri Aug 14 06:38:21 UTC 2026 unclassified=134
[check] Fri Aug 14 06:43:22 UTC 2026 unclassified=134
[check] Fri Aug 14 06:48:22 UTC 2026 unclassified=134
[check] Fri Aug 14 06:53:22 UTC 2026 unclassified=134
[check] Fri Aug 14 06:58:23 UTC 2026 unclassified=134
[check] Fri Aug 14 07:03:23 UTC 2026 unclassified=134
[check] Fri Aug 14 07:08:23 UTC 2026 unclassified=134
[check] Fri Aug 14 07:13:23 UTC 2026 unclassified=134
[check] Fri Aug 14 07:18:24 UTC 2026 unclassified=134
[check] Fri Aug 14 07:23:24 UTC 2026 unclassified=134
[check] Fri Aug 14 07:28:24 UTC 2026 unclassified=134
[check] Fri Aug 14 07:33:24 UTC 2026 unclassified=514
[check] Fri Aug 14 07:38:25 UTC 2026 unclassified=514
[check] Fri Aug 14 07:43:25 UTC 2026 unclassified=514
[check] Fri Aug 14 07:48:25 UTC 2026 unclassified=514
[check] Fri Aug 14 07:53:25 UTC 2026 unclassified=514
[check] Fri Aug 14 07:58:26 UTC 2026 unclassified=514
[check] Fri Aug 14 08:03:26 UTC 2026 unclassified=514
[check] Fri Aug 14 08:08:26 UTC 2026 unclassified=514
[check] Fri Aug 14 08:13:26 UTC 2026 unclassified=514
[check] Fri Aug 14 08:18:26 UTC 2026 unclassified=514
[check] Fri Aug 14 08:23:27 UTC 2026 unclassified=514
[check] Fri Aug 14 08:28:27 UTC 2026 unclassified=514
[check] Fri Aug 14 08:33:27 UTC 2026 unclassified=514
[check] Fri Aug 14 08:38:27 UTC 2026 unclassified=514
[check] Fri Aug 14 08:43:27 UTC 2026 unclassified=514
[check] Fri Aug 14 08:48:28 UTC 2026 unclassified=514
[check] Fri Aug 14 08:53:28 UTC 2026 unclassified=514
[check] Fri Aug 14 08:58:28 UTC 2026 unclassified=514
[check] Fri Aug 14 09:03:28 UTC 2026 unclassified=514
[check] Fri Aug 14 09:08:29 UTC 2026 unclassified=514
[check] Fri Aug 14 09:13:29 UTC 2026 unclassified=514
[check] Fri Aug 14 09:18:29 UTC 2026 unclassified=514
[check] Fri Aug 14 09:23:29 UTC 2026 unclassified=514
[check] Fri Aug 14 09:28:30 UTC 2026 unclassified=514
[check] Fri Aug 14 09:33:30 UTC 2026 unclassified=514
[check] Fri Aug 14 09:38:30 UTC 2026 unclassified=514
[check] Fri Aug 14 09:43:30 UTC 2026 unclassified=514
[check] Fri Aug 14 09:48:31 UTC 2026 unclassified=514
[check] Fri Aug 14 09:53:31 UTC 2026 unclassified=514
[check] Fri Aug 14 09:58:31 UTC 2026 unclassified=514
[check] Fri Aug 14 10:03:32 UTC 2026 unclassified=514
[check] Fri Aug 14 10:08:32 UTC 2026 unclassified=514
[check] Fri Aug 14 10:13:32 UTC 2026 unclassified=514
[check] Fri Aug 14 10:18:33 UTC 2026 unclassified=514
[check] Fri Aug 14 10:23:33 UTC 2026 unclassified=514
[check] Fri Aug 14 10:28:33 UTC 2026 unclassified=514
[check] Fri Aug 14 10:33:33 UTC 2026 unclassified=514
[check] Fri Aug 14 10:38:33 UTC 2026 unclassified=514
[check] Fri Aug 14 10:43:34 UTC 2026 unclassified=514
[check] Fri Aug 14 10:48:34 UTC 2026 unclassified=514
[check] Fri Aug 14 10:53:34 UTC 2026 unclassified=514
[check] Fri Aug 14 10:58:34 UTC 2026 unclassified=514
[check] Fri Aug 14 11:03:35 UTC 2026 unclassified=514
[check] Fri Aug 14 11:08:35 UTC 2026 unclassified=514
[check] Fri Aug 14 11:13:35 UTC 2026 unclassified=514
[check] Fri Aug 14 11:18:36 UTC 2026 unclassified=514
[check] Fri Aug 14 11:23:36 UTC 2026 unclassified=514
[check] Fri Aug 14 11:28:36 UTC 2026 unclassified=514
[check] Fri Aug 14 11:33:36 UTC 2026 unclassified=1273
[trigger] unclassified=1273, filtering Fri Aug 14 11:33:36 UTC 2026
[done] filter round complete Fri Aug 14 13:50:31 UTC 2026
[check] Fri Aug 14 13:55:31 UTC 2026 unclassified=157
[check] Fri Aug 14 14:00:31 UTC 2026 unclassified=157
[check] Fri Aug 14 14:05:31 UTC 2026 unclassified=157
[check] Fri Aug 14 14:10:32 UTC 2026 unclassified=157
[check] Fri Aug 14 14:15:32 UTC 2026 unclassified=157
[check] Fri Aug 14 14:20:32 UTC 2026 unclassified=157
[check] Fri Aug 14 14:25:32 UTC 2026 unclassified=157
[check] Fri Aug 14 14:30:33 UTC 2026 unclassified=157
[check] Fri Aug 14 14:35:33 UTC 2026 unclassified=157
[check] Fri Aug 14 14:40:33 UTC 2026 unclassified=76
[check] Fri Aug 14 14:45:33 UTC 2026 unclassified=76
