wp_brute2: 96 targets
  done mail.7x.com.cn
  done inkonchain.com
  done porntoplist.com
  done bowlwithseoul.com
  done perfect-china.net
  done www.wintersurfing.net
  done www.tips2win.uk.com
  done www.flowsberry.com
  done serviskontrol.com
  done www.zhuqit.com
  done flowsberry.com
  done www.escoladolouvor.com
  done tonglinjunye.com
  done www.atlashomehealth.com
  done www.docksandrockstn.com
  done partosindolor.com
  done casino-non-aams.com
  done theposingportal.com
  done m.dgnyjj.com
  done 1minutereview.org
  done www.alessioolimpio.com
  done okaliptusapart.com
  done endermite.cn
  done www.avrupamedya.com
  done teknomira.com
  done www.backlinkurl.com
  done agence-uni.com
  done cordeiroesaraiva.com
  done naukrigov.com
  done dongyuesheji.com
  done buildingarabia.com
  done hmfalah.com
  done www.sstf.org.cn
  done idx.1strealtyrangewide.com
  done searchenginebusinessnetwork.com
  done swedx.com
  done www.jointherivercoalition.org
  done www.elbuzondejoseba.org
  done mulvaneyconsultants.com
  done evenement.otrement.info
  done sewequestrian.com
[wp_brute2 done]
