wp_brute2: 216 targets
  done raffiapalm.com
  done masterstudy.stylemixthemes.com
  done casitaweb.info
  done investor.starsmicro.com
  done hmfalah.com
  done www.h3co.com
  done www.brianwelk.com
  done porntoplist.com
  done theposingportal.com
  done webmail.pearcemarketinggroup.com
  done mail.mehsoms.net
  done endermite.cn
  done brightworkspace.com
  done timwood.com
  done teknomira.com
  done toponetech.cn
  done mail.lucarimediotti.com
  done www.tvlia.com
  done consulting.stylemixthemes.com
  done sonicwp.com
  done encuentraempleord.com
  done shawnleeconstruction.com
  done todoelpaso.com
  done www.sstf.org.cn
  done mascot.com
  done ti2k.com
  done splash.stylemixthemes.com
  done agence-uni.com
  done emirhandongel.com
  done okaliptusapart.com
  done www.bellehairextensions.com
  done hdas.biz
  done www.ladybugmalta.com
  done www.capaenerji.com
  done bellehairextensions.com
  done umeex.com
  done incatrailexpeditions.com
  done rallslegal.com
  done londondampspecialists.com
  done casadei.biz
  done www.interiorsourceusa.com
  done impact-initiatives.org
  done www.ytukampus.com
  done www.danburyfencing.com
  done top1tv.net
  done hipercasinobonus.com
  done www.travelinggypsycorgis.com
!!! WP2 HIT h5jz.net admin/12345678
  done myshaksales.com
  done pscsport.com
  done dev.modernstates.org
  done va-leaders.com
  done www.escoladolouvor.com
  done www.jointherivercoalition.org
  done cpanel.completespeakerssystem.com
  done mail.topdebrid.com
  done baohiemlibertyvn.com
  done www.organizacionservital.com
  done kreenplus.com
  done naukrigov.com
  done bowlwithseoul.com
  done www.tips2win.uk.com
  done www.baohiemlibertyvn.com
  done www.schoolsfootball.org
  done stjpm.com
  done topdebrid.com
  done queensabortionpill.com
  done ftp.newwestsymphony.org
  done www.beertopiahk.com
  done pearl.stylemixthemes.com
  done www.elisimone.com
  done webtevar.com
  done varthamana.com
  done tbsbet.vip
  done mehsoms.net
  done danieldoctor.com
  done m.dgnyjj.com
  done watan.com
  done elisimone.com
  done www.flowsberry.com
  done theoxley.com
  done www.rallslegal.com
  done 1minutereview.org
  done www.pivatoporte.com
  done www.wintersurfing.net
  done www.avrupamedya.com
  done tonglinjunye.com
  done sandboxnv.com
  done www.kreenplus.com
  done flowsberry.com
  done tips2win.uk.com
  done www.twaimmigration.com
  done 6390.cn.com
  done mail.casitaweb.info
  done www.aurorajade.com
  done serviskontrol.com
  done mentormeng.com
  done www.anchorpointfoundation.com
  done www.va-leaders.com
  done hiproficiency.com
  done mail.ytukampus.com
  done mail.spenglerindustries.com
  done mobilyacht.com
  done stylemixthemes.com
  done cuulongct.com
  done smabenimleyuru.org
  done cpcontacts.shopride.com
[wp_brute2 done]
