wp_brute3: 216 targets
  done tbsbet.vip
  done todoelpaso.com
  done tips2win.uk.com
  done emirhandongel.com
  done mail.mehsoms.net
  done londondampspecialists.com
  done flowsberry.com
  done teknomira.com
  done www.wintersurfing.net
  done www.anchorpointfoundation.com
  done mentormeng.com
  done toponetech.cn
  done agence-uni.com
  done varthamana.com
  done www.organizacionservital.com
  done www.ytukampus.com
  done consulting.stylemixthemes.com
  done www.kreenplus.com
  done encuentraempleord.com
  done ti2k.com
  done okaliptusapart.com
  done splash.stylemixthemes.com
  done www.aurorajade.com
  done www.tips2win.uk.com
  done mail.ytukampus.com
  done bowlwithseoul.com
  done kreenplus.com
  done mail.lucarimediotti.com
  done rallslegal.com
  done www.rallslegal.com
  done 6390.cn.com
  done www.schoolsfootball.org
  done casadei.biz
  done watan.com
  done webtevar.com
  done hiproficiency.com
  done elisimone.com
  done www.avrupamedya.com
  done www.twaimmigration.com
  done www.h3co.com
  done umeex.com
  done www.tvlia.com
!!! WP3 HIT naukrigov.com admin/admin123
  done baohiemlibertyvn.com
  done va-leaders.com
  done www.interiorsourceusa.com
  done www.escoladolouvor.com
  done top1tv.net
  done endermite.cn
  done www.travelinggypsycorgis.com
  done sandboxnv.com
  done dev.modernstates.org
  done www.va-leaders.com
  done timwood.com
  done www.danburyfencing.com
  done www.elisimone.com
  done www.beertopiahk.com
  done hdas.biz
  done hipercasinobonus.com
  done incatrailexpeditions.com
  done topdebrid.com
  done hmfalah.com
  done investor.starsmicro.com
  done cuulongct.com
  done theposingportal.com
  done www.baohiemlibertyvn.com
  done mehsoms.net
  done pscsport.com
  done www.ladybugmalta.com
  done ftp.newwestsymphony.org
  done www.flowsberry.com
  done tonglinjunye.com
  done mail.topdebrid.com
  done stylemixthemes.com
[wp_brute3 done]
