wp_brute3: 245 targets
  done impact-initiatives.org
  done www.escoladolouvor.com
  done vpsatech.com
  done www.anchorpointfoundation.com
  done www.twaimmigration.com
  done www.coralive.org
  done disability-resource.org
  done tonglinjunye.com
  done mail.mehsoms.net
  done payen.com
  done capaenerji.com
  done www.danburyfencing.com
  done tips2win.uk.com
  done kitchenware44.com
  done webtevar.com
  done investor.starsmicro.com
  done umeex.com
  done incatrailexpeditions.com
  done stylemixthemes.com
  done elisimone.com
  done www.flowsberry.com
  done www.theinfoera.com
  done timwood.com
  done www.avrupamedya.com
  done okaliptusapart.com
  done www.kreenplus.com
  done toponetech.cn
  done www.baohiemlibertyvn.com
  done accessibletechnologysolutions.com
  done pivatoporte.com
  done www.pivatoporte.com
  done vj9v93pa.org
  done toocust.com
  done www.alessioolimpio.com
  done www.va-leaders.com
  done www.elisimone.com
  done travelinggypsycorgis.com
  done teknomira.com
  done www.tvlia.com
  done encuentraempleord.com
  done 6390.cn.com
  done sandboxnv.com
  done todoelpaso.com
  done londondampspecialists.com
  done www.h3co.com
  done pscsport.com
  done mail.spenglerindustries.com
  done www.brianwelk.com
  done www.ytukampus.com
  done veterinaire-roumanie.com
  done www.tips2win.uk.com
  done www.bellehairextensions.com
  done mail.topdebrid.com
  done www.mifsuds.com
  done danieldoctor.com
  done splash.stylemixthemes.com
  done www.travelinggypsycorgis.com
  done www.wintersurfing.net
  done baohiemlibertyvn.com
  done mail.ytukampus.com
  done emirhandongel.com
  done www.schoolsfootball.org
  done www.estudiarmaestriasenlinea.com
  done www.meredithbird.com
  done topdebrid.com
  done cuulongct.com
  done hiproficiency.com
  done www.interiorsourceusa.com
  done watan.com
  done dev.modernstates.org
  done noiascape.com
  done hmfalah.com
  done www.organizacionservital.com
  done www.ladybugmalta.com
  done mehsoms.net
  done va-leaders.com
  done agence-uni.com
  done theposingportal.com
  done ftp.newwestsymphony.org
  done kreenplus.com
  done casadei.biz
  done varthamana.com
  done bowlwithseoul.com
  done coralive.org
  done flowsberry.com
  done dongyuesheji.com
  done www.primefyre.com
  done mail.lucarimediotti.com
  done www.jointherivercoalition.org
  done myshaksales.com
  done certifiedconsumerreviews.com
  done www.cuulongct.com
  done mobilyacht.com
  done ecuadorinformate.com
[wp_brute3 done]
