[*] calibrating numeric oracle...
true=[4865, 4865, 4865, 4865] med=4865 | false=[4824, 4824, 4824, 4824] med=4824 diff=41
  (blocked 4794)
  (blocked 4794)
  (blocked 4794)
  (blocked 4794)
  (blocked 4794)
  (blocked 4794)
  (blocked 4794)
  (blocked 4794)
  (blocked 4794)
  (blocked 4794)
  (blocked 4794)
  (blocked 4794)
  (blocked 4794)
  (blocked 4794)
  (blocked 4794)
  (blocked 4794)
  (blocked 4794)
  (blocked 4794)
  (blocked 4794)
  (blocked 4794)
  (blocked 4794)
  (blocked 4794)
  (blocked 4794)
  (blocked 4794)
  (blocked 4794)
  (blocked 4794)
  (blocked 4794)
  (blocked 4794)
  (blocked 4794)
  (blocked 4794)
  (blocked 4794)
  (blocked 4794)
  (blocked 4794)
  (blocked 4794)
  (blocked 4794)
  (blocked 4794)
  (blocked 4794)
  (blocked 4794)
  (blocked 4794)
  (blocked 4794)
  (blocked 4794)
  (blocked 4794)
  (blocked 4794)
  (blocked 4794)
  (blocked 4794)
  (blocked 4794)
  (blocked 4794)
  (blocked 4794)
  (blocked 4794)
  (blocked 4794)
  (blocked 4794)
  (blocked 4794)
pos1=? -> ?
  (blocked 4794)
  (blocked 4794)
  (blocked 4794)
  (blocked 4794)
  (blocked 4794)
  (blocked 4794)
  (blocked 4794)
  (blocked 4794)
  (blocked 4794)
  (blocked 4794)
  (blocked 4794)
  (blocked 4794)
  (blocked 4794)
  (blocked 4794)
  (blocked 4794)
  (blocked 4794)
  (blocked 4794)
  (blocked 4794)
  (blocked 4794)
  (blocked 4794)
  (blocked 4794)
  (blocked 4794)
  (blocked 4794)
  (blocked 4794)
  (blocked 4794)
  (blocked 4794)
  (blocked 4794)
  (blocked 4794)
  (blocked 4794)
  (blocked 4794)
  (blocked 4794)
  (blocked 4794)
  (blocked 4794)
  (blocked 4794)
  (blocked 4794)
  (blocked 4794)
  (blocked 4794)
  (blocked 4794)
  (blocked 4794)
  (blocked 4794)
  (blocked 4794)
  (blocked 4794)
  (blocked 4794)
  (blocked 4794)
  (blocked 4794)
  (blocked 4794)
  (blocked 4794)
  (blocked 4794)
  (blocked 4794)
  (blocked 4794)
  (blocked 4794)
  (blocked 4794)
  (blocked 4794)
  (blocked 4794)
pos2=? -> ??
  (blocked 4794)
  (blocked 4794)
  (blocked 4794)
  (blocked 4794)
  (blocked 4794)
  (blocked 4794)
  (blocked 4794)
  (blocked 4794)
  (blocked 4794)
  (blocked 4794)
  (blocked 4794)
  (blocked 4794)
  (blocked 4794)
  (blocked 4794)
  (blocked 4794)
  (blocked 4794)
  (blocked 4794)
  (blocked 4794)
  (blocked 4794)
  (blocked 4794)
  (blocked 4794)
  (blocked 4794)
  (blocked 4794)
  (blocked 4794)
  (blocked 4794)
  (blocked 4794)
  (blocked 4794)
  (blocked 4794)
  (blocked 4794)
  (blocked 4794)
  (blocked 4794)
  (blocked 4794)
  (blocked 4794)
  (blocked 4794)
  (blocked 4794)
  (blocked 4794)
  (blocked 4794)
  (blocked 4794)
  (blocked 4794)
  (blocked 4794)
  (blocked 4794)
  (blocked 4794)
  (blocked 4794)
  (blocked 4794)
  (blocked 4794)
  (blocked 4794)
  (blocked 4794)
  (blocked 4794)
  (blocked 4794)
  (blocked 4794)
  (blocked 4794)
  (blocked 4794)
  (blocked 4794)
  (blocked 4794)
  (blocked 4794)
  (blocked 4794)
  (blocked 4794)
  (blocked 4794)
  (blocked 4794)
  (blocked 4794)
  (blocked 4794)
pos3=? -> ???
  (blocked 4794)
  (blocked 4794)
  (blocked 4794)
  (blocked 4794)
  (blocked 4794)
  (blocked 4794)
  (blocked 4794)
  (blocked 4794)
  (blocked 4794)
  (blocked 4794)
  (blocked 4794)
  (blocked 4794)
  (blocked 4794)
  (blocked 4794)
  (blocked 4794)
  (blocked 4794)
  (blocked 4794)
  (blocked 4794)
  (blocked 4794)
  (blocked 4794)
  (blocked 4794)
  (blocked 4794)
  (blocked 4794)
  (blocked 4794)
  (blocked 4794)
  (blocked 4794)
pos4=? -> ????
  (blocked 4794)
  (blocked 4794)
  (blocked 4794)
  (blocked 4794)
  (blocked 4794)
  (blocked 4794)
  (blocked 4794)
  (blocked 4794)
  (blocked 4794)
  (blocked 4794)
  (blocked 4794)
  (blocked 4794)
  (blocked 4794)
  (blocked 4794)
  (blocked 4794)
  (blocked 4794)
  (blocked 4794)
  (blocked 4794)
  (blocked 4794)
  (blocked 4794)
  (blocked 4794)
  (blocked 4794)
  (blocked 4794)
  (blocked 4794)
  (blocked 4794)
  (blocked 4794)
  (blocked 4794)
  (blocked 4794)
  (blocked 4794)
  (blocked 4794)
  (blocked 4794)
  (blocked 4794)
  (blocked 4794)
  (blocked 4794)
  (blocked 4794)
  (blocked 4794)
  (blocked 4794)
  (blocked 4794)
  (blocked 4794)
  (blocked 4794)
  (blocked 4794)
  (blocked 4794)
  (blocked 4794)
  (blocked 4794)
  (blocked 4794)
  (blocked 4794)
  (blocked 4794)
  (blocked 4794)
  (blocked 4794)
  (blocked 4794)
  (blocked 4794)
  (blocked 4794)
  (blocked 4794)
pos5=? -> ?????
  (blocked 4794)
  (blocked 4794)
  (blocked 4794)
  (blocked 4794)
  (blocked 4794)
  (blocked 4794)
  (blocked 4794)
  (blocked 4794)
  (blocked 4794)
  (blocked 4794)
  (blocked 4794)
  (blocked 4794)
  (blocked 4794)
  (blocked 4794)
  (blocked 4794)
  (blocked 4794)
  (blocked 4794)
  (blocked 4794)
  (blocked 4794)
  (blocked 4794)
  (blocked 4794)
  (blocked 4794)
  (blocked 4794)
  (blocked 4794)
  (blocked 4794)
  (blocked 4794)
  (blocked 4794)
  (blocked 4794)
  (blocked 4794)
  (blocked 4794)
  (blocked 4794)
  (blocked 4794)
  (blocked 4794)
  (blocked 4794)
  (blocked 4794)
  (blocked 4794)
  (blocked 4794)
  (blocked 4794)
  (blocked 4794)
  (blocked 4794)
  (blocked 4794)
  (blocked 4794)
  (blocked 4794)
  (blocked 4794)
  (blocked 4794)
  (blocked 4794)
  (blocked 4794)
  (blocked 4794)
  (blocked 4794)
  (blocked 4794)
  (blocked 4794)
  (blocked 4794)
  (blocked 4794)
  (blocked 4794)
  (blocked 4794)
pos6=? -> ??????
  (blocked 4794)
  (blocked 4794)
  (blocked 4794)
  (blocked 4794)
  (blocked 4794)
  (blocked 4794)
  (blocked 4794)
  (blocked 4794)
  (blocked 4794)
  (blocked 4794)
  (blocked 4794)
  (blocked 4794)
  (blocked 4794)
  (blocked 4794)
  (blocked 4794)
  (blocked 4794)
  (blocked 4794)
  (blocked 4794)
  (blocked 4794)
  (blocked 4794)
  (blocked 4794)
  (blocked 4794)
  (blocked 4794)
  (blocked 4794)
  (blocked 4794)
  (blocked 4794)
  (blocked 4794)
  (blocked 4794)
  (blocked 4794)
  (blocked 4794)
  (blocked 4794)
  (blocked 4794)
  (blocked 4794)
  (blocked 4794)
  (blocked 4794)
  (blocked 4794)
  (blocked 4794)
  (blocked 4794)
  (blocked 4794)
  (blocked 4794)
  (blocked 4794)
  (blocked 4794)
  (blocked 4794)
  (blocked 4794)
  (blocked 4794)
  (blocked 4794)
  (blocked 4794)
  (blocked 4794)
  (blocked 4794)
  (blocked 4794)
  (blocked 4794)
  (blocked 4794)
  (blocked 4794)
  (blocked 4794)
  (blocked 4794)
  (blocked 4794)
  (blocked 4794)
  (blocked 4794)
  (blocked 4794)
  (blocked 4794)
  (blocked 4794)
  (blocked 4794)
pos7=? -> ???????
  (blocked 4794)
  (blocked 4794)
  (blocked 4794)
  (blocked 4794)
  (blocked 4794)
  (blocked 4794)
  (blocked 4794)
  (blocked 4794)
  (blocked 4794)
  (blocked 4794)
  (blocked 4794)
  (blocked 4794)
  (blocked 4794)
  (blocked 4794)
  (blocked 4794)
  (blocked 4794)
  (blocked 4794)
  (blocked 4794)
  (blocked 4794)
  (blocked 4794)
  (blocked 4794)
  (blocked 4794)
  (blocked 4794)
  (blocked 4794)
  (blocked 4794)
  (blocked 4794)
  (blocked 4794)
  (blocked 4794)
  (blocked 4794)
  (blocked 4794)
  (blocked 4794)
  (blocked 4794)
  (blocked 4794)
  (blocked 4794)
  (blocked 4794)
  (blocked 4794)
  (blocked 4794)
  (blocked 4794)
  (blocked 4794)
  (blocked 4794)
  (blocked 4794)
  (blocked 4794)
  (blocked 4794)
  (blocked 4794)
  (blocked 4794)
  (blocked 4794)
  (blocked 4794)
  (blocked 4794)
pos8=? -> ????????
  (blocked 4794)
  (blocked 4794)
  (blocked 4794)
  (blocked 4794)
  (blocked 4794)
  (blocked 4794)
  (blocked 4794)
  (blocked 4794)
  (blocked 4794)
  (blocked 4794)
  (blocked 4794)
  (blocked 4794)
  (blocked 4794)
  (blocked 4794)
  (blocked 4794)
  (blocked 4794)
  (blocked 4794)
  (blocked 4794)
  (blocked 4794)
  (blocked 4794)
  (blocked 4794)
  (blocked 4794)
  (blocked 4794)
  (blocked 4794)
  (blocked 4794)
  (blocked 4794)
  (blocked 4794)
  (blocked 4794)
  (blocked 4794)
  (blocked 4794)
  (blocked 4794)
  (blocked 4794)
  (blocked 4794)
  (blocked 4794)
  (blocked 4794)
  (blocked 4794)
  (blocked 4794)
  (blocked 4794)
  (blocked 4794)
  (blocked 4794)
  (blocked 4794)
  (blocked 4794)
  (blocked 4794)
  (blocked 4794)
  (blocked 4794)
  (blocked 4794)
  (blocked 4794)
  (blocked 4794)
  (blocked 4794)
  (blocked 4794)
  (blocked 4794)
  (blocked 4794)
  (blocked 4794)
  (blocked 4794)
pos9=? -> ?????????
  (blocked 4794)
  (blocked 4794)
  (blocked 4794)
  (blocked 4794)
  (blocked 4794)
  (blocked 4794)
  (blocked 4794)
  (blocked 4794)
  (blocked 4794)
  (blocked 4794)
  (blocked 4794)
  (blocked 4794)
  (blocked 4794)
  (blocked 4794)
  (blocked 4794)
  (blocked 4794)
  (blocked 4794)
  (blocked 4794)
  (blocked 4794)
  (blocked 4794)
  (blocked 4794)
  (blocked 4794)
  (blocked 4794)
  (blocked 4794)
  (blocked 4794)
  (blocked 4794)
  (blocked 4794)
  (blocked 4794)
  (blocked 4794)
  (blocked 4794)
  (blocked 4794)
  (blocked 4794)
  (blocked 4794)
  (blocked 4794)
  (blocked 4794)
  (blocked 4794)
  (blocked 4794)
  (blocked 4794)
  (blocked 4794)
  (blocked 4794)
  (blocked 4794)
  (blocked 4794)
  (blocked 4794)
  (blocked 4794)
  (blocked 4794)
  (blocked 4794)
  (blocked 4794)
  (blocked 4794)
  (blocked 4794)
  (blocked 4794)
  (blocked 4794)
  (blocked 4794)
  (blocked 4794)
  (blocked 4794)
  (blocked 4794)
  (blocked 4794)
  (blocked 4794)
  (blocked 4794)
  (blocked 4794)
  (blocked 4794)
  (blocked 4794)
pos10=? -> ??????????
  (blocked 4794)
  (blocked 4794)
  (blocked 4794)
  (blocked 4794)
  (blocked 4794)
  (blocked 4794)
  (blocked 4794)
  (blocked 4794)
  (blocked 4794)
  (blocked 4794)
  (blocked 4794)
  (blocked 4794)
  (blocked 4794)
  (blocked 4794)
  (blocked 4794)
  (blocked 4794)
  (blocked 4794)
  (blocked 4794)
  (blocked 4794)
  (blocked 4794)
  (blocked 4794)
  (blocked 4794)
  (blocked 4794)
  (blocked 4794)
  (blocked 4794)
  (blocked 4794)
  (blocked 4794)
  (blocked 4794)
  (blocked 4794)
  (blocked 4794)
  (blocked 4794)
  (blocked 4794)
  (blocked 4794)
  (blocked 4794)
  (blocked 4794)
  (blocked 4794)
  (blocked 4794)
  (blocked 4794)
  (blocked 4794)
  (blocked 4794)
  (blocked 4794)
  (blocked 4794)
  (blocked 4794)
  (blocked 4794)
  (blocked 4794)
  (blocked 4794)
  (blocked 4794)
  (blocked 4794)
  (blocked 4794)
  (blocked 4794)
  (blocked 4794)
pos11=? -> ???????????
DATABASE: ???????????
